<?xml version="1.0" ?>

<verbosegc xmlns="http://www.ibm.com/j9/verbosegc" version="113e54219_CMPRSS">

<initialized id="1" timestamp="2020-08-27T15:14:29.326">
  <attribute name="gcPolicy" value="-Xgcpolicy:gencon" />
  <attribute name="maxHeapSize" value="0x215c0000" />
  <attribute name="initialHeapSize" value="0x800000" />
  <attribute name="compressedRefs" value="true" />
  <attribute name="compressedRefsDisplacement" value="0x0" />
  <attribute name="compressedRefsShift" value="0x0" />
  <attribute name="pageSize" value="0x1000" />
  <attribute name="pageType" value="not used" />
  <attribute name="requestedPageSize" value="0x1000" />
  <attribute name="requestedPageType" value="not used" />
  <attribute name="gcthreads" value="2" />
  <attribute name="gcthreads Concurrent Mark" value="1" />
  <attribute name="packetListSplit" value="1" />
  <attribute name="cacheListSplit" value="1" />
  <attribute name="splitFreeListSplitAmount" value="1" />
  <attribute name="numaNodes" value="0" />
  <system>
    <attribute name="physicalMemory" value="2238816256" />
    <attribute name="numCPUs" value="2" />
    <attribute name="architecture" value="amd64" />
    <attribute name="os" value="Linux" />
    <attribute name="osVersion" value="4.19.114" />
  </system>
  <vmargs>
    <vmarg name="-Xoptionsfile=/opt/java/openjdk/lib/options.default" />
    <vmarg name="-Xlockword:mode=default,noLockword=java/lang/String,noLockword=java/util/MapEntry,noLockword=java/util/HashMap$Entry,noLockword..." />
    <vmarg name="-Xjcl:jclse29" />
    <vmarg name="-Dcom.ibm.oti.vm.bootstrap.library.path=/opt/java/openjdk/lib/compressedrefs:/opt/java/openjdk/lib" />
    <vmarg name="-Dsun.boot.library.path=/opt/java/openjdk/lib/compressedrefs:/opt/java/openjdk/lib" />
    <vmarg name="-Djava.library.path=/opt/java/openjdk/lib/compressedrefs:/opt/java/openjdk/lib:/usr/lib64:/usr/lib" />
    <vmarg name="-Djava.home=/opt/java/openjdk" />
    <vmarg name="-Duser.dir=/opt/ol/wlp/output/defaultServer" />
    <vmarg name="-XX:+IgnoreUnrecognizedVMOptions" />
    <vmarg name="-XX:+UseContainerSupport" />
    <vmarg name="-XX:+IdleTuningCompactOnIdle" />
    <vmarg name="-XX:+IdleTuningGcOnIdle" />
    <vmarg name="-Xshareclasses:name=liberty,nonfatal,cacheDir=/output/.classCache/" />
    <vmarg name="-Xshareclasses:name=liberty,nonfatal,cacheDir=/output/.classCache/" />
    <vmarg name="-javaagent:/opt/ol/wlp/bin/tools/ws-javaagent.jar" />
    <vmarg name="-Djava.awt.headless=true" />
    <vmarg name="-Djdk.attach.allowAttachSelf=true" />
    <vmarg name="-Duser.language=en" />
    <vmarg name="-Duser.country=US" />
    <vmarg name="-DREDIS_HOST=redis-service" />
    <vmarg name="-DDB_HOST=db-service" />
    <vmarg name="-DDB_PORT=5432" />
    <vmarg name="-DDB_USER=myuser" />
    <vmarg name="-DDB_PASSWORD=mypassword" />
    <vmarg name="-DDB_DBNAME=mydb" />
    <vmarg name="-verbose:gc" />
    <vmarg name="-Xverbosegclog:${SERVER_LOG_ROOT}/verbosegc.%seq.log,100,700" />
    <vmarg name="--add-exports=java.base/sun.security.action=ALL-UNNAMED" />
    <vmarg name="--add-exports=java.naming/com.sun.jndi.ldap=ALL-UNNAMED" />
    <vmarg name="--add-opens=java.base/java.util=ALL-UNNAMED" />
    <vmarg name="--add-opens=java.base/java.lang=ALL-UNNAMED" />
    <vmarg name="--add-opens=java.base/java.util.concurrent=ALL-UNNAMED" />
    <vmarg name="--add-opens=java.base/java.io=ALL-UNNAMED" />
    <vmarg name="--add-opens=java.naming/javax.naming.spi=ALL-UNNAMED" />
    <vmarg name="--add-opens=jdk.naming.rmi/com.sun.jndi.url.rmi=ALL-UNNAMED" />
    <vmarg name="--add-opens=java.naming/javax.naming=ALL-UNNAMED" />
    <vmarg name="--add-opens=java.rmi/java.rmi=ALL-UNNAMED" />
    <vmarg name="--add-opens=java.sql/java.sql=ALL-UNNAMED" />
    <vmarg name="--add-opens=java.management/javax.management=ALL-UNNAMED" />
    <vmarg name="--add-opens=java.base/java.lang.reflect=ALL-UNNAMED" />
    <vmarg name="--add-opens=java.desktop/java.awt.image=ALL-UNNAMED" />
    <vmarg name="--add-opens=java.base/java.security=ALL-UNNAMED" />
    <vmarg name="-Djava.class.path=/opt/ol/wlp/bin/tools/ws-server.jar" />
    <vmarg name="-Dsun.java.command=/opt/ol/wlp/bin/tools/ws-server.jar defaultServer" />
    <vmarg name="-Dsun.java.launcher=SUN_STANDARD" />
    <vmarg name="-Dsun.java.launcher.pid=1" />
  </vmargs>
</initialized>

<exclusive-start id="2" timestamp="2020-08-27T15:14:32.031" intervalms="2704.599">
  <response-info timems="0.261" idlems="0.261" threads="0" lastid="0000000000014E00" lastname="main" />
</exclusive-start>
<af-start id="3" threadId="0000000000015780" totalBytesRequested="64" timestamp="2020-08-27T15:14:32.031" intervalms="2704.862" type="nursery" />
<cycle-start id="4" type="scavenge" contextid="0" timestamp="2020-08-27T15:14:32.031" intervalms="2705.146" />
<gc-start id="5" type="scavenge" contextid="4" timestamp="2020-08-27T15:14:32.032">
  <mem-info id="6" free="6073016" total="8388608" percent="72">
    <mem type="nursery" free="0" total="2097152" percent="0">
      <mem type="allocate" free="0" total="1048576" percent="0" />
      <mem type="survivor" free="0" total="1048576" percent="0" />
    </mem>
    <mem type="tenure" free="6073016" total="6291456" percent="96">
      <mem type="soa" free="5757624" total="5976064" percent="96" />
      <mem type="loa" free="315392" total="315392" percent="100" />
    </mem>
    <remembered-set count="3042" />
  </mem-info>
</gc-start>
<allocation-stats totalBytes="1265840" >
  <allocated-bytes non-tlh="251224" tlh="1014616" />
  <largest-consumer threadName="main" threadId="0000000000014E00" bytes="1253552" />
</allocation-stats>
<gc-op id="7" type="scavenge" timems="7.699" contextid="4" timestamp="2020-08-27T15:14:32.040">
  <scavenger-info tenureage="2" tenuremask="fffc" tiltratio="50" />
  <memory-copied type="nursery" objects="12294" bytes="549904" bytesdiscarded="179424" />
  <finalization candidates="13" enqueued="0" />
  <references type="soft" candidates="43" cleared="0" enqueued="0" dynamicThreshold="32" maxThreshold="32" />
  <references type="weak" candidates="317" cleared="130" enqueued="90" />
  <references type="phantom" candidates="20" cleared="1" enqueued="1" />
</gc-op>
<gc-end id="8" type="scavenge" contextid="4" durationms="8.269" usertimems="7.425" systemtimems="2.027" timestamp="2020-08-27T15:14:32.040" activeThreads="2">
  <mem-info id="9" free="6390672" total="8388608" percent="76">
    <mem type="nursery" free="317656" total="2097152" percent="15">
      <mem type="allocate" free="317656" total="1048576" percent="30" />
      <mem type="survivor" free="0" total="1048576" percent="0" />
    </mem>
    <mem type="tenure" free="6073016" total="6291456" percent="96">
      <mem type="soa" free="5757624" total="5976064" percent="96" />
      <mem type="loa" free="315392" total="315392" percent="100" />
    </mem>
    <pending-finalizers system="0" default="0" reference="91" classloader="0" />
    <remembered-set count="3042" />
  </mem-info>
</gc-end>
<cycle-end id="10" type="scavenge" contextid="4" timestamp="2020-08-27T15:14:32.040" />
<allocation-satisfied id="11" threadId="0000000000014E00" bytesRequested="64" />
<af-end id="12" timestamp="2020-08-27T15:14:32.041" threadId="0000000000015780" success="true" from="nursery"/>
<exclusive-end id="13" timestamp="2020-08-27T15:14:32.041" durationms="9.836" />

<exclusive-start id="14" timestamp="2020-08-27T15:14:32.285" intervalms="253.858">
  <response-info timems="0.122" idlems="0.122" threads="0" lastid="0000000000014E00" lastname="main" />
</exclusive-start>
<af-start id="15" threadId="0000000000015780" totalBytesRequested="248" timestamp="2020-08-27T15:14:32.289" intervalms="257.788" type="nursery" />
<cycle-start id="16" type="scavenge" contextid="0" timestamp="2020-08-27T15:14:32.297" intervalms="265.615" />
<gc-start id="17" type="scavenge" contextid="16" timestamp="2020-08-27T15:14:32.297">
  <mem-info id="18" free="6043384" total="8388608" percent="72">
    <mem type="nursery" free="0" total="2097152" percent="0">
      <mem type="allocate" free="0" total="1048576" percent="0" />
      <mem type="survivor" free="0" total="1048576" percent="0" />
    </mem>
    <mem type="tenure" free="6043384" total="6291456" percent="96">
      <mem type="soa" free="5727992" total="5976064" percent="95" />
      <mem type="loa" free="315392" total="315392" percent="100" />
    </mem>
    <remembered-set count="3461" />
  </mem-info>
</gc-start>
<allocation-stats totalBytes="345464" >
  <allocated-bytes non-tlh="29696" tlh="315768" />
  <largest-consumer threadName="main" threadId="0000000000014E00" bytes="307480" />
</allocation-stats>
<gc-op id="19" type="scavenge" timems="13.130" contextid="16" timestamp="2020-08-27T15:14:32.310">
  <scavenger-info tenureage="5" tenuremask="7fe0" tiltratio="50" />
  <memory-copied type="nursery" objects="14062" bytes="619152" bytesdiscarded="122696" />
  <finalization candidates="18" enqueued="0" />
  <references type="soft" candidates="55" cleared="0" enqueued="0" dynamicThreshold="32" maxThreshold="32" />
  <references type="weak" candidates="552" cleared="226" enqueued="181" />
  <references type="phantom" candidates="19" cleared="0" enqueued="0" />
</gc-op>
<gc-end id="20" type="scavenge" contextid="16" durationms="22.471" usertimems="5.372" systemtimems="0.656" timestamp="2020-08-27T15:14:32.320" activeThreads="2">
  <mem-info id="21" free="6349032" total="8388608" percent="75">
    <mem type="nursery" free="305648" total="2097152" percent="14">
      <mem type="allocate" free="305648" total="1048576" percent="29" />
      <mem type="survivor" free="0" total="1048576" percent="0" />
    </mem>
    <mem type="tenure" free="6043384" total="6291456" percent="96">
      <mem type="soa" free="5727992" total="5976064" percent="95" />
      <mem type="loa" free="315392" total="315392" percent="100" />
    </mem>
    <pending-finalizers system="0" default="0" reference="181" classloader="0" />
    <remembered-set count="3461" />
  </mem-info>
</gc-end>
<cycle-end id="22" type="scavenge" contextid="16" timestamp="2020-08-27T15:14:32.320" />
<allocation-satisfied id="23" threadId="0000000000014E00" bytesRequested="248" />
<af-end id="24" timestamp="2020-08-27T15:14:32.320" threadId="0000000000015780" success="true" from="nursery"/>
<exclusive-end id="25" timestamp="2020-08-27T15:14:32.321" durationms="35.943" />

<exclusive-start id="26" timestamp="2020-08-27T15:14:32.518" intervalms="233.158">
  <response-info timems="0.083" idlems="0.083" threads="0" lastid="0000000000014E00" lastname="main" />
</exclusive-start>
<af-start id="27" threadId="0000000000015780" totalBytesRequested="88" timestamp="2020-08-27T15:14:32.518" intervalms="229.233" type="nursery" />
<cycle-start id="28" type="scavenge" contextid="0" timestamp="2020-08-27T15:14:32.520" intervalms="222.848" />
<gc-start id="29" type="scavenge" contextid="28" timestamp="2020-08-27T15:14:32.520">
  <mem-info id="30" free="6033784" total="8388608" percent="71">
    <mem type="nursery" free="0" total="2097152" percent="0">
      <mem type="allocate" free="0" total="1048576" percent="0" />
      <mem type="survivor" free="0" total="1048576" percent="0" />
    </mem>
    <mem type="tenure" free="6033784" total="6291456" percent="95">
      <mem type="soa" free="5718392" total="5976064" percent="95" />
      <mem type="loa" free="315392" total="315392" percent="100" />
    </mem>
    <remembered-set count="3587" />
  </mem-info>
</gc-start>
<allocation-stats totalBytes="314912" >
  <allocated-bytes non-tlh="9848" tlh="305064" />
  <largest-consumer threadName="main" threadId="0000000000014E00" bytes="306720" />
</allocation-stats>
<gc-op id="31" type="scavenge" timems="13.877" contextid="28" timestamp="2020-08-27T15:14:32.534">
  <scavenger-info tenureage="4" tenuremask="7ff0" tiltratio="50" />
  <memory-copied type="nursery" objects="14449" bytes="647224" bytesdiscarded="121976" />
  <finalization candidates="24" enqueued="0" />
  <ownableSynchronizers candidates="1" cleared="0" />
  <references type="soft" candidates="55" cleared="0" enqueued="0" dynamicThreshold="32" maxThreshold="32" />
  <references type="weak" candidates="589" cleared="144" enqueued="106" />
  <references type="phantom" candidates="21" cleared="0" enqueued="0" />
</gc-op>
<heap-resize id="32" type="expand" space="nursery" amount="131072" count="1" timems="0.520" reason="excessive time being spent scavenging" timestamp="2020-08-27T15:14:32.535" />
<gc-end id="33" type="scavenge" contextid="28" durationms="15.356" usertimems="13.079" systemtimems="3.229" timestamp="2020-08-27T15:14:32.535" activeThreads="2">
  <mem-info id="34" free="6377576" total="8519680" percent="74">
    <mem type="nursery" free="343792" total="2228224" percent="15">
      <mem type="allocate" free="343792" total="1114112" percent="30" />
      <mem type="survivor" free="0" total="1114112" percent="0" />
    </mem>
    <mem type="tenure" free="6033784" total="6291456" percent="95">
      <mem type="soa" free="5718392" total="5976064" percent="95" />
      <mem type="loa" free="315392" total="315392" percent="100" />
    </mem>
    <pending-finalizers system="0" default="0" reference="106" classloader="0" />
    <remembered-set count="1386" />
  </mem-info>
</gc-end>
<cycle-end id="35" type="scavenge" contextid="28" timestamp="2020-08-27T15:14:32.536" />
<allocation-satisfied id="36" threadId="0000000000014E00" bytesRequested="88" />
<af-end id="37" timestamp="2020-08-27T15:14:32.536" threadId="0000000000015780" success="true" from="nursery"/>
<exclusive-end id="38" timestamp="2020-08-27T15:14:32.536" durationms="18.406" />

<exclusive-start id="39" timestamp="2020-08-27T15:14:32.579" intervalms="61.190">
  <response-info timems="0.087" idlems="0.087" threads="0" lastid="0000000000014E00" lastname="main" />
</exclusive-start>
<af-start id="40" threadId="0000000000015780" totalBytesRequested="64" timestamp="2020-08-27T15:14:32.579" intervalms="61.435" type="nursery" />
<cycle-start id="41" type="scavenge" contextid="0" timestamp="2020-08-27T15:14:32.580" intervalms="60.071" />
<gc-start id="42" type="scavenge" contextid="41" timestamp="2020-08-27T15:14:32.580">
  <mem-info id="43" free="6025728" total="8519680" percent="70">
    <mem type="nursery" free="0" total="2228224" percent="0">
      <mem type="allocate" free="0" total="1114112" percent="0" />
      <mem type="survivor" free="0" total="1114112" percent="0" />
    </mem>
    <mem type="tenure" free="6025728" total="6291456" percent="95">
      <mem type="soa" free="5710336" total="5976064" percent="95" />
      <mem type="loa" free="315392" total="315392" percent="100" />
    </mem>
    <remembered-set count="1482" />
  </mem-info>
</gc-start>
<allocation-stats totalBytes="350968" >
  <allocated-bytes non-tlh="8144" tlh="342824" />
  <largest-consumer threadName="main" threadId="0000000000014E00" bytes="342776" />
</allocation-stats>
<gc-op id="44" type="scavenge" timems="5.869" contextid="41" timestamp="2020-08-27T15:14:32.586">
  <scavenger-info tenureage="3" tenuremask="fff8" tiltratio="50" />
  <memory-copied type="nursery" objects="3603" bytes="181280" bytesdiscarded="89664" />
  <memory-copied type="tenure" objects="12089" bytes="542296" bytesdiscarded="168" />
  <finalization candidates="24" enqueued="0" />
  <ownableSynchronizers candidates="1" cleared="0" />
  <references type="soft" candidates="16" cleared="0" enqueued="0" dynamicThreshold="32" maxThreshold="32" />
  <references type="weak" candidates="308" cleared="50" enqueued="50" />
  <references type="phantom" candidates="1" cleared="0" enqueued="0" />
</gc-op>
<heap-resize id="45" type="expand" space="nursery" amount="131072" count="1" timems="0.142" reason="excessive time being spent scavenging" timestamp="2020-08-27T15:14:32.587" />
<gc-end id="46" type="scavenge" contextid="41" durationms="7.138" usertimems="6.193" systemtimems="0.906" timestamp="2020-08-27T15:14:32.587" activeThreads="2">
  <mem-info id="47" free="6322424" total="8650752" percent="73">
    <mem type="nursery" free="908544" total="2359296" percent="38">
      <mem type="allocate" free="908544" total="1179648" percent="77" />
      <mem type="survivor" free="0" total="1179648" percent="0" />
    </mem>
    <mem type="tenure" free="5413880" total="6291456" percent="86">
      <mem type="soa" free="5098488" total="5976064" percent="85" />
      <mem type="loa" free="315392" total="315392" percent="100" />
    </mem>
    <pending-finalizers system="0" default="0" reference="50" classloader="0" />
    <remembered-set count="469" />
  </mem-info>
</gc-end>
<cycle-end id="48" type="scavenge" contextid="41" timestamp="2020-08-27T15:14:32.587" />
<allocation-satisfied id="49" threadId="0000000000014E00" bytesRequested="64" />
<af-end id="50" timestamp="2020-08-27T15:14:32.588" threadId="0000000000015780" success="true" from="nursery"/>
<exclusive-end id="51" timestamp="2020-08-27T15:14:32.588" durationms="8.799" />

<exclusive-start id="52" timestamp="2020-08-27T15:14:32.699" intervalms="120.077">
  <response-info timems="0.262" idlems="0.262" threads="0" lastid="0000000000014E00" lastname="main" />
</exclusive-start>
<af-start id="53" threadId="0000000000015780" totalBytesRequested="8368" timestamp="2020-08-27T15:14:32.699" intervalms="119.714" type="nursery" />
<cycle-start id="54" type="scavenge" contextid="0" timestamp="2020-08-27T15:14:32.700" intervalms="120.208" />
<gc-start id="55" type="scavenge" contextid="54" timestamp="2020-08-27T15:14:32.700">
  <mem-info id="56" free="5300504" total="8650752" percent="61">
    <mem type="nursery" free="0" total="2359296" percent="0">
      <mem type="allocate" free="0" total="1179648" percent="0" />
      <mem type="survivor" free="0" total="1179648" percent="0" />
    </mem>
    <mem type="tenure" free="5300504" total="6291456" percent="84">
      <mem type="soa" free="4985112" total="5976064" percent="83" />
      <mem type="loa" free="315392" total="315392" percent="100" />
    </mem>
    <remembered-set count="1748" />
  </mem-info>
</gc-start>
<allocation-stats totalBytes="1018984" >
  <allocated-bytes non-tlh="113440" tlh="905544" />
  <largest-consumer threadName="main" threadId="0000000000014E00" bytes="1018984" />
</allocation-stats>
<gc-op id="57" type="scavenge" timems="4.701" contextid="54" timestamp="2020-08-27T15:14:32.705">
  <scavenger-info tenureage="3" tenuremask="fff8" tiltratio="50" />
  <memory-copied type="nursery" objects="4951" bytes="300248" bytesdiscarded="48392" />
  <memory-copied type="tenure" objects="1557" bytes="61336" bytesdiscarded="0" />
  <finalization candidates="16" enqueued="0" />
  <ownableSynchronizers candidates="1" cleared="0" />
  <references type="soft" candidates="45" cleared="0" enqueued="0" dynamicThreshold="32" maxThreshold="32" />
  <references type="weak" candidates="301" cleared="56" enqueued="39" />
  <references type="phantom" candidates="2" cleared="0" enqueued="0" />
</gc-op>
<gc-end id="58" type="scavenge" contextid="54" durationms="5.857" usertimems="4.848" systemtimems="1.362" timestamp="2020-08-27T15:14:32.706" activeThreads="2">
  <mem-info id="59" free="6130960" total="8650752" percent="70">
    <mem type="nursery" free="830456" total="2359296" percent="35">
      <mem type="allocate" free="830456" total="1179648" percent="70" />
      <mem type="survivor" free="0" total="1179648" percent="0" />
    </mem>
    <mem type="tenure" free="5300504" total="6291456" percent="84">
      <mem type="soa" free="4985112" total="5976064" percent="83" />
      <mem type="loa" free="315392" total="315392" percent="100" />
    </mem>
    <pending-finalizers system="0" default="0" reference="39" classloader="0" />
    <remembered-set count="1528" />
  </mem-info>
</gc-end>
<cycle-end id="60" type="scavenge" contextid="54" timestamp="2020-08-27T15:14:32.706" />
<allocation-satisfied id="61" threadId="0000000000014E00" bytesRequested="8368" />
<af-end id="62" timestamp="2020-08-27T15:14:32.707" threadId="0000000000015780" success="true" from="nursery"/>
<exclusive-end id="63" timestamp="2020-08-27T15:14:32.707" durationms="7.649" />

<exclusive-start id="64" timestamp="2020-08-27T15:14:32.814" intervalms="115.285">
  <response-info timems="1.053" idlems="0.762" threads="1" lastid="0000000000018A00" lastname="JIT Compilation Thread-000" />
</exclusive-start>
<af-start id="65" threadId="0000000000015780" totalBytesRequested="24" timestamp="2020-08-27T15:14:32.815" intervalms="115.313" type="nursery" />
<cycle-start id="66" type="scavenge" contextid="0" timestamp="2020-08-27T15:14:32.816" intervalms="115.733" />
<gc-start id="67" type="scavenge" contextid="66" timestamp="2020-08-27T15:14:32.816">
  <mem-info id="68" free="5186880" total="8650752" percent="59">
    <mem type="nursery" free="0" total="2359296" percent="0">
      <mem type="allocate" free="0" total="1179648" percent="0" />
      <mem type="survivor" free="0" total="1179648" percent="0" />
    </mem>
    <mem type="tenure" free="5186880" total="6291456" percent="82">
      <mem type="soa" free="4871488" total="5976064" percent="81" />
      <mem type="loa" free="315392" total="315392" percent="100" />
    </mem>
    <remembered-set count="3553" />
  </mem-info>
</gc-start>
<allocation-stats totalBytes="942680" >
  <allocated-bytes non-tlh="210616" tlh="732064" />
  <largest-consumer threadName="main" threadId="0000000000014E00" bytes="930848" />
</allocation-stats>
<gc-op id="69" type="scavenge" timems="10.290" contextid="66" timestamp="2020-08-27T15:14:32.826">
  <scavenger-info tenureage="3" tenuremask="7ff8" tiltratio="50" />
  <memory-copied type="nursery" objects="9591" bytes="569560" bytesdiscarded="63296" />
  <memory-copied type="tenure" objects="520" bytes="32632" bytesdiscarded="0" />
  <finalization candidates="12" enqueued="0" />
  <ownableSynchronizers candidates="1" cleared="0" />
  <references type="soft" candidates="71" cleared="0" enqueued="0" dynamicThreshold="32" maxThreshold="32" />
  <references type="weak" candidates="508" cleared="217" enqueued="172" />
  <references type="phantom" candidates="13" cleared="2" enqueued="2" />
</gc-op>
<heap-resize id="70" type="expand" space="nursery" amount="131072" count="1" timems="0.146" reason="excessive time being spent scavenging" timestamp="2020-08-27T15:14:32.827" />
<gc-end id="71" type="scavenge" contextid="66" durationms="11.081" usertimems="7.011" systemtimems="0.249" timestamp="2020-08-27T15:14:32.827" activeThreads="2">
  <mem-info id="72" free="5728752" total="8781824" percent="65">
    <mem type="nursery" free="611760" total="2490368" percent="24">
      <mem type="allocate" free="611760" total="1245184" percent="49" />
      <mem type="survivor" free="0" total="1245184" percent="0" />
    </mem>
    <mem type="tenure" free="5116992" total="6291456" percent="81">
      <mem type="soa" free="4801600" total="5976064" percent="80" />
      <mem type="loa" free="315392" total="315392" percent="100" />
    </mem>
    <pending-finalizers system="0" default="0" reference="174" classloader="0" />
    <remembered-set count="3403" />
  </mem-info>
</gc-end>
<cycle-end id="73" type="scavenge" contextid="66" timestamp="2020-08-27T15:14:32.827" />
<allocation-satisfied id="74" threadId="0000000000014E00" bytesRequested="24" />
<af-end id="75" timestamp="2020-08-27T15:14:32.828" threadId="0000000000015780" success="true" from="nursery"/>
<exclusive-end id="76" timestamp="2020-08-27T15:14:32.828" durationms="13.679" />

<exclusive-start id="77" timestamp="2020-08-27T15:14:32.967" intervalms="152.933">
  <response-info timems="0.245" idlems="0.245" threads="0" lastid="0000000000014E00" lastname="main" />
</exclusive-start>
<af-start id="78" threadId="0000000000015780" totalBytesRequested="40" timestamp="2020-08-27T15:14:32.967" intervalms="152.924" type="nursery" />
<cycle-start id="79" type="scavenge" contextid="0" timestamp="2020-08-27T15:14:32.968" intervalms="151.996" />
<gc-start id="80" type="scavenge" contextid="79" timestamp="2020-08-27T15:14:32.968">
  <mem-info id="81" free="5080664" total="8781824" percent="57">
    <mem type="nursery" free="0" total="2490368" percent="0">
      <mem type="allocate" free="0" total="1245184" percent="0" />
      <mem type="survivor" free="0" total="1245184" percent="0" />
    </mem>
    <mem type="tenure" free="5080664" total="6291456" percent="80">
      <mem type="soa" free="4765272" total="5976064" percent="79" />
      <mem type="loa" free="315392" total="315392" percent="100" />
    </mem>
    <remembered-set count="3933" />
  </mem-info>
</gc-start>
<allocation-stats totalBytes="647432" >
  <allocated-bytes non-tlh="36352" tlh="611080" />
  <largest-consumer threadName="main" threadId="0000000000014E00" bytes="631504" />
</allocation-stats>
<gc-op id="82" type="scavenge" timems="17.317" contextid="79" timestamp="2020-08-27T15:14:32.986">
  <scavenger-info tenureage="2" tenuremask="7ffc" tiltratio="50" />
  <memory-copied type="nursery" objects="7973" bytes="455248" bytesdiscarded="105440" />
  <memory-copied type="tenure" objects="4230" bytes="235144" bytesdiscarded="184" />
  <finalization candidates="15" enqueued="0" />
  <ownableSynchronizers candidates="3" cleared="0" />
  <references type="soft" candidates="332" cleared="0" enqueued="0" dynamicThreshold="32" maxThreshold="32" />
  <references type="weak" candidates="1116" cleared="422" enqueued="326" />
  <references type="phantom" candidates="11" cleared="0" enqueued="0" />
</gc-op>
<heap-resize id="83" type="expand" space="nursery" amount="131072" count="1" timems="0.162" reason="excessive time being spent scavenging" timestamp="2020-08-27T15:14:32.986" />
<gc-end id="84" type="scavenge" contextid="79" durationms="18.220" usertimems="6.659" systemtimems="4.465" timestamp="2020-08-27T15:14:32.986" activeThreads="2">
  <mem-info id="85" free="5825832" total="8912896" percent="65">
    <mem type="nursery" free="946384" total="2621440" percent="36">
      <mem type="allocate" free="946384" total="1507328" percent="62" />
      <mem type="survivor" free="0" total="1114112" percent="0" />
    </mem>
    <mem type="tenure" free="4879448" total="6291456" percent="77">
      <mem type="soa" free="4564056" total="5976064" percent="76" />
      <mem type="loa" free="315392" total="315392" percent="100" />
    </mem>
    <pending-finalizers system="0" default="0" reference="326" classloader="0" />
    <remembered-set count="2649" />
  </mem-info>
</gc-end>
<cycle-end id="86" type="scavenge" contextid="79" timestamp="2020-08-27T15:14:32.987" />
<allocation-satisfied id="87" threadId="0000000000014E00" bytesRequested="40" />
<af-end id="88" timestamp="2020-08-27T15:14:32.987" threadId="0000000000015780" success="true" from="nursery"/>
<exclusive-end id="89" timestamp="2020-08-27T15:14:32.987" durationms="19.690" />

<exclusive-start id="90" timestamp="2020-08-27T15:14:33.286" intervalms="318.877">
  <response-info timems="0.181" idlems="0.181" threads="0" lastid="0000000000014E00" lastname="main" />
</exclusive-start>
<af-start id="91" threadId="0000000000015780" totalBytesRequested="16" timestamp="2020-08-27T15:14:33.286" intervalms="318.860" type="nursery" />
<cycle-start id="92" type="scavenge" contextid="0" timestamp="2020-08-27T15:14:33.287" intervalms="318.763" />
<gc-start id="93" type="scavenge" contextid="92" timestamp="2020-08-27T15:14:33.287">
  <mem-info id="94" free="4832648" total="8912896" percent="54">
    <mem type="nursery" free="0" total="2621440" percent="0">
      <mem type="allocate" free="0" total="1507328" percent="0" />
      <mem type="survivor" free="0" total="1114112" percent="0" />
    </mem>
    <mem type="tenure" free="4832648" total="6291456" percent="76">
      <mem type="soa" free="4517256" total="5976064" percent="75" />
      <mem type="loa" free="315392" total="315392" percent="100" />
    </mem>
    <remembered-set count="3255" />
  </mem-info>
</gc-start>
<allocation-stats totalBytes="992152" >
  <allocated-bytes non-tlh="46840" tlh="945312" />
  <largest-consumer threadName="main" threadId="0000000000014E00" bytes="983960" />
</allocation-stats>
<gc-op id="95" type="scavenge" timems="13.214" contextid="92" timestamp="2020-08-27T15:14:33.300">
  <scavenger-info tenureage="1" tenuremask="7ffe" tiltratio="57" />
  <memory-copied type="nursery" objects="5256" bytes="284208" bytesdiscarded="117984" />
  <memory-copied type="tenure" objects="7400" bytes="430368" bytesdiscarded="120" />
  <finalization candidates="38" enqueued="1" />
  <ownableSynchronizers candidates="7" cleared="0" />
  <references type="soft" candidates="819" cleared="0" enqueued="0" dynamicThreshold="32" maxThreshold="32" />
  <references type="weak" candidates="297" cleared="157" enqueued="150" />
  <references type="phantom" candidates="1" cleared="1" enqueued="1" />
</gc-op>
<gc-end id="96" type="scavenge" contextid="92" durationms="13.712" usertimems="8.329" systemtimems="0.918" timestamp="2020-08-27T15:14:33.300" activeThreads="2">
  <mem-info id="97" free="5581656" total="8912896" percent="62">
    <mem type="nursery" free="1301504" total="2621440" percent="49">
      <mem type="allocate" free="1301504" total="1703936" percent="76" />
      <mem type="survivor" free="0" total="917504" percent="0" />
    </mem>
    <mem type="tenure" free="4280152" total="6291456" percent="68">
      <mem type="soa" free="3964760" total="5976064" percent="66" />
      <mem type="loa" free="315392" total="315392" percent="100" />
    </mem>
    <pending-finalizers system="1" default="0" reference="151" classloader="0" />
    <remembered-set count="1204" />
  </mem-info>
</gc-end>
<cycle-end id="98" type="scavenge" contextid="92" timestamp="2020-08-27T15:14:33.301" />
<allocation-satisfied id="99" threadId="0000000000014E00" bytesRequested="16" />
<af-end id="100" timestamp="2020-08-27T15:14:33.301" threadId="0000000000015780" success="true" from="nursery"/>
<exclusive-end id="101" timestamp="2020-08-27T15:14:33.301" durationms="14.994" />

<exclusive-start id="102" timestamp="2020-08-27T15:14:34.465" intervalms="1179.088">
  <response-info timems="0.742" idlems="0.742" threads="0" lastid="0000000000014E00" lastname="main" />
</exclusive-start>
<af-start id="103" threadId="0000000000015780" totalBytesRequested="80" timestamp="2020-08-27T15:14:34.466" intervalms="1179.741" type="nursery" />
<cycle-start id="104" type="scavenge" contextid="0" timestamp="2020-08-27T15:14:34.467" intervalms="1179.942" />
<gc-start id="105" type="scavenge" contextid="104" timestamp="2020-08-27T15:14:34.467">
  <mem-info id="106" free="4184456" total="8912896" percent="46">
    <mem type="nursery" free="0" total="2621440" percent="0">
      <mem type="allocate" free="0" total="1703936" percent="0" />
      <mem type="survivor" free="0" total="917504" percent="0" />
    </mem>
    <mem type="tenure" free="4184456" total="6291456" percent="66">
      <mem type="soa" free="3869064" total="5976064" percent="64" />
      <mem type="loa" free="315392" total="315392" percent="100" />
    </mem>
    <remembered-set count="2909" />
  </mem-info>
</gc-start>
<allocation-stats totalBytes="1396168" >
  <allocated-bytes non-tlh="95712" tlh="1300456" />
  <largest-consumer threadName="main" threadId="0000000000014E00" bytes="1387976" />
</allocation-stats>
<gc-op id="107" type="scavenge" timems="6.271" contextid="104" timestamp="2020-08-27T15:14:34.474">
  <scavenger-info tenureage="1" tenuremask="7ffe" tiltratio="65" />
  <memory-copied type="nursery" objects="12942" bytes="411128" bytesdiscarded="146944" />
  <memory-copied type="tenure" objects="4750" bytes="246896" bytesdiscarded="56" />
  <finalization candidates="27" enqueued="0" />
  <ownableSynchronizers candidates="4" cleared="0" />
  <references type="soft" candidates="2197" cleared="0" enqueued="0" dynamicThreshold="32" maxThreshold="32" />
  <references type="weak" candidates="252" cleared="173" enqueued="155" />
  <references type="phantom" candidates="3" cleared="0" enqueued="0" />
</gc-op>
<gc-end id="108" type="scavenge" contextid="104" durationms="7.135" usertimems="5.182" systemtimems="4.829" timestamp="2020-08-27T15:14:34.474" activeThreads="2">
  <mem-info id="109" free="5063032" total="8912896" percent="56">
    <mem type="nursery" free="1211120" total="2621440" percent="46">
      <mem type="allocate" free="1211120" total="1769472" percent="68" />
      <mem type="survivor" free="0" total="851968" percent="0" />
    </mem>
    <mem type="tenure" free="3851912" total="6291456" percent="61">
      <mem type="soa" free="3536520" total="5976064" percent="59" />
      <mem type="loa" free="315392" total="315392" percent="100" />
    </mem>
    <pending-finalizers system="0" default="0" reference="155" classloader="0" />
    <remembered-set count="2434" />
  </mem-info>
</gc-end>
<cycle-end id="110" type="scavenge" contextid="104" timestamp="2020-08-27T15:14:34.474" />
<allocation-satisfied id="111" threadId="0000000000014E00" bytesRequested="80" />
<af-end id="112" timestamp="2020-08-27T15:14:34.475" threadId="0000000000015780" success="true" from="nursery"/>
<exclusive-end id="113" timestamp="2020-08-27T15:14:34.475" durationms="9.711" />

<exclusive-start id="114" timestamp="2020-08-27T15:14:34.936" intervalms="470.610">
  <response-info timems="0.327" idlems="0.327" threads="0" lastid="0000000000014E00" lastname="main" />
</exclusive-start>
<af-start id="115" threadId="0000000000015780" totalBytesRequested="24" timestamp="2020-08-27T15:14:34.936" intervalms="469.968" type="nursery" />
<cycle-start id="116" type="scavenge" contextid="0" timestamp="2020-08-27T15:14:34.936" intervalms="469.767" />
<gc-start id="117" type="scavenge" contextid="116" timestamp="2020-08-27T15:14:34.936">
  <mem-info id="118" free="3814000" total="8912896" percent="42">
    <mem type="nursery" free="0" total="2621440" percent="0">
      <mem type="allocate" free="0" total="1769472" percent="0" />
      <mem type="survivor" free="0" total="851968" percent="0" />
    </mem>
    <mem type="tenure" free="3814000" total="6291456" percent="60">
      <mem type="soa" free="3498608" total="5976064" percent="58" />
      <mem type="loa" free="315392" total="315392" percent="100" />
    </mem>
    <remembered-set count="2895" />
  </mem-info>
</gc-start>
<allocation-stats totalBytes="1248064" >
  <allocated-bytes non-tlh="37992" tlh="1210072" />
  <largest-consumer threadName="main" threadId="0000000000014E00" bytes="1239872" />
</allocation-stats>
<gc-op id="119" type="scavenge" timems="11.611" contextid="116" timestamp="2020-08-27T15:14:34.948">
  <scavenger-info tenureage="1" tenuremask="7ffe" tiltratio="67" />
  <memory-copied type="nursery" objects="11364" bytes="591728" bytesdiscarded="85408" />
  <memory-copied type="tenure" objects="12422" bytes="391912" bytesdiscarded="40" />
  <ownableSynchronizers candidates="3" cleared="0" />
  <references type="soft" candidates="10" cleared="0" enqueued="0" dynamicThreshold="32" maxThreshold="32" />
  <references type="weak" candidates="2090" cleared="188" enqueued="188" />
  <references type="phantom" candidates="3" cleared="1" enqueued="1" />
</gc-op>
<gc-end id="120" type="scavenge" contextid="116" durationms="12.033" usertimems="18.527" systemtimems="3.068" timestamp="2020-08-27T15:14:34.949" activeThreads="2">
  <mem-info id="121" free="4481864" total="8912896" percent="50">
    <mem type="nursery" free="1086440" total="2621440" percent="41">
      <mem type="allocate" free="1086440" total="1769472" percent="61" />
      <mem type="survivor" free="0" total="851968" percent="0" />
    </mem>
    <mem type="tenure" free="3395424" total="6291456" percent="53">
      <mem type="soa" free="3080032" total="5976064" percent="51" />
      <mem type="loa" free="315392" total="315392" percent="100" />
    </mem>
    <pending-finalizers system="0" default="0" reference="189" classloader="0" />
    <remembered-set count="2217" />
  </mem-info>
</gc-end>
<cycle-end id="122" type="scavenge" contextid="116" timestamp="2020-08-27T15:14:34.949" />
<allocation-satisfied id="123" threadId="0000000000014E00" bytesRequested="24" />
<af-end id="124" timestamp="2020-08-27T15:14:34.949" threadId="0000000000015780" success="true" from="nursery"/>
<exclusive-end id="125" timestamp="2020-08-27T15:14:34.949" durationms="13.417" />

<exclusive-start id="126" timestamp="2020-08-27T15:14:35.081" intervalms="145.230">
  <response-info timems="0.219" idlems="0.219" threads="0" lastid="0000000000014E00" lastname="main" />
</exclusive-start>
<af-start id="127" threadId="0000000000015780" totalBytesRequested="24992" timestamp="2020-08-27T15:14:35.081" intervalms="145.306" type="nursery" />
<cycle-start id="128" type="scavenge" contextid="0" timestamp="2020-08-27T15:14:35.082" intervalms="145.819" />
<gc-start id="129" type="scavenge" contextid="128" timestamp="2020-08-27T15:14:35.094">
  <mem-info id="130" free="3380480" total="8912896" percent="37">
    <mem type="nursery" free="0" total="2621440" percent="0">
      <mem type="allocate" free="0" total="1769472" percent="0" />
      <mem type="survivor" free="0" total="851968" percent="0" />
    </mem>
    <mem type="tenure" free="3380480" total="6291456" percent="53">
      <mem type="soa" free="3065088" total="5976064" percent="51" />
      <mem type="loa" free="315392" total="315392" percent="100" />
    </mem>
    <remembered-set count="2380" />
  </mem-info>
</gc-start>
<allocation-stats totalBytes="1076216" >
  <allocated-bytes non-tlh="14968" tlh="1061248" />
  <largest-consumer threadName="main" threadId="0000000000014E00" bytes="1068024" />
</allocation-stats>
<gc-op id="131" type="scavenge" timems="9.894" contextid="128" timestamp="2020-08-27T15:14:35.104">
  <scavenger-info tenureage="1" tenuremask="7ffe" tiltratio="67" />
  <memory-copied type="nursery" objects="9261" bytes="775376" bytesdiscarded="76552" />
  <memory-copied type="tenure" objects="11299" bytes="625320" bytesdiscarded="160" />
  <copy-failed type="nursery" objects="436" bytes="53816" />
  <ownableSynchronizers candidates="9" cleared="0" />
  <references type="weak" candidates="155" cleared="86" enqueued="83" />
</gc-op>
<heap-resize id="132" type="expand" space="nursery" amount="262144" count="1" timems="0.278" reason="excessive time being spent scavenging" timestamp="2020-08-27T15:14:35.105" />
<gc-end id="133" type="scavenge" contextid="128" durationms="11.514" usertimems="15.088" systemtimems="0.890" timestamp="2020-08-27T15:14:35.106" activeThreads="2">
  <mem-info id="134" free="3576064" total="9175040" percent="38">
    <mem type="nursery" free="720896" total="2883584" percent="25">
      <mem type="allocate" free="720896" total="1572864" percent="45" />
      <mem type="survivor" free="0" total="1310720" percent="0" />
    </mem>
    <mem type="tenure" free="2855168" total="6291456" percent="45">
      <mem type="soa" free="2539776" total="5976064" percent="42" />
      <mem type="loa" free="315392" total="315392" percent="100" />
    </mem>
    <pending-finalizers system="0" default="0" reference="83" classloader="0" />
    <remembered-set count="919" />
  </mem-info>
</gc-end>
<cycle-end id="135" type="scavenge" contextid="128" timestamp="2020-08-27T15:14:35.106" />
<allocation-satisfied id="136" threadId="0000000000014E00" bytesRequested="24992" />
<af-end id="137" timestamp="2020-08-27T15:14:35.107" threadId="0000000000015780" success="true" from="nursery"/>
<exclusive-end id="138" timestamp="2020-08-27T15:14:35.107" durationms="25.505" />

<exclusive-start id="139" timestamp="2020-08-27T15:14:35.139" intervalms="58.042">
  <response-info timems="0.111" idlems="0.111" threads="0" lastid="0000000000014E00" lastname="main" />
</exclusive-start>
<af-start id="140" threadId="0000000000015780" totalBytesRequested="200" timestamp="2020-08-27T15:14:35.140" intervalms="58.214" type="nursery" />
<cycle-start id="141" type="scavenge" contextid="0" timestamp="2020-08-27T15:14:35.143" intervalms="61.386" />
<gc-start id="142" type="scavenge" contextid="141" timestamp="2020-08-27T15:14:35.146">
  <mem-info id="143" free="2855168" total="9175040" percent="31">
    <mem type="nursery" free="0" total="2883584" percent="0">
      <mem type="allocate" free="0" total="1572864" percent="0" />
      <mem type="survivor" free="0" total="1310720" percent="0" />
    </mem>
    <mem type="tenure" free="2855168" total="6291456" percent="45">
      <mem type="soa" free="2539776" total="5976064" percent="42" />
      <mem type="loa" free="315392" total="315392" percent="100" />
    </mem>
    <remembered-set count="921" />
  </mem-info>
</gc-start>
<allocation-stats totalBytes="719488" >
  <allocated-bytes non-tlh="24992" tlh="694496" />
  <largest-consumer threadName="main" threadId="0000000000014E00" bytes="719488" />
</allocation-stats>
<gc-op id="144" type="scavenge" timems="9.506" contextid="141" timestamp="2020-08-27T15:14:35.156">
  <scavenger-info tenureage="1" tenuremask="7ffe" tiltratio="54" />
  <memory-copied type="nursery" objects="6914" bytes="694496" bytesdiscarded="171808" />
  <memory-copied type="tenure" objects="8982" bytes="747080" bytesdiscarded="1304" />
  <ownableSynchronizers candidates="3" cleared="0" />
</gc-op>
<heap-resize id="145" type="expand" space="nursery" amount="393216" count="1" timems="0.163" reason="excessive time being spent scavenging" timestamp="2020-08-27T15:14:35.156" />
<gc-end id="146" type="scavenge" contextid="141" durationms="10.382" usertimems="9.072" systemtimems="2.726" timestamp="2020-08-27T15:14:35.156" activeThreads="2">
  <mem-info id="147" free="3216816" total="9568256" percent="33">
    <mem type="nursery" free="1099776" total="3276800" percent="33">
      <mem type="allocate" free="1099776" total="1966080" percent="55" />
      <mem type="survivor" free="0" total="1310720" percent="0" />
    </mem>
    <mem type="tenure" free="2117040" total="6291456" percent="33">
      <mem type="soa" free="1801648" total="5976064" percent="30" />
      <mem type="loa" free="315392" total="315392" percent="100" />
    </mem>
    <remembered-set count="222" />
  </mem-info>
</gc-end>
<cycle-end id="148" type="scavenge" contextid="141" timestamp="2020-08-27T15:14:35.157" />
<allocation-satisfied id="149" threadId="0000000000014E00" bytesRequested="200" />
<af-end id="150" timestamp="2020-08-27T15:14:35.157" threadId="0000000000015780" success="true" from="nursery"/>
<exclusive-end id="151" timestamp="2020-08-27T15:14:35.157" durationms="17.860" />

<exclusive-start id="152" timestamp="2020-08-27T15:14:35.297" intervalms="157.989">
  <response-info timems="0.449" idlems="0.449" threads="0" lastid="0000000000014E00" lastname="main" />
</exclusive-start>
<af-start id="153" threadId="0000000000015780" totalBytesRequested="40" timestamp="2020-08-27T15:14:35.297" intervalms="157.734" type="nursery" />
<cycle-start id="154" type="scavenge" contextid="0" timestamp="2020-08-27T15:14:35.298" intervalms="154.238" />
<gc-start id="155" type="scavenge" contextid="154" timestamp="2020-08-27T15:14:35.298">
  <mem-info id="156" free="2117040" total="9568256" percent="22">
    <mem type="nursery" free="0" total="3276800" percent="0">
      <mem type="allocate" free="0" total="1966080" percent="0" />
      <mem type="survivor" free="0" total="1310720" percent="0" />
    </mem>
    <mem type="tenure" free="2117040" total="6291456" percent="33">
      <mem type="soa" free="1801648" total="5976064" percent="30" />
      <mem type="loa" free="315392" total="315392" percent="100" />
    </mem>
    <remembered-set count="222" />
  </mem-info>
</gc-start>
<allocation-stats totalBytes="1099616" >
  <allocated-bytes non-tlh="140752" tlh="958864" />
  <largest-consumer threadName="main" threadId="0000000000014E00" bytes="1099616" />
</allocation-stats>
<gc-op id="157" type="scavenge" timems="12.094" contextid="154" timestamp="2020-08-27T15:14:35.312">
  <scavenger-info tenureage="1" tenuremask="7ffe" tiltratio="60" />
  <memory-copied type="nursery" objects="30355" bytes="975896" bytesdiscarded="97616" />
  <memory-copied type="tenure" objects="6913" bytes="657008" bytesdiscarded="664" />
</gc-op>
<heap-resize id="158" type="expand" space="nursery" amount="131072" count="1" timems="1.126" reason="excessive time being spent scavenging" timestamp="2020-08-27T15:14:35.314" />
<gc-end id="159" type="scavenge" contextid="154" durationms="16.799" usertimems="9.880" systemtimems="3.155" timestamp="2020-08-27T15:14:35.315" activeThreads="2">
  <mem-info id="160" free="2418504" total="9699328" percent="24">
    <mem type="nursery" free="958104" total="3407872" percent="28">
      <mem type="allocate" free="958104" total="2031616" percent="47" />
      <mem type="survivor" free="0" total="1376256" percent="0" />
    </mem>
    <mem type="tenure" free="1460400" total="6291456" percent="23">
      <mem type="soa" free="1145008" total="5976064" percent="19" />
      <mem type="loa" free="315392" total="315392" percent="100" />
    </mem>
    <remembered-set count="70" />
  </mem-info>
</gc-end>
<cycle-end id="161" type="scavenge" contextid="154" timestamp="2020-08-27T15:14:35.317" />
<allocation-satisfied id="162" threadId="0000000000014E00" bytesRequested="40" />
<af-end id="163" timestamp="2020-08-27T15:14:35.320" threadId="0000000000015780" success="true" from="nursery"/>
<exclusive-end id="164" timestamp="2020-08-27T15:14:35.321" durationms="23.938" />

<concurrent-kickoff id="165" timestamp="2020-08-27T15:14:35.383">
  <kickoff reason="threshold reached" targetBytes="1867303" thresholdFreeBytes="258358"  remainingFree="253592" tenureFreeBytes="1454328" nurseryFreeBytes="253592" />
</concurrent-kickoff>
<exclusive-start id="166" timestamp="2020-08-27T15:14:35.384" intervalms="87.173">
  <response-info timems="0.218" idlems="0.218" threads="0" lastid="0000000000014E00" lastname="main" />
</exclusive-start>
<cycle-start id="167" type="global" contextid="0" timestamp="2020-08-27T15:14:35.384" intervalms="6058.208" />
<exclusive-end id="168" timestamp="2020-08-27T15:14:35.384" durationms="0.183" />

<exclusive-start id="169" timestamp="2020-08-27T15:14:35.399" intervalms="15.188">
  <response-info timems="0.183" idlems="0.183" threads="0" lastid="0000000000014E00" lastname="main" />
</exclusive-start>
<af-start id="170" threadId="0000000000015780" totalBytesRequested="126480" timestamp="2020-08-27T15:14:35.400" intervalms="102.672" type="nursery" />
<cycle-start id="171" type="scavenge" contextid="0" timestamp="2020-08-27T15:14:35.400" intervalms="102.590" />
<gc-start id="172" type="scavenge" contextid="171" timestamp="2020-08-27T15:14:35.400">
  <mem-info id="173" free="1507216" total="9699328" percent="15">
    <mem type="nursery" free="52888" total="3407872" percent="1">
      <mem type="allocate" free="52888" total="2031616" percent="2" />
      <mem type="survivor" free="0" total="1376256" percent="0" />
    </mem>
    <mem type="tenure" free="1454328" total="6291456" percent="23">
      <mem type="soa" free="1138936" total="5976064" percent="19" />
      <mem type="loa" free="315392" total="315392" percent="100" />
    </mem>
    <remembered-set count="287" />
  </mem-info>
</gc-start>
<allocation-stats totalBytes="911048" >
  <allocated-bytes non-tlh="6112" tlh="904936" />
  <largest-consumer threadName="main" threadId="0000000000014E00" bytes="911048" />
</allocation-stats>
<gc-op id="174" type="scavenge" timems="8.218" contextid="171" timestamp="2020-08-27T15:14:35.409">
  <scavenger-info tenureage="1" tenuremask="7ffe" tiltratio="59" />
  <memory-copied type="nursery" objects="19440" bytes="542880" bytesdiscarded="58464" />
  <memory-copied type="tenure" objects="30355" bytes="975896" bytesdiscarded="104" />
  <ownableSynchronizers candidates="144" cleared="0" />
  <references type="soft" candidates="4" cleared="0" enqueued="0" dynamicThreshold="32" maxThreshold="32" />
  <references type="weak" candidates="24" cleared="24" enqueued="24" />
</gc-op>
<heap-resize id="175" type="expand" space="nursery" amount="131072" count="1" timems="0.111" reason="excessive time being spent scavenging" timestamp="2020-08-27T15:14:35.409" />
<gc-end id="176" type="scavenge" contextid="171" durationms="9.058" usertimems="13.057" systemtimems="0.625" timestamp="2020-08-27T15:14:35.410" activeThreads="2">
  <mem-info id="177" free="2151160" total="9830400" percent="21">
    <mem type="nursery" free="1624576" total="3538944" percent="45">
      <mem type="allocate" free="1624576" total="2228224" percent="72" />
      <mem type="survivor" free="0" total="1310720" percent="0" />
    </mem>
    <mem type="tenure" free="526584" total="6291456" percent="8">
      <mem type="soa" free="211192" total="5976064" percent="3" />
      <mem type="loa" free="315392" total="315392" percent="100" />
    </mem>
    <pending-finalizers system="0" default="0" reference="24" classloader="0" />
    <remembered-set count="287" />
  </mem-info>
</gc-end>
<cycle-end id="178" type="scavenge" contextid="171" timestamp="2020-08-27T15:14:35.410" />
<allocation-satisfied id="179" threadId="0000000000014E00" bytesRequested="126480" />
<af-end id="180" timestamp="2020-08-27T15:14:35.410" threadId="0000000000015780" success="true" from="nursery"/>
<exclusive-end id="181" timestamp="2020-08-27T15:14:35.410" durationms="11.014" />

<exclusive-start id="182" timestamp="2020-08-27T15:14:35.491" intervalms="91.539">
  <response-info timems="0.569" idlems="0.569" threads="0" lastid="0000000000014E00" lastname="main" />
</exclusive-start>
<concurrent-collection-start id="183" timestamp="2020-08-27T15:14:35.491" intervalms="6165.055" >
  <concurrent-trace-info reason="card cleaning threshold reached" tracedByMutators="97688" tracedByHelpers="1582612" cardsCleaned="60" workStackOverflowCount="0" />
</concurrent-collection-start>
<gc-start id="184" type="global" contextid="167" timestamp="2020-08-27T15:14:35.492">
  <mem-info id="185" free="526208" total="9830400" percent="5">
    <mem type="nursery" free="0" total="3538944" percent="0">
      <mem type="allocate" free="0" total="2228224" percent="0" />
      <mem type="survivor" free="0" total="1310720" percent="0" />
    </mem>
    <mem type="tenure" free="526208" total="6291456" percent="8">
      <mem type="soa" free="210816" total="5976064" percent="3" />
      <mem type="loa" free="315392" total="315392" percent="100" />
    </mem>
    <remembered-set count="509" />
  </mem-info>
</gc-start>
<allocation-stats totalBytes="1624864" >
  <allocated-bytes non-tlh="316576" tlh="1308288" />
  <largest-consumer threadName="main" threadId="0000000000014E00" bytes="1624864" />
</allocation-stats>
<gc-op id="186" type="rs-scan" timems="0.861" contextid="167" timestamp="2020-08-27T15:14:35.493">
  <scan objectsFound="343" bytesTraced="28212" workStackOverflowCount="0" />
</gc-op>
<gc-op id="187" type="card-cleaning" timems="6.356" contextid="167" timestamp="2020-08-27T15:14:35.499">
  <card-cleaning cardsCleaned="0" bytesTraced="2671936" workStackOverflowCount="0" />
</gc-op>
<gc-op id="188" type="mark" timems="5.247" contextid="167" timestamp="2020-08-27T15:14:35.505">
  <trace-info objectcount="45" scancount="44" scanbytes="860" />
  <finalization candidates="66" enqueued="0" />
  <ownableSynchronizers candidates="379" cleared="0" />
  <references type="soft" candidates="3460" cleared="0" enqueued="0" dynamicThreshold="32" maxThreshold="32" />
  <references type="weak" candidates="3511" cleared="160" enqueued="95" />
  <references type="phantom" candidates="36" cleared="0" enqueued="0" />
  <stringconstants candidates="7819" cleared="0"  />
</gc-op>
<gc-op id="189" type="classunload" timems="0.054" contextid="167" timestamp="2020-08-27T15:14:35.505">
  <classunload-info classloadercandidates="8" classloadersunloaded="0" classesunloaded="0" anonymousclassesunloaded="0" quiescems="0.000" setupms="0.032" scanms="0.012" postms="0.010" />
</gc-op>
<gc-op id="190" type="sweep" timems="3.800" contextid="167" timestamp="2020-08-27T15:14:35.509" />
<heap-resize id="191" type="expand" space="tenure" amount="1703936" count="1" timems="0.332" reason="insufficient free space following gc" timestamp="2020-08-27T15:14:35.510" />
<gc-end id="192" type="global" contextid="167" durationms="18.649" usertimems="19.050" systemtimems="5.232" timestamp="2020-08-27T15:14:35.510" activeThreads="2">
  <mem-info id="193" free="2894184" total="11534336" percent="25">
    <mem type="nursery" free="471704" total="3538944" percent="13">
      <mem type="allocate" free="471704" total="2228224" percent="21" />
      <mem type="survivor" free="0" total="1310720" percent="0" />
    </mem>
    <mem type="tenure" free="2422480" total="7995392" percent="30" micro-fragmented="36197" macro-fragmented="0">
      <mem type="soa" free="2022096" total="7595008" percent="26" />
      <mem type="loa" free="400384" total="400384" percent="100" />
    </mem>
    <pending-finalizers system="0" default="0" reference="95" classloader="0" />
    <remembered-set count="508" />
  </mem-info>
</gc-end>
<cycle-end id="194" type="global" contextid="167" timestamp="2020-08-27T15:14:35.510" />
<concurrent-collection-end id="195" timestamp="2020-08-27T15:14:35.511" />
<exclusive-end id="196" timestamp="2020-08-27T15:14:35.511" durationms="19.671" />

<exclusive-start id="197" timestamp="2020-08-27T15:14:35.570" intervalms="78.969">
  <response-info timems="0.261" idlems="0.261" threads="0" lastid="0000000000014E00" lastname="main" />
</exclusive-start>
<af-start id="198" threadId="0000000000015780" totalBytesRequested="18160" timestamp="2020-08-27T15:14:35.570" intervalms="170.207" type="nursery" />
<cycle-start id="199" type="scavenge" contextid="0" timestamp="2020-08-27T15:14:35.570" intervalms="170.067" />
<gc-start id="200" type="scavenge" contextid="199" timestamp="2020-08-27T15:14:35.571">
  <mem-info id="201" free="2463184" total="11534336" percent="21">
    <mem type="nursery" free="51600" total="3538944" percent="1">
      <mem type="allocate" free="51600" total="2228224" percent="2" />
      <mem type="survivor" free="0" total="1310720" percent="0" />
    </mem>
    <mem type="tenure" free="2411584" total="7995392" percent="30">
      <mem type="soa" free="2011200" total="7595008" percent="26" />
      <mem type="loa" free="400384" total="400384" percent="100" />
    </mem>
    <remembered-set count="687" />
  </mem-info>
</gc-start>
<allocation-stats totalBytes="415584" >
  <allocated-bytes non-tlh="67008" tlh="348576" />
  <largest-consumer threadName="main" threadId="0000000000014E00" bytes="411488" />
</allocation-stats>
<gc-op id="202" type="scavenge" timems="9.222" contextid="199" timestamp="2020-08-27T15:14:35.580">
  <scavenger-info tenureage="1" tenuremask="7ffe" tiltratio="62" />
  <memory-copied type="nursery" objects="36050" bytes="1306832" bytesdiscarded="216" />
  <memory-copied type="tenure" objects="21285" bytes="556920" bytesdiscarded="152" />
  <copy-failed type="nursery" objects="2141" bytes="55192" />
  <ownableSynchronizers candidates="396" cleared="34" />
  <references type="weak" candidates="12" cleared="12" enqueued="12" />
</gc-op>
<gc-end id="203" type="scavenge" contextid="199" durationms="9.764" usertimems="14.737" systemtimems="0.877" timestamp="2020-08-27T15:14:35.580" activeThreads="2">
  <mem-info id="204" free="2163584" total="11534336" percent="18">
    <mem type="nursery" free="458752" total="3538944" percent="12">
      <mem type="allocate" free="458752" total="1769472" percent="25" />
      <mem type="survivor" free="0" total="1769472" percent="0" />
    </mem>
    <mem type="tenure" free="1704832" total="7995392" percent="21">
      <mem type="soa" free="1304448" total="7595008" percent="17" />
      <mem type="loa" free="400384" total="400384" percent="100" />
    </mem>
    <pending-finalizers system="0" default="0" reference="12" classloader="0" />
    <remembered-set count="1973" />
  </mem-info>
</gc-end>
<cycle-end id="205" type="scavenge" contextid="199" timestamp="2020-08-27T15:14:35.581" />
<allocation-satisfied id="206" threadId="0000000000014E00" bytesRequested="18160" />
<af-end id="207" timestamp="2020-08-27T15:14:35.581" threadId="0000000000015780" success="true" from="nursery"/>
<exclusive-end id="208" timestamp="2020-08-27T15:14:35.581" durationms="11.000" />

<concurrent-kickoff id="209" timestamp="2020-08-27T15:14:35.589">
  <kickoff reason="threshold reached" targetBytes="2340381" thresholdFreeBytes="324091"  remainingFree="305424" tenureFreeBytes="1701728" nurseryFreeBytes="305424" />
</concurrent-kickoff>
<exclusive-start id="210" timestamp="2020-08-27T15:14:35.589" intervalms="19.515">
  <response-info timems="0.167" idlems="0.167" threads="0" lastid="0000000000014E00" lastname="main" />
</exclusive-start>
<cycle-start id="211" type="global" contextid="0" timestamp="2020-08-27T15:14:35.590" intervalms="205.186" />
<exclusive-end id="212" timestamp="2020-08-27T15:14:35.590" durationms="0.334" />

<exclusive-start id="213" timestamp="2020-08-27T15:14:35.624" intervalms="34.833">
  <response-info timems="0.164" idlems="0.164" threads="0" lastid="0000000000014E00" lastname="main" />
</exclusive-start>
<concurrent-collection-start id="214" timestamp="2020-08-27T15:14:35.625" intervalms="133.278" >
  <concurrent-trace-info reason="card cleaning threshold reached" tracedByMutators="80700" tracedByHelpers="1592124" cardsCleaned="15" workStackOverflowCount="0" />
</concurrent-collection-start>
<gc-start id="215" type="global" contextid="211" timestamp="2020-08-27T15:14:35.625">
  <mem-info id="216" free="1699488" total="11534336" percent="14">
    <mem type="nursery" free="0" total="3538944" percent="0">
      <mem type="allocate" free="0" total="1769472" percent="0" />
      <mem type="survivor" free="0" total="1769472" percent="0" />
    </mem>
    <mem type="tenure" free="1699488" total="7995392" percent="21">
      <mem type="soa" free="1299104" total="7595008" percent="17" />
      <mem type="loa" free="400384" total="400384" percent="100" />
    </mem>
    <remembered-set count="2067" />
  </mem-info>
</gc-start>
<allocation-stats totalBytes="453616" >
  <allocated-bytes non-tlh="23504" tlh="430112" />
  <largest-consumer threadName="main" threadId="0000000000014E00" bytes="453616" />
</allocation-stats>
<gc-op id="217" type="rs-scan" timems="0.799" contextid="211" timestamp="2020-08-27T15:14:35.626">
  <scan objectsFound="329" bytesTraced="19616" workStackOverflowCount="0" />
</gc-op>
<gc-op id="218" type="card-cleaning" timems="11.210" contextid="211" timestamp="2020-08-27T15:14:35.637">
  <card-cleaning cardsCleaned="1" bytesTraced="2709828" workStackOverflowCount="0" />
</gc-op>
<gc-op id="219" type="mark" timems="5.452" contextid="211" timestamp="2020-08-27T15:14:35.643">
  <trace-info objectcount="1204" scancount="998" scanbytes="28768" />
  <finalization candidates="67" enqueued="0" />
  <ownableSynchronizers candidates="381" cleared="0" />
  <references type="soft" candidates="3478" cleared="0" enqueued="0" dynamicThreshold="9" maxThreshold="32" />
  <references type="weak" candidates="3381" cleared="24" enqueued="22" />
  <references type="phantom" candidates="37" cleared="0" enqueued="0" />
  <stringconstants candidates="7939" cleared="0"  />
</gc-op>
<gc-op id="220" type="classunload" timems="0.036" contextid="211" timestamp="2020-08-27T15:14:35.643">
  <classunload-info classloadercandidates="13" classloadersunloaded="0" classesunloaded="0" anonymousclassesunloaded="0" quiescems="0.000" setupms="0.016" scanms="0.010" postms="0.010" />
</gc-op>
<gc-op id="221" type="sweep" timems="1.724" contextid="211" timestamp="2020-08-27T15:14:35.645" />
<heap-resize id="222" type="expand" space="tenure" amount="1048576" count="1" timems="0.111" reason="insufficient free space following gc" timestamp="2020-08-27T15:14:35.645" />
<gc-end id="223" type="global" contextid="211" durationms="20.914" usertimems="23.795" systemtimems="2.431" timestamp="2020-08-27T15:14:35.646" activeThreads="2">
  <mem-info id="224" free="3408240" total="12582912" percent="27">
    <mem type="nursery" free="475224" total="3538944" percent="13">
      <mem type="allocate" free="475224" total="1769472" percent="26" />
      <mem type="survivor" free="0" total="1769472" percent="0" />
    </mem>
    <mem type="tenure" free="2933016" total="9043968" percent="32" micro-fragmented="38711" macro-fragmented="0">
      <mem type="soa" free="2480408" total="8591360" percent="28" />
      <mem type="loa" free="452608" total="452608" percent="100" />
    </mem>
    <pending-finalizers system="0" default="0" reference="22" classloader="0" />
    <remembered-set count="2026" />
  </mem-info>
</gc-end>
<cycle-end id="225" type="global" contextid="211" timestamp="2020-08-27T15:14:35.646" />
<concurrent-collection-end id="226" timestamp="2020-08-27T15:14:35.646" />
<exclusive-end id="227" timestamp="2020-08-27T15:14:35.646" durationms="21.896" />

<exclusive-start id="228" timestamp="2020-08-27T15:14:35.678" intervalms="53.515">
  <response-info timems="0.290" idlems="0.290" threads="0" lastid="0000000000014E00" lastname="main" />
</exclusive-start>
<af-start id="229" threadId="0000000000015780" totalBytesRequested="24" timestamp="2020-08-27T15:14:35.678" intervalms="107.855" type="nursery" />
<cycle-start id="230" type="scavenge" contextid="0" timestamp="2020-08-27T15:14:35.678" intervalms="107.870" />
<gc-start id="231" type="scavenge" contextid="230" timestamp="2020-08-27T15:14:35.678">
  <mem-info id="232" free="2929440" total="12582912" percent="23">
    <mem type="nursery" free="0" total="3538944" percent="0">
      <mem type="allocate" free="0" total="1769472" percent="0" />
      <mem type="survivor" free="0" total="1769472" percent="0" />
    </mem>
    <mem type="tenure" free="2929440" total="9043968" percent="32">
      <mem type="soa" free="2476832" total="8591360" percent="28" />
      <mem type="loa" free="452608" total="452608" percent="100" />
    </mem>
    <remembered-set count="2559" />
  </mem-info>
</gc-start>
<allocation-stats totalBytes="478048" >
  <allocated-bytes non-tlh="3576" tlh="474472" />
  <largest-consumer threadName="main" threadId="0000000000014E00" bytes="478048" />
</allocation-stats>
<gc-op id="233" type="scavenge" timems="7.976" contextid="230" timestamp="2020-08-27T15:14:35.687">
  <scavenger-info tenureage="1" tenuremask="7ffe" tiltratio="50" />
  <memory-copied type="nursery" objects="4848" bytes="160288" bytesdiscarded="110800" />
  <memory-copied type="tenure" objects="36005" bytes="1106736" bytesdiscarded="152" />
  <finalization candidates="1" enqueued="0" />
  <ownableSynchronizers candidates="763" cleared="695" />
  <references type="soft" candidates="2" cleared="0" enqueued="0" dynamicThreshold="10" maxThreshold="32" />
  <references type="weak" candidates="22" cleared="16" enqueued="16" />
  <references type="phantom" candidates="2" cleared="0" enqueued="0" />
</gc-op>
<heap-resize id="234" type="expand" space="nursery" amount="262144" count="1" timems="0.154" reason="excessive time being spent scavenging" timestamp="2020-08-27T15:14:35.689" />
<gc-end id="235" type="scavenge" contextid="230" durationms="10.698" usertimems="13.538" systemtimems="0.864" timestamp="2020-08-27T15:14:35.689" activeThreads="2">
  <mem-info id="236" free="3431784" total="12845056" percent="26">
    <mem type="nursery" free="1629440" total="3801088" percent="42">
      <mem type="allocate" free="1629440" total="1900544" percent="85" />
      <mem type="survivor" free="0" total="1900544" percent="0" />
    </mem>
    <mem type="tenure" free="1802344" total="9043968" percent="19">
      <mem type="soa" free="1349736" total="8591360" percent="15" />
      <mem type="loa" free="452608" total="452608" percent="100" />
    </mem>
    <pending-finalizers system="0" default="0" reference="16" classloader="0" />
    <remembered-set count="749" />
  </mem-info>
</gc-end>
<cycle-end id="237" type="scavenge" contextid="230" timestamp="2020-08-27T15:14:35.689" />
<allocation-satisfied id="238" threadId="0000000000014E00" bytesRequested="24" />
<af-end id="239" timestamp="2020-08-27T15:14:35.690" threadId="0000000000015780" success="true" from="nursery"/>
<exclusive-end id="240" timestamp="2020-08-27T15:14:35.690" durationms="11.776" />

<concurrent-kickoff id="241" timestamp="2020-08-27T15:14:35.943">
  <kickoff reason="threshold reached" targetBytes="2485652" thresholdFreeBytes="344719"  remainingFree="269568" tenureFreeBytes="1787856" nurseryFreeBytes="269568" />
</concurrent-kickoff>
<exclusive-start id="242" timestamp="2020-08-27T15:14:35.944" intervalms="266.351">
  <response-info timems="0.166" idlems="0.166" threads="0" lastid="0000000000014E00" lastname="main" />
</exclusive-start>
<cycle-start id="243" type="global" contextid="0" timestamp="2020-08-27T15:14:35.944" intervalms="354.699" />
<exclusive-end id="244" timestamp="2020-08-27T15:14:35.944" durationms="0.155" />

<exclusive-start id="245" timestamp="2020-08-27T15:14:35.979" intervalms="35.199">
  <response-info timems="0.233" idlems="0.233" threads="0" lastid="0000000000014E00" lastname="main" />
</exclusive-start>
<concurrent-collection-start id="246" timestamp="2020-08-27T15:14:35.980" intervalms="355.059" >
  <concurrent-trace-info reason="card cleaning threshold reached" tracedByMutators="134068" tracedByHelpers="3743088" cardsCleaned="56" workStackOverflowCount="0" />
</concurrent-collection-start>
<gc-start id="247" type="global" contextid="243" timestamp="2020-08-27T15:14:35.980">
  <mem-info id="248" free="1787744" total="12845056" percent="13">
    <mem type="nursery" free="7424" total="3801088" percent="0">
      <mem type="allocate" free="7424" total="1900544" percent="0" />
      <mem type="survivor" free="0" total="1900544" percent="0" />
    </mem>
    <mem type="tenure" free="1780320" total="9043968" percent="19">
      <mem type="soa" free="1327712" total="8591360" percent="15" />
      <mem type="loa" free="452608" total="452608" percent="100" />
    </mem>
    <remembered-set count="1239" />
  </mem-info>
</gc-start>
<allocation-stats totalBytes="1642824" >
  <allocated-bytes non-tlh="22048" tlh="1620776" />
  <largest-consumer threadName="main" threadId="0000000000014E00" bytes="1642824" />
</allocation-stats>
<gc-op id="249" type="rs-scan" timems="1.209" contextid="243" timestamp="2020-08-27T15:14:35.981">
  <scan objectsFound="813" bytesTraced="181704" workStackOverflowCount="0" />
</gc-op>
<gc-op id="250" type="card-cleaning" timems="0.387" contextid="243" timestamp="2020-08-27T15:14:35.982">
  <card-cleaning cardsCleaned="14" bytesTraced="19924" workStackOverflowCount="0" />
</gc-op>
<gc-op id="251" type="mark" timems="2.982" contextid="243" timestamp="2020-08-27T15:14:35.985">
  <trace-info objectcount="3429" scancount="3366" scanbytes="116484" />
  <finalization candidates="68" enqueued="0" />
  <ownableSynchronizers candidates="382" cleared="1" />
  <references type="soft" candidates="3478" cleared="0" enqueued="0" dynamicThreshold="10" maxThreshold="32" />
  <references type="weak" candidates="3802" cleared="316" enqueued="243" />
  <references type="phantom" candidates="37" cleared="0" enqueued="0" />
  <stringconstants candidates="8083" cleared="0"  />
</gc-op>
<gc-op id="252" type="sweep" timems="2.246" contextid="243" timestamp="2020-08-27T15:14:35.988" />
<heap-resize id="253" type="expand" space="tenure" amount="1048576" count="1" timems="0.147" reason="insufficient free space following gc" timestamp="2020-08-27T15:14:35.988" />
<gc-end id="254" type="global" contextid="243" durationms="8.689" usertimems="6.667" systemtimems="2.975" timestamp="2020-08-27T15:14:35.989" activeThreads="2">
  <mem-info id="255" free="4825704" total="13893632" percent="34">
    <mem type="nursery" free="1564792" total="3801088" percent="41">
      <mem type="allocate" free="1564792" total="1900544" percent="82" />
      <mem type="survivor" free="0" total="1900544" percent="0" />
    </mem>
    <mem type="tenure" free="3260912" total="10092544" percent="32" micro-fragmented="149324" macro-fragmented="0">
      <mem type="soa" free="2756080" total="9587712" percent="28" />
      <mem type="loa" free="504832" total="504832" percent="100" />
    </mem>
    <pending-finalizers system="0" default="0" reference="243" classloader="0" />
    <remembered-set count="944" />
  </mem-info>
</gc-end>
<cycle-end id="256" type="global" contextid="243" timestamp="2020-08-27T15:14:35.989" />
<concurrent-collection-end id="257" timestamp="2020-08-27T15:14:35.989" />
<exclusive-end id="258" timestamp="2020-08-27T15:14:35.989" durationms="10.096" />

<exclusive-start id="259" timestamp="2020-08-27T15:14:36.212" intervalms="233.085">
  <response-info timems="0.186" idlems="0.186" threads="0" lastid="0000000000014E00" lastname="main" />
</exclusive-start>
<af-start id="260" threadId="0000000000015780" totalBytesRequested="128" timestamp="2020-08-27T15:14:36.213" intervalms="534.648" type="nursery" />
<cycle-start id="261" type="scavenge" contextid="0" timestamp="2020-08-27T15:14:36.213" intervalms="534.811" />
<gc-start id="262" type="scavenge" contextid="261" timestamp="2020-08-27T15:14:36.213">
  <mem-info id="263" free="3210960" total="13893632" percent="23">
    <mem type="nursery" free="0" total="3801088" percent="0">
      <mem type="allocate" free="0" total="1900544" percent="0" />
      <mem type="survivor" free="0" total="1900544" percent="0" />
    </mem>
    <mem type="tenure" free="3210960" total="10092544" percent="31">
      <mem type="soa" free="2706128" total="9587712" percent="28" />
      <mem type="loa" free="504832" total="504832" percent="100" />
    </mem>
    <remembered-set count="1912" />
  </mem-info>
</gc-start>
<allocation-stats totalBytes="1600392" >
  <allocated-bytes non-tlh="51424" tlh="1548968" />
  <largest-consumer threadName="main" threadId="0000000000014E00" bytes="1458088" />
</allocation-stats>
<gc-op id="264" type="scavenge" timems="4.098" contextid="261" timestamp="2020-08-27T15:14:36.217">
  <scavenger-info tenureage="2" tenuremask="7ffc" tiltratio="50" />
  <memory-copied type="nursery" objects="12020" bytes="471872" bytesdiscarded="137272" />
  <finalization candidates="5" enqueued="0" />
  <ownableSynchronizers candidates="767" cleared="759" />
  <references type="soft" candidates="30" cleared="0" enqueued="0" dynamicThreshold="10" maxThreshold="32" />
  <references type="weak" candidates="789" cleared="400" enqueued="323" />
  <references type="phantom" candidates="7" cleared="1" enqueued="1" />
</gc-op>
<gc-end id="265" type="scavenge" contextid="261" durationms="5.523" usertimems="4.222" systemtimems="1.478" timestamp="2020-08-27T15:14:36.219" activeThreads="2">
  <mem-info id="266" free="4501856" total="13893632" percent="32">
    <mem type="nursery" free="1290896" total="3801088" percent="33">
      <mem type="allocate" free="1290896" total="1900544" percent="67" />
      <mem type="survivor" free="0" total="1900544" percent="0" />
    </mem>
    <mem type="tenure" free="3210960" total="10092544" percent="31">
      <mem type="soa" free="2706128" total="9587712" percent="28" />
      <mem type="loa" free="504832" total="504832" percent="100" />
    </mem>
    <pending-finalizers system="0" default="0" reference="324" classloader="0" />
    <remembered-set count="1764" />
  </mem-info>
</gc-end>
<cycle-end id="267" type="scavenge" contextid="261" timestamp="2020-08-27T15:14:36.219" />
<allocation-satisfied id="268" threadId="0000000000014E00" bytesRequested="128" />
<af-end id="269" timestamp="2020-08-27T15:14:36.219" threadId="0000000000015780" success="true" from="nursery"/>
<exclusive-end id="270" timestamp="2020-08-27T15:14:36.219" durationms="6.806" />

<exclusive-start id="271" timestamp="2020-08-27T15:14:36.310" intervalms="97.116">
  <response-info timems="0.194" idlems="0.194" threads="0" lastid="0000000000014E00" lastname="main" />
</exclusive-start>
<af-start id="272" threadId="0000000000015780" totalBytesRequested="24" timestamp="2020-08-27T15:14:36.310" intervalms="97.099" type="nursery" />
<cycle-start id="273" type="scavenge" contextid="0" timestamp="2020-08-27T15:14:36.310" intervalms="97.135" />
<gc-start id="274" type="scavenge" contextid="273" timestamp="2020-08-27T15:14:36.310">
  <mem-info id="275" free="3210464" total="13893632" percent="23">
    <mem type="nursery" free="0" total="3801088" percent="0">
      <mem type="allocate" free="0" total="1900544" percent="0" />
      <mem type="survivor" free="0" total="1900544" percent="0" />
    </mem>
    <mem type="tenure" free="3210464" total="10092544" percent="31">
      <mem type="soa" free="2705632" total="9587712" percent="28" />
      <mem type="loa" free="504832" total="504832" percent="100" />
    </mem>
    <remembered-set count="1775" />
  </mem-info>
</gc-start>
<allocation-stats totalBytes="1289888" >
  <allocated-bytes non-tlh="624" tlh="1289264" />
  <largest-consumer threadName="main" threadId="0000000000014E00" bytes="1278056" />
</allocation-stats>
<gc-op id="276" type="scavenge" timems="4.951" contextid="273" timestamp="2020-08-27T15:14:36.315">
  <scavenger-info tenureage="2" tenuremask="7ffc" tiltratio="50" />
  <memory-copied type="nursery" objects="15213" bytes="667328" bytesdiscarded="58656" />
  <memory-copied type="tenure" objects="4391" bytes="136664" bytesdiscarded="984" />
  <finalization candidates="5" enqueued="0" />
  <ownableSynchronizers candidates="8" cleared="0" />
  <references type="soft" candidates="28" cleared="0" enqueued="0" dynamicThreshold="10" maxThreshold="32" />
  <references type="weak" candidates="385" cleared="2" enqueued="2" />
  <references type="phantom" candidates="4" cleared="0" enqueued="0" />
</gc-op>
<gc-end id="277" type="scavenge" contextid="273" durationms="5.732" usertimems="6.122" systemtimems="0.971" timestamp="2020-08-27T15:14:36.316" activeThreads="2">
  <mem-info id="278" free="4271424" total="13893632" percent="30">
    <mem type="nursery" free="1370624" total="3801088" percent="36">
      <mem type="allocate" free="1370624" total="2097152" percent="65" />
      <mem type="survivor" free="0" total="1703936" percent="0" />
    </mem>
    <mem type="tenure" free="2900800" total="10092544" percent="28">
      <mem type="soa" free="2395968" total="9587712" percent="24" />
      <mem type="loa" free="504832" total="504832" percent="100" />
    </mem>
    <pending-finalizers system="0" default="0" reference="2" classloader="0" />
    <remembered-set count="1321" />
  </mem-info>
</gc-end>
<cycle-end id="279" type="scavenge" contextid="273" timestamp="2020-08-27T15:14:36.316" />
<allocation-satisfied id="280" threadId="0000000000014E00" bytesRequested="24" />
<af-end id="281" timestamp="2020-08-27T15:14:36.317" threadId="0000000000015780" success="true" from="nursery"/>
<exclusive-end id="282" timestamp="2020-08-27T15:14:36.317" durationms="7.452" />

<exclusive-start id="283" timestamp="2020-08-27T15:14:36.449" intervalms="139.373">
  <response-info timems="0.387" idlems="0.387" threads="0" lastid="0000000000476100" lastname="Start Level: Equinox Container: 33ae09b4-fb08-4969-9834-b6ffe1c" />
</exclusive-start>
<af-start id="284" threadId="0000000000476A80" totalBytesRequested="200" timestamp="2020-08-27T15:14:36.449" intervalms="139.395" type="nursery" />
<cycle-start id="285" type="scavenge" contextid="0" timestamp="2020-08-27T15:14:36.449" intervalms="139.181" />
<gc-start id="286" type="scavenge" contextid="285" timestamp="2020-08-27T15:14:36.450">
  <mem-info id="287" free="2873680" total="13893632" percent="20">
    <mem type="nursery" free="0" total="3801088" percent="0">
      <mem type="allocate" free="0" total="2097152" percent="0" />
      <mem type="survivor" free="0" total="1703936" percent="0" />
    </mem>
    <mem type="tenure" free="2873680" total="10092544" percent="28">
      <mem type="soa" free="2368848" total="9587712" percent="24" />
      <mem type="loa" free="504832" total="504832" percent="100" />
    </mem>
    <remembered-set count="1698" />
  </mem-info>
</gc-start>
<allocation-stats totalBytes="1396536" >
  <allocated-bytes non-tlh="27144" tlh="1369392" />
  <largest-consumer threadName="main" threadId="0000000000014E00" bytes="1248488" />
</allocation-stats>
<gc-op id="288" type="scavenge" timems="7.703" contextid="285" timestamp="2020-08-27T15:14:36.457">
  <scavenger-info tenureage="1" tenuremask="7ffe" tiltratio="55" />
  <memory-copied type="nursery" objects="6286" bytes="274760" bytesdiscarded="57104" />
  <memory-copied type="tenure" objects="15151" bytes="650912" bytesdiscarded="192" />
  <finalization candidates="4" enqueued="0" />
  <ownableSynchronizers candidates="8" cleared="0" />
  <references type="soft" candidates="50" cleared="0" enqueued="0" dynamicThreshold="10" maxThreshold="32" />
  <references type="weak" candidates="166" cleared="118" enqueued="111" />
</gc-op>
<gc-end id="289" type="scavenge" contextid="285" durationms="8.438" usertimems="7.827" systemtimems="0.081" timestamp="2020-08-27T15:14:36.458" activeThreads="2">
  <mem-info id="290" free="4133472" total="13893632" percent="29">
    <mem type="nursery" free="1961216" total="3801088" percent="51">
      <mem type="allocate" free="1961216" total="2293760" percent="85" />
      <mem type="survivor" free="0" total="1507328" percent="0" />
    </mem>
    <mem type="tenure" free="2172256" total="10092544" percent="21">
      <mem type="soa" free="1667424" total="9587712" percent="17" />
      <mem type="loa" free="504832" total="504832" percent="100" />
    </mem>
    <pending-finalizers system="0" default="0" reference="111" classloader="0" />
    <remembered-set count="481" />
  </mem-info>
</gc-end>
<cycle-end id="291" type="scavenge" contextid="285" timestamp="2020-08-27T15:14:36.458" />
<allocation-satisfied id="292" threadId="0000000000476100" bytesRequested="200" />
<af-end id="293" timestamp="2020-08-27T15:14:36.458" threadId="0000000000476A80" success="true" from="nursery"/>
<exclusive-end id="294" timestamp="2020-08-27T15:14:36.458" durationms="9.541" />

<concurrent-kickoff id="295" timestamp="2020-08-27T15:14:36.576">
  <kickoff reason="threshold reached" targetBytes="3078838" thresholdFreeBytes="426699"  remainingFree="367672" tenureFreeBytes="2168696" nurseryFreeBytes="367672" />
</concurrent-kickoff>
<exclusive-start id="296" timestamp="2020-08-27T15:14:36.576" intervalms="127.460">
  <response-info timems="0.713" idlems="0.713" threads="0" lastid="0000000000476D00" lastname="Equinox start level thread - Equinox Container: 33ae09b4-fb08-4" />
</exclusive-start>
<cycle-start id="297" type="global" contextid="0" timestamp="2020-08-27T15:14:36.577" intervalms="632.262" />
<exclusive-end id="298" timestamp="2020-08-27T15:14:36.577" durationms="0.189" />

<exclusive-start id="299" timestamp="2020-08-27T15:14:36.632" intervalms="55.959">
  <response-info timems="0.635" idlems="0.474" threads="1" lastid="0000000000476D00" lastname="Equinox start level thread - Equinox Container: 33ae09b4-fb08-4" />
</exclusive-start>
<af-start id="300" threadId="00000000004B4B80" totalBytesRequested="40" timestamp="2020-08-27T15:14:36.633" intervalms="183.409" type="nursery" />
<cycle-start id="301" type="scavenge" contextid="0" timestamp="2020-08-27T15:14:36.633" intervalms="183.557" />
<gc-start id="302" type="scavenge" contextid="301" timestamp="2020-08-27T15:14:36.633">
  <mem-info id="303" free="2168488" total="13893632" percent="15">
    <mem type="nursery" free="0" total="3801088" percent="0">
      <mem type="allocate" free="0" total="2293760" percent="0" />
      <mem type="survivor" free="0" total="1507328" percent="0" />
    </mem>
    <mem type="tenure" free="2168488" total="10092544" percent="21">
      <mem type="soa" free="1663656" total="9587712" percent="17" />
      <mem type="loa" free="504832" total="504832" percent="100" />
    </mem>
    <remembered-set count="611" />
  </mem-info>
</gc-start>
<allocation-stats totalBytes="1962936" >
  <allocated-bytes non-tlh="3968" tlh="1958968" />
  <largest-consumer threadName="Equinox start level thread - Equinox Container: 33ae09b4-fb08-4969-9834-b6ffe1c8cf84" threadId="0000000000476D00" bytes="1283040" />
</allocation-stats>
<gc-op id="304" type="scavenge" timems="3.896" contextid="301" timestamp="2020-08-27T15:14:36.637">
  <scavenger-info tenureage="1" tenuremask="7ffe" tiltratio="60" />
  <memory-copied type="nursery" objects="6273" bytes="229184" bytesdiscarded="173184" />
  <memory-copied type="tenure" objects="5348" bytes="232344" bytesdiscarded="80" />
  <finalization candidates="1" enqueued="0" />
  <ownableSynchronizers candidates="5" cleared="0" />
  <references type="weak" candidates="25" cleared="16" enqueued="16" />
</gc-op>
<gc-end id="305" type="scavenge" contextid="301" durationms="4.440" usertimems="3.899" systemtimems="2.337" timestamp="2020-08-27T15:14:36.638" activeThreads="2">
  <mem-info id="306" free="3923880" total="13893632" percent="28">
    <mem type="nursery" free="2087936" total="3801088" percent="54">
      <mem type="allocate" free="2087936" total="2490368" percent="83" />
      <mem type="survivor" free="0" total="1310720" percent="0" />
    </mem>
    <mem type="tenure" free="1835944" total="10092544" percent="18">
      <mem type="soa" free="1331112" total="9587712" percent="13" />
      <mem type="loa" free="504832" total="504832" percent="100" />
    </mem>
    <pending-finalizers system="0" default="0" reference="16" classloader="0" />
    <remembered-set count="561" />
  </mem-info>
</gc-end>
<cycle-end id="307" type="scavenge" contextid="301" timestamp="2020-08-27T15:14:36.638" />
<allocation-satisfied id="308" threadId="00000000004B4200" bytesRequested="40" />
<af-end id="309" timestamp="2020-08-27T15:14:36.638" threadId="00000000004B4B80" success="true" from="nursery"/>
<exclusive-end id="310" timestamp="2020-08-27T15:14:36.638" durationms="5.948" />

<exclusive-start id="311" timestamp="2020-08-27T15:14:36.650" intervalms="17.966">
  <response-info timems="0.235" idlems="0.140" threads="1" lastid="00000000004B4200" lastname="Equinox start level thread - Equinox Container: 33ae09b4-fb08-4" />
</exclusive-start>
<concurrent-collection-start id="312" timestamp="2020-08-27T15:14:36.651" intervalms="670.996" >
  <concurrent-trace-info reason="card cleaning threshold reached" tracedByMutators="1441392" tracedByHelpers="2922236" cardsCleaned="66" workStackOverflowCount="0" />
</concurrent-collection-start>
<gc-start id="313" type="global" contextid="297" timestamp="2020-08-27T15:14:36.651">
  <mem-info id="314" free="3706752" total="13893632" percent="26">
    <mem type="nursery" free="1870808" total="3801088" percent="49">
      <mem type="allocate" free="1870808" total="2490368" percent="75" />
      <mem type="survivor" free="0" total="1310720" percent="0" />
    </mem>
    <mem type="tenure" free="1835944" total="10092544" percent="18">
      <mem type="soa" free="1331112" total="9587712" percent="13" />
      <mem type="loa" free="504832" total="504832" percent="100" />
    </mem>
    <remembered-set count="561" />
  </mem-info>
</gc-start>
<allocation-stats totalBytes="216264" >
  <allocated-bytes non-tlh="40" tlh="216224" />
  <largest-consumer threadName="Equinox start level thread - Equinox Container: 33ae09b4-fb08-4969-9834-b6ffe1c8cf84" threadId="0000000000476D00" bytes="175264" />
</allocation-stats>
<gc-op id="315" type="rs-scan" timems="0.760" contextid="297" timestamp="2020-08-27T15:14:36.652">
  <scan objectsFound="494" bytesTraced="30948" workStackOverflowCount="0" />
</gc-op>
<gc-op id="316" type="card-cleaning" timems="0.703" contextid="297" timestamp="2020-08-27T15:14:36.653">
  <card-cleaning cardsCleaned="1" bytesTraced="164928" workStackOverflowCount="0" />
</gc-op>
<gc-op id="317" type="mark" timems="5.583" contextid="297" timestamp="2020-08-27T15:14:36.659">
  <trace-info objectcount="2689" scancount="2601" scanbytes="130968" />
  <finalization candidates="72" enqueued="0" />
  <ownableSynchronizers candidates="392" cleared="0" />
  <references type="soft" candidates="3556" cleared="0" enqueued="0" dynamicThreshold="10" maxThreshold="32" />
  <references type="weak" candidates="3795" cleared="27" enqueued="14" />
  <references type="phantom" candidates="40" cleared="0" enqueued="0" />
  <stringconstants candidates="8529" cleared="0"  />
</gc-op>
<gc-op id="318" type="classunload" timems="0.040" contextid="297" timestamp="2020-08-27T15:14:36.659">
  <classunload-info classloadercandidates="13" classloadersunloaded="0" classesunloaded="0" anonymousclassesunloaded="0" quiescems="0.000" setupms="0.017" scanms="0.013" postms="0.010" />
</gc-op>
<gc-op id="319" type="sweep" timems="1.732" contextid="297" timestamp="2020-08-27T15:14:36.662" />
<heap-resize id="320" type="expand" space="tenure" amount="1245184" count="1" timems="0.108" reason="insufficient free space following gc" timestamp="2020-08-27T15:14:36.662" />
<gc-end id="321" type="global" contextid="297" durationms="11.185" usertimems="8.217" systemtimems="3.417" timestamp="2020-08-27T15:14:36.662" activeThreads="2">
  <mem-info id="322" free="5571256" total="15138816" percent="36">
    <mem type="nursery" free="2148672" total="3801088" percent="56">
      <mem type="allocate" free="2148672" total="2490368" percent="86" />
      <mem type="survivor" free="0" total="1310720" percent="0" />
    </mem>
    <mem type="tenure" free="3422584" total="11337728" percent="30" micro-fragmented="168570" macro-fragmented="0">
      <mem type="soa" free="2855288" total="10770432" percent="26" />
      <mem type="loa" free="567296" total="567296" percent="100" />
    </mem>
    <pending-finalizers system="0" default="0" reference="14" classloader="0" />
    <remembered-set count="554" />
  </mem-info>
</gc-end>
<cycle-end id="323" type="global" contextid="297" timestamp="2020-08-27T15:14:36.662" />
<concurrent-collection-end id="324" timestamp="2020-08-27T15:14:36.663" />
<exclusive-end id="325" timestamp="2020-08-27T15:14:36.663" durationms="12.319" />

<exclusive-start id="326" timestamp="2020-08-27T15:14:36.754" intervalms="103.810">
  <response-info timems="0.083" idlems="0.083" threads="0" lastid="0000000000476D00" lastname="Equinox start level thread - Equinox Container: 33ae09b4-fb08-4" />
</exclusive-start>
<af-start id="327" threadId="0000000000477680" totalBytesRequested="24" timestamp="2020-08-27T15:14:36.755" intervalms="121.973" type="nursery" />
<cycle-start id="328" type="scavenge" contextid="0" timestamp="2020-08-27T15:14:36.755" intervalms="122.197" />
<gc-start id="329" type="scavenge" contextid="328" timestamp="2020-08-27T15:14:36.755">
  <mem-info id="330" free="3421272" total="15138816" percent="22">
    <mem type="nursery" free="0" total="3801088" percent="0">
      <mem type="allocate" free="0" total="2490368" percent="0" />
      <mem type="survivor" free="0" total="1310720" percent="0" />
    </mem>
    <mem type="tenure" free="3421272" total="11337728" percent="30">
      <mem type="soa" free="2853976" total="10770432" percent="26" />
      <mem type="loa" free="567296" total="567296" percent="100" />
    </mem>
    <remembered-set count="585" />
  </mem-info>
</gc-start>
<allocation-stats totalBytes="2147928" >
  <allocated-bytes non-tlh="1656" tlh="2146272" />
  <largest-consumer threadName="Equinox start level thread - Equinox Container: 33ae09b4-fb08-4969-9834-b6ffe1c8cf84" threadId="00000000004B4200" bytes="1316528" />
</allocation-stats>
<gc-op id="331" type="scavenge" timems="3.507" contextid="328" timestamp="2020-08-27T15:14:36.759">
  <scavenger-info tenureage="2" tenuremask="7ffc" tiltratio="65" />
  <memory-copied type="nursery" objects="9135" bytes="403888" bytesdiscarded="136040" />
  <finalization candidates="1" enqueued="0" />
  <ownableSynchronizers candidates="780" cleared="776" />
  <references type="weak" candidates="12" cleared="3" enqueued="3" />
</gc-op>
<gc-end id="332" type="scavenge" contextid="328" durationms="4.031" usertimems="4.326" systemtimems="0.000" timestamp="2020-08-27T15:14:36.759" activeThreads="2">
  <mem-info id="333" free="5502744" total="15138816" percent="36">
    <mem type="nursery" free="2081472" total="3801088" percent="54">
      <mem type="allocate" free="2081472" total="2621440" percent="79" />
      <mem type="survivor" free="0" total="1179648" percent="0" />
    </mem>
    <mem type="tenure" free="3421272" total="11337728" percent="30">
      <mem type="soa" free="2853976" total="10770432" percent="26" />
      <mem type="loa" free="567296" total="567296" percent="100" />
    </mem>
    <pending-finalizers system="0" default="0" reference="3" classloader="0" />
    <remembered-set count="242" />
  </mem-info>
</gc-end>
<cycle-end id="334" type="scavenge" contextid="328" timestamp="2020-08-27T15:14:36.760" />
<allocation-satisfied id="335" threadId="0000000000476D00" bytesRequested="24" />
<af-end id="336" timestamp="2020-08-27T15:14:36.760" threadId="0000000000477680" success="true" from="nursery"/>
<exclusive-end id="337" timestamp="2020-08-27T15:14:36.760" durationms="5.966" />

<exclusive-start id="338" timestamp="2020-08-27T15:14:36.836" intervalms="81.960">
  <response-info timems="3.222" idlems="2.462" threads="1" lastid="00000000004B4200" lastname="Equinox start level thread - Equinox Container: 33ae09b4-fb08-4" />
</exclusive-start>
<af-start id="339" threadId="0000000000477680" totalBytesRequested="4112" timestamp="2020-08-27T15:14:36.836" intervalms="81.811" type="nursery" />
<cycle-start id="340" type="scavenge" contextid="0" timestamp="2020-08-27T15:14:36.837" intervalms="81.999" />
<gc-start id="341" type="scavenge" contextid="340" timestamp="2020-08-27T15:14:36.837">
  <mem-info id="342" free="3421272" total="15138816" percent="22">
    <mem type="nursery" free="0" total="3801088" percent="0">
      <mem type="allocate" free="0" total="2621440" percent="0" />
      <mem type="survivor" free="0" total="1179648" percent="0" />
    </mem>
    <mem type="tenure" free="3421272" total="11337728" percent="30">
      <mem type="soa" free="2853976" total="10770432" percent="26" />
      <mem type="loa" free="567296" total="567296" percent="100" />
    </mem>
    <remembered-set count="252" />
  </mem-info>
</gc-start>
<allocation-stats totalBytes="2078280" >
  <allocated-bytes non-tlh="24" tlh="2078256" />
  <largest-consumer threadName="Equinox start level thread - Equinox Container: 33ae09b4-fb08-4969-9834-b6ffe1c8cf84" threadId="00000000004B4200" bytes="1055712" />
</allocation-stats>
<gc-op id="343" type="scavenge" timems="6.895" contextid="340" timestamp="2020-08-27T15:14:36.844">
  <scavenger-info tenureage="2" tenuremask="7ffc" tiltratio="68" />
  <memory-copied type="nursery" objects="4276" bytes="251184" bytesdiscarded="83424" />
  <memory-copied type="tenure" objects="4731" bytes="165224" bytesdiscarded="120" />
  <finalization candidates="1" enqueued="0" />
  <ownableSynchronizers candidates="4" cleared="0" />
</gc-op>
<heap-resize id="344" type="expand" space="nursery" amount="262144" count="1" timems="0.238" reason="excessive time being spent scavenging" timestamp="2020-08-27T15:14:36.846" />
<gc-end id="345" type="scavenge" contextid="340" durationms="9.088" usertimems="6.694" systemtimems="2.006" timestamp="2020-08-27T15:14:36.847" activeThreads="2">
  <mem-info id="346" free="5730808" total="15400960" percent="37">
    <mem type="nursery" free="2548976" total="4063232" percent="62">
      <mem type="allocate" free="2548976" total="2883584" percent="88" />
      <mem type="survivor" free="0" total="1179648" percent="0" />
    </mem>
    <mem type="tenure" free="3181832" total="11337728" percent="28">
      <mem type="soa" free="2614536" total="10770432" percent="24" />
      <mem type="loa" free="567296" total="567296" percent="100" />
    </mem>
    <remembered-set count="195" />
  </mem-info>
</gc-end>
<cycle-end id="347" type="scavenge" contextid="340" timestamp="2020-08-27T15:14:36.848" />
<allocation-satisfied id="348" threadId="0000000000476D00" bytesRequested="4112" />
<af-end id="349" timestamp="2020-08-27T15:14:36.850" threadId="0000000000477680" success="true" from="nursery"/>
<exclusive-end id="350" timestamp="2020-08-27T15:14:36.850" durationms="14.336" />

<exclusive-start id="351" timestamp="2020-08-27T15:14:36.930" intervalms="94.380">
  <response-info timems="0.171" idlems="0.171" threads="0" lastid="00000000004B4200" lastname="Equinox start level thread - Equinox Container: 33ae09b4-fb08-4" />
</exclusive-start>
<af-start id="352" threadId="00000000004B4B80" totalBytesRequested="40" timestamp="2020-08-27T15:14:36.931" intervalms="94.329" type="nursery" />
<cycle-start id="353" type="scavenge" contextid="0" timestamp="2020-08-27T15:14:36.931" intervalms="93.998" />
<gc-start id="354" type="scavenge" contextid="353" timestamp="2020-08-27T15:14:36.931">
  <mem-info id="355" free="3181832" total="15400960" percent="20">
    <mem type="nursery" free="0" total="4063232" percent="0">
      <mem type="allocate" free="0" total="2883584" percent="0" />
      <mem type="survivor" free="0" total="1179648" percent="0" />
    </mem>
    <mem type="tenure" free="3181832" total="11337728" percent="28">
      <mem type="soa" free="2614536" total="10770432" percent="24" />
      <mem type="loa" free="567296" total="567296" percent="100" />
    </mem>
    <remembered-set count="221" />
  </mem-info>
</gc-start>
<allocation-stats totalBytes="2547576" >
  <allocated-bytes non-tlh="4112" tlh="2543464" />
  <largest-consumer threadName="Equinox start level thread - Equinox Container: 33ae09b4-fb08-4969-9834-b6ffe1c8cf84" threadId="00000000004B4200" bytes="1724896" />
</allocation-stats>
<gc-op id="356" type="scavenge" timems="3.422" contextid="353" timestamp="2020-08-27T15:14:36.935">
  <scavenger-info tenureage="3" tenuremask="7ff8" tiltratio="70" />
  <memory-copied type="nursery" objects="5465" bytes="273480" bytesdiscarded="132048" />
</gc-op>
<gc-end id="357" type="scavenge" contextid="353" durationms="3.956" usertimems="3.397" systemtimems="1.121" timestamp="2020-08-27T15:14:36.935" activeThreads="2">
  <mem-info id="358" free="5987560" total="15400960" percent="38">
    <mem type="nursery" free="2805728" total="4063232" percent="69">
      <mem type="allocate" free="2805728" total="3211264" percent="87" />
      <mem type="survivor" free="0" total="851968" percent="0" />
    </mem>
    <mem type="tenure" free="3181832" total="11337728" percent="28">
      <mem type="soa" free="2614536" total="10770432" percent="24" />
      <mem type="loa" free="567296" total="567296" percent="100" />
    </mem>
    <remembered-set count="197" />
  </mem-info>
</gc-end>
<cycle-end id="359" type="scavenge" contextid="353" timestamp="2020-08-27T15:14:36.935" />
<allocation-satisfied id="360" threadId="00000000004B4200" bytesRequested="40" />
<af-end id="361" timestamp="2020-08-27T15:14:36.936" threadId="00000000004B4B80" success="true" from="nursery"/>
<exclusive-end id="362" timestamp="2020-08-27T15:14:36.936" durationms="5.264" />

<exclusive-start id="363" timestamp="2020-08-27T15:14:36.993" intervalms="62.923">
  <response-info timems="0.194" idlems="0.194" threads="0" lastid="0000000000476D00" lastname="Equinox start level thread - Equinox Container: 33ae09b4-fb08-4" />
</exclusive-start>
<af-start id="364" threadId="0000000000477680" totalBytesRequested="48" timestamp="2020-08-27T15:14:36.994" intervalms="62.932" type="nursery" />
<cycle-start id="365" type="scavenge" contextid="0" timestamp="2020-08-27T15:14:36.994" intervalms="62.912" />
<gc-start id="366" type="scavenge" contextid="365" timestamp="2020-08-27T15:14:36.994">
  <mem-info id="367" free="3181832" total="15400960" percent="20">
    <mem type="nursery" free="0" total="4063232" percent="0">
      <mem type="allocate" free="0" total="3211264" percent="0" />
      <mem type="survivor" free="0" total="851968" percent="0" />
    </mem>
    <mem type="tenure" free="3181832" total="11337728" percent="28">
      <mem type="soa" free="2614536" total="10770432" percent="24" />
      <mem type="loa" free="567296" total="567296" percent="100" />
    </mem>
    <remembered-set count="343" />
  </mem-info>
</gc-start>
<allocation-stats totalBytes="2804032" >
  <allocated-bytes non-tlh="40" tlh="2803992" />
  <largest-consumer threadName="Equinox start level thread - Equinox Container: 33ae09b4-fb08-4969-9834-b6ffe1c8cf84" threadId="00000000004B4200" bytes="1846144" />
</allocation-stats>
<gc-op id="368" type="scavenge" timems="8.290" contextid="365" timestamp="2020-08-27T15:14:37.003">
  <scavenger-info tenureage="4" tenuremask="7ff0" tiltratio="79" />
  <memory-copied type="nursery" objects="7706" bytes="227976" bytesdiscarded="113016" />
</gc-op>
<heap-resize id="369" type="expand" space="nursery" amount="393216" count="1" timems="0.130" reason="excessive time being spent scavenging" timestamp="2020-08-27T15:14:37.003" />
<gc-end id="370" type="scavenge" contextid="365" durationms="9.262" usertimems="3.933" systemtimems="2.569" timestamp="2020-08-27T15:14:37.003" activeThreads="2">
  <mem-info id="371" free="6379784" total="15794176" percent="40">
    <mem type="nursery" free="3197952" total="4456448" percent="71">
      <mem type="allocate" free="3197952" total="3538944" percent="90" />
      <mem type="survivor" free="0" total="917504" percent="0" />
    </mem>
    <mem type="tenure" free="3181832" total="11337728" percent="28">
      <mem type="soa" free="2614536" total="10770432" percent="24" />
      <mem type="loa" free="567296" total="567296" percent="100" />
    </mem>
    <remembered-set count="339" />
  </mem-info>
</gc-end>
<cycle-end id="372" type="scavenge" contextid="365" timestamp="2020-08-27T15:14:37.004" />
<allocation-satisfied id="373" threadId="0000000000476D00" bytesRequested="48" />
<af-end id="374" timestamp="2020-08-27T15:14:37.004" threadId="0000000000477680" success="true" from="nursery"/>
<exclusive-end id="375" timestamp="2020-08-27T15:14:37.004" durationms="10.747" />

<exclusive-start id="376" timestamp="2020-08-27T15:14:37.063" intervalms="69.168">
  <response-info timems="0.234" idlems="0.234" threads="0" lastid="00000000004B4200" lastname="Equinox start level thread - Equinox Container: 33ae09b4-fb08-4" />
</exclusive-start>
<af-start id="377" threadId="00000000004B4B80" totalBytesRequested="24" timestamp="2020-08-27T15:14:37.063" intervalms="69.171" type="nursery" />
<cycle-start id="378" type="scavenge" contextid="0" timestamp="2020-08-27T15:14:37.064" intervalms="69.554" />
<gc-start id="379" type="scavenge" contextid="378" timestamp="2020-08-27T15:14:37.064">
  <mem-info id="380" free="3181832" total="15794176" percent="20">
    <mem type="nursery" free="0" total="4456448" percent="0">
      <mem type="allocate" free="0" total="3538944" percent="0" />
      <mem type="survivor" free="0" total="917504" percent="0" />
    </mem>
    <mem type="tenure" free="3181832" total="11337728" percent="28">
      <mem type="soa" free="2614536" total="10770432" percent="24" />
      <mem type="loa" free="567296" total="567296" percent="100" />
    </mem>
    <remembered-set count="430" />
  </mem-info>
</gc-start>
<allocation-stats totalBytes="3197368" >
  <allocated-bytes non-tlh="48" tlh="3197320" />
  <largest-consumer threadName="Equinox start level thread - Equinox Container: 33ae09b4-fb08-4969-9834-b6ffe1c8cf84" threadId="0000000000476D00" bytes="2092800" />
</allocation-stats>
<gc-op id="381" type="scavenge" timems="3.831" contextid="378" timestamp="2020-08-27T15:14:37.068">
  <scavenger-info tenureage="5" tenuremask="7fe0" tiltratio="79" />
  <memory-copied type="nursery" objects="14256" bytes="422544" bytesdiscarded="119656" />
</gc-op>
<gc-end id="382" type="scavenge" contextid="378" durationms="4.591" usertimems="4.425" systemtimems="1.383" timestamp="2020-08-27T15:14:37.069" activeThreads="2">
  <mem-info id="383" free="6375176" total="15794176" percent="40">
    <mem type="nursery" free="3193344" total="4456448" percent="71">
      <mem type="allocate" free="3193344" total="3735552" percent="85" />
      <mem type="survivor" free="0" total="720896" percent="0" />
    </mem>
    <mem type="tenure" free="3181832" total="11337728" percent="28">
      <mem type="soa" free="2614536" total="10770432" percent="24" />
      <mem type="loa" free="567296" total="567296" percent="100" />
    </mem>
    <remembered-set count="423" />
  </mem-info>
</gc-end>
<cycle-end id="384" type="scavenge" contextid="378" timestamp="2020-08-27T15:14:37.069" />
<allocation-satisfied id="385" threadId="00000000004B4200" bytesRequested="24" />
<af-end id="386" timestamp="2020-08-27T15:14:37.070" threadId="00000000004B4B80" success="true" from="nursery"/>
<exclusive-end id="387" timestamp="2020-08-27T15:14:37.070" durationms="7.107" />

<exclusive-start id="388" timestamp="2020-08-27T15:14:37.134" intervalms="71.903">
  <response-info timems="0.215" idlems="0.215" threads="0" lastid="00000000004B4200" lastname="Equinox start level thread - Equinox Container: 33ae09b4-fb08-4" />
</exclusive-start>
<af-start id="389" threadId="00000000004B4B80" totalBytesRequested="32" timestamp="2020-08-27T15:14:37.135" intervalms="71.878" type="nursery" />
<cycle-start id="390" type="scavenge" contextid="0" timestamp="2020-08-27T15:14:37.135" intervalms="71.469" />
<gc-start id="391" type="scavenge" contextid="390" timestamp="2020-08-27T15:14:37.135">
  <mem-info id="392" free="3181832" total="15794176" percent="20">
    <mem type="nursery" free="0" total="4456448" percent="0">
      <mem type="allocate" free="0" total="3735552" percent="0" />
      <mem type="survivor" free="0" total="720896" percent="0" />
    </mem>
    <mem type="tenure" free="3181832" total="11337728" percent="28">
      <mem type="soa" free="2614536" total="10770432" percent="24" />
      <mem type="loa" free="567296" total="567296" percent="100" />
    </mem>
    <remembered-set count="472" />
  </mem-info>
</gc-start>
<allocation-stats totalBytes="3192536" >
  <allocated-bytes non-tlh="24" tlh="3192512" />
  <largest-consumer threadName="Equinox start level thread - Equinox Container: 33ae09b4-fb08-4969-9834-b6ffe1c8cf84" threadId="00000000004B4200" bytes="1980272" />
</allocation-stats>
<gc-op id="393" type="scavenge" timems="7.720" contextid="390" timestamp="2020-08-27T15:14:37.143">
  <scavenger-info tenureage="5" tenuremask="7fe0" tiltratio="83" />
  <memory-copied type="nursery" objects="11305" bytes="720656" bytesdiscarded="240" />
  <memory-copied type="tenure" objects="19091" bytes="624800" bytesdiscarded="64" />
  <copy-failed type="nursery" objects="17156" bytes="571296" />
</gc-op>
<heap-resize id="394" type="expand" space="nursery" amount="393216" count="1" timems="0.141" reason="excessive time being spent scavenging" timestamp="2020-08-27T15:14:37.146" />
<gc-end id="395" type="scavenge" contextid="390" durationms="11.043" usertimems="8.104" systemtimems="4.165" timestamp="2020-08-27T15:14:37.146" activeThreads="2">
  <mem-info id="396" free="4157176" total="16187392" percent="25">
    <mem type="nursery" free="1703936" total="4849664" percent="35">
      <mem type="allocate" free="1703936" total="2424832" percent="70" />
      <mem type="survivor" free="0" total="2424832" percent="0" />
    </mem>
    <mem type="tenure" free="2453240" total="11337728" percent="21">
      <mem type="soa" free="1885944" total="10770432" percent="17" />
      <mem type="loa" free="567296" total="567296" percent="100" />
    </mem>
    <remembered-set count="3239" />
  </mem-info>
</gc-end>
<cycle-end id="397" type="scavenge" contextid="390" timestamp="2020-08-27T15:14:37.147" />
<allocation-satisfied id="398" threadId="00000000004B4200" bytesRequested="32" />
<af-end id="399" timestamp="2020-08-27T15:14:37.147" threadId="00000000004B4B80" success="true" from="nursery"/>
<exclusive-end id="400" timestamp="2020-08-27T15:14:37.147" durationms="12.500" />

<exclusive-start id="401" timestamp="2020-08-27T15:14:37.184" intervalms="49.816">
  <response-info timems="2.705" idlems="2.705" threads="0" lastid="0000000000476D00" lastname="Equinox start level thread - Equinox Container: 33ae09b4-fb08-4" />
</exclusive-start>
<af-start id="402" threadId="0000000000477680" totalBytesRequested="1040" timestamp="2020-08-27T15:14:37.184" intervalms="49.824" type="nursery" />
<cycle-start id="403" type="scavenge" contextid="0" timestamp="2020-08-27T15:14:37.185" intervalms="49.642" />
<gc-start id="404" type="scavenge" contextid="403" timestamp="2020-08-27T15:14:37.185">
  <mem-info id="405" free="2453240" total="16187392" percent="15">
    <mem type="nursery" free="0" total="4849664" percent="0">
      <mem type="allocate" free="0" total="2424832" percent="0" />
      <mem type="survivor" free="0" total="2424832" percent="0" />
    </mem>
    <mem type="tenure" free="2453240" total="11337728" percent="21">
      <mem type="soa" free="1885944" total="10770432" percent="17" />
      <mem type="loa" free="567296" total="567296" percent="100" />
    </mem>
    <remembered-set count="3447" />
  </mem-info>
</gc-start>
<allocation-stats totalBytes="1701840" >
  <allocated-bytes non-tlh="32" tlh="1701808" />
  <largest-consumer threadName="Equinox start level thread - Equinox Container: 33ae09b4-fb08-4969-9834-b6ffe1c8cf84" threadId="00000000004B4200" bytes="1171072" />
</allocation-stats>
<gc-op id="406" type="scavenge" timems="6.162" contextid="403" timestamp="2020-08-27T15:14:37.191">
  <scavenger-info tenureage="5" tenuremask="7fe0" tiltratio="50" />
  <memory-copied type="nursery" objects="25545" bytes="1402176" bytesdiscarded="133352" />
  <memory-copied type="tenure" objects="436" bytes="12392" bytesdiscarded="0" />
</gc-op>
<heap-resize id="407" type="expand" space="nursery" amount="393216" count="1" timems="0.250" reason="excessive time being spent scavenging" timestamp="2020-08-27T15:14:37.192" />
<gc-end id="408" type="scavenge" contextid="403" durationms="7.098" usertimems="9.308" systemtimems="1.790" timestamp="2020-08-27T15:14:37.192" activeThreads="2">
  <mem-info id="409" free="3997904" total="16580608" percent="24">
    <mem type="nursery" free="1544664" total="5242880" percent="29">
      <mem type="allocate" free="1544664" total="3080192" percent="50" />
      <mem type="survivor" free="0" total="2162688" percent="0" />
    </mem>
    <mem type="tenure" free="2453240" total="11337728" percent="21">
      <mem type="soa" free="1885944" total="10770432" percent="17" />
      <mem type="loa" free="567296" total="567296" percent="100" />
    </mem>
    <remembered-set count="3415" />
  </mem-info>
</gc-end>
<cycle-end id="410" type="scavenge" contextid="403" timestamp="2020-08-27T15:14:37.192" />
<allocation-satisfied id="411" threadId="0000000000476D00" bytesRequested="1040" />
<af-end id="412" timestamp="2020-08-27T15:14:37.193" threadId="0000000000477680" success="true" from="nursery"/>
<exclusive-end id="413" timestamp="2020-08-27T15:14:37.193" durationms="8.351" />

<exclusive-start id="414" timestamp="2020-08-27T15:14:37.264" intervalms="79.480">
  <response-info timems="0.097" idlems="0.097" threads="0" lastid="0000000000476D00" lastname="Equinox start level thread - Equinox Container: 33ae09b4-fb08-4" />
</exclusive-start>
<af-start id="415" threadId="0000000000477680" totalBytesRequested="264" timestamp="2020-08-27T15:14:37.264" intervalms="79.502" type="nursery" />
<cycle-start id="416" type="scavenge" contextid="0" timestamp="2020-08-27T15:14:37.265" intervalms="79.873" />
<gc-start id="417" type="scavenge" contextid="416" timestamp="2020-08-27T15:14:37.266">
  <mem-info id="418" free="2453240" total="16580608" percent="14">
    <mem type="nursery" free="0" total="5242880" percent="0">
      <mem type="allocate" free="0" total="3080192" percent="0" />
      <mem type="survivor" free="0" total="2162688" percent="0" />
    </mem>
    <mem type="tenure" free="2453240" total="11337728" percent="21">
      <mem type="soa" free="1885944" total="10770432" percent="17" />
      <mem type="loa" free="567296" total="567296" percent="100" />
    </mem>
    <remembered-set count="3450" />
  </mem-info>
</gc-start>
<allocation-stats totalBytes="1542944" >
  <allocated-bytes non-tlh="1040" tlh="1541904" />
  <largest-consumer threadName="Equinox start level thread - Equinox Container: 33ae09b4-fb08-4969-9834-b6ffe1c8cf84" threadId="0000000000476D00" bytes="1052504" />
</allocation-stats>
<gc-op id="419" type="scavenge" timems="22.555" contextid="416" timestamp="2020-08-27T15:14:37.289">
  <scavenger-info tenureage="2" tenuremask="7ff4" tiltratio="58" />
  <memory-copied type="nursery" objects="25366" bytes="1242464" bytesdiscarded="151216" />
  <memory-copied type="tenure" objects="3207" bytes="156336" bytesdiscarded="24" />
</gc-op>
<heap-resize id="420" type="expand" space="nursery" amount="655360" count="1" timems="0.289" reason="excessive time being spent scavenging" timestamp="2020-08-27T15:14:37.290" />
<gc-end id="421" type="scavenge" contextid="416" durationms="24.763" usertimems="11.934" systemtimems="3.258" timestamp="2020-08-27T15:14:37.290" activeThreads="2">
  <mem-info id="422" free="4851944" total="17235968" percent="28">
    <mem type="nursery" free="2538480" total="5898240" percent="43">
      <mem type="allocate" free="2538480" total="3932160" percent="64" />
      <mem type="survivor" free="0" total="1966080" percent="0" />
    </mem>
    <mem type="tenure" free="2313464" total="11337728" percent="20">
      <mem type="soa" free="1746168" total="10770432" percent="16" />
      <mem type="loa" free="567296" total="567296" percent="100" />
    </mem>
    <remembered-set count="599" />
  </mem-info>
</gc-end>
<cycle-end id="423" type="scavenge" contextid="416" timestamp="2020-08-27T15:14:37.291" />
<allocation-satisfied id="424" threadId="0000000000476D00" bytesRequested="264" />
<af-end id="425" timestamp="2020-08-27T15:14:37.292" threadId="0000000000477680" success="true" from="nursery"/>
<exclusive-end id="426" timestamp="2020-08-27T15:14:37.292" durationms="28.230" />

<exclusive-start id="427" timestamp="2020-08-27T15:14:37.419" intervalms="155.604">
  <response-info timems="0.087" idlems="0.087" threads="0" lastid="0000000000476D00" lastname="Equinox start level thread - Equinox Container: 33ae09b4-fb08-4" />
</exclusive-start>
<af-start id="428" threadId="0000000000477680" totalBytesRequested="264" timestamp="2020-08-27T15:14:37.420" intervalms="155.728" type="nursery" />
<cycle-start id="429" type="scavenge" contextid="0" timestamp="2020-08-27T15:14:37.420" intervalms="155.436" />
<gc-start id="430" type="scavenge" contextid="429" timestamp="2020-08-27T15:14:37.420">
  <mem-info id="431" free="2313464" total="17235968" percent="13">
    <mem type="nursery" free="0" total="5898240" percent="0">
      <mem type="allocate" free="0" total="3932160" percent="0" />
      <mem type="survivor" free="0" total="1966080" percent="0" />
    </mem>
    <mem type="tenure" free="2313464" total="11337728" percent="20">
      <mem type="soa" free="1746168" total="10770432" percent="16" />
      <mem type="loa" free="567296" total="567296" percent="100" />
    </mem>
    <remembered-set count="612" />
  </mem-info>
</gc-start>
<allocation-stats totalBytes="2536960" >
  <allocated-bytes non-tlh="264" tlh="2536696" />
  <largest-consumer threadName="Equinox start level thread - Equinox Container: 33ae09b4-fb08-4969-9834-b6ffe1c8cf84" threadId="00000000004B4200" bytes="1472240" />
</allocation-stats>
<gc-op id="432" type="scavenge" timems="11.493" contextid="429" timestamp="2020-08-27T15:14:37.432">
  <scavenger-info tenureage="3" tenuremask="7ff8" tiltratio="66" />
  <memory-copied type="nursery" objects="34132" bytes="1610656" bytesdiscarded="59968" />
  <memory-copied type="tenure" objects="2524" bytes="76504" bytesdiscarded="8" />
</gc-op>
<heap-resize id="433" type="expand" space="nursery" amount="262144" count="1" timems="0.412" reason="excessive time being spent scavenging" timestamp="2020-08-27T15:14:37.433" />
<gc-end id="434" type="scavenge" contextid="429" durationms="13.240" usertimems="12.896" systemtimems="2.706" timestamp="2020-08-27T15:14:37.434" activeThreads="2">
  <mem-info id="435" free="4509208" total="17498112" percent="25">
    <mem type="nursery" free="2327072" total="6160384" percent="37">
      <mem type="allocate" free="2327072" total="3997696" percent="58" />
      <mem type="survivor" free="0" total="2162688" percent="0" />
    </mem>
    <mem type="tenure" free="2182136" total="11337728" percent="19">
      <mem type="soa" free="1614840" total="10770432" percent="14" />
      <mem type="loa" free="567296" total="567296" percent="100" />
    </mem>
    <remembered-set count="504" />
  </mem-info>
</gc-end>
<cycle-end id="436" type="scavenge" contextid="429" timestamp="2020-08-27T15:14:37.434" />
<allocation-satisfied id="437" threadId="0000000000476D00" bytesRequested="264" />
<af-end id="438" timestamp="2020-08-27T15:14:37.434" threadId="0000000000477680" success="true" from="nursery"/>
<exclusive-end id="439" timestamp="2020-08-27T15:14:37.434" durationms="14.852" />

<exclusive-start id="440" timestamp="2020-08-27T15:14:37.528" intervalms="108.093">
  <response-info timems="0.985" idlems="0.607" threads="1" lastid="0000000000476D00" lastname="Equinox start level thread - Equinox Container: 33ae09b4-fb08-4" />
</exclusive-start>
<af-start id="441" threadId="00000000004B4B80" totalBytesRequested="1032" timestamp="2020-08-27T15:14:37.528" intervalms="108.305" type="nursery" />
<cycle-start id="442" type="scavenge" contextid="0" timestamp="2020-08-27T15:14:37.528" intervalms="108.281" />
<gc-start id="443" type="scavenge" contextid="442" timestamp="2020-08-27T15:14:37.529">
  <mem-info id="444" free="2182136" total="17498112" percent="12">
    <mem type="nursery" free="0" total="6160384" percent="0">
      <mem type="allocate" free="0" total="3997696" percent="0" />
      <mem type="survivor" free="0" total="2162688" percent="0" />
    </mem>
    <mem type="tenure" free="2182136" total="11337728" percent="19">
      <mem type="soa" free="1614840" total="10770432" percent="14" />
      <mem type="loa" free="567296" total="567296" percent="100" />
    </mem>
    <remembered-set count="559" />
  </mem-info>
</gc-start>
<allocation-stats totalBytes="2324872" >
  <allocated-bytes non-tlh="264" tlh="2324608" />
  <largest-consumer threadName="Equinox start level thread - Equinox Container: 33ae09b4-fb08-4969-9834-b6ffe1c8cf84" threadId="00000000004B4200" bytes="1239960" />
</allocation-stats>
<gc-op id="445" type="scavenge" timems="7.019" contextid="442" timestamp="2020-08-27T15:14:37.536">
  <scavenger-info tenureage="2" tenuremask="7ffc" tiltratio="64" />
  <memory-copied type="nursery" objects="6738" bytes="326056" bytesdiscarded="161872" />
  <memory-copied type="tenure" objects="9707" bytes="316832" bytesdiscarded="32" />
</gc-op>
<gc-end id="446" type="scavenge" contextid="442" durationms="7.589" usertimems="6.584" systemtimems="3.237" timestamp="2020-08-27T15:14:37.536" activeThreads="2">
  <mem-info id="447" free="5608960" total="17498112" percent="32">
    <mem type="nursery" free="3706376" total="6160384" percent="60">
      <mem type="allocate" free="3706376" total="4194304" percent="88" />
      <mem type="survivor" free="0" total="1966080" percent="0" />
    </mem>
    <mem type="tenure" free="1902584" total="11337728" percent="16">
      <mem type="soa" free="1335288" total="10770432" percent="12" />
      <mem type="loa" free="567296" total="567296" percent="100" />
    </mem>
    <remembered-set count="228" />
  </mem-info>
</gc-end>
<cycle-end id="448" type="scavenge" contextid="442" timestamp="2020-08-27T15:14:37.537" />
<allocation-satisfied id="449" threadId="00000000004B4200" bytesRequested="1032" />
<af-end id="450" timestamp="2020-08-27T15:14:37.537" threadId="00000000004B4B80" success="true" from="nursery"/>
<exclusive-end id="451" timestamp="2020-08-27T15:14:37.538" durationms="10.059" />

<concurrent-kickoff id="452" timestamp="2020-08-27T15:14:37.612">
  <kickoff reason="threshold reached" targetBytes="3734210" thresholdFreeBytes="516377"  remainingFree="458248" tenureFreeBytes="1902584" nurseryFreeBytes="458248" />
</concurrent-kickoff>
<exclusive-start id="453" timestamp="2020-08-27T15:14:37.614" intervalms="86.470">
  <response-info timems="1.240" idlems="0.643" threads="1" lastid="0000000000476D00" lastname="Equinox start level thread - Equinox Container: 33ae09b4-fb08-4" />
</exclusive-start>
<cycle-start id="454" type="global" contextid="0" timestamp="2020-08-27T15:14:37.614" intervalms="1037.603" />
<exclusive-end id="455" timestamp="2020-08-27T15:14:37.615" durationms="0.611" />

<exclusive-start id="456" timestamp="2020-08-27T15:14:37.648" intervalms="33.862">
  <response-info timems="2.827" idlems="2.485" threads="2" lastid="00000000004B4200" lastname="Equinox start level thread - Equinox Container: 33ae09b4-fb08-4" />
</exclusive-start>
<af-start id="457" threadId="0000000000477680" totalBytesRequested="2064" timestamp="2020-08-27T15:14:37.648" intervalms="120.114" type="nursery" />
<cycle-start id="458" type="scavenge" contextid="0" timestamp="2020-08-27T15:14:37.648" intervalms="120.137" />
<gc-start id="459" type="scavenge" contextid="458" timestamp="2020-08-27T15:14:37.649">
  <mem-info id="460" free="1902584" total="17498112" percent="10">
    <mem type="nursery" free="0" total="6160384" percent="0">
      <mem type="allocate" free="0" total="4194304" percent="0" />
      <mem type="survivor" free="0" total="1966080" percent="0" />
    </mem>
    <mem type="tenure" free="1902584" total="11337728" percent="16">
      <mem type="soa" free="1335288" total="10770432" percent="12" />
      <mem type="loa" free="567296" total="567296" percent="100" />
    </mem>
    <remembered-set count="248" />
  </mem-info>
</gc-start>
<allocation-stats totalBytes="3701568" >
  <allocated-bytes non-tlh="1032" tlh="3700536" />
  <largest-consumer threadName="Equinox start level thread - Equinox Container: 33ae09b4-fb08-4969-9834-b6ffe1c8cf84" threadId="00000000004B4200" bytes="2594816" />
</allocation-stats>
<gc-op id="461" type="scavenge" timems="9.385" contextid="458" timestamp="2020-08-27T15:14:37.658">
  <scavenger-info tenureage="3" tenuremask="7ff8" tiltratio="68" />
  <memory-copied type="nursery" objects="8857" bytes="685816" bytesdiscarded="155368" />
  <finalization candidates="1" enqueued="0" />
</gc-op>
<heap-resize id="462" type="expand" space="nursery" amount="393216" count="1" timems="0.109" reason="excessive time being spent scavenging" timestamp="2020-08-27T15:14:37.659" />
<gc-end id="463" type="scavenge" contextid="458" durationms="10.498" usertimems="9.000" systemtimems="0.367" timestamp="2020-08-27T15:14:37.659" activeThreads="2">
  <mem-info id="464" free="5648920" total="17891328" percent="31">
    <mem type="nursery" free="3746336" total="6553600" percent="57">
      <mem type="allocate" free="3746336" total="4587520" percent="81" />
      <mem type="survivor" free="0" total="1966080" percent="0" />
    </mem>
    <mem type="tenure" free="1902584" total="11337728" percent="16">
      <mem type="soa" free="1335288" total="10770432" percent="12" />
      <mem type="loa" free="567296" total="567296" percent="100" />
    </mem>
    <remembered-set count="243" />
  </mem-info>
</gc-end>
<cycle-end id="465" type="scavenge" contextid="458" timestamp="2020-08-27T15:14:37.660" />
<allocation-satisfied id="466" threadId="0000000000476D00" bytesRequested="2064" />
<af-end id="467" timestamp="2020-08-27T15:14:37.660" threadId="0000000000477680" success="true" from="nursery"/>
<exclusive-end id="468" timestamp="2020-08-27T15:14:37.661" durationms="12.706" />

<exclusive-start id="469" timestamp="2020-08-27T15:14:37.668" intervalms="19.706">
  <response-info timems="1.694" idlems="0.874" threads="1" lastid="0000000000476D00" lastname="Equinox start level thread - Equinox Container: 33ae09b4-fb08-4" />
</exclusive-start>
<concurrent-collection-start id="470" timestamp="2020-08-27T15:14:37.668" intervalms="1017.210" >
  <concurrent-trace-info reason="card cleaning threshold reached" tracedByMutators="1361668" tracedByHelpers="2246936" cardsCleaned="3" workStackOverflowCount="0" />
</concurrent-collection-start>
<gc-start id="471" type="global" contextid="454" timestamp="2020-08-27T15:14:37.669">
  <mem-info id="472" free="5376520" total="17891328" percent="30">
    <mem type="nursery" free="3473936" total="6553600" percent="53">
      <mem type="allocate" free="3473936" total="4587520" percent="75" />
      <mem type="survivor" free="0" total="1966080" percent="0" />
    </mem>
    <mem type="tenure" free="1902584" total="11337728" percent="16">
      <mem type="soa" free="1335288" total="10770432" percent="12" />
      <mem type="loa" free="567296" total="567296" percent="100" />
    </mem>
    <remembered-set count="243" />
  </mem-info>
</gc-start>
<allocation-stats totalBytes="272368" >
  <allocated-bytes non-tlh="2064" tlh="270304" />
  <largest-consumer threadName="Equinox start level thread - Equinox Container: 33ae09b4-fb08-4969-9834-b6ffe1c8cf84" threadId="00000000004B4200" bytes="208864" />
</allocation-stats>
<gc-op id="473" type="rs-scan" timems="1.040" contextid="454" timestamp="2020-08-27T15:14:37.672">
  <scan objectsFound="164" bytesTraced="10168" workStackOverflowCount="0" />
</gc-op>
<gc-op id="474" type="card-cleaning" timems="1.430" contextid="454" timestamp="2020-08-27T15:14:37.674">
  <card-cleaning cardsCleaned="0" bytesTraced="180616" workStackOverflowCount="0" />
</gc-op>
<gc-op id="475" type="mark" timems="11.765" contextid="454" timestamp="2020-08-27T15:14:37.686">
  <trace-info objectcount="56797" scancount="45216" scanbytes="1637752" />
  <finalization candidates="73" enqueued="0" />
  <ownableSynchronizers candidates="392" cleared="0" />
  <references type="soft" candidates="3556" cleared="0" enqueued="0" dynamicThreshold="9" maxThreshold="32" />
  <references type="weak" candidates="3768" cleared="0" enqueued="0" />
  <references type="phantom" candidates="40" cleared="0" enqueued="0" />
  <stringconstants candidates="8532" cleared="0"  />
</gc-op>
<gc-op id="476" type="sweep" timems="2.439" contextid="454" timestamp="2020-08-27T15:14:37.689" />
<heap-resize id="477" type="expand" space="tenure" amount="1048576" count="1" timems="0.121" reason="insufficient free space following gc" timestamp="2020-08-27T15:14:37.689" />
<gc-end id="478" type="global" contextid="454" durationms="20.458" usertimems="15.511" systemtimems="6.022" timestamp="2020-08-27T15:14:37.689" activeThreads="2">
  <mem-info id="479" free="7671584" total="18939904" percent="40">
    <mem type="nursery" free="3765024" total="6553600" percent="57">
      <mem type="allocate" free="3765024" total="4587520" percent="82" />
      <mem type="survivor" free="0" total="1966080" percent="0" />
    </mem>
    <mem type="tenure" free="3906560" total="12386304" percent="31" micro-fragmented="177463" macro-fragmented="0">
      <mem type="soa" free="3287040" total="11766784" percent="27" />
      <mem type="loa" free="619520" total="619520" percent="100" />
    </mem>
    <remembered-set count="228" />
  </mem-info>
</gc-end>
<cycle-end id="480" type="global" contextid="454" timestamp="2020-08-27T15:14:37.690" />
<concurrent-collection-end id="481" timestamp="2020-08-27T15:14:37.690" />
<exclusive-end id="482" timestamp="2020-08-27T15:14:37.690" durationms="22.389" />

<exclusive-start id="483" timestamp="2020-08-27T15:14:37.850" intervalms="182.538">
  <response-info timems="0.227" idlems="0.133" threads="1" lastid="00000000004B4200" lastname="Equinox start level thread - Equinox Container: 33ae09b4-fb08-4" />
</exclusive-start>
<af-start id="484" threadId="0000000000477680" totalBytesRequested="24" timestamp="2020-08-27T15:14:37.850" intervalms="202.104" type="nursery" />
<cycle-start id="485" type="scavenge" contextid="0" timestamp="2020-08-27T15:14:37.851" intervalms="202.119" />
<gc-start id="486" type="scavenge" contextid="485" timestamp="2020-08-27T15:14:37.851">
  <mem-info id="487" free="3906560" total="18939904" percent="20">
    <mem type="nursery" free="0" total="6553600" percent="0">
      <mem type="allocate" free="0" total="4587520" percent="0" />
      <mem type="survivor" free="0" total="1966080" percent="0" />
    </mem>
    <mem type="tenure" free="3906560" total="12386304" percent="31">
      <mem type="soa" free="3287040" total="11766784" percent="27" />
      <mem type="loa" free="619520" total="619520" percent="100" />
    </mem>
    <remembered-set count="242" />
  </mem-info>
</gc-start>
<allocation-stats totalBytes="3757488" >
  <allocated-bytes non-tlh="0" tlh="3757488" />
  <largest-consumer threadName="Equinox start level thread - Equinox Container: 33ae09b4-fb08-4969-9834-b6ffe1c8cf84" threadId="00000000004B4200" bytes="1985632" />
</allocation-stats>
<gc-op id="488" type="scavenge" timems="7.255" contextid="485" timestamp="2020-08-27T15:14:37.858">
  <scavenger-info tenureage="3" tenuremask="7ff8" tiltratio="70" />
  <memory-copied type="nursery" objects="7712" bytes="590904" bytesdiscarded="121224" />
  <memory-copied type="tenure" objects="434" bytes="12376" bytesdiscarded="0" />
  <finalization candidates="1" enqueued="0" />
  <ownableSynchronizers candidates="784" cleared="784" />
</gc-op>
<gc-end id="489" type="scavenge" contextid="485" durationms="7.632" usertimems="4.815" systemtimems="0.000" timestamp="2020-08-27T15:14:37.858" activeThreads="2">
  <mem-info id="490" free="7989160" total="18939904" percent="42">
    <mem type="nursery" free="4203064" total="6553600" percent="64">
      <mem type="allocate" free="4203064" total="4915200" percent="85" />
      <mem type="survivor" free="0" total="1638400" percent="0" />
    </mem>
    <mem type="tenure" free="3786096" total="12386304" percent="30">
      <mem type="soa" free="3166576" total="11766784" percent="26" />
      <mem type="loa" free="619520" total="619520" percent="100" />
    </mem>
    <remembered-set count="228" />
  </mem-info>
</gc-end>
<cycle-end id="491" type="scavenge" contextid="485" timestamp="2020-08-27T15:14:37.859" />
<allocation-satisfied id="492" threadId="0000000000476D00" bytesRequested="24" />
<af-end id="493" timestamp="2020-08-27T15:14:37.859" threadId="0000000000477680" success="true" from="nursery"/>
<exclusive-end id="494" timestamp="2020-08-27T15:14:37.860" durationms="9.405" />

<exclusive-start id="495" timestamp="2020-08-27T15:14:37.927" intervalms="77.401">
  <response-info timems="0.172" idlems="0.172" threads="0" lastid="00000000004B4200" lastname="Equinox start level thread - Equinox Container: 33ae09b4-fb08-4" />
</exclusive-start>
<af-start id="496" threadId="00000000004B4B80" totalBytesRequested="16" timestamp="2020-08-27T15:14:37.928" intervalms="77.443" type="nursery" />
<cycle-start id="497" type="scavenge" contextid="0" timestamp="2020-08-27T15:14:37.928" intervalms="77.747" />
<gc-start id="498" type="scavenge" contextid="497" timestamp="2020-08-27T15:14:37.928">
  <mem-info id="499" free="3786096" total="18939904" percent="19">
    <mem type="nursery" free="0" total="6553600" percent="0">
      <mem type="allocate" free="0" total="4915200" percent="0" />
      <mem type="survivor" free="0" total="1638400" percent="0" />
    </mem>
    <mem type="tenure" free="3786096" total="12386304" percent="30">
      <mem type="soa" free="3166576" total="11766784" percent="26" />
      <mem type="loa" free="619520" total="619520" percent="100" />
    </mem>
    <remembered-set count="281" />
  </mem-info>
</gc-start>
<allocation-stats totalBytes="4199744" >
  <allocated-bytes non-tlh="24" tlh="4199720" />
  <largest-consumer threadName="Equinox start level thread - Equinox Container: 33ae09b4-fb08-4969-9834-b6ffe1c8cf84" threadId="00000000004B4200" bytes="2607952" />
</allocation-stats>
<gc-op id="500" type="scavenge" timems="5.990" contextid="497" timestamp="2020-08-27T15:14:37.935">
  <scavenger-info tenureage="3" tenuremask="7ff8" tiltratio="75" />
  <memory-copied type="nursery" objects="5300" bytes="353256" bytesdiscarded="111656" />
  <memory-copied type="tenure" objects="2693" bytes="85096" bytesdiscarded="16" />
  <finalization candidates="2" enqueued="0" />
</gc-op>
<heap-resize id="501" type="expand" space="nursery" amount="393216" count="1" timems="0.128" reason="excessive time being spent scavenging" timestamp="2020-08-27T15:14:37.935" />
<gc-end id="502" type="scavenge" contextid="497" durationms="6.901" usertimems="2.733" systemtimems="3.072" timestamp="2020-08-27T15:14:37.935" activeThreads="2">
  <mem-info id="503" free="8631600" total="19333120" percent="44">
    <mem type="nursery" free="4909040" total="6946816" percent="70">
      <mem type="allocate" free="4909040" total="5373952" percent="91" />
      <mem type="survivor" free="0" total="1572864" percent="0" />
    </mem>
    <mem type="tenure" free="3722560" total="12386304" percent="30">
      <mem type="soa" free="3103040" total="11766784" percent="26" />
      <mem type="loa" free="619520" total="619520" percent="100" />
    </mem>
    <remembered-set count="263" />
  </mem-info>
</gc-end>
<cycle-end id="504" type="scavenge" contextid="497" timestamp="2020-08-27T15:14:37.936" />
<allocation-satisfied id="505" threadId="00000000004B4200" bytesRequested="16" />
<af-end id="506" timestamp="2020-08-27T15:14:37.936" threadId="00000000004B4B80" success="true" from="nursery"/>
<exclusive-end id="507" timestamp="2020-08-27T15:14:37.936" durationms="8.552" />

<exclusive-start id="508" timestamp="2020-08-27T15:14:38.007" intervalms="79.162">
  <response-info timems="0.192" idlems="0.192" threads="0" lastid="0000000000476D00" lastname="Equinox start level thread - Equinox Container: 33ae09b4-fb08-4" />
</exclusive-start>
<af-start id="509" threadId="0000000000477680" totalBytesRequested="2064" timestamp="2020-08-27T15:14:38.007" intervalms="79.402" type="nursery" />
<cycle-start id="510" type="scavenge" contextid="0" timestamp="2020-08-27T15:14:38.007" intervalms="79.193" />
<gc-start id="511" type="scavenge" contextid="510" timestamp="2020-08-27T15:14:38.008">
  <mem-info id="512" free="3722560" total="19333120" percent="19">
    <mem type="nursery" free="0" total="6946816" percent="0">
      <mem type="allocate" free="0" total="5373952" percent="0" />
      <mem type="survivor" free="0" total="1572864" percent="0" />
    </mem>
    <mem type="tenure" free="3722560" total="12386304" percent="30">
      <mem type="soa" free="3103040" total="11766784" percent="26" />
      <mem type="loa" free="619520" total="619520" percent="100" />
    </mem>
    <remembered-set count="303" />
  </mem-info>
</gc-start>
<allocation-stats totalBytes="4904968" >
  <allocated-bytes non-tlh="16" tlh="4904952" />
  <largest-consumer threadName="Equinox start level thread - Equinox Container: 33ae09b4-fb08-4969-9834-b6ffe1c8cf84" threadId="00000000004B4200" bytes="2877152" />
</allocation-stats>
<gc-op id="513" type="scavenge" timems="2.759" contextid="510" timestamp="2020-08-27T15:14:38.011">
  <scavenger-info tenureage="4" tenuremask="7ff0" tiltratio="77" />
  <memory-copied type="nursery" objects="7207" bytes="470752" bytesdiscarded="53512" />
  <finalization candidates="2" enqueued="0" />
</gc-op>
<gc-end id="514" type="scavenge" contextid="510" durationms="3.496" usertimems="4.858" systemtimems="0.963" timestamp="2020-08-27T15:14:38.011" activeThreads="2">
  <mem-info id="515" free="8899928" total="19333120" percent="46">
    <mem type="nursery" free="5177368" total="6946816" percent="74">
      <mem type="allocate" free="5177368" total="5701632" percent="90" />
      <mem type="survivor" free="0" total="1245184" percent="0" />
    </mem>
    <mem type="tenure" free="3722560" total="12386304" percent="30">
      <mem type="soa" free="3103040" total="11766784" percent="26" />
      <mem type="loa" free="619520" total="619520" percent="100" />
    </mem>
    <remembered-set count="298" />
  </mem-info>
</gc-end>
<cycle-end id="516" type="scavenge" contextid="510" timestamp="2020-08-27T15:14:38.011" />
<allocation-satisfied id="517" threadId="0000000000476D00" bytesRequested="2064" />
<af-end id="518" timestamp="2020-08-27T15:14:38.012" threadId="0000000000477680" success="true" from="nursery"/>
<exclusive-end id="519" timestamp="2020-08-27T15:14:38.012" durationms="5.095" />

<exclusive-start id="520" timestamp="2020-08-27T15:14:38.401" intervalms="394.619">
  <response-info timems="2.059" idlems="1.914" threads="1" lastid="00000000004B4200" lastname="Equinox start level thread - Equinox Container: 33ae09b4-fb08-4" />
</exclusive-start>
<af-start id="521" threadId="0000000000477680" totalBytesRequested="264" timestamp="2020-08-27T15:14:38.401" intervalms="394.360" type="nursery" />
<cycle-start id="522" type="scavenge" contextid="0" timestamp="2020-08-27T15:14:38.402" intervalms="394.192" />
<gc-start id="523" type="scavenge" contextid="522" timestamp="2020-08-27T15:14:38.402">
  <mem-info id="524" free="3722560" total="19333120" percent="19">
    <mem type="nursery" free="0" total="6946816" percent="0">
      <mem type="allocate" free="0" total="5701632" percent="0" />
      <mem type="survivor" free="0" total="1245184" percent="0" />
    </mem>
    <mem type="tenure" free="3722560" total="12386304" percent="30">
      <mem type="soa" free="3103040" total="11766784" percent="26" />
      <mem type="loa" free="619520" total="619520" percent="100" />
    </mem>
    <remembered-set count="327" />
  </mem-info>
</gc-start>
<allocation-stats totalBytes="5172392" >
  <allocated-bytes non-tlh="2064" tlh="5170328" />
  <largest-consumer threadName="Equinox start level thread - Equinox Container: 33ae09b4-fb08-4969-9834-b6ffe1c8cf84" threadId="0000000000476D00" bytes="3806448" />
</allocation-stats>
<gc-op id="525" type="scavenge" timems="6.214" contextid="522" timestamp="2020-08-27T15:14:38.408">
  <scavenger-info tenureage="5" tenuremask="7fe0" tiltratio="82" />
  <memory-copied type="nursery" objects="13088" bytes="681176" bytesdiscarded="131944" />
  <finalization candidates="2" enqueued="0" />
</gc-op>
<gc-end id="526" type="scavenge" contextid="522" durationms="6.741" usertimems="4.474" systemtimems="1.109" timestamp="2020-08-27T15:14:38.409" activeThreads="2">
  <mem-info id="527" free="8676608" total="19333120" percent="44">
    <mem type="nursery" free="4954048" total="6946816" percent="71">
      <mem type="allocate" free="4954048" total="5767168" percent="85" />
      <mem type="survivor" free="0" total="1179648" percent="0" />
    </mem>
    <mem type="tenure" free="3722560" total="12386304" percent="30">
      <mem type="soa" free="3103040" total="11766784" percent="26" />
      <mem type="loa" free="619520" total="619520" percent="100" />
    </mem>
    <remembered-set count="326" />
  </mem-info>
</gc-end>
<cycle-end id="528" type="scavenge" contextid="522" timestamp="2020-08-27T15:14:38.409" />
<allocation-satisfied id="529" threadId="0000000000476D00" bytesRequested="264" />
<af-end id="530" timestamp="2020-08-27T15:14:38.409" threadId="0000000000477680" success="true" from="nursery"/>
<exclusive-end id="531" timestamp="2020-08-27T15:14:38.409" durationms="8.220" />

<exclusive-start id="532" timestamp="2020-08-27T15:14:38.522" intervalms="121.124">
  <response-info timems="0.607" idlems="0.607" threads="0" lastid="0000000000476D00" lastname="Equinox start level thread - Equinox Container: 33ae09b4-fb08-4" />
</exclusive-start>
<af-start id="533" threadId="0000000000477680" totalBytesRequested="272" timestamp="2020-08-27T15:14:38.523" intervalms="121.125" type="nursery" />
<cycle-start id="534" type="scavenge" contextid="0" timestamp="2020-08-27T15:14:38.523" intervalms="121.268" />
<gc-start id="535" type="scavenge" contextid="534" timestamp="2020-08-27T15:14:38.523">
  <mem-info id="536" free="3722560" total="19333120" percent="19">
    <mem type="nursery" free="0" total="6946816" percent="0">
      <mem type="allocate" free="0" total="5767168" percent="0" />
      <mem type="survivor" free="0" total="1179648" percent="0" />
    </mem>
    <mem type="tenure" free="3722560" total="12386304" percent="30">
      <mem type="soa" free="3103040" total="11766784" percent="26" />
      <mem type="loa" free="619520" total="619520" percent="100" />
    </mem>
    <remembered-set count="365" />
  </mem-info>
</gc-start>
<allocation-stats totalBytes="4949688" >
  <allocated-bytes non-tlh="264" tlh="4949424" />
  <largest-consumer threadName="Equinox start level thread - Equinox Container: 33ae09b4-fb08-4969-9834-b6ffe1c8cf84" threadId="0000000000476D00" bytes="3504168" />
</allocation-stats>
<gc-op id="537" type="scavenge" timems="2.870" contextid="534" timestamp="2020-08-27T15:14:38.526">
  <scavenger-info tenureage="5" tenuremask="7fe0" tiltratio="83" />
  <memory-copied type="nursery" objects="7334" bytes="243136" bytesdiscarded="106304" />
  <memory-copied type="tenure" objects="845" bytes="24608" bytesdiscarded="0" />
  <finalization candidates="2" enqueued="0" />
</gc-op>
<gc-end id="538" type="scavenge" contextid="534" durationms="3.180" usertimems="2.961" systemtimems="0.180" timestamp="2020-08-27T15:14:38.526" activeThreads="2">
  <mem-info id="539" free="9205824" total="19333120" percent="47">
    <mem type="nursery" free="5483264" total="6946816" percent="78">
      <mem type="allocate" free="5483264" total="5832704" percent="94" />
      <mem type="survivor" free="0" total="1114112" percent="0" />
    </mem>
    <mem type="tenure" free="3722560" total="12386304" percent="30">
      <mem type="soa" free="3103040" total="11766784" percent="26" />
      <mem type="loa" free="619520" total="619520" percent="100" />
    </mem>
    <remembered-set count="330" />
  </mem-info>
</gc-end>
<cycle-end id="540" type="scavenge" contextid="534" timestamp="2020-08-27T15:14:38.527" />
<allocation-satisfied id="541" threadId="0000000000476D00" bytesRequested="272" />
<af-end id="542" timestamp="2020-08-27T15:14:38.527" threadId="0000000000477680" success="true" from="nursery"/>
<exclusive-end id="543" timestamp="2020-08-27T15:14:38.527" durationms="4.591" />

<exclusive-start id="544" timestamp="2020-08-27T15:14:38.655" intervalms="132.226">
  <response-info timems="0.224" idlems="0.224" threads="0" lastid="0000000000476D00" lastname="Equinox start level thread - Equinox Container: 33ae09b4-fb08-4" />
</exclusive-start>
<af-start id="545" threadId="0000000000477680" totalBytesRequested="80" timestamp="2020-08-27T15:14:38.655" intervalms="132.448" type="nursery" />
<cycle-start id="546" type="scavenge" contextid="0" timestamp="2020-08-27T15:14:38.655" intervalms="132.323" />
<gc-start id="547" type="scavenge" contextid="546" timestamp="2020-08-27T15:14:38.655">
  <mem-info id="548" free="3722560" total="19333120" percent="19">
    <mem type="nursery" free="0" total="6946816" percent="0">
      <mem type="allocate" free="0" total="5832704" percent="0" />
      <mem type="survivor" free="0" total="1114112" percent="0" />
    </mem>
    <mem type="tenure" free="3722560" total="12386304" percent="30">
      <mem type="soa" free="3103040" total="11766784" percent="26" />
      <mem type="loa" free="619520" total="619520" percent="100" />
    </mem>
    <remembered-set count="363" />
  </mem-info>
</gc-start>
<allocation-stats totalBytes="5478888" >
  <allocated-bytes non-tlh="272" tlh="5478616" />
  <largest-consumer threadName="Equinox start level thread - Equinox Container: 33ae09b4-fb08-4969-9834-b6ffe1c8cf84" threadId="0000000000476D00" bytes="3785200" />
</allocation-stats>
<gc-op id="549" type="scavenge" timems="6.689" contextid="546" timestamp="2020-08-27T15:14:38.662">
  <scavenger-info tenureage="6" tenuremask="7fc0" tiltratio="83" />
  <memory-copied type="nursery" objects="17241" bytes="956752" bytesdiscarded="121120" />
  <finalization candidates="1" enqueued="0" />
</gc-op>
<gc-end id="550" type="scavenge" contextid="546" durationms="7.102" usertimems="5.156" systemtimems="1.030" timestamp="2020-08-27T15:14:38.663" activeThreads="2">
  <mem-info id="551" free="7953104" total="19333120" percent="41">
    <mem type="nursery" free="4230544" total="6946816" percent="60">
      <mem type="allocate" free="4230544" total="5308416" percent="79" />
      <mem type="survivor" free="0" total="1638400" percent="0" />
    </mem>
    <mem type="tenure" free="3722560" total="12386304" percent="30">
      <mem type="soa" free="3103040" total="11766784" percent="26" />
      <mem type="loa" free="619520" total="619520" percent="100" />
    </mem>
    <remembered-set count="361" />
  </mem-info>
</gc-end>
<cycle-end id="552" type="scavenge" contextid="546" timestamp="2020-08-27T15:14:38.663" />
<allocation-satisfied id="553" threadId="0000000000476D00" bytesRequested="80" />
<af-end id="554" timestamp="2020-08-27T15:14:38.663" threadId="0000000000477680" success="true" from="nursery"/>
<exclusive-end id="555" timestamp="2020-08-27T15:14:38.663" durationms="8.739" />

<exclusive-start id="556" timestamp="2020-08-27T15:14:38.726" intervalms="71.499">
  <response-info timems="0.398" idlems="0.398" threads="0" lastid="00000000004B4200" lastname="Equinox start level thread - Equinox Container: 33ae09b4-fb08-4" />
</exclusive-start>
<af-start id="557" threadId="00000000004B4B80" totalBytesRequested="1040" timestamp="2020-08-27T15:14:38.726" intervalms="71.268" type="nursery" />
<cycle-start id="558" type="scavenge" contextid="0" timestamp="2020-08-27T15:14:38.728" intervalms="72.739" />
<gc-start id="559" type="scavenge" contextid="558" timestamp="2020-08-27T15:14:38.728">
  <mem-info id="560" free="3722560" total="19333120" percent="19">
    <mem type="nursery" free="0" total="6946816" percent="0">
      <mem type="allocate" free="0" total="5308416" percent="0" />
      <mem type="survivor" free="0" total="1638400" percent="0" />
    </mem>
    <mem type="tenure" free="3722560" total="12386304" percent="30">
      <mem type="soa" free="3103040" total="11766784" percent="26" />
      <mem type="loa" free="619520" total="619520" percent="100" />
    </mem>
    <remembered-set count="392" />
  </mem-info>
</gc-start>
<allocation-stats totalBytes="4225696" >
  <allocated-bytes non-tlh="80" tlh="4225616" />
  <largest-consumer threadName="Equinox start level thread - Equinox Container: 33ae09b4-fb08-4969-9834-b6ffe1c8cf84" threadId="0000000000476D00" bytes="2705720" />
</allocation-stats>
<gc-op id="561" type="scavenge" timems="5.249" contextid="558" timestamp="2020-08-27T15:14:38.734">
  <scavenger-info tenureage="6" tenuremask="7fc0" tiltratio="76" />
  <memory-copied type="nursery" objects="11400" bytes="556368" bytesdiscarded="50376" />
  <memory-copied type="tenure" objects="1062" bytes="31952" bytesdiscarded="24" />
  <finalization candidates="1" enqueued="0" />
</gc-op>
<heap-resize id="562" type="expand" space="nursery" amount="393216" count="1" timems="0.129" reason="excessive time being spent scavenging" timestamp="2020-08-27T15:14:38.734" />
<gc-end id="563" type="scavenge" contextid="558" durationms="6.239" usertimems="4.334" systemtimems="1.079" timestamp="2020-08-27T15:14:38.734" activeThreads="2">
  <mem-info id="564" free="8682016" total="19726336" percent="44">
    <mem type="nursery" free="5029344" total="7340032" percent="68">
      <mem type="allocate" free="5029344" total="5636096" percent="89" />
      <mem type="survivor" free="0" total="1703936" percent="0" />
    </mem>
    <mem type="tenure" free="3652672" total="12386304" percent="29">
      <mem type="soa" free="3033152" total="11766784" percent="25" />
      <mem type="loa" free="619520" total="619520" percent="100" />
    </mem>
    <remembered-set count="381" />
  </mem-info>
</gc-end>
<cycle-end id="565" type="scavenge" contextid="558" timestamp="2020-08-27T15:14:38.735" />
<allocation-satisfied id="566" threadId="00000000004B4200" bytesRequested="1040" />
<af-end id="567" timestamp="2020-08-27T15:14:38.735" threadId="00000000004B4B80" success="true" from="nursery"/>
<exclusive-end id="568" timestamp="2020-08-27T15:14:38.735" durationms="8.966" />

<exclusive-start id="569" timestamp="2020-08-27T15:14:38.936" intervalms="209.877">
  <response-info timems="0.256" idlems="0.256" threads="0" lastid="00000000004B4200" lastname="Equinox start level thread - Equinox Container: 33ae09b4-fb08-4" />
</exclusive-start>
<af-start id="570" threadId="00000000004B4B80" totalBytesRequested="24" timestamp="2020-08-27T15:14:38.936" intervalms="209.895" type="nursery" />
<cycle-start id="571" type="scavenge" contextid="0" timestamp="2020-08-27T15:14:38.936" intervalms="208.389" />
<gc-start id="572" type="scavenge" contextid="571" timestamp="2020-08-27T15:14:38.937">
  <mem-info id="573" free="3652672" total="19726336" percent="18">
    <mem type="nursery" free="0" total="7340032" percent="0">
      <mem type="allocate" free="0" total="5636096" percent="0" />
      <mem type="survivor" free="0" total="1703936" percent="0" />
    </mem>
    <mem type="tenure" free="3652672" total="12386304" percent="29">
      <mem type="soa" free="3033152" total="11766784" percent="25" />
      <mem type="loa" free="619520" total="619520" percent="100" />
    </mem>
    <remembered-set count="408" />
  </mem-info>
</gc-start>
<allocation-stats totalBytes="5025032" >
  <allocated-bytes non-tlh="1040" tlh="5023992" />
  <largest-consumer threadName="Equinox start level thread - Equinox Container: 33ae09b4-fb08-4969-9834-b6ffe1c8cf84" threadId="00000000004B4200" bytes="3327192" />
</allocation-stats>
<gc-op id="574" type="scavenge" timems="4.091" contextid="571" timestamp="2020-08-27T15:14:38.941">
  <scavenger-info tenureage="7" tenuremask="7f80" tiltratio="76" />
  <memory-copied type="nursery" objects="11218" bytes="368776" bytesdiscarded="173432" />
  <finalization candidates="1" enqueued="0" />
</gc-op>
<gc-end id="575" type="scavenge" contextid="571" durationms="4.435" usertimems="4.495" systemtimems="0.057" timestamp="2020-08-27T15:14:38.941" activeThreads="2">
  <mem-info id="576" free="9074240" total="19726336" percent="46">
    <mem type="nursery" free="5421568" total="7340032" percent="73">
      <mem type="allocate" free="5421568" total="5963776" percent="90" />
      <mem type="survivor" free="0" total="1376256" percent="0" />
    </mem>
    <mem type="tenure" free="3652672" total="12386304" percent="29">
      <mem type="soa" free="3033152" total="11766784" percent="25" />
      <mem type="loa" free="619520" total="619520" percent="100" />
    </mem>
    <remembered-set count="404" />
  </mem-info>
</gc-end>
<cycle-end id="577" type="scavenge" contextid="571" timestamp="2020-08-27T15:14:38.941" />
<allocation-satisfied id="578" threadId="00000000004B4200" bytesRequested="24" />
<af-end id="579" timestamp="2020-08-27T15:14:38.941" threadId="00000000004B4B80" success="true" from="nursery"/>
<exclusive-end id="580" timestamp="2020-08-27T15:14:38.942" durationms="5.590" />

<exclusive-start id="581" timestamp="2020-08-27T15:14:39.014" intervalms="78.488">
  <response-info timems="0.175" idlems="0.175" threads="0" lastid="00000000004B4200" lastname="Equinox start level thread - Equinox Container: 33ae09b4-fb08-4" />
</exclusive-start>
<af-start id="582" threadId="00000000004B4B80" totalBytesRequested="40" timestamp="2020-08-27T15:14:39.015" intervalms="78.464" type="nursery" />
<cycle-start id="583" type="scavenge" contextid="0" timestamp="2020-08-27T15:14:39.015" intervalms="78.661" />
<gc-start id="584" type="scavenge" contextid="583" timestamp="2020-08-27T15:14:39.015">
  <mem-info id="585" free="3652672" total="19726336" percent="18">
    <mem type="nursery" free="0" total="7340032" percent="0">
      <mem type="allocate" free="0" total="5963776" percent="0" />
      <mem type="survivor" free="0" total="1376256" percent="0" />
    </mem>
    <mem type="tenure" free="3652672" total="12386304" percent="29">
      <mem type="soa" free="3033152" total="11766784" percent="25" />
      <mem type="loa" free="619520" total="619520" percent="100" />
    </mem>
    <remembered-set count="425" />
  </mem-info>
</gc-start>
<allocation-stats totalBytes="5417560" >
  <allocated-bytes non-tlh="24" tlh="5417536" />
  <largest-consumer threadName="Equinox start level thread - Equinox Container: 33ae09b4-fb08-4969-9834-b6ffe1c8cf84" threadId="00000000004B4200" bytes="3640448" />
</allocation-stats>
<gc-op id="586" type="scavenge" timems="6.337" contextid="583" timestamp="2020-08-27T15:14:39.022">
  <scavenger-info tenureage="8" tenuremask="7f00" tiltratio="81" />
  <memory-copied type="nursery" objects="16136" bytes="812464" bytesdiscarded="51624" />
  <finalization candidates="1" enqueued="0" />
</gc-op>
<heap-resize id="587" type="expand" space="nursery" amount="393216" count="1" timems="0.129" reason="excessive time being spent scavenging" timestamp="2020-08-27T15:14:39.022" />
<gc-end id="588" type="scavenge" contextid="583" durationms="7.229" usertimems="6.733" systemtimems="0.000" timestamp="2020-08-27T15:14:39.022" activeThreads="2">
  <mem-info id="589" free="9014504" total="20119552" percent="44">
    <mem type="nursery" free="5361832" total="7733248" percent="69">
      <mem type="allocate" free="5361832" total="6225920" percent="86" />
      <mem type="survivor" free="0" total="1507328" percent="0" />
    </mem>
    <mem type="tenure" free="3652672" total="12386304" percent="29">
      <mem type="soa" free="3033152" total="11766784" percent="25" />
      <mem type="loa" free="619520" total="619520" percent="100" />
    </mem>
    <remembered-set count="423" />
  </mem-info>
</gc-end>
<cycle-end id="590" type="scavenge" contextid="583" timestamp="2020-08-27T15:14:39.023" />
<allocation-satisfied id="591" threadId="00000000004B4200" bytesRequested="40" />
<af-end id="592" timestamp="2020-08-27T15:14:39.023" threadId="00000000004B4B80" success="true" from="nursery"/>
<exclusive-end id="593" timestamp="2020-08-27T15:14:39.023" durationms="8.649" />

<exclusive-start id="594" timestamp="2020-08-27T15:14:39.096" intervalms="81.672">
  <response-info timems="0.795" idlems="0.795" threads="0" lastid="00000000004B4200" lastname="Equinox start level thread - Equinox Container: 33ae09b4-fb08-4" />
</exclusive-start>
<af-start id="595" threadId="00000000004B4B80" totalBytesRequested="272" timestamp="2020-08-27T15:14:39.096" intervalms="81.672" type="nursery" />
<cycle-start id="596" type="scavenge" contextid="0" timestamp="2020-08-27T15:14:39.097" intervalms="81.495" />
<gc-start id="597" type="scavenge" contextid="596" timestamp="2020-08-27T15:14:39.097">
  <mem-info id="598" free="3652672" total="20119552" percent="18">
    <mem type="nursery" free="0" total="7733248" percent="0">
      <mem type="allocate" free="0" total="6225920" percent="0" />
      <mem type="survivor" free="0" total="1507328" percent="0" />
    </mem>
    <mem type="tenure" free="3652672" total="12386304" percent="29">
      <mem type="soa" free="3033152" total="11766784" percent="25" />
      <mem type="loa" free="619520" total="619520" percent="100" />
    </mem>
    <remembered-set count="445" />
  </mem-info>
</gc-start>
<allocation-stats totalBytes="5357760" >
  <allocated-bytes non-tlh="40" tlh="5357720" />
  <largest-consumer threadName="Equinox start level thread - Equinox Container: 33ae09b4-fb08-4969-9834-b6ffe1c8cf84" threadId="00000000004B4200" bytes="3315696" />
</allocation-stats>
<gc-op id="599" type="scavenge" timems="5.993" contextid="596" timestamp="2020-08-27T15:14:39.103">
  <scavenger-info tenureage="8" tenuremask="7f00" tiltratio="80" />
  <memory-copied type="nursery" objects="14525" bytes="711568" bytesdiscarded="169768" />
  <memory-copied type="tenure" objects="928" bytes="28416" bytesdiscarded="0" />
  <finalization candidates="1" enqueued="0" />
</gc-op>
<gc-end id="600" type="scavenge" contextid="596" durationms="6.351" usertimems="5.587" systemtimems="0.272" timestamp="2020-08-27T15:14:39.103" activeThreads="2">
  <mem-info id="601" free="9189512" total="20119552" percent="45">
    <mem type="nursery" free="5606728" total="7733248" percent="72">
      <mem type="allocate" free="5606728" total="6488064" percent="86" />
      <mem type="survivor" free="0" total="1245184" percent="0" />
    </mem>
    <mem type="tenure" free="3582784" total="12386304" percent="28">
      <mem type="soa" free="2963264" total="11766784" percent="25" />
      <mem type="loa" free="619520" total="619520" percent="100" />
    </mem>
    <remembered-set count="397" />
  </mem-info>
</gc-end>
<cycle-end id="602" type="scavenge" contextid="596" timestamp="2020-08-27T15:14:39.104" />
<allocation-satisfied id="603" threadId="00000000004B4200" bytesRequested="272" />
<af-end id="604" timestamp="2020-08-27T15:14:39.104" threadId="00000000004B4B80" success="true" from="nursery"/>
<exclusive-end id="605" timestamp="2020-08-27T15:14:39.104" durationms="8.004" />

<exclusive-start id="606" timestamp="2020-08-27T15:14:39.225" intervalms="129.122">
  <response-info timems="0.189" idlems="0.189" threads="0" lastid="0000000000476D00" lastname="Equinox start level thread - Equinox Container: 33ae09b4-fb08-4" />
</exclusive-start>
<af-start id="607" threadId="0000000000477680" totalBytesRequested="16" timestamp="2020-08-27T15:14:39.225" intervalms="129.129" type="nursery" />
<cycle-start id="608" type="scavenge" contextid="0" timestamp="2020-08-27T15:14:39.226" intervalms="129.135" />
<gc-start id="609" type="scavenge" contextid="608" timestamp="2020-08-27T15:14:39.226">
  <mem-info id="610" free="3582784" total="20119552" percent="17">
    <mem type="nursery" free="0" total="7733248" percent="0">
      <mem type="allocate" free="0" total="6488064" percent="0" />
      <mem type="survivor" free="0" total="1245184" percent="0" />
    </mem>
    <mem type="tenure" free="3582784" total="12386304" percent="28">
      <mem type="soa" free="2963264" total="11766784" percent="25" />
      <mem type="loa" free="619520" total="619520" percent="100" />
    </mem>
    <remembered-set count="437" />
  </mem-info>
</gc-start>
<allocation-stats totalBytes="5601656" >
  <allocated-bytes non-tlh="272" tlh="5601384" />
  <largest-consumer threadName="Equinox start level thread - Equinox Container: 33ae09b4-fb08-4969-9834-b6ffe1c8cf84" threadId="00000000004B4200" bytes="3609848" />
</allocation-stats>
<gc-op id="611" type="scavenge" timems="6.093" contextid="608" timestamp="2020-08-27T15:14:39.232">
  <scavenger-info tenureage="7" tenuremask="7f80" tiltratio="83" />
  <memory-copied type="nursery" objects="11854" bytes="468976" bytesdiscarded="5408" />
  <memory-copied type="tenure" objects="2821" bytes="84424" bytesdiscarded="8" />
</gc-op>
<gc-end id="612" type="scavenge" contextid="608" durationms="6.626" usertimems="3.717" systemtimems="1.160" timestamp="2020-08-27T15:14:39.233" activeThreads="2">
  <mem-info id="613" free="9615528" total="20119552" percent="47">
    <mem type="nursery" free="6079216" total="7733248" percent="78">
      <mem type="allocate" free="6079216" total="6553600" percent="92" />
      <mem type="survivor" free="0" total="1179648" percent="0" />
    </mem>
    <mem type="tenure" free="3536312" total="12386304" percent="28">
      <mem type="soa" free="2916792" total="11766784" percent="24" />
      <mem type="loa" free="619520" total="619520" percent="100" />
    </mem>
    <remembered-set count="385" />
  </mem-info>
</gc-end>
<cycle-end id="614" type="scavenge" contextid="608" timestamp="2020-08-27T15:14:39.233" />
<allocation-satisfied id="615" threadId="0000000000476D00" bytesRequested="16" />
<af-end id="616" timestamp="2020-08-27T15:14:39.233" threadId="0000000000477680" success="true" from="nursery"/>
<exclusive-end id="617" timestamp="2020-08-27T15:14:39.233" durationms="8.222" />

<exclusive-start id="618" timestamp="2020-08-27T15:14:39.341" intervalms="115.991">
  <response-info timems="0.247" idlems="0.247" threads="0" lastid="00000000004B4200" lastname="Equinox start level thread - Equinox Container: 33ae09b4-fb08-4" />
</exclusive-start>
<af-start id="619" threadId="00000000004B4B80" totalBytesRequested="16" timestamp="2020-08-27T15:14:39.341" intervalms="115.974" type="nursery" />
<cycle-start id="620" type="scavenge" contextid="0" timestamp="2020-08-27T15:14:39.342" intervalms="115.938" />
<gc-start id="621" type="scavenge" contextid="620" timestamp="2020-08-27T15:14:39.342">
  <mem-info id="622" free="3536312" total="20119552" percent="17">
    <mem type="nursery" free="0" total="7733248" percent="0">
      <mem type="allocate" free="0" total="6553600" percent="0" />
      <mem type="survivor" free="0" total="1179648" percent="0" />
    </mem>
    <mem type="tenure" free="3536312" total="12386304" percent="28">
      <mem type="soa" free="2916792" total="11766784" percent="24" />
      <mem type="loa" free="619520" total="619520" percent="100" />
    </mem>
    <remembered-set count="477" />
  </mem-info>
</gc-start>
<allocation-stats totalBytes="6074304" >
  <allocated-bytes non-tlh="16" tlh="6074288" />
  <largest-consumer threadName="Equinox start level thread - Equinox Container: 33ae09b4-fb08-4969-9834-b6ffe1c8cf84" threadId="0000000000476D00" bytes="3393240" />
</allocation-stats>
<gc-op id="623" type="scavenge" timems="9.009" contextid="620" timestamp="2020-08-27T15:14:39.351">
  <scavenger-info tenureage="7" tenuremask="7e80" tiltratio="84" />
  <memory-copied type="nursery" objects="23918" bytes="1177800" bytesdiscarded="1848" />
  <memory-copied type="tenure" objects="18516" bytes="1101880" bytesdiscarded="6016" />
  <copy-failed type="nursery" objects="16930" bytes="1050936" />
</gc-op>
<heap-resize id="624" type="expand" space="nursery" amount="393216" count="1" timems="0.189" reason="excessive time being spent scavenging" timestamp="2020-08-27T15:14:39.351" />
<gc-end id="625" type="scavenge" contextid="620" durationms="10.786" usertimems="11.642" systemtimems="3.814" timestamp="2020-08-27T15:14:39.353" activeThreads="2">
  <mem-info id="626" free="5226320" total="20512768" percent="25">
    <mem type="nursery" free="2883584" total="8126464" percent="35">
      <mem type="allocate" free="2883584" total="4063232" percent="70" />
      <mem type="survivor" free="0" total="4063232" percent="0" />
    </mem>
    <mem type="tenure" free="2342736" total="12386304" percent="18">
      <mem type="soa" free="1723216" total="11766784" percent="14" />
      <mem type="loa" free="619520" total="619520" percent="100" />
    </mem>
    <remembered-set count="1209" />
  </mem-info>
</gc-end>
<cycle-end id="627" type="scavenge" contextid="620" timestamp="2020-08-27T15:14:39.353" />
<allocation-satisfied id="628" threadId="00000000004B4200" bytesRequested="16" />
<af-end id="629" timestamp="2020-08-27T15:14:39.353" threadId="00000000004B4B80" success="true" from="nursery"/>
<exclusive-end id="630" timestamp="2020-08-27T15:14:39.353" durationms="12.016" />

<exclusive-start id="631" timestamp="2020-08-27T15:14:39.403" intervalms="62.091">
  <response-info timems="0.253" idlems="0.148" threads="1" lastid="0000000000476D00" lastname="Equinox start level thread - Equinox Container: 33ae09b4-fb08-4" />
</exclusive-start>
<af-start id="632" threadId="00000000004B4B80" totalBytesRequested="24" timestamp="2020-08-27T15:14:39.403" intervalms="62.095" type="nursery" />
<cycle-start id="633" type="scavenge" contextid="0" timestamp="2020-08-27T15:14:39.404" intervalms="62.119" />
<gc-start id="634" type="scavenge" contextid="633" timestamp="2020-08-27T15:14:39.404">
  <mem-info id="635" free="2342736" total="20512768" percent="11">
    <mem type="nursery" free="0" total="8126464" percent="0">
      <mem type="allocate" free="0" total="4063232" percent="0" />
      <mem type="survivor" free="0" total="4063232" percent="0" />
    </mem>
    <mem type="tenure" free="2342736" total="12386304" percent="18">
      <mem type="soa" free="1723216" total="11766784" percent="14" />
      <mem type="loa" free="619520" total="619520" percent="100" />
    </mem>
    <remembered-set count="1464" />
  </mem-info>
</gc-start>
<allocation-stats totalBytes="2883032" >
  <allocated-bytes non-tlh="16" tlh="2883016" />
  <largest-consumer threadName="Equinox start level thread - Equinox Container: 33ae09b4-fb08-4969-9834-b6ffe1c8cf84" threadId="00000000004B4200" bytes="2129424" />
</allocation-stats>
<gc-op id="636" type="scavenge" timems="6.117" contextid="633" timestamp="2020-08-27T15:14:39.410">
  <scavenger-info tenureage="7" tenuremask="7e80" tiltratio="50" />
  <memory-copied type="nursery" objects="18356" bytes="630976" bytesdiscarded="51008" />
  <memory-copied type="tenure" objects="1950" bytes="57568" bytesdiscarded="0" />
</gc-op>
<heap-resize id="637" type="expand" space="nursery" amount="524288" count="1" timems="0.140" reason="excessive time being spent scavenging" timestamp="2020-08-27T15:14:39.411" />
<gc-end id="638" type="scavenge" contextid="633" durationms="6.891" usertimems="7.117" systemtimems="2.055" timestamp="2020-08-27T15:14:39.411" activeThreads="2">
  <mem-info id="639" free="6182736" total="21037056" percent="29">
    <mem type="nursery" free="3840000" total="8650752" percent="44">
      <mem type="allocate" free="3840000" total="4521984" percent="84" />
      <mem type="survivor" free="0" total="4128768" percent="0" />
    </mem>
    <mem type="tenure" free="2342736" total="12386304" percent="18">
      <mem type="soa" free="1723216" total="11766784" percent="14" />
      <mem type="loa" free="619520" total="619520" percent="100" />
    </mem>
    <remembered-set count="1398" />
  </mem-info>
</gc-end>
<cycle-end id="640" type="scavenge" contextid="633" timestamp="2020-08-27T15:14:39.411" />
<allocation-satisfied id="641" threadId="00000000004B4200" bytesRequested="24" />
<af-end id="642" timestamp="2020-08-27T15:14:39.411" threadId="00000000004B4B80" success="true" from="nursery"/>
<exclusive-end id="643" timestamp="2020-08-27T15:14:39.412" durationms="8.197" />

<exclusive-start id="644" timestamp="2020-08-27T15:14:39.503" intervalms="99.391">
  <response-info timems="0.229" idlems="0.137" threads="1" lastid="00000000004B4200" lastname="Equinox start level thread - Equinox Container: 33ae09b4-fb08-4" />
</exclusive-start>
<af-start id="645" threadId="0000000000477680" totalBytesRequested="1032" timestamp="2020-08-27T15:14:39.503" intervalms="99.408" type="nursery" />
<cycle-start id="646" type="scavenge" contextid="0" timestamp="2020-08-27T15:14:39.503" intervalms="99.683" />
<gc-start id="647" type="scavenge" contextid="646" timestamp="2020-08-27T15:14:39.504">
  <mem-info id="648" free="2342736" total="21037056" percent="11">
    <mem type="nursery" free="0" total="8650752" percent="0">
      <mem type="allocate" free="0" total="4521984" percent="0" />
      <mem type="survivor" free="0" total="4128768" percent="0" />
    </mem>
    <mem type="tenure" free="2342736" total="12386304" percent="18">
      <mem type="soa" free="1723216" total="11766784" percent="14" />
      <mem type="loa" free="619520" total="619520" percent="100" />
    </mem>
    <remembered-set count="1414" />
  </mem-info>
</gc-start>
<allocation-stats totalBytes="3834416" >
  <allocated-bytes non-tlh="24" tlh="3834392" />
  <largest-consumer threadName="Equinox start level thread - Equinox Container: 33ae09b4-fb08-4969-9834-b6ffe1c8cf84" threadId="00000000004B4200" bytes="2164824" />
</allocation-stats>
<gc-op id="649" type="scavenge" timems="12.666" contextid="646" timestamp="2020-08-27T15:14:39.517">
  <scavenger-info tenureage="9" tenuremask="7e00" tiltratio="52" />
  <memory-copied type="nursery" objects="41278" bytes="1914360" bytesdiscarded="138040" />
</gc-op>
<heap-resize id="650" type="expand" space="nursery" amount="524288" count="1" timems="0.149" reason="excessive time being spent scavenging" timestamp="2020-08-27T15:14:39.517" />
<gc-end id="651" type="scavenge" contextid="646" durationms="13.370" usertimems="15.833" systemtimems="0.023" timestamp="2020-08-27T15:14:39.517" activeThreads="2">
  <mem-info id="652" free="5664288" total="21561344" percent="26">
    <mem type="nursery" free="3321552" total="9175040" percent="36">
      <mem type="allocate" free="3321552" total="5373952" percent="61" />
      <mem type="survivor" free="0" total="3801088" percent="0" />
    </mem>
    <mem type="tenure" free="2342736" total="12386304" percent="18">
      <mem type="soa" free="1723216" total="11766784" percent="14" />
      <mem type="loa" free="619520" total="619520" percent="100" />
    </mem>
    <remembered-set count="1412" />
  </mem-info>
</gc-end>
<cycle-end id="653" type="scavenge" contextid="646" timestamp="2020-08-27T15:14:39.518" />
<allocation-satisfied id="654" threadId="0000000000476D00" bytesRequested="1032" />
<af-end id="655" timestamp="2020-08-27T15:14:39.518" threadId="0000000000477680" success="true" from="nursery"/>
<exclusive-end id="656" timestamp="2020-08-27T15:14:39.518" durationms="15.532" />

<exclusive-start id="657" timestamp="2020-08-27T15:14:39.561" intervalms="58.579">
  <response-info timems="0.226" idlems="0.135" threads="1" lastid="00000000004B4200" lastname="Equinox start level thread - Equinox Container: 33ae09b4-fb08-4" />
</exclusive-start>
<af-start id="658" threadId="0000000000477680" totalBytesRequested="48" timestamp="2020-08-27T15:14:39.561" intervalms="58.561" type="nursery" />
<cycle-start id="659" type="scavenge" contextid="0" timestamp="2020-08-27T15:14:39.562" intervalms="58.289" />
<gc-start id="660" type="scavenge" contextid="659" timestamp="2020-08-27T15:14:39.562">
  <mem-info id="661" free="2342736" total="21561344" percent="10">
    <mem type="nursery" free="0" total="9175040" percent="0">
      <mem type="allocate" free="0" total="5373952" percent="0" />
      <mem type="survivor" free="0" total="3801088" percent="0" />
    </mem>
    <mem type="tenure" free="2342736" total="12386304" percent="18">
      <mem type="soa" free="1723216" total="11766784" percent="14" />
      <mem type="loa" free="619520" total="619520" percent="100" />
    </mem>
    <remembered-set count="1416" />
  </mem-info>
</gc-start>
<allocation-stats totalBytes="3317056" >
  <allocated-bytes non-tlh="1032" tlh="3316024" />
  <largest-consumer threadName="Equinox start level thread - Equinox Container: 33ae09b4-fb08-4969-9834-b6ffe1c8cf84" threadId="00000000004B4200" bytes="2012624" />
</allocation-stats>
<gc-op id="662" type="scavenge" timems="3.683" contextid="659" timestamp="2020-08-27T15:14:39.566">
  <scavenger-info tenureage="8" tenuremask="7f00" tiltratio="58" />
  <memory-copied type="nursery" objects="33414" bytes="1659728" bytesdiscarded="76856" />
  <memory-copied type="tenure" objects="1032" bytes="30528" bytesdiscarded="0" />
</gc-op>
<heap-resize id="663" type="expand" space="nursery" amount="393216" count="1" timems="0.296" reason="excessive time being spent scavenging" timestamp="2020-08-27T15:14:39.567" />
<gc-end id="664" type="scavenge" contextid="659" durationms="4.900" usertimems="8.236" systemtimems="0.826" timestamp="2020-08-27T15:14:39.567" activeThreads="2">
  <mem-info id="665" free="6766536" total="21954560" percent="30">
    <mem type="nursery" free="4423800" total="9568256" percent="46">
      <mem type="allocate" free="4423800" total="6160384" percent="71" />
      <mem type="survivor" free="0" total="3407872" percent="0" />
    </mem>
    <mem type="tenure" free="2342736" total="12386304" percent="18">
      <mem type="soa" free="1723216" total="11766784" percent="14" />
      <mem type="loa" free="619520" total="619520" percent="100" />
    </mem>
    <remembered-set count="1394" />
  </mem-info>
</gc-end>
<cycle-end id="666" type="scavenge" contextid="659" timestamp="2020-08-27T15:14:39.567" />
<allocation-satisfied id="667" threadId="0000000000476D00" bytesRequested="48" />
<af-end id="668" timestamp="2020-08-27T15:14:39.567" threadId="0000000000477680" success="true" from="nursery"/>
<exclusive-end id="669" timestamp="2020-08-27T15:14:39.567" durationms="6.197" />

<exclusive-start id="670" timestamp="2020-08-27T15:14:39.662" intervalms="101.147">
  <response-info timems="0.681" idlems="0.485" threads="1" lastid="00000000004B4200" lastname="Equinox start level thread - Equinox Container: 33ae09b4-fb08-4" />
</exclusive-start>
<af-start id="671" threadId="0000000000477680" totalBytesRequested="16" timestamp="2020-08-27T15:14:39.663" intervalms="101.151" type="nursery" />
<cycle-start id="672" type="scavenge" contextid="0" timestamp="2020-08-27T15:14:39.663" intervalms="101.354" />
<gc-start id="673" type="scavenge" contextid="672" timestamp="2020-08-27T15:14:39.664">
  <mem-info id="674" free="2342736" total="21954560" percent="10">
    <mem type="nursery" free="0" total="9568256" percent="0">
      <mem type="allocate" free="0" total="6160384" percent="0" />
      <mem type="survivor" free="0" total="3407872" percent="0" />
    </mem>
    <mem type="tenure" free="2342736" total="12386304" percent="18">
      <mem type="soa" free="1723216" total="11766784" percent="14" />
      <mem type="loa" free="619520" total="619520" percent="100" />
    </mem>
    <remembered-set count="1466" />
  </mem-info>
</gc-start>
<allocation-stats totalBytes="4416800" >
  <allocated-bytes non-tlh="48" tlh="4416752" />
  <largest-consumer threadName="Equinox start level thread - Equinox Container: 33ae09b4-fb08-4969-9834-b6ffe1c8cf84" threadId="00000000004B4200" bytes="2673640" />
</allocation-stats>
<gc-op id="675" type="scavenge" timems="10.475" contextid="672" timestamp="2020-08-27T15:14:39.674">
  <scavenger-info tenureage="4" tenuremask="7f10" tiltratio="64" />
  <memory-copied type="nursery" objects="16975" bytes="582784" bytesdiscarded="90752" />
  <memory-copied type="tenure" objects="3978" bytes="119680" bytesdiscarded="32" />
</gc-op>
<heap-resize id="676" type="expand" space="nursery" amount="524288" count="1" timems="0.175" reason="excessive time being spent scavenging" timestamp="2020-08-27T15:14:39.675" />
<gc-end id="677" type="scavenge" contextid="672" durationms="11.300" usertimems="13.480" systemtimems="3.501" timestamp="2020-08-27T15:14:39.675" activeThreads="2">
  <mem-info id="678" free="8476240" total="22478848" percent="37">
    <mem type="nursery" free="6273280" total="10092544" percent="62">
      <mem type="allocate" free="6273280" total="6946816" percent="90" />
      <mem type="survivor" free="0" total="3145728" percent="0" />
    </mem>
    <mem type="tenure" free="2202960" total="12386304" percent="17">
      <mem type="soa" free="1583440" total="11766784" percent="13" />
      <mem type="loa" free="619520" total="619520" percent="100" />
    </mem>
    <remembered-set count="700" />
  </mem-info>
</gc-end>
<cycle-end id="679" type="scavenge" contextid="672" timestamp="2020-08-27T15:14:39.675" />
<allocation-satisfied id="680" threadId="0000000000476D00" bytesRequested="16" />
<af-end id="681" timestamp="2020-08-27T15:14:39.676" threadId="0000000000477680" success="true" from="nursery"/>
<exclusive-end id="682" timestamp="2020-08-27T15:14:39.676" durationms="13.488" />

<exclusive-start id="683" timestamp="2020-08-27T15:14:39.734" intervalms="71.350">
  <response-info timems="0.388" idlems="0.388" threads="0" lastid="0000000000476D00" lastname="Equinox start level thread - Equinox Container: 33ae09b4-fb08-4" />
</exclusive-start>
<af-start id="684" threadId="0000000000477680" totalBytesRequested="24" timestamp="2020-08-27T15:14:39.734" intervalms="71.355" type="nursery" />
<cycle-start id="685" type="scavenge" contextid="0" timestamp="2020-08-27T15:14:39.734" intervalms="71.243" />
<gc-start id="686" type="scavenge" contextid="685" timestamp="2020-08-27T15:14:39.735">
  <mem-info id="687" free="2202960" total="22478848" percent="9">
    <mem type="nursery" free="0" total="10092544" percent="0">
      <mem type="allocate" free="0" total="6946816" percent="0" />
      <mem type="survivor" free="0" total="3145728" percent="0" />
    </mem>
    <mem type="tenure" free="2202960" total="12386304" percent="17">
      <mem type="soa" free="1583440" total="11766784" percent="13" />
      <mem type="loa" free="619520" total="619520" percent="100" />
    </mem>
    <remembered-set count="721" />
  </mem-info>
</gc-start>
<allocation-stats totalBytes="6269920" >
  <allocated-bytes non-tlh="16" tlh="6269904" />
  <largest-consumer threadName="Equinox start level thread - Equinox Container: 33ae09b4-fb08-4969-9834-b6ffe1c8cf84" threadId="0000000000476D00" bytes="4055136" />
</allocation-stats>
<gc-op id="688" type="scavenge" timems="7.322" contextid="685" timestamp="2020-08-27T15:14:39.742">
  <scavenger-info tenureage="9" tenuremask="7e00" tiltratio="68" />
  <memory-copied type="nursery" objects="26690" bytes="1370984" bytesdiscarded="100808" />
</gc-op>
<heap-resize id="689" type="expand" space="nursery" amount="524288" count="1" timems="0.702" reason="excessive time being spent scavenging" timestamp="2020-08-27T15:14:39.743" />
<gc-end id="690" type="scavenge" contextid="685" durationms="8.588" usertimems="12.323" systemtimems="1.387" timestamp="2020-08-27T15:14:39.743" activeThreads="2">
  <mem-info id="691" free="8333344" total="23003136" percent="36">
    <mem type="nursery" free="6130384" total="10616832" percent="57">
      <mem type="allocate" free="6130384" total="7602176" percent="80" />
      <mem type="survivor" free="0" total="3014656" percent="0" />
    </mem>
    <mem type="tenure" free="2202960" total="12386304" percent="17">
      <mem type="soa" free="1583440" total="11766784" percent="13" />
      <mem type="loa" free="619520" total="619520" percent="100" />
    </mem>
    <remembered-set count="721" />
  </mem-info>
</gc-end>
<cycle-end id="692" type="scavenge" contextid="685" timestamp="2020-08-27T15:14:39.743" />
<allocation-satisfied id="693" threadId="0000000000476D00" bytesRequested="24" />
<af-end id="694" timestamp="2020-08-27T15:14:39.744" threadId="0000000000477680" success="true" from="nursery"/>
<exclusive-end id="695" timestamp="2020-08-27T15:14:39.744" durationms="9.871" />

<exclusive-start id="696" timestamp="2020-08-27T15:14:39.868" intervalms="133.848">
  <response-info timems="0.479" idlems="0.354" threads="1" lastid="0000000000476D00" lastname="Equinox start level thread - Equinox Container: 33ae09b4-fb08-4" />
</exclusive-start>
<af-start id="697" threadId="00000000004B4B80" totalBytesRequested="272" timestamp="2020-08-27T15:14:39.868" intervalms="134.203" type="nursery" />
<cycle-start id="698" type="scavenge" contextid="0" timestamp="2020-08-27T15:14:39.869" intervalms="134.214" />
<gc-start id="699" type="scavenge" contextid="698" timestamp="2020-08-27T15:14:39.869">
  <mem-info id="700" free="2202960" total="23003136" percent="9">
    <mem type="nursery" free="0" total="10616832" percent="0">
      <mem type="allocate" free="0" total="7602176" percent="0" />
      <mem type="survivor" free="0" total="3014656" percent="0" />
    </mem>
    <mem type="tenure" free="2202960" total="12386304" percent="17">
      <mem type="soa" free="1583440" total="11766784" percent="13" />
      <mem type="loa" free="619520" total="619520" percent="100" />
    </mem>
    <remembered-set count="755" />
  </mem-info>
</gc-start>
<allocation-stats totalBytes="6125872" >
  <allocated-bytes non-tlh="24" tlh="6125848" />
  <largest-consumer threadName="Equinox start level thread - Equinox Container: 33ae09b4-fb08-4969-9834-b6ffe1c8cf84" threadId="00000000004B4200" bytes="3923624" />
</allocation-stats>
<gc-op id="701" type="scavenge" timems="17.133" contextid="698" timestamp="2020-08-27T15:14:39.890">
  <scavenger-info tenureage="5" tenuremask="7e20" tiltratio="71" />
  <memory-copied type="nursery" objects="12319" bytes="556280" bytesdiscarded="116328" />
  <memory-copied type="tenure" objects="9378" bytes="325824" bytesdiscarded="296" />
</gc-op>
<heap-resize id="702" type="expand" space="nursery" amount="786432" count="1" timems="0.520" reason="excessive time being spent scavenging" timestamp="2020-08-27T15:14:39.891" />
<gc-end id="703" type="scavenge" contextid="698" durationms="22.189" usertimems="23.543" systemtimems="6.457" timestamp="2020-08-27T15:14:39.891" activeThreads="2">
  <mem-info id="704" free="9840112" total="23789568" percent="41">
    <mem type="nursery" free="7978144" total="11403264" percent="69">
      <mem type="allocate" free="7978144" total="8650752" percent="92" />
      <mem type="survivor" free="0" total="2752512" percent="0" />
    </mem>
    <mem type="tenure" free="1861968" total="12386304" percent="15">
      <mem type="soa" free="1242448" total="11766784" percent="10" />
      <mem type="loa" free="619520" total="619520" percent="100" />
    </mem>
    <remembered-set count="447" />
  </mem-info>
</gc-end>
<cycle-end id="705" type="scavenge" contextid="698" timestamp="2020-08-27T15:14:39.892" />
<allocation-satisfied id="706" threadId="00000000004B4200" bytesRequested="272" />
<af-end id="707" timestamp="2020-08-27T15:14:39.892" threadId="00000000004B4B80" success="true" from="nursery"/>
<exclusive-end id="708" timestamp="2020-08-27T15:14:39.892" durationms="24.627" />

<exclusive-start id="709" timestamp="2020-08-27T15:14:40.005" intervalms="137.583">
  <response-info timems="0.203" idlems="0.179" threads="1" lastid="00000000004B4200" lastname="Equinox start level thread - Equinox Container: 33ae09b4-fb08-4" />
</exclusive-start>
<af-start id="710" threadId="0000000000477680" totalBytesRequested="40" timestamp="2020-08-27T15:14:40.005" intervalms="137.217" type="nursery" />
<cycle-start id="711" type="scavenge" contextid="0" timestamp="2020-08-27T15:14:40.006" intervalms="137.096" />
<gc-start id="712" type="scavenge" contextid="711" timestamp="2020-08-27T15:14:40.006">
  <mem-info id="713" free="1861968" total="23789568" percent="7">
    <mem type="nursery" free="0" total="11403264" percent="0">
      <mem type="allocate" free="0" total="8650752" percent="0" />
      <mem type="survivor" free="0" total="2752512" percent="0" />
    </mem>
    <mem type="tenure" free="1861968" total="12386304" percent="15">
      <mem type="soa" free="1242448" total="11766784" percent="10" />
      <mem type="loa" free="619520" total="619520" percent="100" />
    </mem>
    <remembered-set count="517" />
  </mem-info>
</gc-start>
<allocation-stats totalBytes="7971568" >
  <allocated-bytes non-tlh="272" tlh="7971296" />
  <largest-consumer threadName="Equinox start level thread - Equinox Container: 33ae09b4-fb08-4969-9834-b6ffe1c8cf84" threadId="0000000000476D00" bytes="5724392" />
</allocation-stats>
<gc-op id="714" type="scavenge" timems="5.206" contextid="711" timestamp="2020-08-27T15:14:40.011">
  <scavenger-info tenureage="10" tenuremask="7c00" tiltratio="75" />
  <memory-copied type="nursery" objects="31567" bytes="1760832" bytesdiscarded="175592" />
</gc-op>
<gc-end id="715" type="scavenge" contextid="711" durationms="5.980" usertimems="10.046" systemtimems="0.113" timestamp="2020-08-27T15:14:40.012" activeThreads="2">
  <mem-info id="716" free="8248616" total="23789568" percent="34">
    <mem type="nursery" free="6386648" total="11403264" percent="56">
      <mem type="allocate" free="6386648" total="8323072" percent="76" />
      <mem type="survivor" free="0" total="3080192" percent="0" />
    </mem>
    <mem type="tenure" free="1861968" total="12386304" percent="15">
      <mem type="soa" free="1242448" total="11766784" percent="10" />
      <mem type="loa" free="619520" total="619520" percent="100" />
    </mem>
    <remembered-set count="507" />
  </mem-info>
</gc-end>
<cycle-end id="717" type="scavenge" contextid="711" timestamp="2020-08-27T15:14:40.012" />
<allocation-satisfied id="718" threadId="0000000000476D00" bytesRequested="40" />
<af-end id="719" timestamp="2020-08-27T15:14:40.013" threadId="0000000000477680" success="true" from="nursery"/>
<exclusive-end id="720" timestamp="2020-08-27T15:14:40.013" durationms="7.417" />

<exclusive-start id="721" timestamp="2020-08-27T15:14:40.089" intervalms="83.317">
  <response-info timems="0.239" idlems="0.239" threads="0" lastid="00000000004B4200" lastname="Equinox start level thread - Equinox Container: 33ae09b4-fb08-4" />
</exclusive-start>
<af-start id="722" threadId="00000000004B4B80" totalBytesRequested="40" timestamp="2020-08-27T15:14:40.089" intervalms="83.318" type="nursery" />
<cycle-start id="723" type="scavenge" contextid="0" timestamp="2020-08-27T15:14:40.089" intervalms="83.833" />
<gc-start id="724" type="scavenge" contextid="723" timestamp="2020-08-27T15:14:40.090">
  <mem-info id="725" free="1861968" total="23789568" percent="7">
    <mem type="nursery" free="0" total="11403264" percent="0">
      <mem type="allocate" free="0" total="8323072" percent="0" />
      <mem type="survivor" free="0" total="3080192" percent="0" />
    </mem>
    <mem type="tenure" free="1861968" total="12386304" percent="15">
      <mem type="soa" free="1242448" total="11766784" percent="10" />
      <mem type="loa" free="619520" total="619520" percent="100" />
    </mem>
    <remembered-set count="523" />
  </mem-info>
</gc-start>
<allocation-stats totalBytes="6382000" >
  <allocated-bytes non-tlh="40" tlh="6381960" />
  <largest-consumer threadName="Equinox start level thread - Equinox Container: 33ae09b4-fb08-4969-9834-b6ffe1c8cf84" threadId="0000000000476D00" bytes="4089312" />
</allocation-stats>
<gc-op id="726" type="scavenge" timems="5.823" contextid="723" timestamp="2020-08-27T15:14:40.096">
  <scavenger-info tenureage="10" tenuremask="7c00" tiltratio="72" />
  <memory-copied type="nursery" objects="18306" bytes="945608" bytesdiscarded="49776" />
  <memory-copied type="tenure" objects="830" bytes="24008" bytesdiscarded="0" />
</gc-op>
<heap-resize id="727" type="expand" space="nursery" amount="524288" count="1" timems="0.145" reason="excessive time being spent scavenging" timestamp="2020-08-27T15:14:40.096" />
<gc-end id="728" type="scavenge" contextid="723" durationms="7.551" usertimems="3.490" systemtimems="3.013" timestamp="2020-08-27T15:14:40.097" activeThreads="2">
  <mem-info id="729" free="9845016" total="24313856" percent="40">
    <mem type="nursery" free="7983048" total="11927552" percent="66">
      <mem type="allocate" free="7983048" total="8978432" percent="88" />
      <mem type="survivor" free="0" total="2949120" percent="0" />
    </mem>
    <mem type="tenure" free="1861968" total="12386304" percent="15">
      <mem type="soa" free="1242448" total="11766784" percent="10" />
      <mem type="loa" free="619520" total="619520" percent="100" />
    </mem>
    <remembered-set count="484" />
  </mem-info>
</gc-end>
<cycle-end id="730" type="scavenge" contextid="723" timestamp="2020-08-27T15:14:40.097" />
<allocation-satisfied id="731" threadId="00000000004B4200" bytesRequested="40" />
<af-end id="732" timestamp="2020-08-27T15:14:40.098" threadId="00000000004B4B80" success="true" from="nursery"/>
<exclusive-end id="733" timestamp="2020-08-27T15:14:40.098" durationms="9.476" />

<exclusive-start id="734" timestamp="2020-08-27T15:14:40.204" intervalms="115.443">
  <response-info timems="0.162" idlems="0.162" threads="0" lastid="00000000004B4200" lastname="Equinox start level thread - Equinox Container: 33ae09b4-fb08-4" />
</exclusive-start>
<af-start id="735" threadId="00000000004B4B80" totalBytesRequested="24" timestamp="2020-08-27T15:14:40.204" intervalms="115.430" type="nursery" />
<cycle-start id="736" type="scavenge" contextid="0" timestamp="2020-08-27T15:14:40.204" intervalms="114.906" />
<gc-start id="737" type="scavenge" contextid="736" timestamp="2020-08-27T15:14:40.205">
  <mem-info id="738" free="1861968" total="24313856" percent="7">
    <mem type="nursery" free="0" total="11927552" percent="0">
      <mem type="allocate" free="0" total="8978432" percent="0" />
      <mem type="survivor" free="0" total="2949120" percent="0" />
    </mem>
    <mem type="tenure" free="1861968" total="12386304" percent="15">
      <mem type="soa" free="1242448" total="11766784" percent="10" />
      <mem type="loa" free="619520" total="619520" percent="100" />
    </mem>
    <remembered-set count="508" />
  </mem-info>
</gc-start>
<allocation-stats totalBytes="7975952" >
  <allocated-bytes non-tlh="40" tlh="7975912" />
  <largest-consumer threadName="Equinox start level thread - Equinox Container: 33ae09b4-fb08-4969-9834-b6ffe1c8cf84" threadId="00000000004B4200" bytes="4166400" />
</allocation-stats>
<gc-op id="739" type="scavenge" timems="8.184" contextid="736" timestamp="2020-08-27T15:14:40.215">
  <scavenger-info tenureage="10" tenuremask="7c00" tiltratio="75" />
  <memory-copied type="nursery" objects="17933" bytes="1000376" bytesdiscarded="139200" />
  <memory-copied type="tenure" objects="1280" bytes="38000" bytesdiscarded="8" />
</gc-op>
<heap-resize id="740" type="expand" space="nursery" amount="524288" count="1" timems="0.456" reason="excessive time being spent scavenging" timestamp="2020-08-27T15:14:40.216" />
<gc-end id="741" type="scavenge" contextid="736" durationms="10.897" usertimems="6.922" systemtimems="0.000" timestamp="2020-08-27T15:14:40.216" activeThreads="2">
  <mem-info id="742" free="10482904" total="24838144" percent="42">
    <mem type="nursery" free="8690824" total="12451840" percent="69">
      <mem type="allocate" free="8690824" total="9830400" percent="88" />
      <mem type="survivor" free="0" total="2621440" percent="0" />
    </mem>
    <mem type="tenure" free="1792080" total="12386304" percent="14">
      <mem type="soa" free="1172560" total="11766784" percent="9" />
      <mem type="loa" free="619520" total="619520" percent="100" />
    </mem>
    <remembered-set count="447" />
  </mem-info>
</gc-end>
<cycle-end id="743" type="scavenge" contextid="736" timestamp="2020-08-27T15:14:40.216" />
<allocation-satisfied id="744" threadId="00000000004B4200" bytesRequested="24" />
<af-end id="745" timestamp="2020-08-27T15:14:40.216" threadId="00000000004B4B80" success="true" from="nursery"/>
<exclusive-end id="746" timestamp="2020-08-27T15:14:40.217" durationms="12.519" />

<exclusive-start id="747" timestamp="2020-08-27T15:14:40.293" intervalms="89.415">
  <response-info timems="0.213" idlems="0.213" threads="0" lastid="00000000004B4200" lastname="Equinox start level thread - Equinox Container: 33ae09b4-fb08-4" />
</exclusive-start>
<af-start id="748" threadId="00000000004B4B80" totalBytesRequested="32" timestamp="2020-08-27T15:14:40.294" intervalms="89.433" type="nursery" />
<cycle-start id="749" type="scavenge" contextid="0" timestamp="2020-08-27T15:14:40.294" intervalms="89.643" />
<gc-start id="750" type="scavenge" contextid="749" timestamp="2020-08-27T15:14:40.294">
  <mem-info id="751" free="1792080" total="24838144" percent="7">
    <mem type="nursery" free="0" total="12451840" percent="0">
      <mem type="allocate" free="0" total="9830400" percent="0" />
      <mem type="survivor" free="0" total="2621440" percent="0" />
    </mem>
    <mem type="tenure" free="1792080" total="12386304" percent="14">
      <mem type="soa" free="1172560" total="11766784" percent="9" />
      <mem type="loa" free="619520" total="619520" percent="100" />
    </mem>
    <remembered-set count="651" />
  </mem-info>
</gc-start>
<allocation-stats totalBytes="8686536" >
  <allocated-bytes non-tlh="24" tlh="8686512" />
  <largest-consumer threadName="Equinox start level thread - Equinox Container: 33ae09b4-fb08-4969-9834-b6ffe1c8cf84" threadId="00000000004B4200" bytes="4986104" />
</allocation-stats>
<gc-op id="752" type="scavenge" timems="6.718" contextid="749" timestamp="2020-08-27T15:14:40.301">
  <scavenger-info tenureage="8" tenuremask="7d00" tiltratio="78" />
  <memory-copied type="nursery" objects="23119" bytes="1120008" bytesdiscarded="146288" />
  <memory-copied type="tenure" objects="1373" bytes="37320" bytesdiscarded="8" />
</gc-op>
<gc-end id="753" type="scavenge" contextid="749" durationms="7.068" usertimems="7.394" systemtimems="0.017" timestamp="2020-08-27T15:14:40.301" activeThreads="2">
  <mem-info id="754" free="10618072" total="24838144" percent="42">
    <mem type="nursery" free="8957320" total="12451840" percent="71">
      <mem type="allocate" free="8957320" total="10223616" percent="87" />
      <mem type="survivor" free="0" total="2228224" percent="0" />
    </mem>
    <mem type="tenure" free="1660752" total="12386304" percent="13">
      <mem type="soa" free="1041232" total="11766784" percent="8" />
      <mem type="loa" free="619520" total="619520" percent="100" />
    </mem>
    <remembered-set count="636" />
  </mem-info>
</gc-end>
<cycle-end id="755" type="scavenge" contextid="749" timestamp="2020-08-27T15:14:40.302" />
<allocation-satisfied id="756" threadId="00000000004B4200" bytesRequested="32" />
<af-end id="757" timestamp="2020-08-27T15:14:40.302" threadId="00000000004B4B80" success="true" from="nursery"/>
<exclusive-end id="758" timestamp="2020-08-27T15:14:40.302" durationms="8.887" />

<exclusive-start id="759" timestamp="2020-08-27T15:14:40.386" intervalms="92.916">
  <response-info timems="0.815" idlems="0.815" threads="0" lastid="00000000004B4200" lastname="Equinox start level thread - Equinox Container: 33ae09b4-fb08-4" />
</exclusive-start>
<af-start id="760" threadId="00000000004B4B80" totalBytesRequested="48" timestamp="2020-08-27T15:14:40.386" intervalms="92.916" type="nursery" />
<cycle-start id="761" type="scavenge" contextid="0" timestamp="2020-08-27T15:14:40.387" intervalms="92.928" />
<gc-start id="762" type="scavenge" contextid="761" timestamp="2020-08-27T15:14:40.387">
  <mem-info id="763" free="1660752" total="24838144" percent="6">
    <mem type="nursery" free="0" total="12451840" percent="0">
      <mem type="allocate" free="0" total="10223616" percent="0" />
      <mem type="survivor" free="0" total="2228224" percent="0" />
    </mem>
    <mem type="tenure" free="1660752" total="12386304" percent="13">
      <mem type="soa" free="1041232" total="11766784" percent="8" />
      <mem type="loa" free="619520" total="619520" percent="100" />
    </mem>
    <remembered-set count="684" />
  </mem-info>
</gc-start>
<allocation-stats totalBytes="8952920" >
  <allocated-bytes non-tlh="32" tlh="8952888" />
  <largest-consumer threadName="Equinox start level thread - Equinox Container: 33ae09b4-fb08-4969-9834-b6ffe1c8cf84" threadId="00000000004B4200" bytes="6365920" />
</allocation-stats>
<gc-op id="764" type="scavenge" timems="21.015" contextid="761" timestamp="2020-08-27T15:14:40.408">
  <scavenger-info tenureage="10" tenuremask="7c00" tiltratio="82" />
  <memory-copied type="nursery" objects="49663" bytes="2227944" bytesdiscarded="272" />
  <memory-copied type="tenure" objects="18170" bytes="892248" bytesdiscarded="200" />
  <copy-failed type="nursery" objects="18170" bytes="892248" />
</gc-op>
<heap-resize id="765" type="expand" space="nursery" amount="1441792" count="1" timems="0.127" reason="excessive time being spent scavenging" timestamp="2020-08-27T15:14:40.409" />
<gc-end id="766" type="scavenge" contextid="761" durationms="21.596" usertimems="18.739" systemtimems="1.042" timestamp="2020-08-27T15:14:40.409" activeThreads="2">
  <mem-info id="767" free="6373456" total="26279936" percent="24">
    <mem type="nursery" free="5570560" total="13893632" percent="40">
      <mem type="allocate" free="5570560" total="7798784" percent="71" />
      <mem type="survivor" free="0" total="6094848" percent="0" />
    </mem>
    <mem type="tenure" free="802896" total="12386304" percent="6">
      <mem type="soa" free="183376" total="11766784" percent="1" />
      <mem type="loa" free="619520" total="619520" percent="100" />
    </mem>
    <remembered-set count="4228" />
  </mem-info>
</gc-end>
<cycle-end id="768" type="scavenge" contextid="761" timestamp="2020-08-27T15:14:40.409" />
<allocation-satisfied id="769" threadId="00000000004B4200" bytesRequested="48" />
<af-end id="770" timestamp="2020-08-27T15:14:40.410" threadId="00000000004B4B80" success="true" from="nursery"/>
<exclusive-end id="771" timestamp="2020-08-27T15:14:40.410" durationms="23.350" />

<concurrent-kickoff id="772" timestamp="2020-08-27T15:14:40.456">
  <kickoff reason="threshold reached" targetBytes="4044337" thresholdFreeBytes="561756"  remainingFree="511952" tenureFreeBytes="802896" nurseryFreeBytes="511952" />
</concurrent-kickoff>
<exclusive-start id="773" timestamp="2020-08-27T15:14:40.457" intervalms="70.785">
  <response-info timems="0.534" idlems="0.534" threads="0" lastid="00000000004B4200" lastname="Equinox start level thread - Equinox Container: 33ae09b4-fb08-4" />
</exclusive-start>
<cycle-start id="774" type="global" contextid="0" timestamp="2020-08-27T15:14:40.457" intervalms="2843.073" />
<exclusive-end id="775" timestamp="2020-08-27T15:14:40.457" durationms="0.189" />

<exclusive-start id="776" timestamp="2020-08-27T15:14:40.489" intervalms="32.169">
  <response-info timems="1.808" idlems="1.017" threads="2" lastid="0000000000476D00" lastname="Equinox start level thread - Equinox Container: 33ae09b4-fb08-4" />
</exclusive-start>
<af-start id="777" threadId="00000000004B4B80" totalBytesRequested="24" timestamp="2020-08-27T15:14:40.489" intervalms="102.971" type="nursery" />
<cycle-start id="778" type="scavenge" contextid="0" timestamp="2020-08-27T15:14:40.490" intervalms="102.899" />
<gc-start id="779" type="scavenge" contextid="778" timestamp="2020-08-27T15:14:40.490">
  <mem-info id="780" free="802896" total="26279936" percent="3">
    <mem type="nursery" free="0" total="13893632" percent="0">
      <mem type="allocate" free="0" total="7798784" percent="0" />
      <mem type="survivor" free="0" total="6094848" percent="0" />
    </mem>
    <mem type="tenure" free="802896" total="12386304" percent="6">
      <mem type="soa" free="183376" total="11766784" percent="1" />
      <mem type="loa" free="619520" total="619520" percent="100" />
    </mem>
    <remembered-set count="4279" />
  </mem-info>
</gc-start>
<allocation-stats totalBytes="5568200" >
  <allocated-bytes non-tlh="48" tlh="5568152" />
  <largest-consumer threadName="Equinox start level thread - Equinox Container: 33ae09b4-fb08-4969-9834-b6ffe1c8cf84" threadId="0000000000476D00" bytes="2989608" />
</allocation-stats>
<gc-op id="781" type="scavenge" timems="17.511" contextid="778" timestamp="2020-08-27T15:14:40.508">
  <scavenger-info tenureage="10" tenuremask="7c00" tiltratio="56" />
  <memory-copied type="nursery" objects="55500" bytes="2677768" bytesdiscarded="170200" />
</gc-op>
<heap-resize id="782" type="expand" space="nursery" amount="1179648" count="1" timems="0.114" reason="excessive time being spent scavenging" timestamp="2020-08-27T15:14:40.508" />
<gc-end id="783" type="scavenge" contextid="778" durationms="18.476" usertimems="23.025" systemtimems="3.485" timestamp="2020-08-27T15:14:40.509" activeThreads="2">
  <mem-info id="784" free="7523176" total="27459584" percent="27">
    <mem type="nursery" free="6720280" total="15073280" percent="44">
      <mem type="allocate" free="6720280" total="9568256" percent="70" />
      <mem type="survivor" free="0" total="5505024" percent="0" />
    </mem>
    <mem type="tenure" free="802896" total="12386304" percent="6">
      <mem type="soa" free="183376" total="11766784" percent="1" />
      <mem type="loa" free="619520" total="619520" percent="100" />
    </mem>
    <remembered-set count="4276" />
  </mem-info>
</gc-end>
<cycle-end id="785" type="scavenge" contextid="778" timestamp="2020-08-27T15:14:40.509" />
<allocation-satisfied id="786" threadId="00000000004B4200" bytesRequested="24" />
<af-end id="787" timestamp="2020-08-27T15:14:40.509" threadId="00000000004B4B80" success="true" from="nursery"/>
<exclusive-end id="788" timestamp="2020-08-27T15:14:40.509" durationms="20.026" />

<exclusive-start id="789" timestamp="2020-08-27T15:14:40.526" intervalms="37.113">
  <response-info timems="0.150" idlems="0.150" threads="0" lastid="00000000004B4200" lastname="Equinox start level thread - Equinox Container: 33ae09b4-fb08-4" />
</exclusive-start>
<concurrent-collection-start id="790" timestamp="2020-08-27T15:14:40.527" intervalms="2858.794" >
  <concurrent-trace-info reason="card cleaning threshold reached" tracedByMutators="2951720" tracedByHelpers="1550900" cardsCleaned="0" workStackOverflowCount="0" />
</concurrent-collection-start>
<gc-start id="791" type="global" contextid="774" timestamp="2020-08-27T15:14:40.527">
  <mem-info id="792" free="6675280" total="27459584" percent="24">
    <mem type="nursery" free="5872384" total="15073280" percent="38">
      <mem type="allocate" free="5872384" total="9568256" percent="61" />
      <mem type="survivor" free="0" total="5505024" percent="0" />
    </mem>
    <mem type="tenure" free="802896" total="12386304" percent="6">
      <mem type="soa" free="183376" total="11766784" percent="1" />
      <mem type="loa" free="619520" total="619520" percent="100" />
    </mem>
    <remembered-set count="4276" />
  </mem-info>
</gc-start>
<allocation-stats totalBytes="847152" >
  <allocated-bytes non-tlh="24" tlh="847128" />
  <largest-consumer threadName="Equinox start level thread - Equinox Container: 33ae09b4-fb08-4969-9834-b6ffe1c8cf84" threadId="00000000004B4200" bytes="638936" />
</allocation-stats>
<gc-op id="793" type="rs-scan" timems="7.366" contextid="774" timestamp="2020-08-27T15:14:40.535">
  <scan objectsFound="472" bytesTraced="1690016" workStackOverflowCount="0" />
</gc-op>
<gc-op id="794" type="card-cleaning" timems="0.569" contextid="774" timestamp="2020-08-27T15:14:40.535">
  <card-cleaning cardsCleaned="0" bytesTraced="2240" workStackOverflowCount="0" />
</gc-op>
<gc-op id="795" type="mark" timems="6.772" contextid="774" timestamp="2020-08-27T15:14:40.542">
  <trace-info objectcount="41240" scancount="40608" scanbytes="1784244" />
  <finalization candidates="74" enqueued="0" />
  <ownableSynchronizers candidates="392" cleared="0" />
  <references type="soft" candidates="3556" cleared="0" enqueued="0" dynamicThreshold="10" maxThreshold="32" />
  <references type="weak" candidates="3768" cleared="0" enqueued="0" />
  <references type="phantom" candidates="40" cleared="0" enqueued="0" />
  <stringconstants candidates="8532" cleared="0"  />
</gc-op>
<gc-op id="796" type="sweep" timems="1.873" contextid="774" timestamp="2020-08-27T15:14:40.544" />
<heap-resize id="797" type="expand" space="tenure" amount="1048576" count="1" timems="0.135" reason="insufficient free space following gc" timestamp="2020-08-27T15:14:40.545" />
<gc-end id="798" type="global" contextid="774" durationms="17.921" usertimems="15.773" systemtimems="4.188" timestamp="2020-08-27T15:14:40.545" activeThreads="2">
  <mem-info id="799" free="10530840" total="28508160" percent="36">
    <mem type="nursery" free="6314912" total="15073280" percent="41">
      <mem type="allocate" free="6314912" total="9568256" percent="65" />
      <mem type="survivor" free="0" total="5505024" percent="0" />
    </mem>
    <mem type="tenure" free="4215928" total="13434880" percent="31" micro-fragmented="313391" macro-fragmented="0">
      <mem type="soa" free="3544184" total="12763136" percent="27" />
      <mem type="loa" free="671744" total="671744" percent="100" />
    </mem>
    <remembered-set count="2960" />
  </mem-info>
</gc-end>
<cycle-end id="800" type="global" contextid="774" timestamp="2020-08-27T15:14:40.545" />
<concurrent-collection-end id="801" timestamp="2020-08-27T15:14:40.547" />
<exclusive-end id="802" timestamp="2020-08-27T15:14:40.547" durationms="20.948" />

<exclusive-start id="803" timestamp="2020-08-27T15:14:40.589" intervalms="62.220">
  <response-info timems="1.153" idlems="1.045" threads="1" lastid="0000000000476D00" lastname="Equinox start level thread - Equinox Container: 33ae09b4-fb08-4" />
</exclusive-start>
<af-start id="804" threadId="00000000004B4B80" totalBytesRequested="24" timestamp="2020-08-27T15:14:40.589" intervalms="99.994" type="nursery" />
<cycle-start id="805" type="scavenge" contextid="0" timestamp="2020-08-27T15:14:40.590" intervalms="99.854" />
<gc-start id="806" type="scavenge" contextid="805" timestamp="2020-08-27T15:14:40.590">
  <mem-info id="807" free="4215928" total="28508160" percent="14">
    <mem type="nursery" free="0" total="15073280" percent="0">
      <mem type="allocate" free="0" total="9568256" percent="0" />
      <mem type="survivor" free="0" total="5505024" percent="0" />
    </mem>
    <mem type="tenure" free="4215928" total="13434880" percent="31">
      <mem type="soa" free="3544184" total="12763136" percent="27" />
      <mem type="loa" free="671744" total="671744" percent="100" />
    </mem>
    <remembered-set count="2960" />
  </mem-info>
</gc-start>
<allocation-stats totalBytes="6308512" >
  <allocated-bytes non-tlh="0" tlh="6308512" />
  <largest-consumer threadName="Equinox start level thread - Equinox Container: 33ae09b4-fb08-4969-9834-b6ffe1c8cf84" threadId="00000000004B4200" bytes="3472728" />
</allocation-stats>
<gc-op id="808" type="scavenge" timems="10.552" contextid="805" timestamp="2020-08-27T15:14:40.601">
  <scavenger-info tenureage="6" tenuremask="7c40" tiltratio="63" />
  <memory-copied type="nursery" objects="76165" bytes="4167648" bytesdiscarded="161672" />
  <memory-copied type="tenure" objects="2864" bytes="86592" bytesdiscarded="312" />
  <ownableSynchronizers candidates="784" cleared="784" />
</gc-op>
<heap-resize id="809" type="expand" space="nursery" amount="786432" count="1" timems="0.172" reason="excessive time being spent scavenging" timestamp="2020-08-27T15:14:40.601" />
<gc-end id="810" type="scavenge" contextid="805" durationms="11.205" usertimems="17.445" systemtimems="0.139" timestamp="2020-08-27T15:14:40.601" activeThreads="2">
  <mem-info id="811" free="9386128" total="29294592" percent="32">
    <mem type="nursery" free="5370008" total="15859712" percent="33">
      <mem type="allocate" free="5370008" total="9699328" percent="55" />
      <mem type="survivor" free="0" total="6160384" percent="0" />
    </mem>
    <mem type="tenure" free="4016120" total="13434880" percent="29">
      <mem type="soa" free="3344376" total="12763136" percent="26" />
      <mem type="loa" free="671744" total="671744" percent="100" />
    </mem>
    <remembered-set count="2894" />
  </mem-info>
</gc-end>
<cycle-end id="812" type="scavenge" contextid="805" timestamp="2020-08-27T15:14:40.601" />
<allocation-satisfied id="813" threadId="00000000004B4200" bytesRequested="24" />
<af-end id="814" timestamp="2020-08-27T15:14:40.602" threadId="00000000004B4B80" success="true" from="nursery"/>
<exclusive-end id="815" timestamp="2020-08-27T15:14:40.602" durationms="13.134" />

<exclusive-start id="816" timestamp="2020-08-27T15:14:40.674" intervalms="85.516">
  <response-info timems="0.392" idlems="0.392" threads="0" lastid="0000000000476D00" lastname="Equinox start level thread - Equinox Container: 33ae09b4-fb08-4" />
</exclusive-start>
<af-start id="817" threadId="0000000000477680" totalBytesRequested="80" timestamp="2020-08-27T15:14:40.674" intervalms="84.844" type="nursery" />
<cycle-start id="818" type="scavenge" contextid="0" timestamp="2020-08-27T15:14:40.675" intervalms="84.901" />
<gc-start id="819" type="scavenge" contextid="818" timestamp="2020-08-27T15:14:40.675">
  <mem-info id="820" free="4016120" total="29294592" percent="13">
    <mem type="nursery" free="0" total="15859712" percent="0">
      <mem type="allocate" free="0" total="9699328" percent="0" />
      <mem type="survivor" free="0" total="6160384" percent="0" />
    </mem>
    <mem type="tenure" free="4016120" total="13434880" percent="29">
      <mem type="soa" free="3344376" total="12763136" percent="26" />
      <mem type="loa" free="671744" total="671744" percent="100" />
    </mem>
    <remembered-set count="2894" />
  </mem-info>
</gc-start>
<allocation-stats totalBytes="5366464" >
  <allocated-bytes non-tlh="24" tlh="5366440" />
  <largest-consumer threadName="Equinox start level thread - Equinox Container: 33ae09b4-fb08-4969-9834-b6ffe1c8cf84" threadId="0000000000476D00" bytes="2713000" />
</allocation-stats>
<gc-op id="821" type="scavenge" timems="6.003" contextid="818" timestamp="2020-08-27T15:14:40.681">
  <scavenger-info tenureage="6" tenuremask="7f40" tiltratio="61" />
  <memory-copied type="nursery" objects="30297" bytes="1438400" bytesdiscarded="172656" />
  <memory-copied type="tenure" objects="7062" bytes="220216" bytesdiscarded="912" />
</gc-op>
<gc-end id="822" type="scavenge" contextid="818" durationms="6.570" usertimems="9.413" systemtimems="1.915" timestamp="2020-08-27T15:14:40.681" activeThreads="2">
  <mem-info id="823" free="12453304" total="29294592" percent="42">
    <mem type="nursery" free="8678096" total="15859712" percent="54">
      <mem type="allocate" free="8678096" total="10289152" percent="84" />
      <mem type="survivor" free="0" total="5570560" percent="0" />
    </mem>
    <mem type="tenure" free="3775208" total="13434880" percent="28">
      <mem type="soa" free="3103464" total="12763136" percent="24" />
      <mem type="loa" free="671744" total="671744" percent="100" />
    </mem>
    <remembered-set count="2750" />
  </mem-info>
</gc-end>
<cycle-end id="824" type="scavenge" contextid="818" timestamp="2020-08-27T15:14:40.682" />
<allocation-satisfied id="825" threadId="0000000000476D00" bytesRequested="80" />
<af-end id="826" timestamp="2020-08-27T15:14:40.682" threadId="0000000000477680" success="true" from="nursery"/>
<exclusive-end id="827" timestamp="2020-08-27T15:14:40.682" durationms="7.868" />

<exclusive-start id="828" timestamp="2020-08-27T15:14:40.751" intervalms="76.365">
  <response-info timems="0.243" idlems="0.145" threads="1" lastid="0000000000018A00" lastname="JIT Compilation Thread-000" />
</exclusive-start>
<af-start id="829" threadId="00000000004B4B80" totalBytesRequested="1040" timestamp="2020-08-27T15:14:40.751" intervalms="76.757" type="nursery" />
<cycle-start id="830" type="scavenge" contextid="0" timestamp="2020-08-27T15:14:40.751" intervalms="76.728" />
<gc-start id="831" type="scavenge" contextid="830" timestamp="2020-08-27T15:14:40.751">
  <mem-info id="832" free="3775208" total="29294592" percent="12">
    <mem type="nursery" free="0" total="15859712" percent="0">
      <mem type="allocate" free="0" total="10289152" percent="0" />
      <mem type="survivor" free="0" total="5570560" percent="0" />
    </mem>
    <mem type="tenure" free="3775208" total="13434880" percent="28">
      <mem type="soa" free="3103464" total="12763136" percent="24" />
      <mem type="loa" free="671744" total="671744" percent="100" />
    </mem>
    <remembered-set count="2773" />
  </mem-info>
</gc-start>
<allocation-stats totalBytes="8670800" >
  <allocated-bytes non-tlh="80" tlh="8670720" />
  <largest-consumer threadName="Equinox start level thread - Equinox Container: 33ae09b4-fb08-4969-9834-b6ffe1c8cf84" threadId="0000000000476D00" bytes="6548104" />
</allocation-stats>
<gc-op id="833" type="scavenge" timems="9.470" contextid="830" timestamp="2020-08-27T15:14:40.761">
  <scavenger-info tenureage="9" tenuremask="7e00" tiltratio="64" />
  <memory-copied type="nursery" objects="57709" bytes="3055408" bytesdiscarded="72832" />
</gc-op>
<heap-resize id="834" type="expand" space="nursery" amount="1179648" count="1" timems="0.149" reason="excessive time being spent scavenging" timestamp="2020-08-27T15:14:40.761" />
<gc-end id="835" type="scavenge" contextid="830" durationms="10.057" usertimems="16.249" systemtimems="0.000" timestamp="2020-08-27T15:14:40.762" activeThreads="2">
  <mem-info id="836" free="11788088" total="30474240" percent="38">
    <mem type="nursery" free="8012880" total="17039360" percent="47">
      <mem type="allocate" free="8012880" total="11141120" percent="71" />
      <mem type="survivor" free="0" total="5898240" percent="0" />
    </mem>
    <mem type="tenure" free="3775208" total="13434880" percent="28">
      <mem type="soa" free="3103464" total="12763136" percent="24" />
      <mem type="loa" free="671744" total="671744" percent="100" />
    </mem>
    <remembered-set count="2773" />
  </mem-info>
</gc-end>
<cycle-end id="837" type="scavenge" contextid="830" timestamp="2020-08-27T15:14:40.762" />
<allocation-satisfied id="838" threadId="00000000004B4200" bytesRequested="1040" />
<af-end id="839" timestamp="2020-08-27T15:14:40.762" threadId="00000000004B4B80" success="true" from="nursery"/>
<exclusive-end id="840" timestamp="2020-08-27T15:14:40.762" durationms="11.673" />

<exclusive-start id="841" timestamp="2020-08-27T15:14:40.860" intervalms="109.720">
  <response-info timems="0.266" idlems="0.266" threads="0" lastid="0000000000476D00" lastname="Equinox start level thread - Equinox Container: 33ae09b4-fb08-4" />
</exclusive-start>
<af-start id="842" threadId="0000000000477680" totalBytesRequested="32" timestamp="2020-08-27T15:14:40.860" intervalms="109.319" type="nursery" />
<cycle-start id="843" type="scavenge" contextid="0" timestamp="2020-08-27T15:14:40.861" intervalms="109.293" />
<gc-start id="844" type="scavenge" contextid="843" timestamp="2020-08-27T15:14:40.861">
  <mem-info id="845" free="3775208" total="30474240" percent="12">
    <mem type="nursery" free="0" total="17039360" percent="0">
      <mem type="allocate" free="0" total="11141120" percent="0" />
      <mem type="survivor" free="0" total="5898240" percent="0" />
    </mem>
    <mem type="tenure" free="3775208" total="13434880" percent="28">
      <mem type="soa" free="3103464" total="12763136" percent="24" />
      <mem type="loa" free="671744" total="671744" percent="100" />
    </mem>
    <remembered-set count="2798" />
  </mem-info>
</gc-start>
<allocation-stats totalBytes="8003424" >
  <allocated-bytes non-tlh="1040" tlh="8002384" />
  <largest-consumer threadName="Equinox start level thread - Equinox Container: 33ae09b4-fb08-4969-9834-b6ffe1c8cf84" threadId="00000000004B4200" bytes="6250584" />
</allocation-stats>
<gc-op id="846" type="scavenge" timems="5.969" contextid="843" timestamp="2020-08-27T15:14:40.867">
  <scavenger-info tenureage="9" tenuremask="7e00" tiltratio="65" />
  <memory-copied type="nursery" objects="34306" bytes="1800696" bytesdiscarded="139192" />
</gc-op>
<gc-end id="847" type="scavenge" contextid="843" durationms="6.478" usertimems="7.725" systemtimems="3.020" timestamp="2020-08-27T15:14:40.867" activeThreads="2">
  <mem-info id="848" free="13893944" total="30474240" percent="45">
    <mem type="nursery" free="10118736" total="17039360" percent="59">
      <mem type="allocate" free="10118736" total="12058624" percent="83" />
      <mem type="survivor" free="0" total="4980736" percent="0" />
    </mem>
    <mem type="tenure" free="3775208" total="13434880" percent="28">
      <mem type="soa" free="3103464" total="12763136" percent="24" />
      <mem type="loa" free="671744" total="671744" percent="100" />
    </mem>
    <remembered-set count="2798" />
  </mem-info>
</gc-end>
<cycle-end id="849" type="scavenge" contextid="843" timestamp="2020-08-27T15:14:40.868" />
<allocation-satisfied id="850" threadId="0000000000476D00" bytesRequested="32" />
<af-end id="851" timestamp="2020-08-27T15:14:40.868" threadId="0000000000477680" success="true" from="nursery"/>
<exclusive-end id="852" timestamp="2020-08-27T15:14:40.868" durationms="8.005" />

<exclusive-start id="853" timestamp="2020-08-27T15:14:40.921" intervalms="60.911">
  <response-info timems="0.591" idlems="0.377" threads="1" lastid="00000000004B4200" lastname="Equinox start level thread - Equinox Container: 33ae09b4-fb08-4" />
</exclusive-start>
<af-start id="854" threadId="0000000000477680" totalBytesRequested="16" timestamp="2020-08-27T15:14:40.921" intervalms="60.920" type="nursery" />
<cycle-start id="855" type="scavenge" contextid="0" timestamp="2020-08-27T15:14:40.922" intervalms="61.552" />
<gc-start id="856" type="scavenge" contextid="855" timestamp="2020-08-27T15:14:40.922">
  <mem-info id="857" free="3775208" total="30474240" percent="12">
    <mem type="nursery" free="0" total="17039360" percent="0">
      <mem type="allocate" free="0" total="12058624" percent="0" />
      <mem type="survivor" free="0" total="4980736" percent="0" />
    </mem>
    <mem type="tenure" free="3775208" total="13434880" percent="28">
      <mem type="soa" free="3103464" total="12763136" percent="24" />
      <mem type="loa" free="671744" total="671744" percent="100" />
    </mem>
    <remembered-set count="2898" />
  </mem-info>
</gc-start>
<allocation-stats totalBytes="10108536" >
  <allocated-bytes non-tlh="32" tlh="10108504" />
  <largest-consumer threadName="Equinox start level thread - Equinox Container: 33ae09b4-fb08-4969-9834-b6ffe1c8cf84" threadId="0000000000476D00" bytes="7857648" />
</allocation-stats>
<gc-op id="858" type="scavenge" timems="4.326" contextid="855" timestamp="2020-08-27T15:14:40.927">
  <scavenger-info tenureage="9" tenuremask="7e00" tiltratio="70" />
  <memory-copied type="nursery" objects="32829" bytes="1734368" bytesdiscarded="129344" />
</gc-op>
<heap-resize id="859" type="expand" space="nursery" amount="786432" count="1" timems="0.138" reason="excessive time being spent scavenging" timestamp="2020-08-27T15:14:40.927" />
<gc-end id="860" type="scavenge" contextid="855" durationms="4.913" usertimems="7.739" systemtimems="0.000" timestamp="2020-08-27T15:14:40.927" activeThreads="2">
  <mem-info id="861" free="15149768" total="31260672" percent="48">
    <mem type="nursery" free="11374560" total="17825792" percent="63">
      <mem type="allocate" free="11374560" total="13238272" percent="85" />
      <mem type="survivor" free="0" total="4587520" percent="0" />
    </mem>
    <mem type="tenure" free="3775208" total="13434880" percent="28">
      <mem type="soa" free="3103464" total="12763136" percent="24" />
      <mem type="loa" free="671744" total="671744" percent="100" />
    </mem>
    <remembered-set count="2896" />
  </mem-info>
</gc-end>
<cycle-end id="862" type="scavenge" contextid="855" timestamp="2020-08-27T15:14:40.927" />
<allocation-satisfied id="863" threadId="0000000000476D00" bytesRequested="16" />
<af-end id="864" timestamp="2020-08-27T15:14:40.928" threadId="0000000000477680" success="true" from="nursery"/>
<exclusive-end id="865" timestamp="2020-08-27T15:14:40.928" durationms="6.704" />

<exclusive-start id="866" timestamp="2020-08-27T15:14:41.013" intervalms="91.393">
  <response-info timems="0.211" idlems="0.211" threads="0" lastid="0000000000476D00" lastname="Equinox start level thread - Equinox Container: 33ae09b4-fb08-4" />
</exclusive-start>
<af-start id="867" threadId="0000000000477680" totalBytesRequested="24" timestamp="2020-08-27T15:14:41.013" intervalms="91.386" type="nursery" />
<cycle-start id="868" type="scavenge" contextid="0" timestamp="2020-08-27T15:14:41.013" intervalms="90.929" />
<gc-start id="869" type="scavenge" contextid="868" timestamp="2020-08-27T15:14:41.013">
  <mem-info id="870" free="3775208" total="31260672" percent="12">
    <mem type="nursery" free="0" total="17825792" percent="0">
      <mem type="allocate" free="0" total="13238272" percent="0" />
      <mem type="survivor" free="0" total="4587520" percent="0" />
    </mem>
    <mem type="tenure" free="3775208" total="13434880" percent="28">
      <mem type="soa" free="3103464" total="12763136" percent="24" />
      <mem type="loa" free="671744" total="671744" percent="100" />
    </mem>
    <remembered-set count="2953" />
  </mem-info>
</gc-start>
<allocation-stats totalBytes="11366720" >
  <allocated-bytes non-tlh="16" tlh="11366704" />
  <largest-consumer threadName="Equinox start level thread - Equinox Container: 33ae09b4-fb08-4969-9834-b6ffe1c8cf84" threadId="0000000000476D00" bytes="7690520" />
</allocation-stats>
<gc-op id="871" type="scavenge" timems="5.249" contextid="868" timestamp="2020-08-27T15:14:41.019">
  <scavenger-info tenureage="9" tenuremask="7e00" tiltratio="74" />
  <memory-copied type="nursery" objects="40510" bytes="2193000" bytesdiscarded="150160" />
  <memory-copied type="tenure" objects="1743" bytes="59776" bytesdiscarded="184" />
</gc-op>
<gc-end id="872" type="scavenge" contextid="868" durationms="5.712" usertimems="9.113" systemtimems="0.835" timestamp="2020-08-27T15:14:41.019" activeThreads="2">
  <mem-info id="873" free="15148632" total="31260672" percent="48">
    <mem type="nursery" free="11419400" total="17825792" percent="64">
      <mem type="allocate" free="11419400" total="13762560" percent="82" />
      <mem type="survivor" free="0" total="4063232" percent="0" />
    </mem>
    <mem type="tenure" free="3729232" total="13434880" percent="27">
      <mem type="soa" free="3057488" total="12763136" percent="23" />
      <mem type="loa" free="671744" total="671744" percent="100" />
    </mem>
    <remembered-set count="2928" />
  </mem-info>
</gc-end>
<cycle-end id="874" type="scavenge" contextid="868" timestamp="2020-08-27T15:14:41.019" />
<allocation-satisfied id="875" threadId="0000000000476D00" bytesRequested="24" />
<af-end id="876" timestamp="2020-08-27T15:14:41.020" threadId="0000000000477680" success="true" from="nursery"/>
<exclusive-end id="877" timestamp="2020-08-27T15:14:41.020" durationms="7.477" />

<exclusive-start id="878" timestamp="2020-08-27T15:14:41.140" intervalms="127.859">
  <response-info timems="0.304" idlems="0.304" threads="0" lastid="00000000004B4200" lastname="Equinox start level thread - Equinox Container: 33ae09b4-fb08-4" />
</exclusive-start>
<af-start id="879" threadId="00000000004B4B80" totalBytesRequested="24" timestamp="2020-08-27T15:14:41.141" intervalms="127.855" type="nursery" />
<cycle-start id="880" type="scavenge" contextid="0" timestamp="2020-08-27T15:14:41.141" intervalms="127.803" />
<gc-start id="881" type="scavenge" contextid="880" timestamp="2020-08-27T15:14:41.141">
  <mem-info id="882" free="3729232" total="31260672" percent="11">
    <mem type="nursery" free="0" total="17825792" percent="0">
      <mem type="allocate" free="0" total="13762560" percent="0" />
      <mem type="survivor" free="0" total="4063232" percent="0" />
    </mem>
    <mem type="tenure" free="3729232" total="13434880" percent="27">
      <mem type="soa" free="3057488" total="12763136" percent="23" />
      <mem type="loa" free="671744" total="671744" percent="100" />
    </mem>
    <remembered-set count="3049" />
  </mem-info>
</gc-start>
<allocation-stats totalBytes="11411760" >
  <allocated-bytes non-tlh="24" tlh="11411736" />
  <largest-consumer threadName="Equinox start level thread - Equinox Container: 33ae09b4-fb08-4969-9834-b6ffe1c8cf84" threadId="0000000000476D00" bytes="6180800" />
</allocation-stats>
<gc-op id="883" type="scavenge" timems="4.284" contextid="880" timestamp="2020-08-27T15:14:41.145">
  <scavenger-info tenureage="9" tenuremask="7e00" tiltratio="77" />
  <memory-copied type="nursery" objects="26046" bytes="1085936" bytesdiscarded="54080" />
  <memory-copied type="tenure" objects="3355" bytes="86848" bytesdiscarded="0" />
</gc-op>
<gc-end id="884" type="scavenge" contextid="880" durationms="4.616" usertimems="5.228" systemtimems="0.167" timestamp="2020-08-27T15:14:41.146" activeThreads="2">
  <mem-info id="885" free="16677608" total="31260672" percent="53">
    <mem type="nursery" free="12950224" total="17825792" percent="72">
      <mem type="allocate" free="12950224" total="14090240" percent="91" />
      <mem type="survivor" free="0" total="3735552" percent="0" />
    </mem>
    <mem type="tenure" free="3727384" total="13434880" percent="27">
      <mem type="soa" free="3055640" total="12763136" percent="23" />
      <mem type="loa" free="671744" total="671744" percent="100" />
    </mem>
    <remembered-set count="2268" />
  </mem-info>
</gc-end>
<cycle-end id="886" type="scavenge" contextid="880" timestamp="2020-08-27T15:14:41.146" />
<allocation-satisfied id="887" threadId="00000000004B4200" bytesRequested="24" />
<af-end id="888" timestamp="2020-08-27T15:14:41.146" threadId="00000000004B4B80" success="true" from="nursery"/>
<exclusive-end id="889" timestamp="2020-08-27T15:14:41.147" durationms="6.181" />

<exclusive-start id="890" timestamp="2020-08-27T15:14:41.250" intervalms="109.309">
  <response-info timems="0.141" idlems="0.141" threads="0" lastid="00000000004B4200" lastname="Equinox start level thread - Equinox Container: 33ae09b4-fb08-4" />
</exclusive-start>
<af-start id="891" threadId="00000000004B4B80" totalBytesRequested="1040" timestamp="2020-08-27T15:14:41.250" intervalms="109.493" type="nursery" />
<cycle-start id="892" type="scavenge" contextid="0" timestamp="2020-08-27T15:14:41.250" intervalms="109.398" />
<gc-start id="893" type="scavenge" contextid="892" timestamp="2020-08-27T15:14:41.250">
  <mem-info id="894" free="3727384" total="31260672" percent="11">
    <mem type="nursery" free="0" total="17825792" percent="0">
      <mem type="allocate" free="0" total="14090240" percent="0" />
      <mem type="survivor" free="0" total="3735552" percent="0" />
    </mem>
    <mem type="tenure" free="3727384" total="13434880" percent="27">
      <mem type="soa" free="3055640" total="12763136" percent="23" />
      <mem type="loa" free="671744" total="671744" percent="100" />
    </mem>
    <remembered-set count="2365" />
  </mem-info>
</gc-start>
<allocation-stats totalBytes="12939920" >
  <allocated-bytes non-tlh="24" tlh="12939896" />
  <largest-consumer threadName="Equinox start level thread - Equinox Container: 33ae09b4-fb08-4969-9834-b6ffe1c8cf84" threadId="00000000004B4200" bytes="9125880" />
</allocation-stats>
<gc-op id="895" type="scavenge" timems="4.540" contextid="892" timestamp="2020-08-27T15:14:41.255">
  <scavenger-info tenureage="10" tenuremask="7c00" tiltratio="79" />
  <memory-copied type="nursery" objects="31654" bytes="1692032" bytesdiscarded="108232" />
</gc-op>
<gc-end id="896" type="scavenge" contextid="892" durationms="4.907" usertimems="6.805" systemtimems="0.967" timestamp="2020-08-27T15:14:41.255" activeThreads="2">
  <mem-info id="897" free="16279504" total="31260672" percent="52">
    <mem type="nursery" free="12552120" total="17825792" percent="70">
      <mem type="allocate" free="12552120" total="14352384" percent="87" />
      <mem type="survivor" free="0" total="3473408" percent="0" />
    </mem>
    <mem type="tenure" free="3727384" total="13434880" percent="27">
      <mem type="soa" free="3055640" total="12763136" percent="23" />
      <mem type="loa" free="671744" total="671744" percent="100" />
    </mem>
    <remembered-set count="2363" />
  </mem-info>
</gc-end>
<cycle-end id="898" type="scavenge" contextid="892" timestamp="2020-08-27T15:14:41.256" />
<allocation-satisfied id="899" threadId="00000000004B4200" bytesRequested="1040" />
<af-end id="900" timestamp="2020-08-27T15:14:41.256" threadId="00000000004B4B80" success="true" from="nursery"/>
<exclusive-end id="901" timestamp="2020-08-27T15:14:41.256" durationms="6.396" />

<exclusive-start id="902" timestamp="2020-08-27T15:14:41.336" intervalms="86.399">
  <response-info timems="0.797" idlems="0.455" threads="1" lastid="0000000000476D00" lastname="Equinox start level thread - Equinox Container: 33ae09b4-fb08-4" />
</exclusive-start>
<af-start id="903" threadId="00000000004B4B80" totalBytesRequested="72" timestamp="2020-08-27T15:14:41.336" intervalms="86.288" type="nursery" />
<cycle-start id="904" type="scavenge" contextid="0" timestamp="2020-08-27T15:14:41.337" intervalms="86.401" />
<gc-start id="905" type="scavenge" contextid="904" timestamp="2020-08-27T15:14:41.337">
  <mem-info id="906" free="3727384" total="31260672" percent="11">
    <mem type="nursery" free="0" total="17825792" percent="0">
      <mem type="allocate" free="0" total="14352384" percent="0" />
      <mem type="survivor" free="0" total="3473408" percent="0" />
    </mem>
    <mem type="tenure" free="3727384" total="13434880" percent="27">
      <mem type="soa" free="3055640" total="12763136" percent="23" />
      <mem type="loa" free="671744" total="671744" percent="100" />
    </mem>
    <remembered-set count="2405" />
  </mem-info>
</gc-start>
<allocation-stats totalBytes="12539216" >
  <allocated-bytes non-tlh="1040" tlh="12538176" />
  <largest-consumer threadName="Equinox start level thread - Equinox Container: 33ae09b4-fb08-4969-9834-b6ffe1c8cf84" threadId="00000000004B4200" bytes="7976112" />
</allocation-stats>
<gc-op id="907" type="scavenge" timems="5.665" contextid="904" timestamp="2020-08-27T15:14:41.343">
  <scavenger-info tenureage="9" tenuremask="7e00" tiltratio="80" />
  <memory-copied type="nursery" objects="28131" bytes="1526608" bytesdiscarded="80872" />
  <memory-copied type="tenure" objects="7534" bytes="192768" bytesdiscarded="944" />
</gc-op>
<heap-resize id="908" type="expand" space="nursery" amount="786432" count="1" timems="0.152" reason="excessive time being spent scavenging" timestamp="2020-08-27T15:14:41.343" />
<gc-end id="909" type="scavenge" contextid="904" durationms="6.362" usertimems="9.384" systemtimems="0.000" timestamp="2020-08-27T15:14:41.343" activeThreads="2">
  <mem-info id="910" free="17177080" total="32047104" percent="53">
    <mem type="nursery" free="13662408" total="18612224" percent="73">
      <mem type="allocate" free="13662408" total="15269888" percent="89" />
      <mem type="survivor" free="0" total="3342336" percent="0" />
    </mem>
    <mem type="tenure" free="3514672" total="13434880" percent="26">
      <mem type="soa" free="2842928" total="12763136" percent="22" />
      <mem type="loa" free="671744" total="671744" percent="100" />
    </mem>
    <remembered-set count="657" />
  </mem-info>
</gc-end>
<cycle-end id="911" type="scavenge" contextid="904" timestamp="2020-08-27T15:14:41.344" />
<allocation-satisfied id="912" threadId="00000000004B4200" bytesRequested="72" />
<af-end id="913" timestamp="2020-08-27T15:14:41.344" threadId="00000000004B4B80" success="true" from="nursery"/>
<exclusive-end id="914" timestamp="2020-08-27T15:14:41.344" durationms="8.408" />

<exclusive-start id="915" timestamp="2020-08-27T15:14:41.454" intervalms="118.390">
  <response-info timems="0.361" idlems="0.230" threads="1" lastid="00000000004B4200" lastname="Equinox start level thread - Equinox Container: 33ae09b4-fb08-4" />
</exclusive-start>
<af-start id="916" threadId="0000000000477680" totalBytesRequested="16" timestamp="2020-08-27T15:14:41.455" intervalms="118.335" type="nursery" />
<cycle-start id="917" type="scavenge" contextid="0" timestamp="2020-08-27T15:14:41.455" intervalms="118.328" />
<gc-start id="918" type="scavenge" contextid="917" timestamp="2020-08-27T15:14:41.455">
  <mem-info id="919" free="3514672" total="32047104" percent="10">
    <mem type="nursery" free="0" total="18612224" percent="0">
      <mem type="allocate" free="0" total="15269888" percent="0" />
      <mem type="survivor" free="0" total="3342336" percent="0" />
    </mem>
    <mem type="tenure" free="3514672" total="13434880" percent="26">
      <mem type="soa" free="2842928" total="12763136" percent="22" />
      <mem type="loa" free="671744" total="671744" percent="100" />
    </mem>
    <remembered-set count="735" />
  </mem-info>
</gc-start>
<allocation-stats totalBytes="13653624" >
  <allocated-bytes non-tlh="72" tlh="13653552" />
  <largest-consumer threadName="Equinox start level thread - Equinox Container: 33ae09b4-fb08-4969-9834-b6ffe1c8cf84" threadId="00000000004B4200" bytes="7164088" />
</allocation-stats>
<gc-op id="920" type="scavenge" timems="13.685" contextid="917" timestamp="2020-08-27T15:14:41.469">
  <scavenger-info tenureage="8" tenuremask="7900" tiltratio="82" />
  <memory-copied type="nursery" objects="51799" bytes="2448728" bytesdiscarded="137656" />
  <memory-copied type="tenure" objects="1569" bytes="48128" bytesdiscarded="8" />
</gc-op>
<heap-resize id="921" type="expand" space="nursery" amount="917504" count="1" timems="0.157" reason="excessive time being spent scavenging" timestamp="2020-08-27T15:14:41.469" />
<gc-end id="922" type="scavenge" contextid="917" durationms="14.302" usertimems="16.048" systemtimems="2.147" timestamp="2020-08-27T15:14:41.470" activeThreads="2">
  <mem-info id="923" free="16652576" total="32964608" percent="50">
    <mem type="nursery" free="13207792" total="19529728" percent="67">
      <mem type="allocate" free="13207792" total="15794176" percent="83" />
      <mem type="survivor" free="0" total="3735552" percent="0" />
    </mem>
    <mem type="tenure" free="3444784" total="13434880" percent="25">
      <mem type="soa" free="2773040" total="12763136" percent="21" />
      <mem type="loa" free="671744" total="671744" percent="100" />
    </mem>
    <remembered-set count="730" />
  </mem-info>
</gc-end>
<cycle-end id="924" type="scavenge" contextid="917" timestamp="2020-08-27T15:14:41.470" />
<allocation-satisfied id="925" threadId="0000000000476D00" bytesRequested="16" />
<af-end id="926" timestamp="2020-08-27T15:14:41.470" threadId="0000000000477680" success="true" from="nursery"/>
<exclusive-end id="927" timestamp="2020-08-27T15:14:41.471" durationms="16.124" />

<exclusive-start id="928" timestamp="2020-08-27T15:14:41.600" intervalms="145.813">
  <response-info timems="0.164" idlems="0.164" threads="0" lastid="0000000000476D00" lastname="Equinox start level thread - Equinox Container: 33ae09b4-fb08-4" />
</exclusive-start>
<af-start id="929" threadId="0000000000477680" totalBytesRequested="32" timestamp="2020-08-27T15:14:41.600" intervalms="145.784" type="nursery" />
<cycle-start id="930" type="scavenge" contextid="0" timestamp="2020-08-27T15:14:41.601" intervalms="145.640" />
<gc-start id="931" type="scavenge" contextid="930" timestamp="2020-08-27T15:14:41.601">
  <mem-info id="932" free="3444784" total="32964608" percent="10">
    <mem type="nursery" free="0" total="19529728" percent="0">
      <mem type="allocate" free="0" total="15794176" percent="0" />
      <mem type="survivor" free="0" total="3735552" percent="0" />
    </mem>
    <mem type="tenure" free="3444784" total="13434880" percent="25">
      <mem type="soa" free="2773040" total="12763136" percent="21" />
      <mem type="loa" free="671744" total="671744" percent="100" />
    </mem>
    <remembered-set count="763" />
  </mem-info>
</gc-start>
<allocation-stats totalBytes="13199512" >
  <allocated-bytes non-tlh="16" tlh="13199496" />
  <largest-consumer threadName="Equinox start level thread - Equinox Container: 33ae09b4-fb08-4969-9834-b6ffe1c8cf84" threadId="0000000000476D00" bytes="7563960" />
</allocation-stats>
<gc-op id="933" type="scavenge" timems="6.838" contextid="930" timestamp="2020-08-27T15:14:41.608">
  <scavenger-info tenureage="11" tenuremask="7800" tiltratio="80" />
  <memory-copied type="nursery" objects="30507" bytes="985208" bytesdiscarded="74896" />
</gc-op>
<gc-end id="934" type="scavenge" contextid="930" durationms="7.792" usertimems="4.891" systemtimems="1.879" timestamp="2020-08-27T15:14:41.609" activeThreads="2">
  <mem-info id="935" free="18572072" total="32964608" percent="56">
    <mem type="nursery" free="15127288" total="19529728" percent="77">
      <mem type="allocate" free="15127288" total="16187392" percent="93" />
      <mem type="survivor" free="0" total="3342336" percent="0" />
    </mem>
    <mem type="tenure" free="3444784" total="13434880" percent="25">
      <mem type="soa" free="2773040" total="12763136" percent="21" />
      <mem type="loa" free="671744" total="671744" percent="100" />
    </mem>
    <remembered-set count="758" />
  </mem-info>
</gc-end>
<cycle-end id="936" type="scavenge" contextid="930" timestamp="2020-08-27T15:14:41.609" />
<allocation-satisfied id="937" threadId="0000000000476D00" bytesRequested="32" />
<af-end id="938" timestamp="2020-08-27T15:14:41.609" threadId="0000000000477680" success="true" from="nursery"/>
<exclusive-end id="939" timestamp="2020-08-27T15:14:41.610" durationms="9.718" />

<exclusive-start id="940" timestamp="2020-08-27T15:14:41.744" intervalms="143.360">
  <response-info timems="0.274" idlems="0.164" threads="1" lastid="00000000004B4200" lastname="Equinox start level thread - Equinox Container: 33ae09b4-fb08-4" />
</exclusive-start>
<af-start id="941" threadId="0000000000477680" totalBytesRequested="16" timestamp="2020-08-27T15:14:41.744" intervalms="143.575" type="nursery" />
<cycle-start id="942" type="scavenge" contextid="0" timestamp="2020-08-27T15:14:41.745" intervalms="143.938" />
<gc-start id="943" type="scavenge" contextid="942" timestamp="2020-08-27T15:14:41.745">
  <mem-info id="944" free="3444784" total="32964608" percent="10">
    <mem type="nursery" free="0" total="19529728" percent="0">
      <mem type="allocate" free="0" total="16187392" percent="0" />
      <mem type="survivor" free="0" total="3342336" percent="0" />
    </mem>
    <mem type="tenure" free="3444784" total="13434880" percent="25">
      <mem type="soa" free="2773040" total="12763136" percent="21" />
      <mem type="loa" free="671744" total="671744" percent="100" />
    </mem>
    <remembered-set count="789" />
  </mem-info>
</gc-start>
<allocation-stats totalBytes="15116016" >
  <allocated-bytes non-tlh="32" tlh="15115984" />
  <largest-consumer threadName="Equinox start level thread - Equinox Container: 33ae09b4-fb08-4969-9834-b6ffe1c8cf84" threadId="0000000000476D00" bytes="8103400" />
</allocation-stats>
<gc-op id="945" type="scavenge" timems="9.803" contextid="942" timestamp="2020-08-27T15:14:41.755">
  <scavenger-info tenureage="12" tenuremask="7000" tiltratio="82" />
  <memory-copied type="nursery" objects="45691" bytes="2655456" bytesdiscarded="73408" />
</gc-op>
<heap-resize id="946" type="expand" space="nursery" amount="786432" count="1" timems="0.153" reason="excessive time being spent scavenging" timestamp="2020-08-27T15:14:41.755" />
<gc-end id="947" type="scavenge" contextid="942" durationms="10.446" usertimems="14.384" systemtimems="2.207" timestamp="2020-08-27T15:14:41.755" activeThreads="2">
  <mem-info id="948" free="16444560" total="33751040" percent="48">
    <mem type="nursery" free="12999776" total="20316160" percent="63">
      <mem type="allocate" free="12999776" total="15728640" percent="82" />
      <mem type="survivor" free="0" total="4587520" percent="0" />
    </mem>
    <mem type="tenure" free="3444784" total="13434880" percent="25">
      <mem type="soa" free="2773040" total="12763136" percent="21" />
      <mem type="loa" free="671744" total="671744" percent="100" />
    </mem>
    <remembered-set count="787" />
  </mem-info>
</gc-end>
<cycle-end id="949" type="scavenge" contextid="942" timestamp="2020-08-27T15:14:41.756" />
<allocation-satisfied id="950" threadId="0000000000476D00" bytesRequested="16" />
<af-end id="951" timestamp="2020-08-27T15:14:41.756" threadId="0000000000477680" success="true" from="nursery"/>
<exclusive-end id="952" timestamp="2020-08-27T15:14:41.756" durationms="12.488" />

<exclusive-start id="953" timestamp="2020-08-27T15:14:41.885" intervalms="141.189">
  <response-info timems="0.296" idlems="0.296" threads="0" lastid="00000000004B4200" lastname="Equinox start level thread - Equinox Container: 33ae09b4-fb08-4" />
</exclusive-start>
<af-start id="954" threadId="00000000004B4B80" totalBytesRequested="2064" timestamp="2020-08-27T15:14:41.885" intervalms="140.996" type="nursery" />
<cycle-start id="955" type="scavenge" contextid="0" timestamp="2020-08-27T15:14:41.885" intervalms="140.640" />
<gc-start id="956" type="scavenge" contextid="955" timestamp="2020-08-27T15:14:41.885">
  <mem-info id="957" free="3444784" total="33751040" percent="10">
    <mem type="nursery" free="0" total="20316160" percent="0">
      <mem type="allocate" free="0" total="15728640" percent="0" />
      <mem type="survivor" free="0" total="4587520" percent="0" />
    </mem>
    <mem type="tenure" free="3444784" total="13434880" percent="25">
      <mem type="soa" free="2773040" total="12763136" percent="21" />
      <mem type="loa" free="671744" total="671744" percent="100" />
    </mem>
    <remembered-set count="814" />
  </mem-info>
</gc-start>
<allocation-stats totalBytes="12987600" >
  <allocated-bytes non-tlh="16" tlh="12987584" />
  <largest-consumer threadName="Equinox start level thread - Equinox Container: 33ae09b4-fb08-4969-9834-b6ffe1c8cf84" threadId="00000000004B4200" bytes="7780920" />
</allocation-stats>
<gc-op id="958" type="scavenge" timems="8.663" contextid="955" timestamp="2020-08-27T15:14:41.894">
  <scavenger-info tenureage="12" tenuremask="7000" tiltratio="77" />
  <memory-copied type="nursery" objects="35885" bytes="1639120" bytesdiscarded="83816" />
</gc-op>
<gc-end id="959" type="scavenge" contextid="955" durationms="9.132" usertimems="7.567" systemtimems="0.779" timestamp="2020-08-27T15:14:41.895" activeThreads="2">
  <mem-info id="960" free="17974776" total="33751040" percent="53">
    <mem type="nursery" free="14529992" total="20316160" percent="71">
      <mem type="allocate" free="14529992" total="16252928" percent="89" />
      <mem type="survivor" free="0" total="4063232" percent="0" />
    </mem>
    <mem type="tenure" free="3444784" total="13434880" percent="25">
      <mem type="soa" free="2773040" total="12763136" percent="21" />
      <mem type="loa" free="671744" total="671744" percent="100" />
    </mem>
    <remembered-set count="812" />
  </mem-info>
</gc-end>
<cycle-end id="961" type="scavenge" contextid="955" timestamp="2020-08-27T15:14:41.895" />
<allocation-satisfied id="962" threadId="00000000004B4200" bytesRequested="2064" />
<af-end id="963" timestamp="2020-08-27T15:14:41.895" threadId="00000000004B4B80" success="true" from="nursery"/>
<exclusive-end id="964" timestamp="2020-08-27T15:14:41.895" durationms="10.574" />

<exclusive-start id="965" timestamp="2020-08-27T15:14:42.001" intervalms="115.708">
  <response-info timems="0.206" idlems="0.206" threads="0" lastid="00000000004B4200" lastname="Equinox start level thread - Equinox Container: 33ae09b4-fb08-4" />
</exclusive-start>
<af-start id="966" threadId="00000000004B4B80" totalBytesRequested="16" timestamp="2020-08-27T15:14:42.001" intervalms="116.462" type="nursery" />
<cycle-start id="967" type="scavenge" contextid="0" timestamp="2020-08-27T15:14:42.002" intervalms="116.624" />
<gc-start id="968" type="scavenge" contextid="967" timestamp="2020-08-27T15:14:42.002">
  <mem-info id="969" free="3444784" total="33751040" percent="10">
    <mem type="nursery" free="0" total="20316160" percent="0">
      <mem type="allocate" free="0" total="16252928" percent="0" />
      <mem type="survivor" free="0" total="4063232" percent="0" />
    </mem>
    <mem type="tenure" free="3444784" total="13434880" percent="25">
      <mem type="soa" free="2773040" total="12763136" percent="21" />
      <mem type="loa" free="671744" total="671744" percent="100" />
    </mem>
    <remembered-set count="822" />
  </mem-info>
</gc-start>
<allocation-stats totalBytes="14517352" >
  <allocated-bytes non-tlh="2064" tlh="14515288" />
  <largest-consumer threadName="Equinox start level thread - Equinox Container: 33ae09b4-fb08-4969-9834-b6ffe1c8cf84" threadId="00000000004B4200" bytes="9247768" />
</allocation-stats>
<gc-op id="970" type="scavenge" timems="63.025" contextid="967" timestamp="2020-08-27T15:14:42.065">
  <scavenger-info tenureage="7" tenuremask="7080" tiltratio="80" />
  <memory-copied type="nursery" objects="39759" bytes="1884400" bytesdiscarded="138384" />
  <memory-copied type="tenure" objects="3545" bytes="101352" bytesdiscarded="40" />
</gc-op>
<heap-resize id="971" type="expand" space="nursery" amount="3932160" count="1" timems="0.179" reason="excessive time being spent scavenging" timestamp="2020-08-27T15:14:42.066" />
<gc-end id="972" type="scavenge" contextid="967" durationms="64.100" usertimems="48.358" systemtimems="9.463" timestamp="2020-08-27T15:14:42.066" activeThreads="2">
  <mem-info id="973" free="21120864" total="37683200" percent="56">
    <mem type="nursery" free="17769088" total="24248320" percent="73">
      <mem type="allocate" free="17769088" total="19791872" percent="89" />
      <mem type="survivor" free="0" total="4456448" percent="0" />
    </mem>
    <mem type="tenure" free="3351776" total="13434880" percent="24">
      <mem type="soa" free="2680032" total="12763136" percent="20" />
      <mem type="loa" free="671744" total="671744" percent="100" />
    </mem>
    <remembered-set count="729" />
  </mem-info>
</gc-end>
<cycle-end id="974" type="scavenge" contextid="967" timestamp="2020-08-27T15:14:42.066" />
<allocation-satisfied id="975" threadId="00000000004B4200" bytesRequested="16" />
<af-end id="976" timestamp="2020-08-27T15:14:42.067" threadId="00000000004B4B80" success="true" from="nursery"/>
<exclusive-end id="977" timestamp="2020-08-27T15:14:42.067" durationms="66.486" />

<exclusive-start id="978" timestamp="2020-08-27T15:14:42.297" intervalms="296.948">
  <response-info timems="1.773" idlems="1.773" threads="0" lastid="00000000004B4200" lastname="Equinox start level thread - Equinox Container: 33ae09b4-fb08-4" />
</exclusive-start>
<af-start id="979" threadId="00000000004B4B80" totalBytesRequested="72" timestamp="2020-08-27T15:14:42.298" intervalms="296.950" type="nursery" />
<cycle-start id="980" type="scavenge" contextid="0" timestamp="2020-08-27T15:14:42.299" intervalms="296.943" />
<gc-start id="981" type="scavenge" contextid="980" timestamp="2020-08-27T15:14:42.299">
  <mem-info id="982" free="3351776" total="37683200" percent="8">
    <mem type="nursery" free="0" total="24248320" percent="0">
      <mem type="allocate" free="0" total="19791872" percent="0" />
      <mem type="survivor" free="0" total="4456448" percent="0" />
    </mem>
    <mem type="tenure" free="3351776" total="13434880" percent="24">
      <mem type="soa" free="2680032" total="12763136" percent="20" />
      <mem type="loa" free="671744" total="671744" percent="100" />
    </mem>
    <remembered-set count="760" />
  </mem-info>
</gc-start>
<allocation-stats totalBytes="17750512" >
  <allocated-bytes non-tlh="16" tlh="17750496" />
  <largest-consumer threadName="Equinox start level thread - Equinox Container: 33ae09b4-fb08-4969-9834-b6ffe1c8cf84" threadId="00000000004B4200" bytes="10938384" />
</allocation-stats>
<gc-op id="983" type="scavenge" timems="13.199" contextid="980" timestamp="2020-08-27T15:14:42.312">
  <scavenger-info tenureage="13" tenuremask="6000" tiltratio="81" />
  <memory-copied type="nursery" objects="41035" bytes="1879280" bytesdiscarded="216344" />
</gc-op>
<gc-end id="984" type="scavenge" contextid="980" durationms="14.161" usertimems="8.733" systemtimems="3.026" timestamp="2020-08-27T15:14:42.313" activeThreads="2">
  <mem-info id="985" free="22162136" total="37683200" percent="58">
    <mem type="nursery" free="18810360" total="24248320" percent="77">
      <mem type="allocate" free="18810360" total="20905984" percent="89" />
      <mem type="survivor" free="0" total="3342336" percent="0" />
    </mem>
    <mem type="tenure" free="3351776" total="13434880" percent="24">
      <mem type="soa" free="2680032" total="12763136" percent="20" />
      <mem type="loa" free="671744" total="671744" percent="100" />
    </mem>
    <remembered-set count="759" />
  </mem-info>
</gc-end>
<cycle-end id="986" type="scavenge" contextid="980" timestamp="2020-08-27T15:14:42.313" />
<allocation-satisfied id="987" threadId="00000000004B4200" bytesRequested="72" />
<af-end id="988" timestamp="2020-08-27T15:14:42.314" threadId="00000000004B4B80" success="true" from="nursery"/>
<exclusive-end id="989" timestamp="2020-08-27T15:14:42.314" durationms="16.199" />

<exclusive-start id="990" timestamp="2020-08-27T15:14:42.423" intervalms="125.036">
  <response-info timems="1.545" idlems="0.881" threads="1" lastid="00000000004B4200" lastname="Equinox start level thread - Equinox Container: 33ae09b4-fb08-4" />
</exclusive-start>
<af-start id="991" threadId="0000000000477680" totalBytesRequested="48" timestamp="2020-08-27T15:14:42.423" intervalms="124.439" type="nursery" />
<cycle-start id="992" type="scavenge" contextid="0" timestamp="2020-08-27T15:14:42.423" intervalms="124.381" />
<gc-start id="993" type="scavenge" contextid="992" timestamp="2020-08-27T15:14:42.423">
  <mem-info id="994" free="3351776" total="37683200" percent="8">
    <mem type="nursery" free="0" total="24248320" percent="0">
      <mem type="allocate" free="0" total="20905984" percent="0" />
      <mem type="survivor" free="0" total="3342336" percent="0" />
    </mem>
    <mem type="tenure" free="3351776" total="13434880" percent="24">
      <mem type="soa" free="2680032" total="12763136" percent="20" />
      <mem type="loa" free="671744" total="671744" percent="100" />
    </mem>
    <remembered-set count="777" />
  </mem-info>
</gc-start>
<allocation-stats totalBytes="18794096" >
  <allocated-bytes non-tlh="72" tlh="18794024" />
  <largest-consumer threadName="Equinox start level thread - Equinox Container: 33ae09b4-fb08-4969-9834-b6ffe1c8cf84" threadId="00000000004B4200" bytes="9966968" />
</allocation-stats>
<gc-op id="995" type="scavenge" timems="18.260" contextid="992" timestamp="2020-08-27T15:14:42.442">
  <scavenger-info tenureage="14" tenuremask="4000" tiltratio="86" />
  <memory-copied type="nursery" objects="33246" bytes="1122576" bytesdiscarded="147192" />
</gc-op>
<heap-resize id="996" type="expand" space="nursery" amount="1835008" count="1" timems="0.153" reason="excessive time being spent scavenging" timestamp="2020-08-27T15:14:42.442" />
<gc-end id="997" type="scavenge" contextid="992" durationms="18.974" usertimems="15.739" systemtimems="1.660" timestamp="2020-08-27T15:14:42.442" activeThreads="2">
  <mem-info id="998" free="24822992" total="39518208" percent="62">
    <mem type="nursery" free="21471216" total="26083328" percent="82">
      <mem type="allocate" free="21471216" total="22740992" percent="94" />
      <mem type="survivor" free="0" total="3342336" percent="0" />
    </mem>
    <mem type="tenure" free="3351776" total="13434880" percent="24">
      <mem type="soa" free="2680032" total="12763136" percent="20" />
      <mem type="loa" free="671744" total="671744" percent="100" />
    </mem>
    <remembered-set count="776" />
  </mem-info>
</gc-end>
<cycle-end id="999" type="scavenge" contextid="992" timestamp="2020-08-27T15:14:42.443" />
<allocation-satisfied id="1000" threadId="0000000000476D00" bytesRequested="48" />
<af-end id="1001" timestamp="2020-08-27T15:14:42.443" threadId="0000000000477680" success="true" from="nursery"/>
<exclusive-end id="1002" timestamp="2020-08-27T15:14:42.443" durationms="20.671" />

<exclusive-start id="1003" timestamp="2020-08-27T15:14:42.698" intervalms="275.013">
  <response-info timems="0.371" idlems="0.253" threads="1" lastid="00000000004B4200" lastname="Equinox start level thread - Equinox Container: 33ae09b4-fb08-4" />
</exclusive-start>
<af-start id="1004" threadId="0000000000477680" totalBytesRequested="24" timestamp="2020-08-27T15:14:42.698" intervalms="275.333" type="nursery" />
<cycle-start id="1005" type="scavenge" contextid="0" timestamp="2020-08-27T15:14:42.699" intervalms="275.423" />
<gc-start id="1006" type="scavenge" contextid="1005" timestamp="2020-08-27T15:14:42.699">
  <mem-info id="1007" free="3351776" total="39518208" percent="8">
    <mem type="nursery" free="0" total="26083328" percent="0">
      <mem type="allocate" free="0" total="22740992" percent="0" />
      <mem type="survivor" free="0" total="3342336" percent="0" />
    </mem>
    <mem type="tenure" free="3351776" total="13434880" percent="24">
      <mem type="soa" free="2680032" total="12763136" percent="20" />
      <mem type="loa" free="671744" total="671744" percent="100" />
    </mem>
    <remembered-set count="810" />
  </mem-info>
</gc-start>
<allocation-stats totalBytes="21455296" >
  <allocated-bytes non-tlh="48" tlh="21455248" />
  <largest-consumer threadName="Equinox start level thread - Equinox Container: 33ae09b4-fb08-4969-9834-b6ffe1c8cf84" threadId="0000000000476D00" bytes="12347640" />
</allocation-stats>
<gc-op id="1008" type="scavenge" timems="14.328" contextid="1005" timestamp="2020-08-27T15:14:42.714">
  <scavenger-info tenureage="14" tenuremask="4000" tiltratio="87" />
  <memory-copied type="nursery" objects="46039" bytes="2033304" bytesdiscarded="76328" />
  <memory-copied type="tenure" objects="600" bytes="18240" bytesdiscarded="0" />
</gc-op>
<gc-end id="1009" type="scavenge" contextid="1005" durationms="14.891" usertimems="14.801" systemtimems="0.000" timestamp="2020-08-27T15:14:42.714" activeThreads="2">
  <mem-info id="1010" free="24179744" total="39518208" percent="61">
    <mem type="nursery" free="20827968" total="26083328" percent="79">
      <mem type="allocate" free="20827968" total="22937600" percent="90" />
      <mem type="survivor" free="0" total="3145728" percent="0" />
    </mem>
    <mem type="tenure" free="3351776" total="13434880" percent="24">
      <mem type="soa" free="2680032" total="12763136" percent="20" />
      <mem type="loa" free="671744" total="671744" percent="100" />
    </mem>
    <remembered-set count="815" />
  </mem-info>
</gc-end>
<cycle-end id="1011" type="scavenge" contextid="1005" timestamp="2020-08-27T15:14:42.714" />
<allocation-satisfied id="1012" threadId="0000000000476D00" bytesRequested="24" />
<af-end id="1013" timestamp="2020-08-27T15:14:42.715" threadId="0000000000477680" success="true" from="nursery"/>
<exclusive-end id="1014" timestamp="2020-08-27T15:14:42.715" durationms="17.115" />

<exclusive-start id="1015" timestamp="2020-08-27T15:14:42.888" intervalms="190.808">
  <response-info timems="0.263" idlems="0.155" threads="1" lastid="00000000004B4200" lastname="Equinox start level thread - Equinox Container: 33ae09b4-fb08-4" />
</exclusive-start>
<af-start id="1016" threadId="0000000000477680" totalBytesRequested="16" timestamp="2020-08-27T15:14:42.889" intervalms="190.327" type="nursery" />
<cycle-start id="1017" type="scavenge" contextid="0" timestamp="2020-08-27T15:14:42.889" intervalms="190.172" />
<gc-start id="1018" type="scavenge" contextid="1017" timestamp="2020-08-27T15:14:42.889">
  <mem-info id="1019" free="3351776" total="39518208" percent="8">
    <mem type="nursery" free="0" total="26083328" percent="0">
      <mem type="allocate" free="0" total="22937600" percent="0" />
      <mem type="survivor" free="0" total="3145728" percent="0" />
    </mem>
    <mem type="tenure" free="3351776" total="13434880" percent="24">
      <mem type="soa" free="2680032" total="12763136" percent="20" />
      <mem type="loa" free="671744" total="671744" percent="100" />
    </mem>
    <remembered-set count="831" />
  </mem-info>
</gc-start>
<allocation-stats totalBytes="20810752" >
  <allocated-bytes non-tlh="24" tlh="20810728" />
  <largest-consumer threadName="Equinox start level thread - Equinox Container: 33ae09b4-fb08-4969-9834-b6ffe1c8cf84" threadId="0000000000476D00" bytes="10760152" />
</allocation-stats>
<gc-op id="1020" type="scavenge" timems="6.274" contextid="1017" timestamp="2020-08-27T15:14:42.895">
  <scavenger-info tenureage="14" tenuremask="4000" tiltratio="87" />
  <memory-copied type="nursery" objects="39220" bytes="1555104" bytesdiscarded="174208" />
  <memory-copied type="tenure" objects="2493" bytes="76544" bytesdiscarded="24" />
</gc-op>
<gc-end id="1021" type="scavenge" contextid="1017" durationms="7.029" usertimems="9.591" systemtimems="1.931" timestamp="2020-08-27T15:14:42.896" activeThreads="2">
  <mem-info id="1022" free="24625344" total="39518208" percent="62">
    <mem type="nursery" free="21404896" total="26083328" percent="82">
      <mem type="allocate" free="21404896" total="23134208" percent="92" />
      <mem type="survivor" free="0" total="2949120" percent="0" />
    </mem>
    <mem type="tenure" free="3220448" total="13434880" percent="23">
      <mem type="soa" free="2548704" total="12763136" percent="19" />
      <mem type="loa" free="671744" total="671744" percent="100" />
    </mem>
    <remembered-set count="835" />
  </mem-info>
</gc-end>
<cycle-end id="1023" type="scavenge" contextid="1017" timestamp="2020-08-27T15:14:42.897" />
<allocation-satisfied id="1024" threadId="0000000000476D00" bytesRequested="16" />
<af-end id="1025" timestamp="2020-08-27T15:14:42.897" threadId="0000000000477680" success="true" from="nursery"/>
<exclusive-end id="1026" timestamp="2020-08-27T15:14:42.898" durationms="8.614" />

<exclusive-start id="1027" timestamp="2020-08-27T15:14:43.061" intervalms="172.889">
  <response-info timems="0.198" idlems="0.198" threads="0" lastid="00000000004B4200" lastname="Equinox start level thread - Equinox Container: 33ae09b4-fb08-4" />
</exclusive-start>
<af-start id="1028" threadId="00000000004B4B80" totalBytesRequested="264" timestamp="2020-08-27T15:14:43.061" intervalms="172.898" type="nursery" />
<cycle-start id="1029" type="scavenge" contextid="0" timestamp="2020-08-27T15:14:43.062" intervalms="172.928" />
<gc-start id="1030" type="scavenge" contextid="1029" timestamp="2020-08-27T15:14:43.062">
  <mem-info id="1031" free="3220448" total="39518208" percent="8">
    <mem type="nursery" free="0" total="26083328" percent="0">
      <mem type="allocate" free="0" total="23134208" percent="0" />
      <mem type="survivor" free="0" total="2949120" percent="0" />
    </mem>
    <mem type="tenure" free="3220448" total="13434880" percent="23">
      <mem type="soa" free="2548704" total="12763136" percent="19" />
      <mem type="loa" free="671744" total="671744" percent="100" />
    </mem>
    <remembered-set count="873" />
  </mem-info>
</gc-start>
<allocation-stats totalBytes="21390184" >
  <allocated-bytes non-tlh="16" tlh="21390168" />
  <largest-consumer threadName="Equinox start level thread - Equinox Container: 33ae09b4-fb08-4969-9834-b6ffe1c8cf84" threadId="00000000004B4200" bytes="14386832" />
</allocation-stats>
<gc-op id="1032" type="scavenge" timems="11.822" contextid="1029" timestamp="2020-08-27T15:14:43.074">
  <scavenger-info tenureage="14" tenuremask="4000" tiltratio="88" />
  <memory-copied type="nursery" objects="53979" bytes="1744600" bytesdiscarded="110888" />
  <memory-copied type="tenure" objects="1959" bytes="55888" bytesdiscarded="0" />
  <references type="weak" candidates="2" cleared="2" enqueued="2" />
</gc-op>
<heap-resize id="1033" type="expand" space="nursery" amount="1048576" count="1" timems="0.147" reason="excessive time being spent scavenging" timestamp="2020-08-27T15:14:43.074" />
<gc-end id="1034" type="scavenge" contextid="1029" durationms="12.465" usertimems="20.771" systemtimems="2.358" timestamp="2020-08-27T15:14:43.074" activeThreads="2">
  <mem-info id="1035" free="25613280" total="40566784" percent="63">
    <mem type="nursery" free="22392832" total="27131904" percent="82">
      <mem type="allocate" free="22392832" total="24248320" percent="92" />
      <mem type="survivor" free="0" total="2883584" percent="0" />
    </mem>
    <mem type="tenure" free="3220448" total="13434880" percent="23">
      <mem type="soa" free="2548704" total="12763136" percent="19" />
      <mem type="loa" free="671744" total="671744" percent="100" />
    </mem>
    <pending-finalizers system="0" default="0" reference="2" classloader="0" />
    <remembered-set count="792" />
  </mem-info>
</gc-end>
<cycle-end id="1036" type="scavenge" contextid="1029" timestamp="2020-08-27T15:14:43.075" />
<allocation-satisfied id="1037" threadId="00000000004B4200" bytesRequested="264" />
<af-end id="1038" timestamp="2020-08-27T15:14:43.075" threadId="00000000004B4B80" success="true" from="nursery"/>
<exclusive-end id="1039" timestamp="2020-08-27T15:14:43.075" durationms="13.897" />

<exclusive-start id="1040" timestamp="2020-08-27T15:14:43.389" intervalms="327.545">
  <response-info timems="0.196" idlems="0.196" threads="0" lastid="00000000004B4200" lastname="Equinox start level thread - Equinox Container: 33ae09b4-fb08-4" />
</exclusive-start>
<af-start id="1041" threadId="00000000004B4B80" totalBytesRequested="72" timestamp="2020-08-27T15:14:43.389" intervalms="327.531" type="nursery" />
<cycle-start id="1042" type="scavenge" contextid="0" timestamp="2020-08-27T15:14:43.389" intervalms="327.467" />
<gc-start id="1043" type="scavenge" contextid="1042" timestamp="2020-08-27T15:14:43.389">
  <mem-info id="1044" free="3181528" total="40566784" percent="7">
    <mem type="nursery" free="0" total="27131904" percent="0">
      <mem type="allocate" free="0" total="24248320" percent="0" />
      <mem type="survivor" free="0" total="2883584" percent="0" />
    </mem>
    <mem type="tenure" free="3181528" total="13434880" percent="23">
      <mem type="soa" free="2509784" total="12763136" percent="19" />
      <mem type="loa" free="671744" total="671744" percent="100" />
    </mem>
    <remembered-set count="1350" />
  </mem-info>
</gc-start>
<allocation-stats totalBytes="22416312" >
  <allocated-bytes non-tlh="38432" tlh="22377880" />
  <largest-consumer threadName="Equinox start level thread - Equinox Container: 33ae09b4-fb08-4969-9834-b6ffe1c8cf84" threadId="0000000000476D00" bytes="19175792" />
</allocation-stats>
<gc-op id="1045" type="scavenge" timems="12.064" contextid="1042" timestamp="2020-08-27T15:14:43.402">
  <scavenger-info tenureage="10" tenuremask="5400" tiltratio="89" />
  <memory-copied type="nursery" objects="83706" bytes="2882664" bytesdiscarded="352" />
  <memory-copied type="tenure" objects="9975" bytes="296648" bytesdiscarded="576" />
  <copy-failed type="nursery" objects="177" bytes="6440" />
  <finalization candidates="23" enqueued="0" />
  <ownableSynchronizers candidates="6" cleared="0" />
  <references type="soft" candidates="39" cleared="0" enqueued="0" dynamicThreshold="10" maxThreshold="32" />
  <references type="weak" candidates="314" cleared="175" enqueued="161" />
  <references type="phantom" candidates="9" cleared="0" enqueued="0" />
</gc-op>
<gc-end id="1046" type="scavenge" contextid="1042" durationms="12.527" usertimems="18.996" systemtimems="0.020" timestamp="2020-08-27T15:14:43.402" activeThreads="2">
  <mem-info id="1047" free="22824408" total="40566784" percent="56">
    <mem type="nursery" free="19922944" total="27131904" percent="73">
      <mem type="allocate" free="19922944" total="22806528" percent="87" />
      <mem type="survivor" free="0" total="4325376" percent="0" />
    </mem>
    <mem type="tenure" free="2901464" total="13434880" percent="21">
      <mem type="soa" free="2229720" total="12763136" percent="17" />
      <mem type="loa" free="671744" total="671744" percent="100" />
    </mem>
    <pending-finalizers system="0" default="0" reference="161" classloader="0" />
    <remembered-set count="1149" />
  </mem-info>
</gc-end>
<cycle-end id="1048" type="scavenge" contextid="1042" timestamp="2020-08-27T15:14:43.402" />
<allocation-satisfied id="1049" threadId="00000000004B4200" bytesRequested="72" />
<af-end id="1050" timestamp="2020-08-27T15:14:43.403" threadId="00000000004B4B80" success="true" from="nursery"/>
<exclusive-end id="1051" timestamp="2020-08-27T15:14:43.403" durationms="14.145" />

<exclusive-start id="1052" timestamp="2020-08-27T15:14:46.009" intervalms="2620.477">
  <response-info timems="0.269" idlems="0.175" threads="1" lastid="0000000000018A00" lastname="JIT Compilation Thread-000" />
</exclusive-start>
<af-start id="1053" threadId="000000000068B580" totalBytesRequested="8200" timestamp="2020-08-27T15:14:46.009" intervalms="2620.511" type="nursery" />
<cycle-start id="1054" type="scavenge" contextid="0" timestamp="2020-08-27T15:14:46.010" intervalms="2620.923" />
<gc-start id="1055" type="scavenge" contextid="1054" timestamp="2020-08-27T15:14:46.010">
  <mem-info id="1056" free="2608832" total="40566784" percent="6">
    <mem type="nursery" free="0" total="27131904" percent="0">
      <mem type="allocate" free="0" total="22806528" percent="0" />
      <mem type="survivor" free="0" total="4325376" percent="0" />
    </mem>
    <mem type="tenure" free="2608832" total="13434880" percent="19">
      <mem type="soa" free="1937088" total="12763136" percent="15" />
      <mem type="loa" free="671744" total="671744" percent="100" />
    </mem>
    <remembered-set count="4317" />
  </mem-info>
</gc-start>
<allocation-stats totalBytes="20195520" >
  <allocated-bytes non-tlh="374696" tlh="19820824" />
  <largest-consumer threadName="Default Executor-thread-1" threadId="000000000068AC00" bytes="12086864" />
</allocation-stats>
<gc-op id="1057" type="scavenge" timems="33.802" contextid="1054" timestamp="2020-08-27T15:14:46.044">
  <scavenger-info tenureage="14" tenuremask="4000" tiltratio="84" />
  <memory-copied type="nursery" objects="102196" bytes="4319496" bytesdiscarded="792" />
  <memory-copied type="tenure" objects="60594" bytes="2170016" bytesdiscarded="1448" />
  <copy-failed type="nursery" objects="60594" bytes="2172920" />
  <finalization candidates="47" enqueued="0" />
  <ownableSynchronizers candidates="880" cleared="393" />
  <references type="soft" candidates="431" cleared="0" enqueued="0" dynamicThreshold="10" maxThreshold="32" />
  <references type="weak" candidates="788" cleared="160" enqueued="117" />
  <references type="phantom" candidates="38" cleared="0" enqueued="0" />
  <heap-resize type="expand" space="tenure" amount="327680" count="5" timems="1.612" reason="continue current collection" />
</gc-op>
<gc-end id="1058" type="scavenge" contextid="1054" durationms="34.819" usertimems="48.873" systemtimems="6.828" timestamp="2020-08-27T15:14:46.045" activeThreads="2">
  <mem-info id="1059" free="12746752" total="40894464" percent="31">
    <mem type="nursery" free="12058624" total="27131904" percent="44">
      <mem type="allocate" free="12058624" total="16384000" percent="73" />
      <mem type="survivor" free="0" total="10747904" percent="0" />
    </mem>
    <mem type="tenure" free="688128" total="13762560" percent="5">
      <mem type="soa" free="0" total="13074432" percent="0" />
      <mem type="loa" free="688128" total="688128" percent="100" />
    </mem>
    <pending-finalizers system="0" default="0" reference="117" classloader="0" />
    <remembered-set count="7228" />
  </mem-info>
</gc-end>
<cycle-end id="1060" type="scavenge" contextid="1054" timestamp="2020-08-27T15:14:46.046" />
<allocation-satisfied id="1061" threadId="000000000068AC00" bytesRequested="8200" />
<af-end id="1062" timestamp="2020-08-27T15:14:46.046" threadId="000000000068B580" success="true" from="nursery"/>
<exclusive-end id="1063" timestamp="2020-08-27T15:14:46.046" durationms="37.243" />

<concurrent-kickoff id="1064" timestamp="2020-08-27T15:14:46.502">
  <kickoff reason="threshold reached" targetBytes="4591643" thresholdFreeBytes="639053"  remainingFree="520184" tenureFreeBytes="688128" nurseryFreeBytes="520184" />
</concurrent-kickoff>
<exclusive-start id="1065" timestamp="2020-08-27T15:14:46.503" intervalms="494.025">
  <response-info timems="0.128" idlems="0.128" threads="0" lastid="000000000068AC00" lastname="Default Executor-thread-1" />
</exclusive-start>
<cycle-start id="1066" type="global" contextid="0" timestamp="2020-08-27T15:14:46.503" intervalms="6046.218" />
<exclusive-end id="1067" timestamp="2020-08-27T15:14:46.504" durationms="0.278" />

<exclusive-start id="1068" timestamp="2020-08-27T15:14:46.583" intervalms="79.343">
  <response-info timems="0.094" idlems="0.094" threads="0" lastid="000000000068AC00" lastname="Default Executor-thread-1" />
</exclusive-start>
<af-start id="1069" threadId="000000000068B580" totalBytesRequested="24" timestamp="2020-08-27T15:14:46.583" intervalms="573.465" type="nursery" />
<cycle-start id="1070" type="scavenge" contextid="0" timestamp="2020-08-27T15:14:46.584" intervalms="573.796" />
<gc-start id="1071" type="scavenge" contextid="1070" timestamp="2020-08-27T15:14:46.587">
  <mem-info id="1072" free="688128" total="40894464" percent="1">
    <mem type="nursery" free="0" total="27131904" percent="0">
      <mem type="allocate" free="0" total="16384000" percent="0" />
      <mem type="survivor" free="0" total="10747904" percent="0" />
    </mem>
    <mem type="tenure" free="688128" total="13762560" percent="5">
      <mem type="soa" free="0" total="13074432" percent="0" />
      <mem type="loa" free="688128" total="688128" percent="100" />
    </mem>
    <remembered-set count="7231" />
  </mem-info>
</gc-start>
<allocation-stats totalBytes="12056576" >
  <allocated-bytes non-tlh="8200" tlh="12048376" />
  <largest-consumer threadName="Default Executor-thread-1" threadId="000000000068AC00" bytes="12028032" />
</allocation-stats>
<gc-op id="1073" type="scavenge" timems="63.443" contextid="1070" timestamp="2020-08-27T15:14:46.651">
  <scavenger-info tenureage="14" tenuremask="4000" tiltratio="60" />
  <memory-copied type="nursery" objects="103772" bytes="4379848" bytesdiscarded="58688" />
  <finalization candidates="26" enqueued="0" />
  <ownableSynchronizers candidates="476" cleared="1" />
  <references type="soft" candidates="431" cleared="0" enqueued="0" dynamicThreshold="10" maxThreshold="32" />
  <references type="weak" candidates="630" cleared="0" enqueued="0" />
  <references type="phantom" candidates="37" cleared="0" enqueued="0" />
</gc-op>
<heap-resize id="1074" type="expand" space="nursery" amount="1441792" count="1" timems="0.117" reason="excessive time being spent scavenging" timestamp="2020-08-27T15:14:46.651" />
<gc-end id="1075" type="scavenge" contextid="1070" durationms="64.705" usertimems="34.747" systemtimems="7.377" timestamp="2020-08-27T15:14:46.652" activeThreads="2">
  <mem-info id="1076" free="14334208" total="42336256" percent="33">
    <mem type="nursery" free="13646080" total="28573696" percent="47">
      <mem type="allocate" free="13646080" total="18087936" percent="75" />
      <mem type="survivor" free="0" total="10485760" percent="0" />
    </mem>
    <mem type="tenure" free="688128" total="13762560" percent="5">
      <mem type="soa" free="0" total="13074432" percent="0" />
      <mem type="loa" free="688128" total="688128" percent="100" />
    </mem>
    <remembered-set count="6935" />
  </mem-info>
</gc-end>
<cycle-end id="1077" type="scavenge" contextid="1070" timestamp="2020-08-27T15:14:46.652" />
<allocation-satisfied id="1078" threadId="000000000068AC00" bytesRequested="24" />
<af-end id="1079" timestamp="2020-08-27T15:14:46.660" threadId="000000000068B580" success="true" from="nursery"/>
<exclusive-end id="1080" timestamp="2020-08-27T15:14:46.660" durationms="77.823" />

<exclusive-start id="1081" timestamp="2020-08-27T15:14:46.667" intervalms="83.967">
  <response-info timems="0.500" idlems="0.500" threads="0" lastid="000000000068AC00" lastname="Default Executor-thread-1" />
</exclusive-start>
<af-start id="1082" threadId="000000000068B580" totalBytesRequested="88" timestamp="2020-08-27T15:14:46.667" intervalms="84.246" type="tenure" />
<gc-start id="1083" type="global" contextid="1066" timestamp="2020-08-27T15:14:46.668">
  <mem-info id="1084" free="14248168" total="42336256" percent="33">
    <mem type="nursery" free="13560040" total="28573696" percent="47">
      <mem type="allocate" free="13560040" total="18087936" percent="74" />
      <mem type="survivor" free="0" total="10485760" percent="0" />
    </mem>
    <mem type="tenure" free="688128" total="13762560" percent="5">
      <mem type="soa" free="0" total="13074432" percent="0" />
      <mem type="loa" free="688128" total="688128" percent="100" />
    </mem>
    <remembered-set count="6936" />
  </mem-info>
</gc-start>
<allocation-stats totalBytes="86016" >
  <allocated-bytes non-tlh="24" tlh="85992" />
  <largest-consumer threadName="Default Executor-thread-1" threadId="000000000068AC00" bytes="65560" />
</allocation-stats>
<concurrent-halted id="1085" timestamp="2020-08-27T15:14:46.668">
  <halted state="Complete" status="exhausted" />
  <traced bytesTarget="4585941" bytesTotal="4473768" bytesByMutator="1226752" bytesByHelper="3247016" percent="97" />
  <cards cleaned="73" thresholdBytes="251747" />
</concurrent-halted>
<gc-op id="1086" type="rs-scan" timems="15.923" contextid="1066" timestamp="2020-08-27T15:14:46.684">
  <scan objectsFound="3937" bytesTraced="3636256" workStackOverflowCount="0" />
</gc-op>
<gc-op id="1087" type="card-cleaning" timems="0.661" contextid="1066" timestamp="2020-08-27T15:14:46.685">
  <card-cleaning cardsCleaned="3" bytesTraced="60012" workStackOverflowCount="0" />
</gc-op>
<gc-op id="1088" type="mark" timems="7.409" contextid="1066" timestamp="2020-08-27T15:14:46.693">
  <trace-info objectcount="3664" scancount="3164" scanbytes="87800" />
  <finalization candidates="121" enqueued="0" />
  <ownableSynchronizers candidates="881" cleared="2" />
  <references type="soft" candidates="4126" cleared="0" enqueued="0" dynamicThreshold="10" maxThreshold="32" />
  <references type="weak" candidates="5104" cleared="342" enqueued="331" />
  <references type="phantom" candidates="77" cleared="0" enqueued="0" />
  <stringconstants candidates="10850" cleared="1"  />
</gc-op>
<gc-op id="1089" type="classunload" timems="0.161" contextid="1066" timestamp="2020-08-27T15:14:46.693">
  <classunload-info classloadercandidates="31" classloadersunloaded="0" classesunloaded="0" anonymousclassesunloaded="0" quiescems="0.000" setupms="0.127" scanms="0.024" postms="0.010" />
</gc-op>
<gc-op id="1090" type="sweep" timems="6.876" contextid="1066" timestamp="2020-08-27T15:14:46.700" />
<gc-end id="1091" type="global" contextid="1066" durationms="33.012" usertimems="19.960" systemtimems="8.116" timestamp="2020-08-27T15:14:46.701" activeThreads="2">
  <mem-info id="1092" free="17869056" total="42336256" percent="42">
    <mem type="nursery" free="13708280" total="28573696" percent="47">
      <mem type="allocate" free="13708280" total="18087936" percent="75" />
      <mem type="survivor" free="0" total="10485760" percent="0" />
    </mem>
    <mem type="tenure" free="4160776" total="13762560" percent="30" micro-fragmented="186327" macro-fragmented="0">
      <mem type="soa" free="3472648" total="13074432" percent="26" />
      <mem type="loa" free="688128" total="688128" percent="100" />
    </mem>
    <pending-finalizers system="0" default="0" reference="331" classloader="0" />
    <remembered-set count="6245" />
  </mem-info>
</gc-end>
<cycle-end id="1093" type="global" contextid="1066" timestamp="2020-08-27T15:14:46.701" />
<allocation-satisfied id="1094" threadId="000000000068AC00" bytesRequested="88" />
<af-end id="1095" timestamp="2020-08-27T15:14:46.702" threadId="000000000068B580" success="true" from="tenure-soa"/>
<exclusive-end id="1096" timestamp="2020-08-27T15:14:46.702" durationms="35.346" />

<exclusive-start id="1097" timestamp="2020-08-27T15:14:47.377" intervalms="710.762">
  <response-info timems="0.101" idlems="0.101" threads="0" lastid="000000000068AC00" lastname="Default Executor-thread-1" />
</exclusive-start>
<af-start id="1098" threadId="000000000068B580" totalBytesRequested="32" timestamp="2020-08-27T15:14:47.378" intervalms="710.352" type="nursery" />
<cycle-start id="1099" type="scavenge" contextid="0" timestamp="2020-08-27T15:14:47.378" intervalms="793.884" />
<gc-start id="1100" type="scavenge" contextid="1099" timestamp="2020-08-27T15:14:47.378">
  <mem-info id="1101" free="4155024" total="42336256" percent="9">
    <mem type="nursery" free="0" total="28573696" percent="0">
      <mem type="allocate" free="0" total="18087936" percent="0" />
      <mem type="survivor" free="0" total="10485760" percent="0" />
    </mem>
    <mem type="tenure" free="4155024" total="13762560" percent="30">
      <mem type="soa" free="3466896" total="13074432" percent="26" />
      <mem type="loa" free="688128" total="688128" percent="100" />
    </mem>
    <remembered-set count="6815" />
  </mem-info>
</gc-start>
<allocation-stats totalBytes="13704136" >
  <allocated-bytes non-tlh="55024" tlh="13649112" />
  <largest-consumer threadName="Default Executor-thread-1" threadId="000000000068AC00" bytes="13683680" />
</allocation-stats>
<gc-op id="1102" type="scavenge" timems="26.824" contextid="1099" timestamp="2020-08-27T15:14:47.405">
  <scavenger-info tenureage="2" tenuremask="400c" tiltratio="63" />
  <memory-copied type="nursery" objects="27827" bytes="945296" bytesdiscarded="175048" />
  <memory-copied type="tenure" objects="98573" bytes="4202552" bytesdiscarded="4712" />
  <finalization candidates="26" enqueued="0" />
  <ownableSynchronizers candidates="1759" cleared="1284" />
  <references type="soft" candidates="2" cleared="0" enqueued="0" dynamicThreshold="9" maxThreshold="32" />
  <references type="weak" candidates="20" cleared="13" enqueued="13" />
  <heap-resize type="expand" space="tenure" amount="851968" count="13" timems="2.998" reason="continue current collection" />
</gc-op>
<gc-end id="1103" type="scavenge" contextid="1099" durationms="27.231" usertimems="22.460" systemtimems="9.205" timestamp="2020-08-27T15:14:47.405" activeThreads="2">
  <mem-info id="1104" free="19271424" total="43188224" percent="44">
    <mem type="nursery" free="18540288" total="28573696" percent="64">
      <mem type="allocate" free="18540288" total="19660800" percent="94" />
      <mem type="survivor" free="0" total="8912896" percent="0" />
    </mem>
    <mem type="tenure" free="731136" total="14614528" percent="5">
      <mem type="soa" free="0" total="13883392" percent="0" />
      <mem type="loa" free="731136" total="731136" percent="100" />
    </mem>
    <pending-finalizers system="0" default="0" reference="13" classloader="0" />
    <remembered-set count="2186" />
  </mem-info>
</gc-end>
<cycle-end id="1105" type="scavenge" contextid="1099" timestamp="2020-08-27T15:14:47.406" />
<allocation-satisfied id="1106" threadId="000000000068AC00" bytesRequested="32" />
<af-end id="1107" timestamp="2020-08-27T15:14:47.406" threadId="000000000068B580" success="true" from="nursery"/>
<exclusive-end id="1108" timestamp="2020-08-27T15:14:47.406" durationms="28.732" />

<exclusive-start id="1109" timestamp="2020-08-27T15:14:47.413" intervalms="35.202">
  <response-info timems="0.865" idlems="0.585" threads="1" lastid="0000000000018A00" lastname="JIT Compilation Thread-000" />
</exclusive-start>
<af-start id="1110" threadId="0000000000607A80" totalBytesRequested="88" timestamp="2020-08-27T15:14:47.413" intervalms="35.380" type="tenure" />
<cycle-start id="1111" type="global" contextid="0" timestamp="2020-08-27T15:14:47.413" intervalms="909.699" />
<gc-start id="1112" type="global" contextid="1111" timestamp="2020-08-27T15:14:47.413">
  <mem-info id="1113" free="19058400" total="43188224" percent="44">
    <mem type="nursery" free="18327264" total="28573696" percent="64">
      <mem type="allocate" free="18327264" total="19660800" percent="93" />
      <mem type="survivor" free="0" total="8912896" percent="0" />
    </mem>
    <mem type="tenure" free="731136" total="14614528" percent="5">
      <mem type="soa" free="0" total="13883392" percent="0" />
      <mem type="loa" free="731136" total="731136" percent="100" />
    </mem>
    <remembered-set count="2187" />
  </mem-info>
</gc-start>
<allocation-stats totalBytes="212912" >
  <allocated-bytes non-tlh="32" tlh="212880" />
  <largest-consumer threadName="Default Executor-thread-1" threadId="000000000068AC00" bytes="208816" />
</allocation-stats>
<gc-op id="1114" type="mark" timems="27.060" contextid="1111" timestamp="2020-08-27T15:14:47.441">
  <trace-info objectcount="353224" scancount="293160" scanbytes="8526948" />
  <finalization candidates="121" enqueued="0" />
  <ownableSynchronizers candidates="879" cleared="0" />
  <references type="soft" candidates="4128" cleared="0" enqueued="0" dynamicThreshold="9" maxThreshold="32" />
  <references type="weak" candidates="4769" cleared="0" enqueued="0" />
  <references type="phantom" candidates="77" cleared="0" enqueued="0" />
  <stringconstants candidates="10904" cleared="0"  />
</gc-op>
<gc-op id="1115" type="sweep" timems="2.103" contextid="1111" timestamp="2020-08-27T15:14:47.443" />
<heap-resize id="1116" type="expand" space="tenure" amount="5111808" count="1" timems="0.118" reason="insufficient free space following gc" timestamp="2020-08-27T15:14:47.443" />
<gc-end id="1117" type="global" contextid="1111" durationms="30.242" usertimems="39.124" systemtimems="6.018" timestamp="2020-08-27T15:14:47.444" activeThreads="2">
  <mem-info id="1118" free="24517440" total="48300032" percent="50">
    <mem type="nursery" free="18570064" total="28573696" percent="64">
      <mem type="allocate" free="18570064" total="19660800" percent="94" />
      <mem type="survivor" free="0" total="8912896" percent="0" />
    </mem>
    <mem type="tenure" free="5947376" total="19726336" percent="30" micro-fragmented="180040" macro-fragmented="0">
      <mem type="soa" free="4960240" total="18739200" percent="26" />
      <mem type="loa" free="987136" total="987136" percent="100" />
    </mem>
    <remembered-set count="1867" />
  </mem-info>
</gc-end>
<cycle-end id="1119" type="global" contextid="1111" timestamp="2020-08-27T15:14:47.444" />
<allocation-satisfied id="1120" threadId="0000000000607100" bytesRequested="88" />
<af-end id="1121" timestamp="2020-08-27T15:14:47.444" threadId="0000000000607A80" success="true" from="tenure-soa"/>
<exclusive-end id="1122" timestamp="2020-08-27T15:14:47.444" durationms="31.689" />

<exclusive-start id="1123" timestamp="2020-08-27T15:14:48.965" intervalms="1552.658">
  <response-info timems="0.251" idlems="0.251" threads="0" lastid="000000000068AC00" lastname="Default Executor-thread-1" />
</exclusive-start>
<af-start id="1124" threadId="000000000068B580" totalBytesRequested="1344" timestamp="2020-08-27T15:14:48.965" intervalms="1552.561" type="nursery" />
<cycle-start id="1125" type="scavenge" contextid="0" timestamp="2020-08-27T15:14:48.966" intervalms="1588.039" />
<gc-start id="1126" type="scavenge" contextid="1125" timestamp="2020-08-27T15:14:48.966">
  <mem-info id="1127" free="5919152" total="48300032" percent="12">
    <mem type="nursery" free="0" total="28573696" percent="0">
      <mem type="allocate" free="0" total="19660800" percent="0" />
      <mem type="survivor" free="0" total="8912896" percent="0" />
    </mem>
    <mem type="tenure" free="5919152" total="19726336" percent="30">
      <mem type="soa" free="4932016" total="18739200" percent="26" />
      <mem type="loa" free="987136" total="987136" percent="100" />
    </mem>
    <remembered-set count="3288" />
  </mem-info>
</gc-start>
<allocation-stats totalBytes="18567832" >
  <allocated-bytes non-tlh="219944" tlh="18347888" />
  <largest-consumer threadName="Default Executor-thread-1" threadId="000000000068AC00" bytes="17918192" />
</allocation-stats>
<gc-op id="1128" type="scavenge" timems="31.644" contextid="1125" timestamp="2020-08-27T15:14:48.998">
  <scavenger-info tenureage="14" tenuremask="4000" tiltratio="68" />
  <memory-copied type="nursery" objects="67461" bytes="3436848" bytesdiscarded="28992" />
  <finalization candidates="1" enqueued="0" />
  <ownableSynchronizers candidates="1970" cleared="1856" />
  <references type="soft" candidates="66" cleared="0" enqueued="0" dynamicThreshold="9" maxThreshold="32" />
  <references type="weak" candidates="293" cleared="72" enqueued="49" />
  <references type="phantom" candidates="113" cleared="0" enqueued="0" />
</gc-op>
<gc-end id="1129" type="scavenge" contextid="1125" durationms="32.145" usertimems="43.654" systemtimems="6.920" timestamp="2020-08-27T15:14:48.998" activeThreads="2">
  <mem-info id="1130" free="22635040" total="48300032" percent="46">
    <mem type="nursery" free="16715888" total="28573696" percent="58">
      <mem type="allocate" free="16715888" total="20185088" percent="82" />
      <mem type="survivor" free="0" total="8388608" percent="0" />
    </mem>
    <mem type="tenure" free="5919152" total="19726336" percent="30">
      <mem type="soa" free="4932016" total="18739200" percent="26" />
      <mem type="loa" free="987136" total="987136" percent="100" />
    </mem>
    <pending-finalizers system="0" default="0" reference="49" classloader="0" />
    <remembered-set count="2976" />
  </mem-info>
</gc-end>
<cycle-end id="1131" type="scavenge" contextid="1125" timestamp="2020-08-27T15:14:48.999" />
<allocation-satisfied id="1132" threadId="000000000068AC00" bytesRequested="1344" />
<af-end id="1133" timestamp="2020-08-27T15:14:48.999" threadId="000000000068B580" success="true" from="nursery"/>
<exclusive-end id="1134" timestamp="2020-08-27T15:14:48.999" durationms="34.035" />

<exclusive-start id="1135" timestamp="2020-08-27T15:14:50.184" intervalms="1218.702">
  <response-info timems="0.272" idlems="0.272" threads="0" lastid="000000000068AC00" lastname="Default Executor-thread-1" />
</exclusive-start>
<af-start id="1136" threadId="000000000068B580" totalBytesRequested="17312" timestamp="2020-08-27T15:14:50.184" intervalms="1218.721" type="nursery" />
<cycle-start id="1137" type="scavenge" contextid="0" timestamp="2020-08-27T15:14:50.184" intervalms="1218.626" />
<gc-start id="1138" type="scavenge" contextid="1137" timestamp="2020-08-27T15:14:50.185">
  <mem-info id="1139" free="5918832" total="48300032" percent="12">
    <mem type="nursery" free="0" total="28573696" percent="0">
      <mem type="allocate" free="0" total="20185088" percent="0" />
      <mem type="survivor" free="0" total="8388608" percent="0" />
    </mem>
    <mem type="tenure" free="5918832" total="19726336" percent="30">
      <mem type="soa" free="4931696" total="18739200" percent="26" />
      <mem type="loa" free="987136" total="987136" percent="100" />
    </mem>
    <remembered-set count="4327" />
  </mem-info>
</gc-start>
<allocation-stats totalBytes="16600416" >
  <allocated-bytes non-tlh="2106272" tlh="14494144" />
  <largest-consumer threadName="Default Executor-thread-1" threadId="000000000068AC00" bytes="16179144" />
</allocation-stats>
<gc-op id="1140" type="scavenge" timems="10.784" contextid="1137" timestamp="2020-08-27T15:14:50.196">
  <scavenger-info tenureage="14" tenuremask="4000" tiltratio="70" />
  <memory-copied type="nursery" objects="82741" bytes="5597416" bytesdiscarded="140672" />
  <memory-copied type="tenure" objects="11" bytes="176" bytesdiscarded="0" />
  <finalization candidates="1" enqueued="0" />
  <ownableSynchronizers candidates="202" cleared="3" />
  <references type="soft" candidates="66" cleared="0" enqueued="0" dynamicThreshold="9" maxThreshold="32" />
  <references type="weak" candidates="390" cleared="0" enqueued="0" />
  <references type="phantom" candidates="145" cleared="0" enqueued="0" />
</gc-op>
<gc-end id="1141" type="scavenge" contextid="1137" durationms="11.367" usertimems="16.041" systemtimems="0.217" timestamp="2020-08-27T15:14:50.196" activeThreads="2">
  <mem-info id="1142" free="20480144" total="48300032" percent="42">
    <mem type="nursery" free="14571912" total="28573696" percent="50">
      <mem type="allocate" free="14571912" total="20316160" percent="71" />
      <mem type="survivor" free="0" total="8257536" percent="0" />
    </mem>
    <mem type="tenure" free="5908232" total="19726336" percent="29">
      <mem type="soa" free="4921096" total="18739200" percent="26" />
      <mem type="loa" free="987136" total="987136" percent="100" />
    </mem>
    <remembered-set count="3248" />
  </mem-info>
</gc-end>
<cycle-end id="1143" type="scavenge" contextid="1137" timestamp="2020-08-27T15:14:50.196" />
<allocation-satisfied id="1144" threadId="000000000068AC00" bytesRequested="17312" />
<af-end id="1145" timestamp="2020-08-27T15:14:50.197" threadId="000000000068B580" success="true" from="nursery"/>
<exclusive-end id="1146" timestamp="2020-08-27T15:14:50.197" durationms="12.881" />

<exclusive-start id="1147" timestamp="2020-08-27T15:14:50.202" intervalms="17.786">
  <response-info timems="0.214" idlems="0.214" threads="0" lastid="000000000068AC00" lastname="Default Executor-thread-1" />
</exclusive-start>
<af-start id="1148" threadId="000000000068B580" totalBytesRequested="45264" timestamp="2020-08-27T15:14:50.202" intervalms="17.693" type="nursery" />
<cycle-start id="1149" type="scavenge" contextid="0" timestamp="2020-08-27T15:14:50.202" intervalms="17.701" />
<gc-start id="1150" type="scavenge" contextid="1149" timestamp="2020-08-27T15:14:50.202">
  <mem-info id="1151" free="5908232" total="48300032" percent="12">
    <mem type="nursery" free="0" total="28573696" percent="0">
      <mem type="allocate" free="0" total="20316160" percent="0" />
      <mem type="survivor" free="0" total="8257536" percent="0" />
    </mem>
    <mem type="tenure" free="5908232" total="19726336" percent="29">
      <mem type="soa" free="4921096" total="18739200" percent="26" />
      <mem type="loa" free="987136" total="987136" percent="100" />
    </mem>
    <remembered-set count="3248" />
  </mem-info>
</gc-start>
<allocation-stats totalBytes="12657664" >
  <allocated-bytes non-tlh="59120" tlh="12598544" />
  <largest-consumer threadName="Default Executor-thread-1" threadId="000000000068AC00" bytes="12657664" />
</allocation-stats>
<gc-op id="1152" type="scavenge" timems="50.586" contextid="1149" timestamp="2020-08-27T15:14:50.253">
  <scavenger-info tenureage="3" tenuremask="4008" tiltratio="71" />
  <memory-copied type="nursery" objects="59821" bytes="4840440" bytesdiscarded="124824" />
  <memory-copied type="tenure" objects="22920" bytes="785616" bytesdiscarded="1384" />
  <finalization candidates="1" enqueued="0" />
  <ownableSynchronizers candidates="199" cleared="0" />
  <references type="soft" candidates="64" cleared="0" enqueued="0" dynamicThreshold="9" maxThreshold="32" />
  <references type="weak" candidates="385" cleared="0" enqueued="0" />
  <references type="phantom" candidates="145" cleared="0" enqueued="0" />
</gc-op>
<heap-resize id="1153" type="expand" space="nursery" amount="12713984" count="1" timems="0.177" reason="excessive time being spent scavenging" timestamp="2020-08-27T15:14:50.254" />
<gc-end id="1154" type="scavenge" contextid="1149" durationms="51.886" usertimems="27.573" systemtimems="33.856" timestamp="2020-08-27T15:14:50.254" activeThreads="2">
  <mem-info id="1155" free="29915976" total="61014016" percent="49">
    <mem type="nursery" free="25044760" total="41287680" percent="60">
      <mem type="allocate" free="25044760" total="30015488" percent="83" />
      <mem type="survivor" free="0" total="11272192" percent="0" />
    </mem>
    <mem type="tenure" free="4871216" total="19726336" percent="24">
      <mem type="soa" free="3884080" total="18739200" percent="20" />
      <mem type="loa" free="987136" total="987136" percent="100" />
    </mem>
    <remembered-set count="2234" />
  </mem-info>
</gc-end>
<cycle-end id="1156" type="scavenge" contextid="1149" timestamp="2020-08-27T15:14:50.255" />
<allocation-satisfied id="1157" threadId="000000000068AC00" bytesRequested="45264" />
<af-end id="1158" timestamp="2020-08-27T15:14:50.255" threadId="000000000068B580" success="true" from="nursery"/>
<exclusive-end id="1159" timestamp="2020-08-27T15:14:50.255" durationms="53.683" />

<exclusive-start id="1160" timestamp="2020-08-27T15:14:50.281" intervalms="79.463">
  <response-info timems="0.254" idlems="0.254" threads="0" lastid="000000000068AC00" lastname="Default Executor-thread-1" />
</exclusive-start>
<af-start id="1161" threadId="000000000068B580" totalBytesRequested="71688" timestamp="2020-08-27T15:14:50.281" intervalms="79.453" type="nursery" />
<cycle-start id="1162" type="scavenge" contextid="0" timestamp="2020-08-27T15:14:50.282" intervalms="79.422" />
<gc-start id="1163" type="scavenge" contextid="1162" timestamp="2020-08-27T15:14:50.282">
  <mem-info id="1164" free="4872240" total="61014016" percent="7">
    <mem type="nursery" free="1024" total="41287680" percent="0">
      <mem type="allocate" free="1024" total="30015488" percent="0" />
      <mem type="survivor" free="0" total="11272192" percent="0" />
    </mem>
    <mem type="tenure" free="4871216" total="19726336" percent="24">
      <mem type="soa" free="3884080" total="18739200" percent="20" />
      <mem type="loa" free="987136" total="987136" percent="100" />
    </mem>
    <remembered-set count="2234" />
  </mem-info>
</gc-start>
<allocation-stats totalBytes="22382376" >
  <allocated-bytes non-tlh="6402312" tlh="15980064" />
  <largest-consumer threadName="Default Executor-thread-1" threadId="000000000068AC00" bytes="22382376" />
</allocation-stats>
<gc-op id="1165" type="scavenge" timems="67.624" contextid="1162" timestamp="2020-08-27T15:14:50.350">
  <scavenger-info tenureage="2" tenuremask="400c" tiltratio="72" />
  <memory-copied type="nursery" objects="2614" bytes="163976" bytesdiscarded="178736" />
  <memory-copied type="tenure" objects="57207" bytes="4702888" bytesdiscarded="4160" />
  <finalization candidates="1" enqueued="0" />
  <ownableSynchronizers candidates="199" cleared="0" />
  <references type="weak" candidates="2" cleared="0" enqueued="0" />
  <heap-resize type="expand" space="tenure" amount="655360" count="10" timems="2.977" reason="continue current collection" />
</gc-op>
<heap-resize id="1166" type="expand" space="nursery" amount="14417920" count="1" timems="0.570" reason="excessive time being spent scavenging" timestamp="2020-08-27T15:14:50.351" />
<gc-end id="1167" type="scavenge" contextid="1162" durationms="69.359" usertimems="16.727" systemtimems="49.263" timestamp="2020-08-27T15:14:50.351" activeThreads="2">
  <mem-info id="1168" free="46617920" total="76087296" percent="61">
    <mem type="nursery" free="45598016" total="55705600" percent="81">
      <mem type="allocate" free="45598016" total="45940736" percent="99" />
      <mem type="survivor" free="0" total="9764864" percent="0" />
    </mem>
    <mem type="tenure" free="1019904" total="20381696" percent="5">
      <mem type="soa" free="0" total="19361792" percent="0" />
      <mem type="loa" free="1019904" total="1019904" percent="100" />
    </mem>
    <remembered-set count="553" />
  </mem-info>
</gc-end>
<cycle-end id="1169" type="scavenge" contextid="1162" timestamp="2020-08-27T15:14:50.352" />
<allocation-satisfied id="1170" threadId="000000000068AC00" bytesRequested="71688" />
<af-end id="1171" timestamp="2020-08-27T15:14:50.352" threadId="000000000068B580" success="true" from="nursery"/>
<exclusive-end id="1172" timestamp="2020-08-27T15:14:50.352" durationms="71.283" />

<exclusive-start id="1173" timestamp="2020-08-27T15:14:50.472" intervalms="190.142">
  <response-info timems="0.199" idlems="0.199" threads="0" lastid="000000000068AC00" lastname="Default Executor-thread-1" />
</exclusive-start>
<af-start id="1174" threadId="000000000068B580" totalBytesRequested="88" timestamp="2020-08-27T15:14:50.473" intervalms="191.390" type="tenure" />
<cycle-start id="1175" type="global" contextid="0" timestamp="2020-08-27T15:14:50.474" intervalms="3060.493" />
<gc-start id="1176" type="global" contextid="1175" timestamp="2020-08-27T15:14:50.474">
  <mem-info id="1177" free="35136328" total="76087296" percent="46">
    <mem type="nursery" free="34116424" total="55705600" percent="61">
      <mem type="allocate" free="34116424" total="45940736" percent="74" />
      <mem type="survivor" free="0" total="9764864" percent="0" />
    </mem>
    <mem type="tenure" free="1019904" total="20381696" percent="5">
      <mem type="soa" free="0" total="19361792" percent="0" />
      <mem type="loa" free="1019904" total="1019904" percent="100" />
    </mem>
    <remembered-set count="1178" />
  </mem-info>
</gc-start>
<allocation-stats totalBytes="11480016" >
  <allocated-bytes non-tlh="9978360" tlh="1501656" />
  <largest-consumer threadName="Default Executor-thread-1" threadId="000000000068AC00" bytes="11418608" />
</allocation-stats>
<gc-op id="1178" type="mark" timems="23.095" contextid="1175" timestamp="2020-08-27T15:14:50.497">
  <trace-info objectcount="371380" scancount="309264" scanbytes="8983568" />
  <finalization candidates="122" enqueued="1" />
  <ownableSynchronizers candidates="1088" cleared="0" />
  <references type="soft" candidates="4192" cleared="0" enqueued="0" dynamicThreshold="9" maxThreshold="32" />
  <references type="weak" candidates="5176" cleared="9" enqueued="5" />
  <references type="phantom" candidates="203" cleared="0" enqueued="0" />
  <stringconstants candidates="11032" cleared="0"  />
</gc-op>
<gc-op id="1179" type="sweep" timems="1.747" contextid="1175" timestamp="2020-08-27T15:14:50.500" />
<heap-resize id="1180" type="expand" space="tenure" amount="3932160" count="1" timems="0.150" reason="insufficient free space following gc" timestamp="2020-08-27T15:14:50.500" />
<gc-end id="1181" type="global" contextid="1175" durationms="26.412" usertimems="43.241" systemtimems="3.882" timestamp="2020-08-27T15:14:50.500" activeThreads="2">
  <mem-info id="1182" free="52908968" total="80019456" percent="66">
    <mem type="nursery" free="45592256" total="55705600" percent="81">
      <mem type="allocate" free="45592256" total="45940736" percent="99" />
      <mem type="survivor" free="0" total="9764864" percent="0" />
    </mem>
    <mem type="tenure" free="7316712" total="24313856" percent="30" micro-fragmented="377283" macro-fragmented="0">
      <mem type="soa" free="6100200" total="23097344" percent="26" />
      <mem type="loa" free="1216512" total="1216512" percent="100" />
    </mem>
    <pending-finalizers system="1" default="0" reference="5" classloader="0" />
    <remembered-set count="1147" />
  </mem-info>
</gc-end>
<cycle-end id="1183" type="global" contextid="1175" timestamp="2020-08-27T15:14:50.501" />
<allocation-satisfied id="1184" threadId="000000000068AC00" bytesRequested="88" />
<af-end id="1185" timestamp="2020-08-27T15:14:50.501" threadId="000000000068B580" success="true" from="tenure-soa"/>
<exclusive-end id="1186" timestamp="2020-08-27T15:14:50.501" durationms="29.748" />

<exclusive-start id="1187" timestamp="2020-08-27T15:14:51.432" intervalms="960.702">
  <response-info timems="0.335" idlems="0.335" threads="0" lastid="000000000068AC00" lastname="Default Executor-thread-1" />
</exclusive-start>
<af-start id="1188" threadId="000000000068B580" totalBytesRequested="32" timestamp="2020-08-27T15:14:51.432" intervalms="959.468" type="nursery" />
<cycle-start id="1189" type="scavenge" contextid="0" timestamp="2020-08-27T15:14:51.442" intervalms="1160.344" />
<gc-start id="1190" type="scavenge" contextid="1189" timestamp="2020-08-27T15:14:51.442">
  <mem-info id="1191" free="7315888" total="80019456" percent="9">
    <mem type="nursery" free="0" total="55705600" percent="0">
      <mem type="allocate" free="0" total="45940736" percent="0" />
      <mem type="survivor" free="0" total="9764864" percent="0" />
    </mem>
    <mem type="tenure" free="7315888" total="24313856" percent="30">
      <mem type="soa" free="6099376" total="23097344" percent="26" />
      <mem type="loa" free="1216512" total="1216512" percent="100" />
    </mem>
    <remembered-set count="2754" />
  </mem-info>
</gc-start>
<allocation-stats totalBytes="45540096" >
  <allocated-bytes non-tlh="31872" tlh="45508224" />
  <largest-consumer threadName="Refresh Thread: Equinox Container: 33ae09b4-fb08-4969-9834-b6ffe1c8cf84" threadId="0000000000554200" bytes="43932760" />
</allocation-stats>
<gc-op id="1192" type="scavenge" timems="7.985" contextid="1189" timestamp="2020-08-27T15:14:51.451">
  <scavenger-info tenureage="6" tenuremask="4040" tiltratio="82" />
  <memory-copied type="nursery" objects="18812" bytes="735536" bytesdiscarded="71392" />
  <memory-copied type="tenure" objects="1335" bytes="52800" bytesdiscarded="904" />
  <ownableSynchronizers candidates="2165" cleared="2151" />
  <references type="weak" candidates="40" cleared="7" enqueued="7" />
</gc-op>
<gc-end id="1193" type="scavenge" contextid="1189" durationms="9.198" usertimems="6.140" systemtimems="6.266" timestamp="2020-08-27T15:14:51.452" activeThreads="2">
  <mem-info id="1194" free="55949088" total="80019456" percent="69">
    <mem type="nursery" free="48801192" total="55705600" percent="87">
      <mem type="allocate" free="48801192" total="49610752" percent="98" />
      <mem type="survivor" free="0" total="6094848" percent="0" />
    </mem>
    <mem type="tenure" free="7147896" total="24313856" percent="29">
      <mem type="soa" free="5931384" total="23097344" percent="25" />
      <mem type="loa" free="1216512" total="1216512" percent="100" />
    </mem>
    <pending-finalizers system="0" default="0" reference="7" classloader="0" />
    <remembered-set count="1836" />
  </mem-info>
</gc-end>
<cycle-end id="1195" type="scavenge" contextid="1189" timestamp="2020-08-27T15:14:51.452" />
<allocation-satisfied id="1196" threadId="000000000068AC00" bytesRequested="32" />
<af-end id="1197" timestamp="2020-08-27T15:14:51.452" threadId="000000000068B580" success="true" from="nursery"/>
<exclusive-end id="1198" timestamp="2020-08-27T15:14:51.452" durationms="20.257" />

<exclusive-start id="1199" timestamp="2020-08-27T15:14:54.322" intervalms="2889.856">
  <response-info timems="0.293" idlems="0.293" threads="0" lastid="000000000068AC00" lastname="Default Executor-thread-1" />
</exclusive-start>
<af-start id="1200" threadId="000000000068B580" totalBytesRequested="24" timestamp="2020-08-27T15:14:54.322" intervalms="2889.901" type="nursery" />
<cycle-start id="1201" type="scavenge" contextid="0" timestamp="2020-08-27T15:14:54.322" intervalms="2880.505" />
<gc-start id="1202" type="scavenge" contextid="1201" timestamp="2020-08-27T15:14:54.323">
  <mem-info id="1203" free="7140408" total="80019456" percent="8">
    <mem type="nursery" free="0" total="55705600" percent="0">
      <mem type="allocate" free="0" total="49610752" percent="0" />
      <mem type="survivor" free="0" total="6094848" percent="0" />
    </mem>
    <mem type="tenure" free="7140408" total="24313856" percent="29">
      <mem type="soa" free="5923896" total="23097344" percent="25" />
      <mem type="loa" free="1216512" total="1216512" percent="100" />
    </mem>
    <remembered-set count="2671" />
  </mem-info>
</gc-start>
<allocation-stats totalBytes="48793480" >
  <allocated-bytes non-tlh="336736" tlh="48456744" />
  <largest-consumer threadName="Default Executor-thread-1" threadId="000000000068AC00" bytes="48178560" />
</allocation-stats>
<gc-op id="1204" type="scavenge" timems="7.835" contextid="1201" timestamp="2020-08-27T15:14:54.331">
  <scavenger-info tenureage="14" tenuremask="4000" tiltratio="89" />
  <memory-copied type="nursery" objects="31887" bytes="2146224" bytesdiscarded="175824" />
  <memory-copied type="tenure" objects="10" bytes="160" bytesdiscarded="0" />
  <finalization candidates="1" enqueued="0" />
  <ownableSynchronizers candidates="230" cleared="22" />
  <references type="soft" candidates="1" cleared="0" enqueued="0" dynamicThreshold="9" maxThreshold="32" />
  <references type="weak" candidates="57" cleared="4" enqueued="4" />
  <references type="phantom" candidates="57" cleared="0" enqueued="0" />
</gc-op>
<gc-end id="1205" type="scavenge" contextid="1201" durationms="8.688" usertimems="10.630" systemtimems="0.031" timestamp="2020-08-27T15:14:54.331" activeThreads="2">
  <mem-info id="1206" free="54885832" total="80019456" percent="68">
    <mem type="nursery" free="47745424" total="55705600" percent="85">
      <mem type="allocate" free="47745424" total="50069504" percent="95" />
      <mem type="survivor" free="0" total="5636096" percent="0" />
    </mem>
    <mem type="tenure" free="7140408" total="24313856" percent="29">
      <mem type="soa" free="5923896" total="23097344" percent="25" />
      <mem type="loa" free="1216512" total="1216512" percent="100" />
    </mem>
    <pending-finalizers system="0" default="0" reference="4" classloader="0" />
    <remembered-set count="2611" />
  </mem-info>
</gc-end>
<cycle-end id="1207" type="scavenge" contextid="1201" timestamp="2020-08-27T15:14:54.332" />
<allocation-satisfied id="1208" threadId="000000000068AC00" bytesRequested="24" />
<af-end id="1209" timestamp="2020-08-27T15:14:54.332" threadId="000000000068B580" success="true" from="nursery"/>
<exclusive-end id="1210" timestamp="2020-08-27T15:14:54.332" durationms="10.203" />

<exclusive-start id="1211" timestamp="2020-08-27T15:14:57.308" intervalms="2986.420">
  <response-info timems="0.557" idlems="0.557" threads="0" lastid="00000000004B4200" lastname="Equinox start level thread - Equinox Container: 33ae09b4-fb08-4" />
</exclusive-start>
<af-start id="1212" threadId="00000000004B4B80" totalBytesRequested="21528" timestamp="2020-08-27T15:14:57.308" intervalms="2986.383" type="nursery" />
<cycle-start id="1213" type="scavenge" contextid="0" timestamp="2020-08-27T15:14:57.309" intervalms="2986.300" />
<gc-start id="1214" type="scavenge" contextid="1213" timestamp="2020-08-27T15:14:57.309">
  <mem-info id="1215" free="6766352" total="80019456" percent="8">
    <mem type="nursery" free="0" total="55705600" percent="0">
      <mem type="allocate" free="0" total="50069504" percent="0" />
      <mem type="survivor" free="0" total="5636096" percent="0" />
    </mem>
    <mem type="tenure" free="6766352" total="24313856" percent="27">
      <mem type="soa" free="5549840" total="23097344" percent="24" />
      <mem type="loa" free="1216512" total="1216512" percent="100" />
    </mem>
    <remembered-set count="8747" />
  </mem-info>
</gc-start>
<allocation-stats totalBytes="47862592" >
  <allocated-bytes non-tlh="1605184" tlh="46257408" />
  <largest-consumer threadName="Equinox start level thread - Equinox Container: 33ae09b4-fb08-4969-9834-b6ffe1c8cf84" threadId="00000000004B4200" bytes="21588272" />
</allocation-stats>
<gc-op id="1216" type="scavenge" timems="39.786" contextid="1213" timestamp="2020-08-27T15:14:57.349">
  <scavenger-info tenureage="2" tenuremask="4004" tiltratio="89" />
  <memory-copied type="nursery" objects="95326" bytes="5614528" bytesdiscarded="2816" />
  <memory-copied type="tenure" objects="29355" bytes="1166992" bytesdiscarded="9040" />
  <copy-failed type="nursery" objects="11841" bytes="480552" />
  <finalization candidates="3" enqueued="0" />
  <ownableSynchronizers candidates="3587" cleared="1470" />
  <references type="soft" candidates="1059" cleared="0" enqueued="0" dynamicThreshold="9" maxThreshold="32" />
  <references type="weak" candidates="927" cleared="223" enqueued="221" />
  <references type="phantom" candidates="286" cleared="0" enqueued="0" />
</gc-op>
<gc-end id="1217" type="scavenge" contextid="1213" durationms="40.261" usertimems="43.314" systemtimems="0.000" timestamp="2020-08-27T15:14:57.349" activeThreads="2">
  <mem-info id="1218" free="44845544" total="80019456" percent="56">
    <mem type="nursery" free="39387136" total="55705600" percent="70">
      <mem type="allocate" free="39387136" total="45023232" percent="87" />
      <mem type="survivor" free="0" total="10682368" percent="0" />
    </mem>
    <mem type="tenure" free="5458408" total="24313856" percent="22">
      <mem type="soa" free="4241896" total="23097344" percent="18" />
      <mem type="loa" free="1216512" total="1216512" percent="100" />
    </mem>
    <pending-finalizers system="0" default="0" reference="221" classloader="0" />
    <remembered-set count="7855" />
  </mem-info>
</gc-end>
<cycle-end id="1219" type="scavenge" contextid="1213" timestamp="2020-08-27T15:14:57.350" />
<allocation-satisfied id="1220" threadId="00000000004B4200" bytesRequested="21528" />
<af-end id="1221" timestamp="2020-08-27T15:14:57.350" threadId="00000000004B4B80" success="true" from="nursery"/>
<exclusive-end id="1222" timestamp="2020-08-27T15:14:57.350" durationms="42.103" />

<concurrent-kickoff id="1223" timestamp="2020-08-27T15:14:59.610">
  <kickoff reason="threshold reached" targetBytes="8070487" thresholdFreeBytes="1126791"  remainingFree="1045824" tenureFreeBytes="4919064" nurseryFreeBytes="1045824" />
</concurrent-kickoff>
<exclusive-start id="1224" timestamp="2020-08-27T15:14:59.615" intervalms="2306.480">
  <response-info timems="0.452" idlems="0.452" threads="0" lastid="0000000000476100" lastname="Start Level: Equinox Container: 33ae09b4-fb08-4969-9834-b6ffe1c" />
</exclusive-start>
<cycle-start id="1225" type="global" contextid="0" timestamp="2020-08-27T15:14:59.615" intervalms="9141.259" />
<exclusive-end id="1226" timestamp="2020-08-27T15:14:59.615" durationms="0.193" />

<exclusive-start id="1227" timestamp="2020-08-27T15:14:59.837" intervalms="221.895">
  <response-info timems="18.598" idlems="9.349" threads="1" lastid="0000000000689D00" lastname="Default Executor-thread-4" />
</exclusive-start>
<af-start id="1228" threadId="0000000000476A80" totalBytesRequested="2064" timestamp="2020-08-27T15:14:59.837" intervalms="2528.510" type="nursery" />
<percolate-collect id="1229" from="nursery" to="global" reason="concurrent mark exhausted" timestamp="2020-08-27T15:14:59.840"/>
<gc-start id="1230" type="global" contextid="1225" timestamp="2020-08-27T15:14:59.841">
  <mem-info id="1231" free="4919064" total="80019456" percent="6">
    <mem type="nursery" free="0" total="55705600" percent="0">
      <mem type="allocate" free="0" total="45023232" percent="0" />
      <mem type="survivor" free="0" total="10682368" percent="0" />
    </mem>
    <mem type="tenure" free="4919064" total="24313856" percent="20">
      <mem type="soa" free="3702552" total="23097344" percent="16" />
      <mem type="loa" free="1216512" total="1216512" percent="100" />
    </mem>
    <remembered-set count="14159" />
  </mem-info>
</gc-start>
<allocation-stats totalBytes="39879216" >
  <allocated-bytes non-tlh="1232640" tlh="38646576" />
  <largest-consumer threadName="Equinox start level thread - Equinox Container: 33ae09b4-fb08-4969-9834-b6ffe1c8cf84" threadId="0000000000476D00" bytes="13567104" />
</allocation-stats>
<concurrent-halted id="1232" timestamp="2020-08-27T15:14:59.841">
  <halted state="Complete" status="exhausted" />
  <traced bytesTarget="8070487" bytesTotal="9141020" bytesByMutator="4757088" bytesByHelper="4383932" percent="113" />
  <cards cleaned="39" thresholdBytes="443887" />
</concurrent-halted>
<gc-op id="1233" type="rs-scan" timems="97.032" contextid="1225" timestamp="2020-08-27T15:14:59.939">
  <scan objectsFound="12021" bytesTraced="5264324" workStackOverflowCount="0" />
</gc-op>
<gc-op id="1234" type="card-cleaning" timems="0.647" contextid="1225" timestamp="2020-08-27T15:14:59.940">
  <card-cleaning cardsCleaned="0" bytesTraced="5460" workStackOverflowCount="0" />
</gc-op>
<gc-op id="1235" type="mark" timems="25.318" contextid="1225" timestamp="2020-08-27T15:14:59.965">
  <trace-info objectcount="17422" scancount="15497" scanbytes="611744" />
  <finalization candidates="133" enqueued="0" />
  <ownableSynchronizers candidates="5081" cleared="779" />
  <references type="soft" candidates="6788" cleared="824" enqueued="821" dynamicThreshold="9" maxThreshold="32" />
  <references type="weak" candidates="7783" cleared="1225" enqueued="919" />
  <references type="phantom" candidates="340" cleared="2" enqueued="2" />
  <stringconstants candidates="18486" cleared="16"  />
</gc-op>
<gc-op id="1236" type="classunload" timems="16.168" contextid="1225" timestamp="2020-08-27T15:14:59.982">
  <classunload-info classloadercandidates="369" classloadersunloaded="147" classesunloaded="0" anonymousclassesunloaded="0" quiescems="0.000" setupms="0.465" scanms="6.073" postms="9.630" />
</gc-op>
<gc-op id="1237" type="sweep" timems="7.789" contextid="1225" timestamp="2020-08-27T15:14:59.990" />
<heap-resize id="1238" type="expand" space="tenure" amount="1310720" count="1" timems="0.129" reason="insufficient free space following gc" timestamp="2020-08-27T15:14:59.990" />
<gc-end id="1239" type="global" contextid="1225" durationms="149.496" usertimems="51.518" systemtimems="14.113" timestamp="2020-08-27T15:14:59.991" activeThreads="2">
  <mem-info id="1240" free="40796048" total="81330176" percent="50">
    <mem type="nursery" free="33069936" total="55705600" percent="59">
      <mem type="allocate" free="33069936" total="45023232" percent="73" />
      <mem type="survivor" free="0" total="10682368" percent="0" />
    </mem>
    <mem type="tenure" free="7726112" total="25624576" percent="30" micro-fragmented="704605" macro-fragmented="0">
      <mem type="soa" free="6444064" total="24342528" percent="26" />
      <mem type="loa" free="1282048" total="1282048" percent="100" />
    </mem>
    <pending-finalizers system="0" default="0" reference="1742" classloader="0" />
    <remembered-set count="13636" />
  </mem-info>
</gc-end>
<cycle-end id="1241" type="global" contextid="1225" timestamp="2020-08-27T15:14:59.991" />
<allocation-satisfied id="1242" threadId="0000000000476100" bytesRequested="2064" />
<af-end id="1243" timestamp="2020-08-27T15:14:59.991" threadId="0000000000476A80" success="true" from="nursery"/>
<exclusive-end id="1244" timestamp="2020-08-27T15:14:59.991" durationms="154.795" />

<exclusive-start id="1245" timestamp="2020-08-27T15:15:06.783" intervalms="6946.684">
  <response-info timems="1.087" idlems="0.409" threads="2" lastid="0000000000689D00" lastname="Default Executor-thread-4" />
</exclusive-start>
<af-start id="1246" threadId="0000000000432880" totalBytesRequested="544" timestamp="2020-08-27T15:15:06.784" intervalms="6946.855" type="nursery" />
<cycle-start id="1247" type="scavenge" contextid="0" timestamp="2020-08-27T15:15:06.784" intervalms="9475.546" />
<gc-start id="1248" type="scavenge" contextid="1247" timestamp="2020-08-27T15:15:06.788">
  <mem-info id="1249" free="7241200" total="81330176" percent="8">
    <mem type="nursery" free="0" total="55705600" percent="0">
      <mem type="allocate" free="0" total="45023232" percent="0" />
      <mem type="survivor" free="0" total="10682368" percent="0" />
    </mem>
    <mem type="tenure" free="7241200" total="25624576" percent="28">
      <mem type="soa" free="5959152" total="24342528" percent="24" />
      <mem type="loa" free="1282048" total="1282048" percent="100" />
    </mem>
    <remembered-set count="29011" />
  </mem-info>
</gc-start>
<allocation-stats totalBytes="33203424" >
  <allocated-bytes non-tlh="4800200" tlh="28403224" />
  <largest-consumer threadName="Start Level: Equinox Container: 33ae09b4-fb08-4969-9834-b6ffe1c8cf84" threadId="0000000000476100" bytes="25427976" />
</allocation-stats>
<gc-op id="1250" type="scavenge" timems="132.369" contextid="1247" timestamp="2020-08-27T15:15:06.920">
  <scavenger-info tenureage="4" tenuremask="7ff0" tiltratio="80" />
  <memory-copied type="nursery" objects="230609" bytes="10017568" bytesdiscarded="87624" />
  <memory-copied type="tenure" objects="728" bytes="23432" bytesdiscarded="48" />
  <finalization candidates="32" enqueued="0" />
  <ownableSynchronizers candidates="9222" cleared="5659" />
  <references type="soft" candidates="3469" cleared="0" enqueued="0" dynamicThreshold="9" maxThreshold="32" />
  <references type="weak" candidates="8302" cleared="419" enqueued="389" />
  <references type="phantom" candidates="309" cleared="5" enqueued="5" />
</gc-op>
<gc-end id="1251" type="scavenge" contextid="1247" durationms="132.913" usertimems="103.827" systemtimems="4.982" timestamp="2020-08-27T15:15:06.921" activeThreads="2">
  <mem-info id="1252" free="38831584" total="81330176" percent="47">
    <mem type="nursery" free="31619280" total="55705600" percent="56">
      <mem type="allocate" free="31619280" total="41746432" percent="75" />
      <mem type="survivor" free="0" total="13959168" percent="0" />
    </mem>
    <mem type="tenure" free="7212304" total="25624576" percent="28">
      <mem type="soa" free="5930256" total="24342528" percent="24" />
      <mem type="loa" free="1282048" total="1282048" percent="100" />
    </mem>
    <pending-finalizers system="0" default="0" reference="394" classloader="0" />
    <remembered-set count="28274" />
  </mem-info>
</gc-end>
<cycle-end id="1253" type="scavenge" contextid="1247" timestamp="2020-08-27T15:15:06.921" />
<allocation-satisfied id="1254" threadId="0000000000431F00" bytesRequested="544" />
<af-end id="1255" timestamp="2020-08-27T15:15:06.922" threadId="0000000000432880" success="true" from="nursery"/>
<exclusive-end id="1256" timestamp="2020-08-27T15:15:06.922" durationms="138.284" />

<exclusive-start id="1257" timestamp="2020-08-27T15:15:14.456" intervalms="7672.315">
  <response-info timems="0.675" idlems="0.396" threads="4" lastid="0000000000689D00" lastname="Default Executor-thread-4" />
</exclusive-start>
<af-start id="1258" threadId="0000000000A4E880" totalBytesRequested="16" timestamp="2020-08-27T15:15:14.456" intervalms="7672.587" type="nursery" />
<cycle-start id="1259" type="scavenge" contextid="0" timestamp="2020-08-27T15:15:14.457" intervalms="7672.626" />
<gc-start id="1260" type="scavenge" contextid="1259" timestamp="2020-08-27T15:15:14.457">
  <mem-info id="1261" free="6786336" total="81330176" percent="8">
    <mem type="nursery" free="0" total="55705600" percent="0">
      <mem type="allocate" free="0" total="41746432" percent="0" />
      <mem type="survivor" free="0" total="13959168" percent="0" />
    </mem>
    <mem type="tenure" free="6786336" total="25624576" percent="26">
      <mem type="soa" free="5504288" total="24342528" percent="22" />
      <mem type="loa" free="1282048" total="1282048" percent="100" />
    </mem>
    <remembered-set count="32424" />
  </mem-info>
</gc-start>
<allocation-stats totalBytes="31901264" >
  <allocated-bytes non-tlh="2205384" tlh="29695880" />
  <largest-consumer threadName="Equinox start level thread - Equinox Container: 33ae09b4-fb08-4969-9834-b6ffe1c8cf84" threadId="0000000000476D00" bytes="12219224" />
</allocation-stats>
<gc-op id="1262" type="scavenge" timems="57.360" contextid="1259" timestamp="2020-08-27T15:15:14.515">
  <scavenger-info tenureage="4" tenuremask="5ff0" tiltratio="74" />
  <memory-copied type="nursery" objects="246032" bytes="10780368" bytesdiscarded="17832" />
  <finalization candidates="35" enqueued="0" />
  <ownableSynchronizers candidates="4324" cleared="202" />
  <references type="soft" candidates="4612" cleared="0" enqueued="0" dynamicThreshold="9" maxThreshold="32" />
  <references type="weak" candidates="8968" cleared="414" enqueued="365" />
  <references type="phantom" candidates="328" cleared="10" enqueued="10" />
</gc-op>
<gc-end id="1263" type="scavenge" contextid="1259" durationms="58.399" usertimems="98.031" systemtimems="2.094" timestamp="2020-08-27T15:15:14.516" activeThreads="2">
  <mem-info id="1264" free="39087672" total="81330176" percent="48">
    <mem type="nursery" free="32301336" total="55705600" percent="57">
      <mem type="allocate" free="32301336" total="43122688" percent="74" />
      <mem type="survivor" free="0" total="12582912" percent="0" />
    </mem>
    <mem type="tenure" free="6786336" total="25624576" percent="26">
      <mem type="soa" free="5504288" total="24342528" percent="22" />
      <mem type="loa" free="1282048" total="1282048" percent="100" />
    </mem>
    <pending-finalizers system="0" default="0" reference="375" classloader="0" />
    <remembered-set count="29217" />
  </mem-info>
</gc-end>
<cycle-end id="1265" type="scavenge" contextid="1259" timestamp="2020-08-27T15:15:14.517" />
<allocation-satisfied id="1266" threadId="0000000000A4DF00" bytesRequested="16" />
<af-end id="1267" timestamp="2020-08-27T15:15:14.517" threadId="0000000000A4E880" success="true" from="nursery"/>
<exclusive-end id="1268" timestamp="2020-08-27T15:15:14.517" durationms="61.737" />

<exclusive-start id="1269" timestamp="2020-08-27T15:15:16.557" intervalms="2101.104">
  <response-info timems="0.513" idlems="0.221" threads="2" lastid="0000000000642C00" lastname="Default Executor-thread-3" />
</exclusive-start>
<af-start id="1270" threadId="0000000000688580" totalBytesRequested="520" timestamp="2020-08-27T15:15:16.557" intervalms="2100.669" type="nursery" />
<cycle-start id="1271" type="scavenge" contextid="0" timestamp="2020-08-27T15:15:16.557" intervalms="2100.489" />
<gc-start id="1272" type="scavenge" contextid="1271" timestamp="2020-08-27T15:15:16.558">
  <mem-info id="1273" free="6569280" total="81330176" percent="8">
    <mem type="nursery" free="0" total="55705600" percent="0">
      <mem type="allocate" free="0" total="43122688" percent="0" />
      <mem type="survivor" free="0" total="12582912" percent="0" />
    </mem>
    <mem type="tenure" free="6569280" total="25624576" percent="25">
      <mem type="soa" free="5287232" total="24342528" percent="21" />
      <mem type="loa" free="1282048" total="1282048" percent="100" />
    </mem>
    <remembered-set count="31387" />
  </mem-info>
</gc-start>
<allocation-stats totalBytes="32373584" >
  <allocated-bytes non-tlh="1736688" tlh="30636896" />
  <largest-consumer threadName="Config-Thread-8" threadId="0000000000608000" bytes="9067512" />
</allocation-stats>
<gc-op id="1274" type="scavenge" timems="49.139" contextid="1271" timestamp="2020-08-27T15:15:16.607">
  <scavenger-info tenureage="3" tenuremask="4018" tiltratio="77" />
  <memory-copied type="nursery" objects="167446" bytes="8116480" bytesdiscarded="119632" />
  <memory-copied type="tenure" objects="88458" bytes="3644056" bytesdiscarded="1240" />
  <finalization candidates="42" enqueued="0" />
  <ownableSynchronizers candidates="4157" cleared="0" />
  <references type="soft" candidates="3664" cleared="0" enqueued="0" dynamicThreshold="9" maxThreshold="32" />
  <references type="weak" candidates="8578" cleared="315" enqueued="243" />
  <references type="phantom" candidates="334" cleared="7" enqueued="7" />
</gc-op>
<gc-end id="1275" type="scavenge" contextid="1271" durationms="49.905" usertimems="70.898" systemtimems="6.285" timestamp="2020-08-27T15:15:16.608" activeThreads="2">
  <mem-info id="1276" free="37877120" total="81330176" percent="46">
    <mem type="nursery" free="35067848" total="55705600" percent="62">
      <mem type="allocate" free="35067848" total="43319296" percent="80" />
      <mem type="survivor" free="0" total="12386304" percent="0" />
    </mem>
    <mem type="tenure" free="2809272" total="25624576" percent="10">
      <mem type="soa" free="1527224" total="24342528" percent="6" />
      <mem type="loa" free="1282048" total="1282048" percent="100" />
    </mem>
    <pending-finalizers system="0" default="0" reference="250" classloader="0" />
    <remembered-set count="19399" />
  </mem-info>
</gc-end>
<cycle-end id="1277" type="scavenge" contextid="1271" timestamp="2020-08-27T15:15:16.610" />
<allocation-satisfied id="1278" threadId="0000000000687C00" bytesRequested="520" />
<af-end id="1279" timestamp="2020-08-27T15:15:16.611" threadId="0000000000688580" success="true" from="nursery"/>
<exclusive-end id="1280" timestamp="2020-08-27T15:15:16.611" durationms="54.112" />

<concurrent-kickoff id="1281" timestamp="2020-08-27T15:15:18.351">
  <kickoff reason="threshold reached" targetBytes="8728921" thresholdFreeBytes="1218466"  remainingFree="1185736" tenureFreeBytes="2535880" nurseryFreeBytes="1185736" />
</concurrent-kickoff>
<exclusive-start id="1282" timestamp="2020-08-27T15:15:18.359" intervalms="1802.147">
  <response-info timems="2.898" idlems="1.149" threads="3" lastid="0000000000642C00" lastname="Default Executor-thread-3" />
</exclusive-start>
<cycle-start id="1283" type="global" contextid="0" timestamp="2020-08-27T15:15:18.359" intervalms="18744.143" />
<exclusive-end id="1284" timestamp="2020-08-27T15:15:18.359" durationms="0.200" />

<exclusive-start id="1285" timestamp="2020-08-27T15:15:18.435" intervalms="76.257">
  <response-info timems="0.475" idlems="0.208" threads="4" lastid="0000000000020200" lastname="JIT Compilation Thread-002" />
</exclusive-start>
<af-start id="1286" threadId="0000000000BA1280" totalBytesRequested="168" timestamp="2020-08-27T15:15:18.435" intervalms="1878.261" type="nursery" />
<cycle-start id="1287" type="scavenge" contextid="0" timestamp="2020-08-27T15:15:18.436" intervalms="1878.224" />
<gc-start id="1288" type="scavenge" contextid="1287" timestamp="2020-08-27T15:15:18.436">
  <mem-info id="1289" free="2532632" total="81330176" percent="3">
    <mem type="nursery" free="0" total="55705600" percent="0">
      <mem type="allocate" free="0" total="43319296" percent="0" />
      <mem type="survivor" free="0" total="12386304" percent="0" />
    </mem>
    <mem type="tenure" free="2532632" total="25624576" percent="9">
      <mem type="soa" free="1250584" total="24342528" percent="5" />
      <mem type="loa" free="1282048" total="1282048" percent="100" />
    </mem>
    <remembered-set count="22519" />
  </mem-info>
</gc-start>
<allocation-stats totalBytes="34576496" >
  <allocated-bytes non-tlh="1546976" tlh="33029520" />
  <largest-consumer threadName="Default Executor-thread-2" threadId="0000000000687C00" bytes="10763176" />
</allocation-stats>
<gc-op id="1290" type="scavenge" timems="34.327" contextid="1287" timestamp="2020-08-27T15:15:18.471">
  <scavenger-info tenureage="14" tenuremask="4000" tiltratio="77" />
  <memory-copied type="nursery" objects="186955" bytes="10635616" bytesdiscarded="32744" />
  <finalization candidates="138" enqueued="69" />
  <ownableSynchronizers candidates="2202" cleared="35" />
  <references type="soft" candidates="3948" cleared="0" enqueued="0" dynamicThreshold="9" maxThreshold="32" />
  <references type="weak" candidates="9000" cleared="310" enqueued="286" />
  <references type="phantom" candidates="339" cleared="4" enqueued="4" />
</gc-op>
<gc-end id="1291" type="scavenge" contextid="1287" durationms="35.132" usertimems="51.280" systemtimems="0.591" timestamp="2020-08-27T15:15:18.471" activeThreads="2">
  <mem-info id="1292" free="33924168" total="81330176" percent="41">
    <mem type="nursery" free="31391536" total="55705600" percent="56">
      <mem type="allocate" free="31391536" total="42074112" percent="74" />
      <mem type="survivor" free="0" total="13631488" percent="0" />
    </mem>
    <mem type="tenure" free="2532632" total="25624576" percent="9">
      <mem type="soa" free="1250584" total="24342528" percent="5" />
      <mem type="loa" free="1282048" total="1282048" percent="100" />
    </mem>
    <pending-finalizers system="0" default="69" reference="290" classloader="0" />
    <remembered-set count="19360" />
  </mem-info>
</gc-end>
<cycle-end id="1293" type="scavenge" contextid="1287" timestamp="2020-08-27T15:15:18.472" />
<allocation-satisfied id="1294" threadId="0000000000BA0900" bytesRequested="168" />
<af-end id="1295" timestamp="2020-08-27T15:15:18.472" threadId="0000000000BA1280" success="true" from="nursery"/>
<exclusive-end id="1296" timestamp="2020-08-27T15:15:18.472" durationms="37.247" />

<exclusive-start id="1297" timestamp="2020-08-27T15:15:18.495" intervalms="60.081">
  <response-info timems="4.007" idlems="1.238" threads="3" lastid="000000000001C600" lastname="JIT Compilation Thread-001" />
</exclusive-start>
<concurrent-collection-start id="1298" timestamp="2020-08-27T15:15:18.495" intervalms="37968.906" >
  <concurrent-trace-info reason="card cleaning threshold reached" tracedByMutators="7601764" tracedByHelpers="4443824" cardsCleaned="785" workStackOverflowCount="0" />
</concurrent-collection-start>
<gc-start id="1299" type="global" contextid="1283" timestamp="2020-08-27T15:15:18.496">
  <mem-info id="1300" free="33497240" total="81330176" percent="41">
    <mem type="nursery" free="30965384" total="55705600" percent="55">
      <mem type="allocate" free="30965384" total="42074112" percent="73" />
      <mem type="survivor" free="0" total="13631488" percent="0" />
    </mem>
    <mem type="tenure" free="2531856" total="25624576" percent="9">
      <mem type="soa" free="1249808" total="24342528" percent="5" />
      <mem type="loa" free="1282048" total="1282048" percent="100" />
    </mem>
    <remembered-set count="19374" />
  </mem-info>
</gc-start>
<allocation-stats totalBytes="404872" >
  <allocated-bytes non-tlh="944" tlh="403928" />
  <largest-consumer threadName="Default Executor-thread-2" threadId="0000000000687C00" bytes="186872" />
</allocation-stats>
<gc-op id="1301" type="rs-scan" timems="13.400" contextid="1283" timestamp="2020-08-27T15:15:18.510">
  <scan objectsFound="17638" bytesTraced="5927548" workStackOverflowCount="0" />
</gc-op>
<gc-op id="1302" type="card-cleaning" timems="0.333" contextid="1283" timestamp="2020-08-27T15:15:18.510">
  <card-cleaning cardsCleaned="8" bytesTraced="41856" workStackOverflowCount="0" />
</gc-op>
<gc-op id="1303" type="mark" timems="12.986" contextid="1283" timestamp="2020-08-27T15:15:18.524">
  <trace-info objectcount="21938" scancount="18319" scanbytes="511932" />
  <finalization candidates="193" enqueued="0" />
  <ownableSynchronizers candidates="5344" cleared="6" />
  <references type="soft" candidates="8627" cleared="18" enqueued="18" dynamicThreshold="9" maxThreshold="32" />
  <references type="weak" candidates="14156" cleared="72" enqueued="41" />
  <references type="phantom" candidates="375" cleared="0" enqueued="0" />
  <stringconstants candidates="28780" cleared="44"  />
</gc-op>
<gc-op id="1304" type="classunload" timems="2.928" contextid="1283" timestamp="2020-08-27T15:15:18.527">
  <classunload-info classloadercandidates="277" classloadersunloaded="9" classesunloaded="5" anonymousclassesunloaded="0" quiescems="0.000" setupms="2.450" scanms="0.264" postms="0.214" />
</gc-op>
<gc-op id="1305" type="sweep" timems="3.390" contextid="1283" timestamp="2020-08-27T15:15:18.531" />
<heap-resize id="1306" type="expand" space="tenure" amount="7077888" count="1" timems="6.477" reason="insufficient free space following gc" timestamp="2020-08-27T15:15:18.538" />
<gc-end id="1307" type="global" contextid="1283" durationms="42.152" usertimems="42.277" systemtimems="16.341" timestamp="2020-08-27T15:15:18.538" activeThreads="2">
  <mem-info id="1308" free="41668256" total="88408064" percent="47">
    <mem type="nursery" free="31836616" total="55705600" percent="57">
      <mem type="allocate" free="31836616" total="42074112" percent="75" />
      <mem type="survivor" free="0" total="13631488" percent="0" />
    </mem>
    <mem type="tenure" free="9831640" total="32702464" percent="30" micro-fragmented="840204" macro-fragmented="0">
      <mem type="soa" free="8196312" total="31067136" percent="26" />
      <mem type="loa" free="1635328" total="1635328" percent="100" />
    </mem>
    <pending-finalizers system="0" default="0" reference="59" classloader="0" />
    <remembered-set count="19231" />
  </mem-info>
</gc-end>
<cycle-end id="1309" type="global" contextid="1283" timestamp="2020-08-27T15:15:18.539" />
<concurrent-collection-end id="1310" timestamp="2020-08-27T15:15:18.539" />
<exclusive-end id="1311" timestamp="2020-08-27T15:15:18.539" durationms="43.834" />

<exclusive-start id="1312" timestamp="2020-08-27T15:15:18.726" intervalms="230.801">
  <response-info timems="0.378" idlems="0.378" threads="0" lastid="0000000000687C00" lastname="Default Executor-thread-2" />
</exclusive-start>
<af-start id="1313" threadId="0000000000688580" totalBytesRequested="16480" timestamp="2020-08-27T15:15:18.726" intervalms="290.881" type="nursery" />
<cycle-start id="1314" type="scavenge" contextid="0" timestamp="2020-08-27T15:15:18.726" intervalms="290.883" />
<gc-start id="1315" type="scavenge" contextid="1314" timestamp="2020-08-27T15:15:18.727">
  <mem-info id="1316" free="9813208" total="88408064" percent="11">
    <mem type="nursery" free="0" total="55705600" percent="0">
      <mem type="allocate" free="0" total="42074112" percent="0" />
      <mem type="survivor" free="0" total="13631488" percent="0" />
    </mem>
    <mem type="tenure" free="9813208" total="32702464" percent="30">
      <mem type="soa" free="8177880" total="31067136" percent="26" />
      <mem type="loa" free="1635328" total="1635328" percent="100" />
    </mem>
    <remembered-set count="19399" />
  </mem-info>
</gc-start>
<allocation-stats totalBytes="30141560" >
  <allocated-bytes non-tlh="176112" tlh="29965448" />
  <largest-consumer threadName="Default Executor-thread-2" threadId="0000000000687C00" bytes="26993896" />
</allocation-stats>
<gc-op id="1317" type="scavenge" timems="28.274" contextid="1314" timestamp="2020-08-27T15:15:18.755">
  <scavenger-info tenureage="14" tenuremask="4000" tiltratio="75" />
  <memory-copied type="nursery" objects="198098" bytes="11020056" bytesdiscarded="130720" />
  <finalization candidates="69" enqueued="0" />
  <ownableSynchronizers candidates="10678" cleared="8514" />
  <references type="soft" candidates="3950" cleared="0" enqueued="0" dynamicThreshold="9" maxThreshold="32" />
  <references type="weak" candidates="8619" cleared="30" enqueued="20" />
  <references type="phantom" candidates="336" cleared="1" enqueued="1" />
</gc-op>
<heap-resize id="1318" type="expand" space="nursery" amount="2490368" count="1" timems="0.158" reason="excessive time being spent scavenging" timestamp="2020-08-27T15:15:18.756" />
<gc-end id="1319" type="scavenge" contextid="1314" durationms="29.069" usertimems="47.319" systemtimems="2.393" timestamp="2020-08-27T15:15:18.756" activeThreads="2">
  <mem-info id="1320" free="43804472" total="90898432" percent="48">
    <mem type="nursery" free="33991264" total="58195968" percent="58">
      <mem type="allocate" free="33991264" total="45154304" percent="75" />
      <mem type="survivor" free="0" total="13041664" percent="0" />
    </mem>
    <mem type="tenure" free="9813208" total="32702464" percent="30">
      <mem type="soa" free="8177880" total="31067136" percent="26" />
      <mem type="loa" free="1635328" total="1635328" percent="100" />
    </mem>
    <pending-finalizers system="0" default="0" reference="21" classloader="0" />
    <remembered-set count="17662" />
  </mem-info>
</gc-end>
<cycle-end id="1321" type="scavenge" contextid="1314" timestamp="2020-08-27T15:15:18.756" />
<allocation-satisfied id="1322" threadId="0000000000687C00" bytesRequested="16480" />
<af-end id="1323" timestamp="2020-08-27T15:15:18.757" threadId="0000000000688580" success="true" from="nursery"/>
<exclusive-end id="1324" timestamp="2020-08-27T15:15:18.757" durationms="30.527" />

<exclusive-start id="1325" timestamp="2020-08-27T15:15:31.319" intervalms="12593.056">
  <response-info timems="0.575" idlems="0.575" threads="0" lastid="0000000000BA0900" lastname="Default Executor-thread-5" />
</exclusive-start>
<af-start id="1326" threadId="0000000000BA1280" totalBytesRequested="89408" timestamp="2020-08-27T15:15:31.323" intervalms="12596.880" type="nursery" />
<cycle-start id="1327" type="scavenge" contextid="0" timestamp="2020-08-27T15:15:31.324" intervalms="12597.349" />
<gc-start id="1328" type="scavenge" contextid="1327" timestamp="2020-08-27T15:15:31.325">
  <mem-info id="1329" free="9507400" total="90898432" percent="10">
    <mem type="nursery" free="46568" total="58195968" percent="0">
      <mem type="allocate" free="46568" total="45154304" percent="0" />
      <mem type="survivor" free="0" total="13041664" percent="0" />
    </mem>
    <mem type="tenure" free="9460832" total="32702464" percent="28">
      <mem type="soa" free="7825504" total="31067136" percent="25" />
      <mem type="loa" free="1635328" total="1635328" percent="100" />
    </mem>
    <remembered-set count="20945" />
  </mem-info>
</gc-start>
<allocation-stats totalBytes="34214488" >
  <allocated-bytes non-tlh="1931736" tlh="32282752" />
  <largest-consumer threadName="Default Executor-thread-5" threadId="0000000000BA0900" bytes="18063496" />
</allocation-stats>
<gc-op id="1330" type="scavenge" timems="188.886" contextid="1327" timestamp="2020-08-27T15:15:31.515">
  <scavenger-info tenureage="3" tenuremask="4018" tiltratio="77" />
  <memory-copied type="nursery" objects="235202" bytes="13021984" bytesdiscarded="8064" />
  <memory-copied type="tenure" objects="46679" bytes="3700472" bytesdiscarded="3184" />
  <copy-failed type="nursery" objects="1250" bytes="1080512" />
  <finalization candidates="526" enqueued="360" />
  <ownableSynchronizers candidates="2288" cleared="85" />
  <references type="soft" candidates="2880" cleared="0" enqueued="0" dynamicThreshold="9" maxThreshold="32" />
  <references type="weak" candidates="8370" cleared="319" enqueued="274" />
  <references type="phantom" candidates="200" cleared="0" enqueued="0" />
</gc-op>
<gc-end id="1331" type="scavenge" contextid="1327" durationms="189.772" usertimems="248.257" systemtimems="37.509" timestamp="2020-08-27T15:15:31.515" activeThreads="2">
  <mem-info id="1332" free="32512192" total="90898432" percent="35">
    <mem type="nursery" free="26935296" total="58195968" percent="46">
      <mem type="allocate" free="26935296" total="39976960" percent="67" />
      <mem type="survivor" free="0" total="18219008" percent="0" />
    </mem>
    <mem type="tenure" free="5576896" total="32702464" percent="17" macro-fragmented="3110739">
      <mem type="soa" free="3941568" total="31067136" percent="12" />
      <mem type="loa" free="1635328" total="1635328" percent="100" />
    </mem>
    <pending-finalizers system="0" default="360" reference="274" classloader="0" />
    <remembered-set count="17965" />
  </mem-info>
</gc-end>
<cycle-end id="1333" type="scavenge" contextid="1327" timestamp="2020-08-27T15:15:31.516" />
<allocation-satisfied id="1334" threadId="0000000000BA0900" bytesRequested="89408" />
<af-end id="1335" timestamp="2020-08-27T15:15:31.517" threadId="0000000000BA1280" success="true" from="nursery"/>
<exclusive-end id="1336" timestamp="2020-08-27T15:15:31.517" durationms="197.553" />

<concurrent-kickoff id="1337" timestamp="2020-08-27T15:15:32.859">
  <kickoff reason="threshold reached" targetBytes="11939292" thresholdFreeBytes="1662334"  remainingFree="1586008" tenureFreeBytes="5565792" nurseryFreeBytes="1586008" />
</concurrent-kickoff>
<exclusive-start id="1338" timestamp="2020-08-27T15:15:32.861" intervalms="1542.296">
  <response-info timems="0.772" idlems="0.772" threads="0" lastid="0000000000BA0900" lastname="Default Executor-thread-5" />
</exclusive-start>
<cycle-start id="1339" type="global" contextid="0" timestamp="2020-08-27T15:15:32.862" intervalms="14502.492" />
<exclusive-end id="1340" timestamp="2020-08-27T15:15:32.862" durationms="0.218" />

<exclusive-start id="1341" timestamp="2020-08-27T15:15:33.007" intervalms="145.603">
  <response-info timems="1.386" idlems="1.119" threads="1" lastid="00000000004B4200" lastname="ClassloaderMapProcessingThread-21" />
</exclusive-start>
<concurrent-collection-start id="1342" timestamp="2020-08-27T15:15:33.008" intervalms="14512.048" >
  <concurrent-trace-info reason="card cleaning threshold reached" tracedByMutators="8996828" tracedByHelpers="4265932" cardsCleaned="1" workStackOverflowCount="0" />
</concurrent-collection-start>
<gc-start id="1343" type="global" contextid="1339" timestamp="2020-08-27T15:15:33.017">
  <mem-info id="1344" free="5565792" total="90898432" percent="6">
    <mem type="nursery" free="0" total="58195968" percent="0">
      <mem type="allocate" free="0" total="39976960" percent="0" />
      <mem type="survivor" free="0" total="18219008" percent="0" />
    </mem>
    <mem type="tenure" free="5565792" total="32702464" percent="17">
      <mem type="soa" free="3930464" total="31067136" percent="12" />
      <mem type="loa" free="1635328" total="1635328" percent="100" />
    </mem>
    <remembered-set count="18192" />
  </mem-info>
</gc-start>
<allocation-stats totalBytes="26924104" >
  <allocated-bytes non-tlh="1632264" tlh="25291840" />
  <largest-consumer threadName="ClassloaderMapProcessingThread-21" threadId="00000000004B4200" bytes="13670352" />
</allocation-stats>
<gc-op id="1345" type="rs-scan" timems="23.858" contextid="1339" timestamp="2020-08-27T15:15:33.042">
  <scan objectsFound="17409" bytesTraced="6994500" workStackOverflowCount="0" />
</gc-op>
<gc-op id="1346" type="card-cleaning" timems="1.784" contextid="1339" timestamp="2020-08-27T15:15:33.044">
  <card-cleaning cardsCleaned="3" bytesTraced="152744" workStackOverflowCount="0" />
</gc-op>
<gc-op id="1347" type="mark" timems="15.668" contextid="1339" timestamp="2020-08-27T15:15:33.060">
  <trace-info objectcount="23114" scancount="20159" scanbytes="582848" />
  <finalization candidates="720" enqueued="428" />
  <ownableSynchronizers candidates="5423" cleared="29" />
  <references type="soft" candidates="8757" cleared="0" enqueued="0" dynamicThreshold="9" maxThreshold="32" />
  <references type="weak" candidates="14697" cleared="111" enqueued="98" />
  <references type="phantom" candidates="381" cleared="0" enqueued="0" />
  <stringconstants candidates="31060" cleared="81"  />
</gc-op>
<gc-op id="1348" type="classunload" timems="0.082" contextid="1339" timestamp="2020-08-27T15:15:33.060">
  <classunload-info classloadercandidates="278" classloadersunloaded="0" classesunloaded="0" anonymousclassesunloaded="0" quiescems="0.000" setupms="0.057" scanms="0.015" postms="0.010" />
</gc-op>
<gc-op id="1349" type="sweep" timems="3.924" contextid="1339" timestamp="2020-08-27T15:15:33.064" />
<heap-resize id="1350" type="expand" space="tenure" amount="4194304" count="1" timems="7.488" reason="insufficient free space following gc" timestamp="2020-08-27T15:15:33.072" />
<gc-end id="1351" type="global" contextid="1339" durationms="54.949" usertimems="55.771" systemtimems="15.499" timestamp="2020-08-27T15:15:33.072" activeThreads="2">
  <mem-info id="1352" free="35109904" total="95092736" percent="36">
    <mem type="nursery" free="24040712" total="58195968" percent="41">
      <mem type="allocate" free="24040712" total="39976960" percent="60" />
      <mem type="survivor" free="0" total="18219008" percent="0" />
    </mem>
    <mem type="tenure" free="11069192" total="36896768" percent="30" micro-fragmented="1056416" macro-fragmented="0">
      <mem type="soa" free="9223944" total="35051520" percent="26" />
      <mem type="loa" free="1845248" total="1845248" percent="100" />
    </mem>
    <pending-finalizers system="1" default="427" reference="98" classloader="0" />
    <remembered-set count="17808" />
  </mem-info>
</gc-end>
<cycle-end id="1353" type="global" contextid="1339" timestamp="2020-08-27T15:15:33.073" />
<concurrent-collection-end id="1354" timestamp="2020-08-27T15:15:33.073" />
<exclusive-end id="1355" timestamp="2020-08-27T15:15:33.073" durationms="66.198" />

<exclusive-start id="1356" timestamp="2020-08-27T15:15:33.422" intervalms="415.120">
  <response-info timems="0.276" idlems="0.276" threads="0" lastid="00000000004B4200" lastname="ClassloaderMapProcessingThread-21" />
</exclusive-start>
<af-start id="1357" threadId="00000000004B4B80" totalBytesRequested="328" timestamp="2020-08-27T15:15:33.424" intervalms="2100.406" type="nursery" />
<cycle-start id="1358" type="scavenge" contextid="0" timestamp="2020-08-27T15:15:33.424" intervalms="2100.050" />
<gc-start id="1359" type="scavenge" contextid="1358" timestamp="2020-08-27T15:15:33.424">
  <mem-info id="1360" free="11068800" total="95092736" percent="11">
    <mem type="nursery" free="0" total="58195968" percent="0">
      <mem type="allocate" free="0" total="39976960" percent="0" />
      <mem type="survivor" free="0" total="18219008" percent="0" />
    </mem>
    <mem type="tenure" free="11068800" total="36896768" percent="29">
      <mem type="soa" free="9223552" total="35051520" percent="26" />
      <mem type="loa" free="1845248" total="1845248" percent="100" />
    </mem>
    <remembered-set count="17823" />
  </mem-info>
</gc-start>
<allocation-stats totalBytes="23932216" >
  <allocated-bytes non-tlh="2938648" tlh="20993568" />
  <largest-consumer threadName="ClassloaderMapProcessingThread-21" threadId="00000000004B4200" bytes="13956640" />
</allocation-stats>
<gc-op id="1361" type="scavenge" timems="61.090" contextid="1358" timestamp="2020-08-27T15:15:33.486">
  <scavenger-info tenureage="6" tenuremask="6040" tiltratio="68" />
  <memory-copied type="nursery" objects="144417" bytes="11235696" bytesdiscarded="155832" />
  <memory-copied type="tenure" objects="116051" bytes="4881120" bytesdiscarded="1744" />
  <finalization candidates="460" enqueued="300" />
  <ownableSynchronizers candidates="10793" cleared="9169" />
  <references type="soft" candidates="491" cleared="0" enqueued="0" dynamicThreshold="9" maxThreshold="32" />
  <references type="weak" candidates="1052" cleared="44" enqueued="44" />
  <references type="phantom" candidates="195" cleared="0" enqueued="0" />
</gc-op>
<gc-end id="1362" type="scavenge" contextid="1358" durationms="61.776" usertimems="100.287" systemtimems="13.599" timestamp="2020-08-27T15:15:33.486" activeThreads="2">
  <mem-info id="1363" free="35288776" total="95092736" percent="37">
    <mem type="nursery" free="29235032" total="58195968" percent="50">
      <mem type="allocate" free="29235032" total="40632320" percent="71" />
      <mem type="survivor" free="0" total="17563648" percent="0" />
    </mem>
    <mem type="tenure" free="6053744" total="36896768" percent="16" macro-fragmented="5533083">
      <mem type="soa" free="4208496" total="35051520" percent="12" />
      <mem type="loa" free="1845248" total="1845248" percent="100" />
    </mem>
    <pending-finalizers system="0" default="300" reference="44" classloader="0" />
    <remembered-set count="5090" />
  </mem-info>
</gc-end>
<cycle-end id="1364" type="scavenge" contextid="1358" timestamp="2020-08-27T15:15:33.487" />
<allocation-satisfied id="1365" threadId="00000000004B4200" bytesRequested="328" />
<af-end id="1366" timestamp="2020-08-27T15:15:33.487" threadId="00000000004B4B80" success="true" from="nursery"/>
<exclusive-end id="1367" timestamp="2020-08-27T15:15:33.487" durationms="65.218" />

<concurrent-kickoff id="1368" timestamp="2020-08-27T15:15:33.919">
  <kickoff reason="threshold reached" targetBytes="13755085" thresholdFreeBytes="1913110"  remainingFree="1840984" tenureFreeBytes="6053576" nurseryFreeBytes="1840984" />
</concurrent-kickoff>
<exclusive-start id="1369" timestamp="2020-08-27T15:15:33.920" intervalms="497.622">
  <response-info timems="0.217" idlems="0.217" threads="0" lastid="0000000000BA0900" lastname="Default Executor-thread-5" />
</exclusive-start>
<cycle-start id="1370" type="global" contextid="0" timestamp="2020-08-27T15:15:33.920" intervalms="1058.596" />
<exclusive-end id="1371" timestamp="2020-08-27T15:15:33.920" durationms="0.439" />

<exclusive-start id="1372" timestamp="2020-08-27T15:15:34.002" intervalms="82.369">
  <response-info timems="0.504" idlems="0.274" threads="1" lastid="00000000004B4200" lastname="ClassloaderMapProcessingThread-21" />
</exclusive-start>
<af-start id="1373" threadId="0000000000BA1280" totalBytesRequested="4104" timestamp="2020-08-27T15:15:34.002" intervalms="578.792" type="nursery" />
<cycle-start id="1374" type="scavenge" contextid="0" timestamp="2020-08-27T15:15:34.003" intervalms="578.688" />
<gc-start id="1375" type="scavenge" contextid="1374" timestamp="2020-08-27T15:15:34.003">
  <mem-info id="1376" free="6053576" total="95092736" percent="6">
    <mem type="nursery" free="0" total="58195968" percent="0">
      <mem type="allocate" free="0" total="40632320" percent="0" />
      <mem type="survivor" free="0" total="17563648" percent="0" />
    </mem>
    <mem type="tenure" free="6053576" total="36896768" percent="16">
      <mem type="soa" free="4208328" total="35051520" percent="12" />
      <mem type="loa" free="1845248" total="1845248" percent="100" />
    </mem>
    <remembered-set count="5098" />
  </mem-info>
</gc-start>
<allocation-stats totalBytes="29216568" >
  <allocated-bytes non-tlh="262672" tlh="28953896" />
  <largest-consumer threadName="ClassloaderMapProcessingThread-21" threadId="00000000004B4200" bytes="16345128" />
</allocation-stats>
<gc-op id="1377" type="scavenge" timems="63.979" contextid="1374" timestamp="2020-08-27T15:15:34.067">
  <scavenger-info tenureage="3" tenuremask="6018" tiltratio="69" />
  <memory-copied type="nursery" objects="124276" bytes="10095344" bytesdiscarded="183952" />
  <memory-copied type="tenure" objects="33038" bytes="2567880" bytesdiscarded="432" />
  <finalization candidates="549" enqueued="420" />
  <ownableSynchronizers candidates="148" cleared="5" />
  <references type="soft" candidates="204" cleared="0" enqueued="0" dynamicThreshold="9" maxThreshold="32" />
  <references type="weak" candidates="608" cleared="0" enqueued="0" />
  <references type="phantom" candidates="132" cleared="0" enqueued="0" />
</gc-op>
<heap-resize id="1378" type="expand" space="nursery" amount="3014656" count="1" timems="2.661" reason="excessive time being spent scavenging" timestamp="2020-08-27T15:15:34.070" />
<gc-end id="1379" type="scavenge" contextid="1374" durationms="67.258" usertimems="75.824" systemtimems="36.573" timestamp="2020-08-27T15:15:34.070" activeThreads="2">
  <mem-info id="1380" free="37013272" total="98107392" percent="37">
    <mem type="nursery" free="33625064" total="61210624" percent="54">
      <mem type="allocate" free="33625064" total="43909120" percent="76" />
      <mem type="survivor" free="0" total="17301504" percent="0" />
    </mem>
    <mem type="tenure" free="3388208" total="36896768" percent="9" macro-fragmented="3300359">
      <mem type="soa" free="1542960" total="35051520" percent="4" />
      <mem type="loa" free="1845248" total="1845248" percent="100" />
    </mem>
    <pending-finalizers system="0" default="420" reference="0" classloader="0" />
    <remembered-set count="1933" />
  </mem-info>
</gc-end>
<cycle-end id="1381" type="scavenge" contextid="1374" timestamp="2020-08-27T15:15:34.071" />
<allocation-satisfied id="1382" threadId="0000000000BA0900" bytesRequested="4104" />
<af-end id="1383" timestamp="2020-08-27T15:15:34.071" threadId="0000000000BA1280" success="true" from="nursery"/>
<exclusive-end id="1384" timestamp="2020-08-27T15:15:34.071" durationms="69.144" />

<exclusive-start id="1385" timestamp="2020-08-27T15:15:34.074" intervalms="71.404">
  <response-info timems="1.844" idlems="1.844" threads="0" lastid="00000000004B4200" lastname="ClassloaderMapProcessingThread-21" />
</exclusive-start>
<concurrent-collection-start id="1386" timestamp="2020-08-27T15:15:34.074" intervalms="1066.289" >
  <concurrent-trace-info reason="card cleaning threshold reached" tracedByMutators="7593128" tracedByHelpers="9242884" cardsCleaned="7" workStackOverflowCount="0" />
</concurrent-collection-start>
<gc-start id="1387" type="global" contextid="1370" timestamp="2020-08-27T15:15:34.074">
  <mem-info id="1388" free="36878096" total="98107392" percent="37">
    <mem type="nursery" free="33489888" total="61210624" percent="54">
      <mem type="allocate" free="33489888" total="43909120" percent="76" />
      <mem type="survivor" free="0" total="17301504" percent="0" />
    </mem>
    <mem type="tenure" free="3388208" total="36896768" percent="9">
      <mem type="soa" free="1542960" total="35051520" percent="4" />
      <mem type="loa" free="1845248" total="1845248" percent="100" />
    </mem>
    <remembered-set count="1933" />
  </mem-info>
</gc-start>
<allocation-stats totalBytes="135176" >
  <allocated-bytes non-tlh="4104" tlh="131072" />
  <largest-consumer threadName="Default Executor-thread-5" threadId="0000000000BA0900" bytes="69640" />
</allocation-stats>
<gc-op id="1389" type="rs-scan" timems="14.042" contextid="1370" timestamp="2020-08-27T15:15:34.088">
  <scan objectsFound="1239" bytesTraced="3271020" workStackOverflowCount="0" />
</gc-op>
<gc-op id="1390" type="card-cleaning" timems="5.085" contextid="1370" timestamp="2020-08-27T15:15:34.094">
  <card-cleaning cardsCleaned="1426" bytesTraced="842404" workStackOverflowCount="0" />
</gc-op>
<gc-op id="1391" type="mark" timems="25.813" contextid="1370" timestamp="2020-08-27T15:15:34.120">
  <trace-info objectcount="10787" scancount="10032" scanbytes="435100" />
  <finalization candidates="293" enqueued="0" />
  <ownableSynchronizers candidates="5394" cleared="0" />
  <references type="soft" candidates="8757" cleared="41" enqueued="40" dynamicThreshold="9" maxThreshold="32" />
  <references type="weak" candidates="14596" cleared="0" enqueued="0" />
  <references type="phantom" candidates="472" cleared="0" enqueued="0" />
  <stringconstants candidates="30984" cleared="0"  />
</gc-op>
<gc-op id="1392" type="sweep" timems="9.828" contextid="1370" timestamp="2020-08-27T15:15:34.130" />
<heap-resize id="1393" type="expand" space="tenure" amount="10682368" count="1" timems="81.951" reason="insufficient free space following gc" timestamp="2020-08-27T15:15:34.212" />
<gc-end id="1394" type="global" contextid="1370" durationms="138.755" usertimems="63.134" systemtimems="72.414" timestamp="2020-08-27T15:15:34.213" activeThreads="2">
  <mem-info id="1395" free="49218624" total="108789760" percent="45">
    <mem type="nursery" free="34919144" total="61210624" percent="57">
      <mem type="allocate" free="34919144" total="43909120" percent="79" />
      <mem type="survivor" free="0" total="17301504" percent="0" />
    </mem>
    <mem type="tenure" free="14299480" total="47579136" percent="30" micro-fragmented="957632" macro-fragmented="18870">
      <mem type="soa" free="11919704" total="45199360" percent="26" />
      <mem type="loa" free="2379776" total="2379776" percent="100" />
    </mem>
    <pending-finalizers system="0" default="0" reference="40" classloader="0" />
    <remembered-set count="1933" />
  </mem-info>
</gc-end>
<cycle-end id="1396" type="global" contextid="1370" timestamp="2020-08-27T15:15:34.213" />
<concurrent-collection-end id="1397" timestamp="2020-08-27T15:15:34.214" />
<exclusive-end id="1398" timestamp="2020-08-27T15:15:34.214" durationms="140.113" />

<exclusive-start id="1399" timestamp="2020-08-27T15:15:34.612" intervalms="538.215">
  <response-info timems="1.081" idlems="0.566" threads="1" lastid="00000000004B4200" lastname="ClassloaderMapProcessingThread-21" />
</exclusive-start>
<af-start id="1400" threadId="0000000000BA1280" totalBytesRequested="8200" timestamp="2020-08-27T15:15:34.612" intervalms="609.686" type="nursery" />
<cycle-start id="1401" type="scavenge" contextid="0" timestamp="2020-08-27T15:15:34.612" intervalms="609.753" />
<gc-start id="1402" type="scavenge" contextid="1401" timestamp="2020-08-27T15:15:34.613">
  <mem-info id="1403" free="14299480" total="108789760" percent="13">
    <mem type="nursery" free="0" total="61210624" percent="0">
      <mem type="allocate" free="0" total="43909120" percent="0" />
      <mem type="survivor" free="0" total="17301504" percent="0" />
    </mem>
    <mem type="tenure" free="14299480" total="47579136" percent="30">
      <mem type="soa" free="11919704" total="45199360" percent="26" />
      <mem type="loa" free="2379776" total="2379776" percent="100" />
    </mem>
    <remembered-set count="2024" />
  </mem-info>
</gc-start>
<allocation-stats totalBytes="34866832" >
  <allocated-bytes non-tlh="845576" tlh="34021256" />
  <largest-consumer threadName="Default Executor-thread-5" threadId="0000000000BA0900" bytes="17831072" />
</allocation-stats>
<gc-op id="1404" type="scavenge" timems="31.099" contextid="1401" timestamp="2020-08-27T15:15:34.644">
  <scavenger-info tenureage="13" tenuremask="6000" tiltratio="71" />
  <memory-copied type="nursery" objects="133776" bytes="11092824" bytesdiscarded="133896" />
  <finalization candidates="584" enqueued="483" />
  <ownableSynchronizers candidates="10793" cleared="10732" />
  <references type="soft" candidates="204" cleared="0" enqueued="0" dynamicThreshold="9" maxThreshold="32" />
  <references type="weak" candidates="610" cleared="0" enqueued="0" />
  <references type="phantom" candidates="134" cleared="0" enqueued="0" />
</gc-op>
<gc-end id="1405" type="scavenge" contextid="1401" durationms="32.019" usertimems="45.729" systemtimems="3.651" timestamp="2020-08-27T15:15:34.645" activeThreads="2">
  <mem-info id="1406" free="48549176" total="108789760" percent="44">
    <mem type="nursery" free="34249696" total="61210624" percent="55">
      <mem type="allocate" free="34249696" total="45481984" percent="75" />
      <mem type="survivor" free="0" total="15728640" percent="0" />
    </mem>
    <mem type="tenure" free="14299480" total="47579136" percent="30" macro-fragmented="0">
      <mem type="soa" free="11919704" total="45199360" percent="26" />
      <mem type="loa" free="2379776" total="2379776" percent="100" />
    </mem>
    <pending-finalizers system="0" default="483" reference="0" classloader="0" />
    <remembered-set count="1898" />
  </mem-info>
</gc-end>
<cycle-end id="1407" type="scavenge" contextid="1401" timestamp="2020-08-27T15:15:34.645" />
<allocation-satisfied id="1408" threadId="0000000000BA0900" bytesRequested="8200" />
<af-end id="1409" timestamp="2020-08-27T15:15:34.646" threadId="0000000000BA1280" success="true" from="nursery"/>
<exclusive-end id="1410" timestamp="2020-08-27T15:15:34.646" durationms="33.874" />

<exclusive-start id="1411" timestamp="2020-08-27T15:15:34.940" intervalms="327.963">
  <response-info timems="0.216" idlems="0.216" threads="0" lastid="0000000000BA0900" lastname="Default Executor-thread-5" />
</exclusive-start>
<af-start id="1412" threadId="0000000000BA1280" totalBytesRequested="264" timestamp="2020-08-27T15:15:34.940" intervalms="328.238" type="nursery" />
<cycle-start id="1413" type="scavenge" contextid="0" timestamp="2020-08-27T15:15:34.940" intervalms="328.179" />
<gc-start id="1414" type="scavenge" contextid="1413" timestamp="2020-08-27T15:15:34.941">
  <mem-info id="1415" free="14299480" total="108789760" percent="13">
    <mem type="nursery" free="0" total="61210624" percent="0">
      <mem type="allocate" free="0" total="45481984" percent="0" />
      <mem type="survivor" free="0" total="15728640" percent="0" />
    </mem>
    <mem type="tenure" free="14299480" total="47579136" percent="30">
      <mem type="soa" free="11919704" total="45199360" percent="26" />
      <mem type="loa" free="2379776" total="2379776" percent="100" />
    </mem>
    <remembered-set count="1902" />
  </mem-info>
</gc-start>
<allocation-stats totalBytes="34218384" >
  <allocated-bytes non-tlh="1675944" tlh="32542440" />
  <largest-consumer threadName="Default Executor-thread-5" threadId="0000000000BA0900" bytes="31320584" />
</allocation-stats>
<gc-op id="1416" type="scavenge" timems="105.302" contextid="1413" timestamp="2020-08-27T15:15:35.046">
  <scavenger-info tenureage="3" tenuremask="6008" tiltratio="74" />
  <memory-copied type="nursery" objects="117882" bytes="10395232" bytesdiscarded="126560" />
  <memory-copied type="tenure" objects="25862" bytes="3853208" bytesdiscarded="2680" />
  <finalization candidates="958" enqueued="858" />
  <ownableSynchronizers candidates="65" cleared="4" />
  <references type="soft" candidates="184" cleared="0" enqueued="0" dynamicThreshold="9" maxThreshold="32" />
  <references type="weak" candidates="508" cleared="0" enqueued="0" />
  <references type="phantom" candidates="35" cleared="0" enqueued="0" />
</gc-op>
<heap-resize id="1417" type="expand" space="nursery" amount="8257536" count="1" timems="0.166" reason="excessive time being spent scavenging" timestamp="2020-08-27T15:15:35.047" />
<gc-end id="1418" type="scavenge" contextid="1413" durationms="106.453" usertimems="45.559" systemtimems="70.149" timestamp="2020-08-27T15:15:35.047" activeThreads="2">
  <mem-info id="1419" free="52371680" total="117047296" percent="44">
    <mem type="nursery" free="41964712" total="69468160" percent="60">
      <mem type="allocate" free="41964712" total="52494336" percent="79" />
      <mem type="survivor" free="0" total="16973824" percent="0" />
    </mem>
    <mem type="tenure" free="10406968" total="47579136" percent="21" macro-fragmented="7740516">
      <mem type="soa" free="8027192" total="45199360" percent="17" />
      <mem type="loa" free="2379776" total="2379776" percent="100" />
    </mem>
    <pending-finalizers system="0" default="858" reference="0" classloader="0" />
    <remembered-set count="4169" />
  </mem-info>
</gc-end>
<cycle-end id="1420" type="scavenge" contextid="1413" timestamp="2020-08-27T15:15:35.048" />
<allocation-satisfied id="1421" threadId="0000000000BA0900" bytesRequested="264" />
<af-end id="1422" timestamp="2020-08-27T15:15:35.048" threadId="0000000000BA1280" success="true" from="nursery"/>
<exclusive-end id="1423" timestamp="2020-08-27T15:15:35.048" durationms="108.804" />

<concurrent-kickoff id="1424" timestamp="2020-08-27T15:15:35.349">
  <kickoff reason="threshold reached" targetBytes="18499331" thresholdFreeBytes="2565806"  remainingFree="2508328" tenureFreeBytes="10406968" nurseryFreeBytes="2508328" />
</concurrent-kickoff>
<exclusive-start id="1425" timestamp="2020-08-27T15:15:35.350" intervalms="410.244">
  <response-info timems="0.314" idlems="0.314" threads="0" lastid="0000000000BA0900" lastname="Default Executor-thread-5" />
</exclusive-start>
<cycle-start id="1426" type="global" contextid="0" timestamp="2020-08-27T15:15:35.350" intervalms="1429.928" />
<exclusive-end id="1427" timestamp="2020-08-27T15:15:35.350" durationms="0.184" />

<exclusive-start id="1428" timestamp="2020-08-27T15:15:35.428" intervalms="77.913">
  <response-info timems="0.664" idlems="0.664" threads="0" lastid="0000000000BA0900" lastname="Default Executor-thread-5" />
</exclusive-start>
<concurrent-collection-start id="1429" timestamp="2020-08-27T15:15:35.428" intervalms="1354.268" >
  <concurrent-trace-info reason="card cleaning threshold reached" tracedByMutators="4780220" tracedByHelpers="13343988" cardsCleaned="8" workStackOverflowCount="0" />
</concurrent-collection-start>
<gc-start id="1430" type="global" contextid="1426" timestamp="2020-08-27T15:15:35.428">
  <mem-info id="1431" free="10556000" total="117047296" percent="9">
    <mem type="nursery" free="149032" total="69468160" percent="0">
      <mem type="allocate" free="149032" total="52494336" percent="0" />
      <mem type="survivor" free="0" total="16973824" percent="0" />
    </mem>
    <mem type="tenure" free="10406968" total="47579136" percent="21">
      <mem type="soa" free="8027192" total="45199360" percent="17" />
      <mem type="loa" free="2379776" total="2379776" percent="100" />
    </mem>
    <remembered-set count="4205" />
  </mem-info>
</gc-start>
<allocation-stats totalBytes="41679456" >
  <allocated-bytes non-tlh="2569112" tlh="39110344" />
  <largest-consumer threadName="Default Executor-thread-5" threadId="0000000000BA0900" bytes="41642592" />
</allocation-stats>
<gc-op id="1432" type="rs-scan" timems="7.016" contextid="1426" timestamp="2020-08-27T15:15:35.436">
  <scan objectsFound="3726" bytesTraced="2829768" workStackOverflowCount="0" />
</gc-op>
<gc-op id="1433" type="card-cleaning" timems="1.001" contextid="1426" timestamp="2020-08-27T15:15:35.437">
  <card-cleaning cardsCleaned="3" bytesTraced="165280" workStackOverflowCount="0" />
</gc-op>
<gc-op id="1434" type="mark" timems="10.315" contextid="1426" timestamp="2020-08-27T15:15:35.448">
  <trace-info objectcount="18696" scancount="15053" scanbytes="547220" />
  <finalization candidates="1131" enqueued="838" />
  <ownableSynchronizers candidates="5399" cleared="5" />
  <references type="soft" candidates="8716" cleared="0" enqueued="0" dynamicThreshold="9" maxThreshold="32" />
  <references type="weak" candidates="14600" cleared="0" enqueued="0" />
  <references type="phantom" candidates="475" cleared="0" enqueued="0" />
  <stringconstants candidates="30984" cleared="0"  />
</gc-op>
<gc-op id="1435" type="sweep" timems="4.819" contextid="1426" timestamp="2020-08-27T15:15:35.453" />
<heap-resize id="1436" type="expand" space="tenure" amount="5505024" count="1" timems="0.492" reason="insufficient free space following gc" timestamp="2020-08-27T15:15:35.454" />
<gc-end id="1437" type="global" contextid="1426" durationms="25.913" usertimems="29.375" systemtimems="5.776" timestamp="2020-08-27T15:15:35.454" activeThreads="2">
  <mem-info id="1438" free="57031048" total="122552320" percent="46">
    <mem type="nursery" free="41080024" total="69468160" percent="59">
      <mem type="allocate" free="41080024" total="52494336" percent="78" />
      <mem type="survivor" free="0" total="16973824" percent="0" />
    </mem>
    <mem type="tenure" free="15951024" total="53084160" percent="30" micro-fragmented="957454" macro-fragmented="7740516">
      <mem type="soa" free="13296816" total="50429952" percent="26" />
      <mem type="loa" free="2654208" total="2654208" percent="100" />
    </mem>
    <pending-finalizers system="0" default="838" reference="0" classloader="0" />
    <remembered-set count="4164" />
  </mem-info>
</gc-end>
<cycle-end id="1439" type="global" contextid="1426" timestamp="2020-08-27T15:15:35.455" />
<concurrent-collection-end id="1440" timestamp="2020-08-27T15:15:35.455" />
<exclusive-end id="1441" timestamp="2020-08-27T15:15:35.455" durationms="27.173" />

<exclusive-start id="1442" timestamp="2020-08-27T15:15:36.055" intervalms="627.213">
  <response-info timems="0.146" idlems="0.146" threads="0" lastid="0000000000BA0900" lastname="Default Executor-thread-5" />
</exclusive-start>
<af-start id="1443" threadId="0000000000BA1280" totalBytesRequested="131080" timestamp="2020-08-27T15:15:36.056" intervalms="1115.283" type="nursery" />
<cycle-start id="1444" type="scavenge" contextid="0" timestamp="2020-08-27T15:15:36.056" intervalms="1115.292" />
<gc-start id="1445" type="scavenge" contextid="1444" timestamp="2020-08-27T15:15:36.056">
  <mem-info id="1446" free="23800080" total="122552320" percent="19">
    <mem type="nursery" free="7849056" total="69468160" percent="11">
      <mem type="allocate" free="7849056" total="52494336" percent="14" />
      <mem type="survivor" free="0" total="16973824" percent="0" />
    </mem>
    <mem type="tenure" free="15951024" total="53084160" percent="30">
      <mem type="soa" free="13296816" total="50429952" percent="26" />
      <mem type="loa" free="2654208" total="2654208" percent="100" />
    </mem>
    <remembered-set count="4185" />
  </mem-info>
</gc-start>
<allocation-stats totalBytes="32910800" >
  <allocated-bytes non-tlh="10381032" tlh="22529768" />
  <largest-consumer threadName="Default Executor-thread-5" threadId="0000000000BA0900" bytes="32874752" />
</allocation-stats>
<gc-op id="1447" type="scavenge" timems="70.105" contextid="1444" timestamp="2020-08-27T15:15:36.127">
  <scavenger-info tenureage="3" tenuremask="6028" tiltratio="75" />
  <memory-copied type="nursery" objects="31103" bytes="5067392" bytesdiscarded="128952" />
  <memory-copied type="tenure" objects="92916" bytes="4949680" bytesdiscarded="2248" />
  <finalization candidates="801" enqueued="703" />
  <ownableSynchronizers candidates="10792" cleared="10746" />
  <references type="weak" candidates="4" cleared="0" enqueued="0" />
  <references type="phantom" candidates="3" cleared="0" enqueued="0" />
</gc-op>
<gc-end id="1448" type="scavenge" contextid="1444" durationms="71.352" usertimems="62.619" systemtimems="8.462" timestamp="2020-08-27T15:15:36.128" activeThreads="2">
  <mem-info id="1449" free="60983360" total="122552320" percent="49">
    <mem type="nursery" free="50102888" total="69468160" percent="72">
      <mem type="allocate" free="50102888" total="55312384" percent="90" />
      <mem type="survivor" free="0" total="14155776" percent="0" />
    </mem>
    <mem type="tenure" free="10880472" total="53084160" percent="20" macro-fragmented="6450429">
      <mem type="soa" free="8226264" total="50429952" percent="16" />
      <mem type="loa" free="2654208" total="2654208" percent="100" />
    </mem>
    <pending-finalizers system="0" default="703" reference="0" classloader="0" />
    <remembered-set count="1983" />
  </mem-info>
</gc-end>
<cycle-end id="1450" type="scavenge" contextid="1444" timestamp="2020-08-27T15:15:36.128" />
<allocation-satisfied id="1451" threadId="0000000000BA0900" bytesRequested="131080" />
<af-end id="1452" timestamp="2020-08-27T15:15:36.130" threadId="0000000000BA1280" success="true" from="nursery"/>
<exclusive-end id="1453" timestamp="2020-08-27T15:15:36.130" durationms="75.250" />

<concurrent-kickoff id="1454" timestamp="2020-08-27T15:15:36.861">
  <kickoff reason="threshold reached" targetBytes="20548290" thresholdFreeBytes="2850430"  remainingFree="2785872" tenureFreeBytes="10880472" nurseryFreeBytes="2785872" />
</concurrent-kickoff>
<exclusive-start id="1455" timestamp="2020-08-27T15:15:36.862" intervalms="807.114">
  <response-info timems="0.379" idlems="0.379" threads="0" lastid="0000000000BA0900" lastname="Default Executor-thread-5" />
</exclusive-start>
<cycle-start id="1456" type="global" contextid="0" timestamp="2020-08-27T15:15:36.862" intervalms="1512.269" />
<exclusive-end id="1457" timestamp="2020-08-27T15:15:36.862" durationms="0.202" />

<exclusive-start id="1458" timestamp="2020-08-27T15:15:37.106" intervalms="243.376">
  <response-info timems="0.301" idlems="0.301" threads="0" lastid="0000000000BA0900" lastname="Default Executor-thread-5" />
</exclusive-start>
<concurrent-collection-start id="1459" timestamp="2020-08-27T15:15:37.106" intervalms="1678.025" >
  <concurrent-trace-info reason="card cleaning threshold reached" tracedByMutators="8461236" tracedByHelpers="12252288" cardsCleaned="8" workStackOverflowCount="0" />
</concurrent-collection-start>
<gc-start id="1460" type="global" contextid="1456" timestamp="2020-08-27T15:15:37.107">
  <mem-info id="1461" free="10913832" total="122552320" percent="8">
    <mem type="nursery" free="33360" total="69468160" percent="0">
      <mem type="allocate" free="33360" total="55312384" percent="0" />
      <mem type="survivor" free="0" total="14155776" percent="0" />
    </mem>
    <mem type="tenure" free="10880472" total="53084160" percent="20">
      <mem type="soa" free="8226264" total="50429952" percent="16" />
      <mem type="loa" free="2654208" total="2654208" percent="100" />
    </mem>
    <remembered-set count="2057" />
  </mem-info>
</gc-start>
<allocation-stats totalBytes="49992640" >
  <allocated-bytes non-tlh="2442664" tlh="47549976" />
  <largest-consumer threadName="Default Executor-thread-5" threadId="0000000000BA0900" bytes="49935296" />
</allocation-stats>
<heap-resize id="1462" type="loa contract" space="tenure" amount="530432" count="1" timems="0.000" reason="contract underutilized loa" timestamp="2020-08-27T15:15:37.107" />
<gc-op id="1463" type="rs-scan" timems="3.970" contextid="1456" timestamp="2020-08-27T15:15:37.111">
  <scan objectsFound="1762" bytesTraced="457688" workStackOverflowCount="0" />
</gc-op>
<gc-op id="1464" type="card-cleaning" timems="0.347" contextid="1456" timestamp="2020-08-27T15:15:37.112">
  <card-cleaning cardsCleaned="6" bytesTraced="13340" workStackOverflowCount="0" />
</gc-op>
<gc-op id="1465" type="mark" timems="13.123" contextid="1456" timestamp="2020-08-27T15:15:37.125">
  <trace-info objectcount="23994" scancount="19228" scanbytes="801136" />
  <finalization candidates="1514" enqueued="1221" />
  <ownableSynchronizers candidates="5403" cleared="9" />
  <references type="soft" candidates="8716" cleared="0" enqueued="0" dynamicThreshold="9" maxThreshold="32" />
  <references type="weak" candidates="14600" cleared="0" enqueued="0" />
  <references type="phantom" candidates="475" cleared="0" enqueued="0" />
  <stringconstants candidates="30984" cleared="0"  />
</gc-op>
<gc-op id="1466" type="sweep" timems="4.735" contextid="1456" timestamp="2020-08-27T15:15:37.130" />
<heap-resize id="1467" type="expand" space="tenure" amount="7077888" count="1" timems="0.493" reason="insufficient free space following gc" timestamp="2020-08-27T15:15:37.131" />
<heap-resize id="1468" type="loa contract" space="tenure" amount="1805312" count="1" timems="0.000" reason="contract to meet minimum soa" timestamp="2020-08-27T15:15:37.131" />
<gc-end id="1469" type="global" contextid="1456" durationms="24.784" usertimems="24.609" systemtimems="7.478" timestamp="2020-08-27T15:15:37.131" activeThreads="2">
  <mem-info id="1470" free="65391192" total="129630208" percent="50">
    <mem type="nursery" free="47315064" total="69468160" percent="68">
      <mem type="allocate" free="47315064" total="55312384" percent="85" />
      <mem type="survivor" free="0" total="14155776" percent="0" />
    </mem>
    <mem type="tenure" free="18076128" total="60162048" percent="30" micro-fragmented="950077" macro-fragmented="3732887">
      <mem type="soa" free="17474016" total="59559936" percent="29" />
      <mem type="loa" free="602112" total="602112" percent="100" />
    </mem>
    <pending-finalizers system="0" default="1221" reference="0" classloader="0" />
    <remembered-set count="2057" />
  </mem-info>
</gc-end>
<cycle-end id="1471" type="global" contextid="1456" timestamp="2020-08-27T15:15:37.132" />
<concurrent-collection-end id="1472" timestamp="2020-08-27T15:15:37.132" />
<exclusive-end id="1473" timestamp="2020-08-27T15:15:37.132" durationms="26.475" />

<exclusive-start id="1474" timestamp="2020-08-27T15:15:37.753" intervalms="647.296">
  <response-info timems="0.669" idlems="0.669" threads="0" lastid="0000000000BA0900" lastname="Default Executor-thread-5" />
</exclusive-start>
<af-start id="1475" threadId="0000000000BA1280" totalBytesRequested="4104" timestamp="2020-08-27T15:15:37.753" intervalms="1697.525" type="nursery" />
<cycle-start id="1476" type="scavenge" contextid="0" timestamp="2020-08-27T15:15:37.753" intervalms="1697.499" />
<gc-start id="1477" type="scavenge" contextid="1476" timestamp="2020-08-27T15:15:37.754">
  <mem-info id="1478" free="18076040" total="129630208" percent="13">
    <mem type="nursery" free="0" total="69468160" percent="0">
      <mem type="allocate" free="0" total="55312384" percent="0" />
      <mem type="survivor" free="0" total="14155776" percent="0" />
    </mem>
    <mem type="tenure" free="18076040" total="60162048" percent="30">
      <mem type="soa" free="17473928" total="59559936" percent="29" />
      <mem type="loa" free="602112" total="602112" percent="100" />
    </mem>
    <remembered-set count="2426" />
  </mem-info>
</gc-start>
<allocation-stats totalBytes="46759904" >
  <allocated-bytes non-tlh="15006016" tlh="31753888" />
  <largest-consumer threadName="Default Executor-thread-5" threadId="0000000000BA0900" bytes="46721848" />
</allocation-stats>
<gc-op id="1479" type="scavenge" timems="18.540" contextid="1476" timestamp="2020-08-27T15:15:37.772">
  <scavenger-info tenureage="14" tenuremask="4000" tiltratio="79" />
  <memory-copied type="nursery" objects="58434" bytes="7834000" bytesdiscarded="143016" />
  <finalization candidates="1135" enqueued="1134" />
  <ownableSynchronizers candidates="10792" cleared="10787" />
  <references type="weak" candidates="8" cleared="0" enqueued="0" />
  <references type="phantom" candidates="7" cleared="0" enqueued="0" />
</gc-op>
<gc-end id="1480" type="scavenge" contextid="1476" durationms="19.491" usertimems="25.932" systemtimems="1.588" timestamp="2020-08-27T15:15:37.773" activeThreads="2">
  <mem-info id="1481" free="65980592" total="129630208" percent="50">
    <mem type="nursery" free="47904552" total="69468160" percent="68">
      <mem type="allocate" free="47904552" total="55902208" percent="85" />
      <mem type="survivor" free="0" total="13565952" percent="0" />
    </mem>
    <mem type="tenure" free="18076040" total="60162048" percent="30" macro-fragmented="6450429">
      <mem type="soa" free="17473928" total="59559936" percent="29" />
      <mem type="loa" free="602112" total="602112" percent="100" />
    </mem>
    <pending-finalizers system="0" default="1134" reference="0" classloader="0" />
    <remembered-set count="2290" />
  </mem-info>
</gc-end>
<cycle-end id="1482" type="scavenge" contextid="1476" timestamp="2020-08-27T15:15:37.773" />
<allocation-satisfied id="1483" threadId="0000000000BA0900" bytesRequested="4104" />
<af-end id="1484" timestamp="2020-08-27T15:15:37.774" threadId="0000000000BA1280" success="true" from="nursery"/>
<exclusive-end id="1485" timestamp="2020-08-27T15:15:37.774" durationms="20.844" />

<exclusive-start id="1486" timestamp="2020-08-27T15:15:38.220" intervalms="466.713">
  <response-info timems="0.232" idlems="0.232" threads="0" lastid="0000000000BA0900" lastname="Default Executor-thread-5" />
</exclusive-start>
<af-start id="1487" threadId="0000000000BA1280" totalBytesRequested="16392" timestamp="2020-08-27T15:15:38.220" intervalms="466.694" type="nursery" />
<cycle-start id="1488" type="scavenge" contextid="0" timestamp="2020-08-27T15:15:38.220" intervalms="466.872" />
<gc-start id="1489" type="scavenge" contextid="1488" timestamp="2020-08-27T15:15:38.220">
  <mem-info id="1490" free="18076040" total="129630208" percent="13">
    <mem type="nursery" free="0" total="69468160" percent="0">
      <mem type="allocate" free="0" total="55902208" percent="0" />
      <mem type="survivor" free="0" total="13565952" percent="0" />
    </mem>
    <mem type="tenure" free="18076040" total="60162048" percent="30">
      <mem type="soa" free="17473928" total="59559936" percent="29" />
      <mem type="loa" free="602112" total="602112" percent="100" />
    </mem>
    <remembered-set count="2338" />
  </mem-info>
</gc-start>
<allocation-stats totalBytes="47850448" >
  <allocated-bytes non-tlh="69648" tlh="47780800" />
  <largest-consumer threadName="Default Executor-thread-5" threadId="0000000000BA0900" bytes="47846352" />
</allocation-stats>
<gc-op id="1491" type="scavenge" timems="16.370" contextid="1488" timestamp="2020-08-27T15:15:38.237">
  <scavenger-info tenureage="14" tenuremask="4000" tiltratio="80" />
  <memory-copied type="nursery" objects="71620" bytes="9008016" bytesdiscarded="94272" />
  <finalization candidates="1444" enqueued="1443" />
  <ownableSynchronizers candidates="5" cleared="0" />
  <references type="weak" candidates="9" cleared="0" enqueued="0" />
  <references type="phantom" candidates="8" cleared="0" enqueued="0" />
</gc-op>
<gc-end id="1492" type="scavenge" contextid="1488" durationms="17.376" usertimems="25.241" systemtimems="2.164" timestamp="2020-08-27T15:15:38.238" activeThreads="2">
  <mem-info id="1493" free="65387968" total="129630208" percent="50">
    <mem type="nursery" free="47311928" total="69468160" percent="68">
      <mem type="allocate" free="47311928" total="56426496" percent="83" />
      <mem type="survivor" free="0" total="13041664" percent="0" />
    </mem>
    <mem type="tenure" free="18076040" total="60162048" percent="30" macro-fragmented="6450429">
      <mem type="soa" free="17473928" total="59559936" percent="29" />
      <mem type="loa" free="602112" total="602112" percent="100" />
    </mem>
    <pending-finalizers system="0" default="1443" reference="0" classloader="0" />
    <remembered-set count="2205" />
  </mem-info>
</gc-end>
<cycle-end id="1494" type="scavenge" contextid="1488" timestamp="2020-08-27T15:15:38.238" />
<allocation-satisfied id="1495" threadId="0000000000BA0900" bytesRequested="16392" />
<af-end id="1496" timestamp="2020-08-27T15:15:38.238" threadId="0000000000BA1280" success="true" from="nursery"/>
<exclusive-end id="1497" timestamp="2020-08-27T15:15:38.239" durationms="18.985" />

<exclusive-start id="1498" timestamp="2020-08-27T15:15:38.808" intervalms="588.621">
  <response-info timems="0.227" idlems="0.227" threads="0" lastid="0000000000BA0900" lastname="Default Executor-thread-5" />
</exclusive-start>
<af-start id="1499" threadId="0000000000BA1280" totalBytesRequested="4104" timestamp="2020-08-27T15:15:38.808" intervalms="588.628" type="nursery" />
<cycle-start id="1500" type="scavenge" contextid="0" timestamp="2020-08-27T15:15:38.809" intervalms="588.448" />
<gc-start id="1501" type="scavenge" contextid="1500" timestamp="2020-08-27T15:15:38.809">
  <mem-info id="1502" free="18076040" total="129630208" percent="13">
    <mem type="nursery" free="0" total="69468160" percent="0">
      <mem type="allocate" free="0" total="56426496" percent="0" />
      <mem type="survivor" free="0" total="13041664" percent="0" />
    </mem>
    <mem type="tenure" free="18076040" total="60162048" percent="30">
      <mem type="soa" free="17473928" total="59559936" percent="29" />
      <mem type="loa" free="602112" total="602112" percent="100" />
    </mem>
    <remembered-set count="2397" />
  </mem-info>
</gc-start>
<allocation-stats totalBytes="47273056" >
  <allocated-bytes non-tlh="1224848" tlh="46048208" />
  <largest-consumer threadName="Default Executor-thread-5" threadId="0000000000BA0900" bytes="42756576" />
</allocation-stats>
<gc-op id="1503" type="scavenge" timems="18.830" contextid="1500" timestamp="2020-08-27T15:15:38.828">
  <scavenger-info tenureage="14" tenuremask="4000" tiltratio="81" />
  <memory-copied type="nursery" objects="91104" bytes="8966544" bytesdiscarded="48880" />
  <finalization candidates="1379" enqueued="1378" />
  <ownableSynchronizers candidates="14" cleared="9" />
  <references type="weak" candidates="14" cleared="0" enqueued="0" />
  <references type="phantom" candidates="13" cleared="0" enqueued="0" />
</gc-op>
<gc-end id="1504" type="scavenge" contextid="1500" durationms="19.930" usertimems="28.857" systemtimems="3.616" timestamp="2020-08-27T15:15:38.829" activeThreads="2">
  <mem-info id="1505" free="66195592" total="129630208" percent="51">
    <mem type="nursery" free="48119552" total="69468160" percent="69">
      <mem type="allocate" free="48119552" total="57147392" percent="84" />
      <mem type="survivor" free="0" total="12320768" percent="0" />
    </mem>
    <mem type="tenure" free="18076040" total="60162048" percent="30" macro-fragmented="0">
      <mem type="soa" free="17473928" total="59559936" percent="29" />
      <mem type="loa" free="602112" total="602112" percent="100" />
    </mem>
    <pending-finalizers system="0" default="1378" reference="0" classloader="0" />
    <remembered-set count="2258" />
  </mem-info>
</gc-end>
<cycle-end id="1506" type="scavenge" contextid="1500" timestamp="2020-08-27T15:15:38.830" />
<allocation-satisfied id="1507" threadId="0000000000BA0900" bytesRequested="4104" />
<af-end id="1508" timestamp="2020-08-27T15:15:38.830" threadId="0000000000BA1280" success="true" from="nursery"/>
<exclusive-end id="1509" timestamp="2020-08-27T15:15:38.830" durationms="21.842" />

<exclusive-start id="1510" timestamp="2020-08-27T15:15:39.309" intervalms="500.970">
  <response-info timems="0.217" idlems="0.217" threads="0" lastid="0000000000BA0900" lastname="Default Executor-thread-5" />
</exclusive-start>
<af-start id="1511" threadId="0000000000BA1280" totalBytesRequested="96" timestamp="2020-08-27T15:15:39.309" intervalms="501.049" type="nursery" />
<cycle-start id="1512" type="scavenge" contextid="0" timestamp="2020-08-27T15:15:39.310" intervalms="501.518" />
<gc-start id="1513" type="scavenge" contextid="1512" timestamp="2020-08-27T15:15:39.311">
  <mem-info id="1514" free="18076040" total="129630208" percent="13">
    <mem type="nursery" free="0" total="69468160" percent="0">
      <mem type="allocate" free="0" total="57147392" percent="0" />
      <mem type="survivor" free="0" total="12320768" percent="0" />
    </mem>
    <mem type="tenure" free="18076040" total="60162048" percent="30">
      <mem type="soa" free="17473928" total="59559936" percent="29" />
      <mem type="loa" free="602112" total="602112" percent="100" />
    </mem>
    <remembered-set count="2430" />
  </mem-info>
</gc-start>
<allocation-stats totalBytes="48066936" >
  <allocated-bytes non-tlh="1854184" tlh="46212752" />
  <largest-consumer threadName="Default Executor-thread-5" threadId="0000000000BA0900" bytes="48021880" />
</allocation-stats>
<gc-op id="1515" type="scavenge" timems="31.157" contextid="1512" timestamp="2020-08-27T15:15:39.343">
  <scavenger-info tenureage="14" tenuremask="4000" tiltratio="82" />
  <memory-copied type="nursery" objects="107975" bytes="10724624" bytesdiscarded="71256" />
  <finalization candidates="1627" enqueued="1627" />
  <ownableSynchronizers candidates="11" cleared="5" />
  <references type="weak" candidates="25" cleared="0" enqueued="0" />
  <references type="phantom" candidates="22" cleared="0" enqueued="0" />
</gc-op>
<heap-resize id="1516" type="expand" space="nursery" amount="2621440" count="1" timems="0.531" reason="excessive time being spent scavenging" timestamp="2020-08-27T15:15:39.344" />
<gc-end id="1517" type="scavenge" contextid="1512" durationms="33.546" usertimems="47.526" systemtimems="6.467" timestamp="2020-08-27T15:15:39.345" activeThreads="2">
  <mem-info id="1518" free="65723296" total="132251648" percent="49">
    <mem type="nursery" free="47647256" total="72089600" percent="66">
      <mem type="allocate" free="47647256" total="58458112" percent="81" />
      <mem type="survivor" free="0" total="13631488" percent="0" />
    </mem>
    <mem type="tenure" free="18076040" total="60162048" percent="30" macro-fragmented="5375358">
      <mem type="soa" free="17473928" total="59559936" percent="29" />
      <mem type="loa" free="602112" total="602112" percent="100" />
    </mem>
    <pending-finalizers system="0" default="1627" reference="0" classloader="0" />
    <remembered-set count="2401" />
  </mem-info>
</gc-end>
<cycle-end id="1519" type="scavenge" contextid="1512" timestamp="2020-08-27T15:15:39.345" />
<allocation-satisfied id="1520" threadId="0000000000BA0900" bytesRequested="96" />
<af-end id="1521" timestamp="2020-08-27T15:15:39.345" threadId="0000000000BA1280" success="true" from="nursery"/>
<exclusive-end id="1522" timestamp="2020-08-27T15:15:39.346" durationms="36.989" />

<exclusive-start id="1523" timestamp="2020-08-27T15:15:39.677" intervalms="367.725">
  <response-info timems="0.111" idlems="0.111" threads="0" lastid="0000000000BA0900" lastname="Default Executor-thread-5" />
</exclusive-start>
<af-start id="1524" threadId="0000000000BA1280" totalBytesRequested="3728" timestamp="2020-08-27T15:15:39.677" intervalms="367.678" type="nursery" />
<cycle-start id="1525" type="scavenge" contextid="0" timestamp="2020-08-27T15:15:39.677" intervalms="367.224" />
<gc-start id="1526" type="scavenge" contextid="1525" timestamp="2020-08-27T15:15:39.678">
  <mem-info id="1527" free="18076040" total="132251648" percent="13">
    <mem type="nursery" free="0" total="72089600" percent="0">
      <mem type="allocate" free="0" total="58458112" percent="0" />
      <mem type="survivor" free="0" total="13631488" percent="0" />
    </mem>
    <mem type="tenure" free="18076040" total="60162048" percent="30">
      <mem type="soa" free="17473928" total="59559936" percent="29" />
      <mem type="loa" free="602112" total="602112" percent="100" />
    </mem>
    <remembered-set count="2471" />
  </mem-info>
</gc-start>
<allocation-stats totalBytes="47596456" >
  <allocated-bytes non-tlh="8857112" tlh="38739344" />
  <largest-consumer threadName="Default Executor-thread-5" threadId="0000000000BA0900" bytes="47596456" />
</allocation-stats>
<gc-op id="1528" type="scavenge" timems="63.793" contextid="1525" timestamp="2020-08-27T15:15:39.742">
  <scavenger-info tenureage="14" tenuremask="4000" tiltratio="81" />
  <memory-copied type="nursery" objects="113990" bytes="11190152" bytesdiscarded="187376" />
  <finalization candidates="1150" enqueued="1149" />
  <ownableSynchronizers candidates="6" cleared="0" />
  <references type="weak" candidates="27" cleared="0" enqueued="0" />
  <references type="phantom" candidates="25" cleared="0" enqueued="0" />
</gc-op>
<heap-resize id="1529" type="expand" space="nursery" amount="5373952" count="1" timems="0.214" reason="excessive time being spent scavenging" timestamp="2020-08-27T15:15:39.742" />
<gc-end id="1530" type="scavenge" contextid="1525" durationms="65.742" usertimems="86.490" systemtimems="26.636" timestamp="2020-08-27T15:15:39.743" activeThreads="2">
  <mem-info id="1531" free="70716936" total="137625600" percent="51">
    <mem type="nursery" free="52640896" total="77463552" percent="67">
      <mem type="allocate" free="52640896" total="64028672" percent="82" />
      <mem type="survivor" free="0" total="13434880" percent="0" />
    </mem>
    <mem type="tenure" free="18076040" total="60162048" percent="30" macro-fragmented="0">
      <mem type="soa" free="17473928" total="59559936" percent="29" />
      <mem type="loa" free="602112" total="602112" percent="100" />
    </mem>
    <pending-finalizers system="0" default="1149" reference="0" classloader="0" />
    <remembered-set count="2448" />
  </mem-info>
</gc-end>
<cycle-end id="1532" type="scavenge" contextid="1525" timestamp="2020-08-27T15:15:39.744" />
<allocation-satisfied id="1533" threadId="0000000000BA0900" bytesRequested="3728" />
<af-end id="1534" timestamp="2020-08-27T15:15:39.744" threadId="0000000000BA1280" success="true" from="nursery"/>
<exclusive-end id="1535" timestamp="2020-08-27T15:15:39.744" durationms="67.524" />

<exclusive-start id="1536" timestamp="2020-08-27T15:15:40.172" intervalms="495.005">
  <response-info timems="0.935" idlems="0.935" threads="0" lastid="0000000000BA0900" lastname="Default Executor-thread-5" />
</exclusive-start>
<af-start id="1537" threadId="0000000000BA1280" totalBytesRequested="4104" timestamp="2020-08-27T15:15:40.172" intervalms="495.109" type="nursery" />
<cycle-start id="1538" type="scavenge" contextid="0" timestamp="2020-08-27T15:15:40.173" intervalms="495.171" />
<gc-start id="1539" type="scavenge" contextid="1538" timestamp="2020-08-27T15:15:40.173">
  <mem-info id="1540" free="18076040" total="137625600" percent="13">
    <mem type="nursery" free="0" total="77463552" percent="0">
      <mem type="allocate" free="0" total="64028672" percent="0" />
      <mem type="survivor" free="0" total="13434880" percent="0" />
    </mem>
    <mem type="tenure" free="18076040" total="60162048" percent="30">
      <mem type="soa" free="17473928" total="59559936" percent="29" />
      <mem type="loa" free="602112" total="602112" percent="100" />
    </mem>
    <remembered-set count="2568" />
  </mem-info>
</gc-start>
<allocation-stats totalBytes="52541520" >
  <allocated-bytes non-tlh="1149024" tlh="51392496" />
  <largest-consumer threadName="Default Executor-thread-5" threadId="0000000000BA0900" bytes="52508896" />
</allocation-stats>
<gc-op id="1541" type="scavenge" timems="71.264" contextid="1538" timestamp="2020-08-27T15:15:40.245">
  <scavenger-info tenureage="5" tenuremask="4020" tiltratio="82" />
  <memory-copied type="nursery" objects="108423" bytes="12085648" bytesdiscarded="90664" />
  <memory-copied type="tenure" objects="24097" bytes="1734464" bytesdiscarded="1184" />
  <finalization candidates="1703" enqueued="1702" />
  <ownableSynchronizers candidates="10" cleared="4" />
  <references type="weak" candidates="28" cleared="0" enqueued="0" />
  <references type="phantom" candidates="26" cleared="0" enqueued="0" />
</gc-op>
<heap-resize id="1542" type="expand" space="nursery" amount="5111808" count="1" timems="0.143" reason="excessive time being spent scavenging" timestamp="2020-08-27T15:15:40.246" />
<gc-end id="1543" type="scavenge" contextid="1538" durationms="73.509" usertimems="73.134" systemtimems="10.621" timestamp="2020-08-27T15:15:40.247" activeThreads="2">
  <mem-info id="1544" free="72092632" total="142737408" percent="50">
    <mem type="nursery" free="55900480" total="82575360" percent="67">
      <mem type="allocate" free="55900480" total="68091904" percent="82" />
      <mem type="survivor" free="0" total="14483456" percent="0" />
    </mem>
    <mem type="tenure" free="16192152" total="60162048" percent="26" macro-fragmented="0">
      <mem type="soa" free="15590040" total="59559936" percent="26" />
      <mem type="loa" free="602112" total="602112" percent="100" />
    </mem>
    <pending-finalizers system="0" default="1702" reference="0" classloader="0" />
    <remembered-set count="7883" />
  </mem-info>
</gc-end>
<cycle-end id="1545" type="scavenge" contextid="1538" timestamp="2020-08-27T15:15:40.248" />
<allocation-satisfied id="1546" threadId="0000000000BA0900" bytesRequested="4104" />
<af-end id="1547" timestamp="2020-08-27T15:15:40.248" threadId="0000000000BA1280" success="true" from="nursery"/>
<exclusive-end id="1548" timestamp="2020-08-27T15:15:40.248" durationms="76.451" />

<exclusive-start id="1549" timestamp="2020-08-27T15:15:40.577" intervalms="405.104">
  <response-info timems="0.644" idlems="0.644" threads="0" lastid="0000000000BA0900" lastname="Default Executor-thread-5" />
</exclusive-start>
<af-start id="1550" threadId="0000000000BA1280" totalBytesRequested="524296" timestamp="2020-08-27T15:15:40.577" intervalms="405.062" type="nursery" />
<cycle-start id="1551" type="scavenge" contextid="0" timestamp="2020-08-27T15:15:40.578" intervalms="404.997" />
<gc-start id="1552" type="scavenge" contextid="1551" timestamp="2020-08-27T15:15:40.578">
  <mem-info id="1553" free="16714688" total="142737408" percent="11">
    <mem type="nursery" free="522536" total="82575360" percent="0">
      <mem type="allocate" free="522536" total="68091904" percent="0" />
      <mem type="survivor" free="0" total="14483456" percent="0" />
    </mem>
    <mem type="tenure" free="16192152" total="60162048" percent="26">
      <mem type="soa" free="15590040" total="59559936" percent="26" />
      <mem type="loa" free="602112" total="602112" percent="100" />
    </mem>
    <remembered-set count="8035" />
  </mem-info>
</gc-start>
<allocation-stats totalBytes="54838888" >
  <allocated-bytes non-tlh="2260432" tlh="52578456" />
  <largest-consumer threadName="Default Executor-thread-5" threadId="0000000000BA0900" bytes="54806136" />
</allocation-stats>
<gc-op id="1554" type="scavenge" timems="44.435" contextid="1551" timestamp="2020-08-27T15:15:40.623">
  <scavenger-info tenureage="7" tenuremask="4180" tiltratio="82" />
  <memory-copied type="nursery" objects="98052" bytes="13828840" bytesdiscarded="136248" />
  <memory-copied type="tenure" objects="14530" bytes="707968" bytesdiscarded="288" />
  <finalization candidates="1046" enqueued="1045" />
  <ownableSynchronizers candidates="11" cleared="5" />
  <references type="weak" candidates="32" cleared="0" enqueued="0" />
  <references type="phantom" candidates="30" cleared="0" enqueued="0" />
</gc-op>
<heap-resize id="1555" type="expand" space="nursery" amount="4456448" count="1" timems="0.194" reason="excessive time being spent scavenging" timestamp="2020-08-27T15:15:40.623" />
<gc-end id="1556" type="scavenge" contextid="1551" durationms="47.381" usertimems="54.897" systemtimems="23.113" timestamp="2020-08-27T15:15:40.625" activeThreads="2">
  <mem-info id="1557" free="71682720" total="147193856" percent="48">
    <mem type="nursery" free="56278536" total="87031808" percent="64">
      <mem type="allocate" free="56278536" total="70254592" percent="80" />
      <mem type="survivor" free="0" total="16777216" percent="0" />
    </mem>
    <mem type="tenure" free="15404184" total="60162048" percent="25" macro-fragmented="0">
      <mem type="soa" free="14802072" total="59559936" percent="24" />
      <mem type="loa" free="602112" total="602112" percent="100" />
    </mem>
    <pending-finalizers system="0" default="1045" reference="0" classloader="0" />
    <remembered-set count="4898" />
  </mem-info>
</gc-end>
<cycle-end id="1558" type="scavenge" contextid="1551" timestamp="2020-08-27T15:15:40.626" />
<allocation-satisfied id="1559" threadId="0000000000BA0900" bytesRequested="524296" />
<af-end id="1560" timestamp="2020-08-27T15:15:40.628" threadId="0000000000BA1280" success="true" from="nursery"/>
<exclusive-end id="1561" timestamp="2020-08-27T15:15:40.628" durationms="50.932" />

<exclusive-start id="1562" timestamp="2020-08-27T15:15:41.024" intervalms="447.164">
  <response-info timems="0.239" idlems="0.239" threads="0" lastid="0000000000BA0900" lastname="Default Executor-thread-5" />
</exclusive-start>
<af-start id="1563" threadId="0000000000BA1280" totalBytesRequested="5344" timestamp="2020-08-27T15:15:41.024" intervalms="447.089" type="nursery" />
<cycle-start id="1564" type="scavenge" contextid="0" timestamp="2020-08-27T15:15:41.025" intervalms="447.088" />
<gc-start id="1565" type="scavenge" contextid="1564" timestamp="2020-08-27T15:15:41.025">
  <mem-info id="1566" free="15404184" total="147193856" percent="10">
    <mem type="nursery" free="0" total="87031808" percent="0">
      <mem type="allocate" free="0" total="70254592" percent="0" />
      <mem type="survivor" free="0" total="16777216" percent="0" />
    </mem>
    <mem type="tenure" free="15404184" total="60162048" percent="25">
      <mem type="soa" free="14802072" total="59559936" percent="24" />
      <mem type="loa" free="602112" total="602112" percent="100" />
    </mem>
    <remembered-set count="5065" />
  </mem-info>
</gc-start>
<allocation-stats totalBytes="56176832" >
  <allocated-bytes non-tlh="5063024" tlh="51113808" />
  <largest-consumer threadName="Default Executor-thread-5" threadId="0000000000BA0900" bytes="56139968" />
</allocation-stats>
<gc-op id="1567" type="scavenge" timems="40.726" contextid="1564" timestamp="2020-08-27T15:15:41.066">
  <scavenger-info tenureage="14" tenuremask="4000" tiltratio="80" />
  <memory-copied type="nursery" objects="107853" bytes="13474872" bytesdiscarded="65224" />
  <finalization candidates="1305" enqueued="1305" />
  <ownableSynchronizers candidates="10" cleared="4" />
  <references type="weak" candidates="32" cleared="0" enqueued="0" />
  <references type="phantom" candidates="30" cleared="0" enqueued="0" />
</gc-op>
<heap-resize id="1568" type="expand" space="nursery" amount="3538944" count="1" timems="0.775" reason="excessive time being spent scavenging" timestamp="2020-08-27T15:15:41.068" />
<gc-end id="1569" type="scavenge" contextid="1564" durationms="43.450" usertimems="58.762" systemtimems="7.113" timestamp="2020-08-27T15:15:41.068" activeThreads="2">
  <mem-info id="1570" free="76825184" total="150732800" percent="50">
    <mem type="nursery" free="61421000" total="90570752" percent="67">
      <mem type="allocate" free="61421000" total="74973184" percent="81" />
      <mem type="survivor" free="0" total="15597568" percent="0" />
    </mem>
    <mem type="tenure" free="15404184" total="60162048" percent="25" macro-fragmented="0">
      <mem type="soa" free="14802072" total="59559936" percent="24" />
      <mem type="loa" free="602112" total="602112" percent="100" />
    </mem>
    <pending-finalizers system="0" default="1305" reference="0" classloader="0" />
    <remembered-set count="5050" />
  </mem-info>
</gc-end>
<cycle-end id="1571" type="scavenge" contextid="1564" timestamp="2020-08-27T15:15:41.069" />
<allocation-satisfied id="1572" threadId="0000000000BA0900" bytesRequested="5344" />
<af-end id="1573" timestamp="2020-08-27T15:15:41.070" threadId="0000000000BA1280" success="true" from="nursery"/>
<exclusive-end id="1574" timestamp="2020-08-27T15:15:41.070" durationms="45.471" />

<exclusive-start id="1575" timestamp="2020-08-27T15:15:41.351" intervalms="327.032">
  <response-info timems="0.212" idlems="0.212" threads="0" lastid="0000000000BA0900" lastname="Default Executor-thread-5" />
</exclusive-start>
<af-start id="1576" threadId="0000000000BA1280" totalBytesRequested="32776" timestamp="2020-08-27T15:15:41.351" intervalms="327.068" type="nursery" />
<cycle-start id="1577" type="scavenge" contextid="0" timestamp="2020-08-27T15:15:41.352" intervalms="327.513" />
<gc-start id="1578" type="scavenge" contextid="1577" timestamp="2020-08-27T15:15:41.352">
  <mem-info id="1579" free="15404184" total="150732800" percent="10">
    <mem type="nursery" free="0" total="90570752" percent="0">
      <mem type="allocate" free="0" total="74973184" percent="0" />
      <mem type="survivor" free="0" total="15597568" percent="0" />
    </mem>
    <mem type="tenure" free="15404184" total="60162048" percent="25">
      <mem type="soa" free="14802072" total="59559936" percent="24" />
      <mem type="loa" free="602112" total="602112" percent="100" />
    </mem>
    <remembered-set count="5172" />
  </mem-info>
</gc-start>
<allocation-stats totalBytes="61358600" >
  <allocated-bytes non-tlh="23415296" tlh="37943304" />
  <largest-consumer threadName="Default Executor-thread-5" threadId="0000000000BA0900" bytes="61321760" />
</allocation-stats>
<gc-op id="1580" type="scavenge" timems="23.947" contextid="1577" timestamp="2020-08-27T15:15:41.377">
  <scavenger-info tenureage="5" tenuremask="4060" tiltratio="82" />
  <memory-copied type="nursery" objects="75445" bytes="9435592" bytesdiscarded="253072" />
  <memory-copied type="tenure" objects="35556" bytes="2715784" bytesdiscarded="1328" />
  <finalization candidates="1003" enqueued="1002" />
  <ownableSynchronizers candidates="11" cleared="5" />
  <references type="weak" candidates="15" cleared="0" enqueued="0" />
  <references type="phantom" candidates="15" cleared="0" enqueued="0" />
</gc-op>
<gc-end id="1581" type="scavenge" contextid="1577" durationms="26.142" usertimems="38.679" systemtimems="3.474" timestamp="2020-08-27T15:15:41.379" activeThreads="2">
  <mem-info id="1582" free="78784152" total="150732800" percent="52">
    <mem type="nursery" free="66061720" total="90570752" percent="72">
      <mem type="allocate" free="66061720" total="75759616" percent="87" />
      <mem type="survivor" free="0" total="14811136" percent="0" />
    </mem>
    <mem type="tenure" free="12722432" total="60162048" percent="21" macro-fragmented="3732887">
      <mem type="soa" free="12120320" total="59559936" percent="20" />
      <mem type="loa" free="602112" total="602112" percent="100" />
    </mem>
    <pending-finalizers system="0" default="1002" reference="0" classloader="0" />
    <remembered-set count="7222" />
  </mem-info>
</gc-end>
<cycle-end id="1583" type="scavenge" contextid="1577" timestamp="2020-08-27T15:15:41.379" />
<allocation-satisfied id="1584" threadId="0000000000BA0900" bytesRequested="32776" />
<af-end id="1585" timestamp="2020-08-27T15:15:41.379" threadId="0000000000BA1280" success="true" from="nursery"/>
<exclusive-end id="1586" timestamp="2020-08-27T15:15:41.379" durationms="28.220" />

<exclusive-start id="1587" timestamp="2020-08-27T15:15:41.875" intervalms="524.095">
  <response-info timems="0.217" idlems="0.217" threads="0" lastid="0000000000BA0900" lastname="Default Executor-thread-5" />
</exclusive-start>
<af-start id="1588" threadId="0000000000BA1280" totalBytesRequested="8200" timestamp="2020-08-27T15:15:41.875" intervalms="524.058" type="nursery" />
<cycle-start id="1589" type="scavenge" contextid="0" timestamp="2020-08-27T15:15:41.876" intervalms="523.635" />
<gc-start id="1590" type="scavenge" contextid="1589" timestamp="2020-08-27T15:15:41.877">
  <mem-info id="1591" free="12722432" total="150732800" percent="8">
    <mem type="nursery" free="0" total="90570752" percent="0">
      <mem type="allocate" free="0" total="75759616" percent="0" />
      <mem type="survivor" free="0" total="14811136" percent="0" />
    </mem>
    <mem type="tenure" free="12722432" total="60162048" percent="21">
      <mem type="soa" free="12120320" total="59559936" percent="20" />
      <mem type="loa" free="602112" total="602112" percent="100" />
    </mem>
    <remembered-set count="8336" />
  </mem-info>
</gc-start>
<allocation-stats totalBytes="65988360" >
  <allocated-bytes non-tlh="950392" tlh="65037968" />
  <largest-consumer threadName="Default Executor-thread-5" threadId="0000000000BA0900" bytes="65951496" />
</allocation-stats>
<gc-op id="1592" type="scavenge" timems="31.700" contextid="1589" timestamp="2020-08-27T15:15:41.909">
  <scavenger-info tenureage="14" tenuremask="4000" tiltratio="83" />
  <memory-copied type="nursery" objects="98623" bytes="13626840" bytesdiscarded="181976" />
  <finalization candidates="1752" enqueued="1751" />
  <ownableSynchronizers candidates="9" cleared="4" />
  <references type="weak" candidates="16" cleared="0" enqueued="0" />
  <references type="phantom" candidates="16" cleared="0" enqueued="0" />
</gc-op>
<heap-resize id="1593" type="expand" space="nursery" amount="3670016" count="1" timems="0.189" reason="excessive time being spent scavenging" timestamp="2020-08-27T15:15:41.909" />
<gc-end id="1594" type="scavenge" contextid="1589" durationms="32.825" usertimems="41.205" systemtimems="2.548" timestamp="2020-08-27T15:15:41.909" activeThreads="2">
  <mem-info id="1595" free="74329320" total="154402816" percent="48">
    <mem type="nursery" free="61606888" total="94240768" percent="65">
      <mem type="allocate" free="61606888" total="75431936" percent="81" />
      <mem type="survivor" free="0" total="18808832" percent="0" />
    </mem>
    <mem type="tenure" free="12722432" total="60162048" percent="21" macro-fragmented="7740516">
      <mem type="soa" free="12120320" total="59559936" percent="20" />
      <mem type="loa" free="602112" total="602112" percent="100" />
    </mem>
    <pending-finalizers system="0" default="1751" reference="0" classloader="0" />
    <remembered-set count="8327" />
  </mem-info>
</gc-end>
<cycle-end id="1596" type="scavenge" contextid="1589" timestamp="2020-08-27T15:15:41.910" />
<allocation-satisfied id="1597" threadId="0000000000BA0900" bytesRequested="8200" />
<af-end id="1598" timestamp="2020-08-27T15:15:41.910" threadId="0000000000BA1280" success="true" from="nursery"/>
<exclusive-end id="1599" timestamp="2020-08-27T15:15:41.910" durationms="35.145" />

<exclusive-start id="1600" timestamp="2020-08-27T15:15:43.230" intervalms="1354.541">
  <response-info timems="0.265" idlems="0.155" threads="1" lastid="0000000000020200" lastname="JIT Compilation Thread-002" />
</exclusive-start>
<af-start id="1601" threadId="0000000000BA1280" totalBytesRequested="224" timestamp="2020-08-27T15:15:43.230" intervalms="1354.555" type="nursery" />
<cycle-start id="1602" type="scavenge" contextid="0" timestamp="2020-08-27T15:15:43.230" intervalms="1354.518" />
<gc-start id="1603" type="scavenge" contextid="1602" timestamp="2020-08-27T15:15:43.231">
  <mem-info id="1604" free="12722432" total="154402816" percent="8">
    <mem type="nursery" free="0" total="94240768" percent="0">
      <mem type="allocate" free="0" total="75431936" percent="0" />
      <mem type="survivor" free="0" total="18808832" percent="0" />
    </mem>
    <mem type="tenure" free="12722432" total="60162048" percent="21">
      <mem type="soa" free="12120320" total="59559936" percent="20" />
      <mem type="loa" free="602112" total="602112" percent="100" />
    </mem>
    <remembered-set count="11344" />
  </mem-info>
</gc-start>
<allocation-stats totalBytes="61564184" >
  <allocated-bytes non-tlh="6300072" tlh="55264112" />
  <largest-consumer threadName="Default Executor-thread-5" threadId="0000000000BA0900" bytes="61510952" />
</allocation-stats>
<gc-op id="1605" type="scavenge" timems="41.004" contextid="1602" timestamp="2020-08-27T15:15:43.272">
  <scavenger-info tenureage="5" tenuremask="4260" tiltratio="80" />
  <memory-copied type="nursery" objects="124676" bytes="11770544" bytesdiscarded="133536" />
  <memory-copied type="tenure" objects="34407" bytes="2674840" bytesdiscarded="2152" />
  <finalization candidates="1320" enqueued="1320" />
  <ownableSynchronizers candidates="14" cleared="9" />
  <references type="weak" candidates="10" cleared="0" enqueued="0" />
  <references type="phantom" candidates="10" cleared="0" enqueued="0" />
</gc-op>
<gc-end id="1606" type="scavenge" contextid="1602" durationms="41.985" usertimems="67.087" systemtimems="3.799" timestamp="2020-08-27T15:15:43.273" activeThreads="2">
  <mem-info id="1607" free="75089592" total="154402816" percent="48">
    <mem type="nursery" free="64956552" total="94240768" percent="68">
      <mem type="allocate" free="64956552" total="76873728" percent="84" />
      <mem type="survivor" free="0" total="17367040" percent="0" />
    </mem>
    <mem type="tenure" free="10133040" total="60162048" percent="16" macro-fragmented="0">
      <mem type="soa" free="9530928" total="59559936" percent="16" />
      <mem type="loa" free="602112" total="602112" percent="100" />
    </mem>
    <pending-finalizers system="0" default="1320" reference="0" classloader="0" />
    <remembered-set count="9202" />
  </mem-info>
</gc-end>
<cycle-end id="1608" type="scavenge" contextid="1602" timestamp="2020-08-27T15:15:43.279" />
<allocation-satisfied id="1609" threadId="0000000000BA0900" bytesRequested="224" />
<af-end id="1610" timestamp="2020-08-27T15:15:43.280" threadId="0000000000BA1280" success="true" from="nursery"/>
<exclusive-end id="1611" timestamp="2020-08-27T15:15:43.280" durationms="49.942" />

<exclusive-start id="1612" timestamp="2020-08-27T15:15:44.466" intervalms="1236.439">
  <response-info timems="0.212" idlems="0.212" threads="0" lastid="0000000000BA0900" lastname="Default Executor-thread-5" />
</exclusive-start>
<af-start id="1613" threadId="0000000000BA1280" totalBytesRequested="8200" timestamp="2020-08-27T15:15:44.467" intervalms="1236.548" type="nursery" />
<cycle-start id="1614" type="scavenge" contextid="0" timestamp="2020-08-27T15:15:44.467" intervalms="1236.972" />
<gc-start id="1615" type="scavenge" contextid="1614" timestamp="2020-08-27T15:15:44.468">
  <mem-info id="1616" free="10125464" total="154402816" percent="6">
    <mem type="nursery" free="0" total="94240768" percent="0">
      <mem type="allocate" free="0" total="76873728" percent="0" />
      <mem type="survivor" free="0" total="17367040" percent="0" />
    </mem>
    <mem type="tenure" free="10125464" total="60162048" percent="16">
      <mem type="soa" free="9523352" total="59559936" percent="15" />
      <mem type="loa" free="602112" total="602112" percent="100" />
    </mem>
    <remembered-set count="9463" />
  </mem-info>
</gc-start>
<allocation-stats totalBytes="64904464" >
  <allocated-bytes non-tlh="403000" tlh="64501464" />
  <largest-consumer threadName="Default Executor-thread-5" threadId="0000000000BA0900" bytes="64834848" />
</allocation-stats>
<gc-op id="1617" type="scavenge" timems="20.209" contextid="1614" timestamp="2020-08-27T15:15:44.488">
  <scavenger-info tenureage="14" tenuremask="4000" tiltratio="81" />
  <memory-copied type="nursery" objects="67677" bytes="7007760" bytesdiscarded="184360" />
  <memory-copied type="tenure" objects="8721" bytes="402432" bytesdiscarded="48" />
  <finalization candidates="1" enqueued="1" />
  <ownableSynchronizers candidates="20" cleared="14" />
  <references type="weak" candidates="29" cleared="10" enqueued="7" />
  <references type="phantom" candidates="16" cleared="0" enqueued="0" />
</gc-op>
<gc-end id="1618" type="scavenge" contextid="1614" durationms="20.935" usertimems="34.239" systemtimems="1.835" timestamp="2020-08-27T15:15:44.488" activeThreads="2">
  <mem-info id="1619" free="80392168" total="154402816" percent="52">
    <mem type="nursery" free="70663992" total="94240768" percent="74">
      <mem type="allocate" free="70663992" total="77856768" percent="90" />
      <mem type="survivor" free="0" total="16384000" percent="0" />
    </mem>
    <mem type="tenure" free="9728176" total="60162048" percent="16" macro-fragmented="7740516">
      <mem type="soa" free="9126064" total="59559936" percent="15" />
      <mem type="loa" free="602112" total="602112" percent="100" />
    </mem>
    <pending-finalizers system="0" default="1" reference="7" classloader="0" />
    <remembered-set count="8337" />
  </mem-info>
</gc-end>
<cycle-end id="1620" type="scavenge" contextid="1614" timestamp="2020-08-27T15:15:44.489" />
<allocation-satisfied id="1621" threadId="0000000000BA0900" bytesRequested="8200" />
<af-end id="1622" timestamp="2020-08-27T15:15:44.489" threadId="0000000000BA1280" success="true" from="nursery"/>
<exclusive-end id="1623" timestamp="2020-08-27T15:15:44.489" durationms="22.959" />

<exclusive-start id="1624" timestamp="2020-08-27T15:15:50.836" intervalms="6369.654">
  <response-info timems="0.329" idlems="0.329" threads="0" lastid="0000000000BA0900" lastname="Default Executor-thread-5" />
</exclusive-start>
<af-start id="1625" threadId="0000000000BA1280" totalBytesRequested="2808" timestamp="2020-08-27T15:15:50.836" intervalms="6369.533" type="nursery" />
<cycle-start id="1626" type="scavenge" contextid="0" timestamp="2020-08-27T15:15:50.836" intervalms="6369.154" />
<gc-start id="1627" type="scavenge" contextid="1626" timestamp="2020-08-27T15:15:50.837">
  <mem-info id="1628" free="9280232" total="154402816" percent="6">
    <mem type="nursery" free="0" total="94240768" percent="0">
      <mem type="allocate" free="0" total="77856768" percent="0" />
      <mem type="survivor" free="0" total="16384000" percent="0" />
    </mem>
    <mem type="tenure" free="9280232" total="60162048" percent="15">
      <mem type="soa" free="8678120" total="59559936" percent="14" />
      <mem type="loa" free="602112" total="602112" percent="100" />
    </mem>
    <remembered-set count="14859" />
  </mem-info>
</gc-start>
<allocation-stats totalBytes="71023904" >
  <allocated-bytes non-tlh="7122936" tlh="63900968" />
  <largest-consumer threadName="Default Executor-thread-5" threadId="0000000000BA0900" bytes="68735952" />
</allocation-stats>
<gc-op id="1629" type="scavenge" timems="27.372" contextid="1626" timestamp="2020-08-27T15:15:50.864">
  <scavenger-info tenureage="14" tenuremask="4000" tiltratio="82" />
  <memory-copied type="nursery" objects="102002" bytes="10154352" bytesdiscarded="75512" />
  <finalization candidates="147" enqueued="117" />
  <ownableSynchronizers candidates="108" cleared="71" />
  <references type="soft" candidates="1116" cleared="0" enqueued="0" dynamicThreshold="9" maxThreshold="32" />
  <references type="weak" candidates="3618" cleared="2084" enqueued="2012" />
  <references type="phantom" candidates="71" cleared="3" enqueued="3" />
</gc-op>
<gc-end id="1630" type="scavenge" contextid="1626" durationms="28.303" usertimems="42.892" systemtimems="4.489" timestamp="2020-08-27T15:15:50.865" activeThreads="2">
  <mem-info id="1631" free="77361984" total="154402816" percent="50">
    <mem type="nursery" free="68081752" total="94240768" percent="72">
      <mem type="allocate" free="68081752" total="78315520" percent="86" />
      <mem type="survivor" free="0" total="15925248" percent="0" />
    </mem>
    <mem type="tenure" free="9280232" total="60162048" percent="15" macro-fragmented="6450429">
      <mem type="soa" free="8678120" total="59559936" percent="14" />
      <mem type="loa" free="602112" total="602112" percent="100" />
    </mem>
    <pending-finalizers system="0" default="117" reference="2015" classloader="0" />
    <remembered-set count="13445" />
  </mem-info>
</gc-end>
<cycle-end id="1632" type="scavenge" contextid="1626" timestamp="2020-08-27T15:15:50.866" />
<allocation-satisfied id="1633" threadId="0000000000BA0900" bytesRequested="2808" />
<af-end id="1634" timestamp="2020-08-27T15:15:50.866" threadId="0000000000BA1280" success="true" from="nursery"/>
<exclusive-end id="1635" timestamp="2020-08-27T15:15:50.866" durationms="30.483" />

<exclusive-start id="1636" timestamp="2020-08-27T15:15:55.034" intervalms="4198.302">
  <response-info timems="0.474" idlems="0.474" threads="0" lastid="0000000000BA0900" lastname="Default Executor-thread-5" />
</exclusive-start>
<af-start id="1637" threadId="0000000000BA1280" totalBytesRequested="2064" timestamp="2020-08-27T15:15:55.037" intervalms="4200.770" type="nursery" />
<cycle-start id="1638" type="scavenge" contextid="0" timestamp="2020-08-27T15:15:55.038" intervalms="4201.454" />
<gc-start id="1639" type="scavenge" contextid="1638" timestamp="2020-08-27T15:15:55.041">
  <mem-info id="1640" free="9164096" total="154402816" percent="5">
    <mem type="nursery" free="0" total="94240768" percent="0">
      <mem type="allocate" free="0" total="78315520" percent="0" />
      <mem type="survivor" free="0" total="15925248" percent="0" />
    </mem>
    <mem type="tenure" free="9164096" total="60162048" percent="15">
      <mem type="soa" free="8561984" total="59559936" percent="14" />
      <mem type="loa" free="602112" total="602112" percent="100" />
    </mem>
    <remembered-set count="14647" />
  </mem-info>
</gc-start>
<allocation-stats totalBytes="68156848" >
  <allocated-bytes non-tlh="22897352" tlh="45259496" />
  <largest-consumer threadName="Default Executor-thread-5" threadId="0000000000BA0900" bytes="67932584" />
</allocation-stats>
<gc-op id="1641" type="scavenge" timems="128.050" contextid="1638" timestamp="2020-08-27T15:15:55.170">
  <scavenger-info tenureage="3" tenuremask="4088" tiltratio="83" />
  <memory-copied type="nursery" objects="79116" bytes="7196032" bytesdiscarded="73864" />
  <memory-copied type="tenure" objects="35279" bytes="5090792" bytesdiscarded="3944" />
  <finalization candidates="316" enqueued="285" />
  <ownableSynchronizers candidates="73" cleared="35" />
  <references type="soft" candidates="1121" cleared="0" enqueued="0" dynamicThreshold="9" maxThreshold="32" />
  <references type="weak" candidates="2677" cleared="1045" enqueued="1045" />
  <references type="phantom" candidates="71" cleared="3" enqueued="3" />
</gc-op>
<gc-end id="1642" type="scavenge" contextid="1638" durationms="130.220" usertimems="180.518" systemtimems="32.505" timestamp="2020-08-27T15:15:55.171" activeThreads="2">
  <mem-info id="1643" free="75981048" total="154402816" percent="49">
    <mem type="nursery" free="72025992" total="94240768" percent="76">
      <mem type="allocate" free="72025992" total="79298560" percent="90" />
      <mem type="survivor" free="0" total="14942208" percent="0" />
    </mem>
    <mem type="tenure" free="3955056" total="60162048" percent="6" macro-fragmented="1800196">
      <mem type="soa" free="3352944" total="59559936" percent="5" />
      <mem type="loa" free="602112" total="602112" percent="100" />
    </mem>
    <pending-finalizers system="0" default="285" reference="1048" classloader="0" />
    <remembered-set count="10421" />
  </mem-info>
</gc-end>
<cycle-end id="1644" type="scavenge" contextid="1638" timestamp="2020-08-27T15:15:55.172" />
<allocation-satisfied id="1645" threadId="0000000000BA0900" bytesRequested="2064" />
<af-end id="1646" timestamp="2020-08-27T15:15:55.172" threadId="0000000000BA1280" success="true" from="nursery"/>
<exclusive-end id="1647" timestamp="2020-08-27T15:15:55.173" durationms="138.294" />

<concurrent-kickoff id="1648" timestamp="2020-08-27T15:15:58.850">
  <kickoff reason="threshold reached" targetBytes="23319331" thresholdFreeBytes="3241143"  remainingFree="2722952" tenureFreeBytes="3755968" nurseryFreeBytes="2722952" />
</concurrent-kickoff>
<exclusive-start id="1649" timestamp="2020-08-27T15:15:58.854" intervalms="3819.397">
  <response-info timems="0.242" idlems="0.242" threads="0" lastid="0000000000BA0900" lastname="Default Executor-thread-5" />
</exclusive-start>
<cycle-start id="1650" type="global" contextid="0" timestamp="2020-08-27T15:15:58.854" intervalms="21991.415" />
<exclusive-end id="1651" timestamp="2020-08-27T15:15:58.854" durationms="0.292" />

<exclusive-start id="1652" timestamp="2020-08-27T15:15:59.185" intervalms="331.198">
  <response-info timems="0.329" idlems="0.329" threads="0" lastid="0000000000BA0900" lastname="Default Executor-thread-5" />
</exclusive-start>
<concurrent-collection-start id="1653" timestamp="2020-08-27T15:15:59.185" intervalms="22078.934" >
  <concurrent-trace-info reason="card cleaning threshold reached" tracedByMutators="5219788" tracedByHelpers="18035280" cardsCleaned="74" workStackOverflowCount="0" />
</concurrent-collection-start>
<gc-start id="1654" type="global" contextid="1650" timestamp="2020-08-27T15:15:59.185">
  <mem-info id="1655" free="3740072" total="154402816" percent="2">
    <mem type="nursery" free="0" total="94240768" percent="0">
      <mem type="allocate" free="0" total="79298560" percent="0" />
      <mem type="survivor" free="0" total="14942208" percent="0" />
    </mem>
    <mem type="tenure" free="3740072" total="60162048" percent="6">
      <mem type="soa" free="3137960" total="59559936" percent="5" />
      <mem type="loa" free="602112" total="602112" percent="100" />
    </mem>
    <remembered-set count="12521" />
  </mem-info>
</gc-start>
<allocation-stats totalBytes="72189888" >
  <allocated-bytes non-tlh="24146344" tlh="48043544" />
  <largest-consumer threadName="Default Executor-thread-5" threadId="0000000000BA0900" bytes="71801592" />
</allocation-stats>
<gc-op id="1656" type="rs-scan" timems="13.901" contextid="1650" timestamp="2020-08-27T15:15:59.200">
  <scan objectsFound="7725" bytesTraced="7315136" workStackOverflowCount="0" />
</gc-op>
<gc-op id="1657" type="card-cleaning" timems="0.496" contextid="1650" timestamp="2020-08-27T15:15:59.200">
  <card-cleaning cardsCleaned="12" bytesTraced="26660" workStackOverflowCount="0" />
</gc-op>
<gc-op id="1658" type="mark" timems="18.908" contextid="1650" timestamp="2020-08-27T15:15:59.219">
  <trace-info objectcount="27236" scancount="23229" scanbytes="748904" />
  <finalization candidates="1069" enqueued="746" />
  <ownableSynchronizers candidates="5465" cleared="42" />
  <references type="soft" candidates="9818" cleared="335" enqueued="326" dynamicThreshold="9" maxThreshold="32" />
  <references type="weak" candidates="18576" cleared="2375" enqueued="2321" />
  <references type="phantom" candidates="391" cleared="1" enqueued="1" />
  <stringconstants candidates="35906" cleared="129"  />
</gc-op>
<gc-op id="1659" type="classunload" timems="2.680" contextid="1650" timestamp="2020-08-27T15:15:59.222">
  <classunload-info classloadercandidates="288" classloadersunloaded="1" classesunloaded="1" anonymousclassesunloaded="0" quiescems="0.000" setupms="2.432" scanms="0.141" postms="0.107" />
</gc-op>
<gc-op id="1660" type="sweep" timems="5.969" contextid="1650" timestamp="2020-08-27T15:15:59.228" />
<heap-resize id="1661" type="expand" space="tenure" amount="12386304" count="1" timems="0.163" reason="insufficient free space following gc" timestamp="2020-08-27T15:15:59.229" />
<gc-end id="1662" type="global" contextid="1650" durationms="43.818" usertimems="51.801" systemtimems="7.734" timestamp="2020-08-27T15:15:59.229" activeThreads="2">
  <mem-info id="1663" free="92010312" total="166789120" percent="55">
    <mem type="nursery" free="70208808" total="94240768" percent="74">
      <mem type="allocate" free="70208808" total="79298560" percent="88" />
      <mem type="survivor" free="0" total="14942208" percent="0" />
    </mem>
    <mem type="tenure" free="21801504" total="72548352" percent="30" micro-fragmented="1048209" macro-fragmented="0">
      <mem type="soa" free="21075488" total="71822336" percent="29" />
      <mem type="loa" free="726016" total="726016" percent="100" />
    </mem>
    <pending-finalizers system="1" default="745" reference="2648" classloader="0" />
    <remembered-set count="11727" />
  </mem-info>
</gc-end>
<cycle-end id="1664" type="global" contextid="1650" timestamp="2020-08-27T15:15:59.231" />
<concurrent-collection-end id="1665" timestamp="2020-08-27T15:15:59.231" />
<exclusive-end id="1666" timestamp="2020-08-27T15:15:59.231" durationms="46.339" />

<exclusive-start id="1667" timestamp="2020-08-27T15:16:03.113" intervalms="3928.085">
  <response-info timems="0.270" idlems="0.270" threads="0" lastid="0000000000BA0900" lastname="Default Executor-thread-5" />
</exclusive-start>
<af-start id="1668" threadId="0000000000BA1280" totalBytesRequested="532160" timestamp="2020-08-27T15:16:03.113" intervalms="8076.327" type="nursery" />
<cycle-start id="1669" type="scavenge" contextid="0" timestamp="2020-08-27T15:16:03.118" intervalms="8080.254" />
<gc-start id="1670" type="scavenge" contextid="1669" timestamp="2020-08-27T15:16:03.119">
  <mem-info id="1671" free="40882608" total="166789120" percent="24">
    <mem type="nursery" free="19403680" total="94240768" percent="20">
      <mem type="allocate" free="19403680" total="79298560" percent="24" />
      <mem type="survivor" free="0" total="14942208" percent="0" />
    </mem>
    <mem type="tenure" free="21478928" total="72548352" percent="29">
      <mem type="soa" free="20752912" total="71822336" percent="28" />
      <mem type="loa" free="726016" total="726016" percent="100" />
    </mem>
    <remembered-set count="14812" />
  </mem-info>
</gc-start>
<allocation-stats totalBytes="50779832" >
  <allocated-bytes non-tlh="21822696" tlh="28957136" />
  <largest-consumer threadName="Default Executor-thread-5" threadId="0000000000BA0900" bytes="50596680" />
</allocation-stats>
<gc-op id="1672" type="scavenge" timems="88.478" contextid="1669" timestamp="2020-08-27T15:16:03.209">
  <scavenger-info tenureage="5" tenuremask="4020" tiltratio="84" />
  <memory-copied type="nursery" objects="77303" bytes="5854152" bytesdiscarded="121776" />
  <memory-copied type="tenure" objects="16580" bytes="712728" bytesdiscarded="360" />
  <finalization candidates="381" enqueued="348" />
  <ownableSynchronizers candidates="10847" cleared="10806" />
  <references type="soft" candidates="1562" cleared="0" enqueued="0" dynamicThreshold="9" maxThreshold="32" />
  <references type="weak" candidates="3208" cleared="1449" enqueued="1441" />
  <references type="phantom" candidates="71" cleared="0" enqueued="0" />
</gc-op>
<gc-end id="1673" type="scavenge" contextid="1669" durationms="92.214" usertimems="92.910" systemtimems="6.071" timestamp="2020-08-27T15:16:03.211" activeThreads="2">
  <mem-info id="1674" free="95433040" total="166789120" percent="57">
    <mem type="nursery" free="74826536" total="94240768" percent="79">
      <mem type="allocate" free="74826536" total="80805888" percent="92" />
      <mem type="survivor" free="0" total="13434880" percent="0" />
    </mem>
    <mem type="tenure" free="20606504" total="72548352" percent="28" macro-fragmented="6450429">
      <mem type="soa" free="19880488" total="71822336" percent="27" />
      <mem type="loa" free="726016" total="726016" percent="100" />
    </mem>
    <pending-finalizers system="0" default="348" reference="1441" classloader="0" />
    <remembered-set count="11864" />
  </mem-info>
</gc-end>
<cycle-end id="1675" type="scavenge" contextid="1669" timestamp="2020-08-27T15:16:03.212" />
<allocation-satisfied id="1676" threadId="0000000000BA0900" bytesRequested="532160" />
<af-end id="1677" timestamp="2020-08-27T15:16:03.212" threadId="0000000000BA1280" success="true" from="nursery"/>
<exclusive-end id="1678" timestamp="2020-08-27T15:16:03.212" durationms="99.559" />

<exclusive-start id="1679" timestamp="2020-08-27T15:16:05.399" intervalms="2286.136">
  <response-info timems="0.414" idlems="0.414" threads="0" lastid="0000000000BA0900" lastname="Default Executor-thread-5" />
</exclusive-start>
<af-start id="1680" threadId="0000000000BA1280" totalBytesRequested="88" timestamp="2020-08-27T15:16:05.399" intervalms="2286.011" type="nursery" />
<cycle-start id="1681" type="scavenge" contextid="0" timestamp="2020-08-27T15:16:05.399" intervalms="2281.343" />
<gc-start id="1682" type="scavenge" contextid="1681" timestamp="2020-08-27T15:16:05.400">
  <mem-info id="1683" free="20478840" total="166789120" percent="12">
    <mem type="nursery" free="0" total="94240768" percent="0">
      <mem type="allocate" free="0" total="80805888" percent="0" />
      <mem type="survivor" free="0" total="13434880" percent="0" />
    </mem>
    <mem type="tenure" free="20478840" total="72548352" percent="28">
      <mem type="soa" free="19752824" total="71822336" percent="27" />
      <mem type="loa" free="726016" total="726016" percent="100" />
    </mem>
    <remembered-set count="13526" />
  </mem-info>
</gc-start>
<allocation-stats totalBytes="74907936" >
  <allocated-bytes non-tlh="4253744" tlh="70654192" />
  <largest-consumer threadName="Default Executor-thread-5" threadId="0000000000BA0900" bytes="74768904" />
</allocation-stats>
<gc-op id="1684" type="scavenge" timems="35.284" contextid="1681" timestamp="2020-08-27T15:16:05.435">
  <scavenger-info tenureage="7" tenuremask="4180" tiltratio="85" />
  <memory-copied type="nursery" objects="179828" bytes="11890792" bytesdiscarded="74360" />
  <memory-copied type="tenure" objects="13557" bytes="769048" bytesdiscarded="208" />
  <finalization candidates="851" enqueued="817" />
  <ownableSynchronizers candidates="80" cleared="22" />
  <references type="soft" candidates="1979" cleared="0" enqueued="0" dynamicThreshold="9" maxThreshold="32" />
  <references type="weak" candidates="2258" cleared="377" enqueued="372" />
  <references type="phantom" candidates="101" cleared="0" enqueued="0" />
</gc-op>
<gc-end id="1685" type="scavenge" contextid="1681" durationms="36.301" usertimems="61.423" systemtimems="1.058" timestamp="2020-08-27T15:16:05.436" activeThreads="2">
  <mem-info id="1686" free="84225272" total="166789120" percent="50">
    <mem type="nursery" free="64375560" total="94240768" percent="68">
      <mem type="allocate" free="64375560" total="76349440" percent="84" />
      <mem type="survivor" free="0" total="17891328" percent="0" />
    </mem>
    <mem type="tenure" free="19849712" total="72548352" percent="27" macro-fragmented="5375358">
      <mem type="soa" free="19123696" total="71822336" percent="26" />
      <mem type="loa" free="726016" total="726016" percent="100" />
    </mem>
    <pending-finalizers system="0" default="817" reference="372" classloader="0" />
    <remembered-set count="8705" />
  </mem-info>
</gc-end>
<cycle-end id="1687" type="scavenge" contextid="1681" timestamp="2020-08-27T15:16:05.437" />
<allocation-satisfied id="1688" threadId="0000000000BA0900" bytesRequested="88" />
<af-end id="1689" timestamp="2020-08-27T15:16:05.437" threadId="0000000000BA1280" success="true" from="nursery"/>
<exclusive-end id="1690" timestamp="2020-08-27T15:16:05.437" durationms="38.136" />

<exclusive-start id="1691" timestamp="2020-08-27T15:16:05.869" intervalms="470.412">
  <response-info timems="0.249" idlems="0.249" threads="0" lastid="0000000000BA0900" lastname="Default Executor-thread-5" />
</exclusive-start>
<af-start id="1692" threadId="0000000000BA1280" totalBytesRequested="32776" timestamp="2020-08-27T15:16:05.870" intervalms="470.444" type="nursery" />
<cycle-start id="1693" type="scavenge" contextid="0" timestamp="2020-08-27T15:16:05.872" intervalms="472.367" />
<gc-start id="1694" type="scavenge" contextid="1693" timestamp="2020-08-27T15:16:05.872">
  <mem-info id="1695" free="19849648" total="166789120" percent="11">
    <mem type="nursery" free="0" total="94240768" percent="0">
      <mem type="allocate" free="0" total="76349440" percent="0" />
      <mem type="survivor" free="0" total="17891328" percent="0" />
    </mem>
    <mem type="tenure" free="19849648" total="72548352" percent="27">
      <mem type="soa" free="19123632" total="71822336" percent="26" />
      <mem type="loa" free="726016" total="726016" percent="100" />
    </mem>
    <remembered-set count="8854" />
  </mem-info>
</gc-start>
<allocation-stats totalBytes="64255216" >
  <allocated-bytes non-tlh="5361696" tlh="58893520" />
  <largest-consumer threadName="Default Executor-thread-5" threadId="0000000000BA0900" bytes="64189680" />
</allocation-stats>
<gc-op id="1696" type="scavenge" timems="27.973" contextid="1693" timestamp="2020-08-27T15:16:05.901">
  <scavenger-info tenureage="14" tenuremask="4000" tiltratio="81" />
  <memory-copied type="nursery" objects="192666" bytes="16812488" bytesdiscarded="35952" />
  <finalization candidates="1640" enqueued="1605" />
  <ownableSynchronizers candidates="62" cleared="4" />
  <references type="soft" candidates="1979" cleared="0" enqueued="0" dynamicThreshold="9" maxThreshold="32" />
  <references type="weak" candidates="1893" cleared="6" enqueued="6" />
  <references type="phantom" candidates="105" cleared="0" enqueued="0" />
</gc-op>
<gc-end id="1697" type="scavenge" contextid="1693" durationms="29.214" usertimems="49.174" systemtimems="3.976" timestamp="2020-08-27T15:16:05.902" activeThreads="2">
  <mem-info id="1698" free="75203328" total="166789120" percent="45">
    <mem type="nursery" free="55353680" total="94240768" percent="58">
      <mem type="allocate" free="55353680" total="72220672" percent="76" />
      <mem type="survivor" free="0" total="22020096" percent="0" />
    </mem>
    <mem type="tenure" free="19849648" total="72548352" percent="27" macro-fragmented="131104">
      <mem type="soa" free="19123632" total="71822336" percent="26" />
      <mem type="loa" free="726016" total="726016" percent="100" />
    </mem>
    <pending-finalizers system="0" default="1605" reference="6" classloader="0" />
    <remembered-set count="5032" />
  </mem-info>
</gc-end>
<cycle-end id="1699" type="scavenge" contextid="1693" timestamp="2020-08-27T15:16:05.902" />
<allocation-satisfied id="1700" threadId="0000000000BA0900" bytesRequested="32776" />
<af-end id="1701" timestamp="2020-08-27T15:16:05.903" threadId="0000000000BA1280" success="true" from="nursery"/>
<exclusive-end id="1702" timestamp="2020-08-27T15:16:05.903" durationms="33.586" />

<exclusive-start id="1703" timestamp="2020-08-27T15:16:06.131" intervalms="261.881">
  <response-info timems="0.113" idlems="0.113" threads="0" lastid="0000000000BA0900" lastname="Default Executor-thread-5" />
</exclusive-start>
<af-start id="1704" threadId="0000000000BA1280" totalBytesRequested="524296" timestamp="2020-08-27T15:16:06.132" intervalms="261.851" type="nursery" />
<cycle-start id="1705" type="scavenge" contextid="0" timestamp="2020-08-27T15:16:06.132" intervalms="260.108" />
<gc-start id="1706" type="scavenge" contextid="1705" timestamp="2020-08-27T15:16:06.133">
  <mem-info id="1707" free="19946376" total="166789120" percent="11">
    <mem type="nursery" free="96728" total="94240768" percent="0">
      <mem type="allocate" free="96728" total="72220672" percent="0" />
      <mem type="survivor" free="0" total="22020096" percent="0" />
    </mem>
    <mem type="tenure" free="19849648" total="72548352" percent="27">
      <mem type="soa" free="19123632" total="71822336" percent="26" />
      <mem type="loa" free="726016" total="726016" percent="100" />
    </mem>
    <remembered-set count="5035" />
  </mem-info>
</gc-start>
<allocation-stats totalBytes="55081504" >
  <allocated-bytes non-tlh="11081592" tlh="43999912" />
  <largest-consumer threadName="Default Executor-thread-5" threadId="0000000000BA0900" bytes="55032352" />
</allocation-stats>
<gc-op id="1708" type="scavenge" timems="50.746" contextid="1705" timestamp="2020-08-27T15:16:06.185">
  <scavenger-info tenureage="14" tenuremask="4000" tiltratio="76" />
  <memory-copied type="nursery" objects="192108" bytes="16365600" bytesdiscarded="186472" />
  <finalization candidates="942" enqueued="907" />
  <ownableSynchronizers candidates="61" cleared="3" />
  <references type="soft" candidates="1979" cleared="0" enqueued="0" dynamicThreshold="9" maxThreshold="32" />
  <references type="weak" candidates="1887" cleared="0" enqueued="0" />
  <references type="phantom" candidates="102" cleared="0" enqueued="0" />
</gc-op>
<heap-resize id="1709" type="expand" space="nursery" amount="9568256" count="1" timems="0.350" reason="excessive time being spent scavenging" timestamp="2020-08-27T15:16:06.186" />
<gc-end id="1710" type="scavenge" contextid="1705" durationms="53.410" usertimems="59.855" systemtimems="2.487" timestamp="2020-08-27T15:16:06.186" activeThreads="2">
  <mem-info id="1711" free="86582448" total="176357376" percent="49">
    <mem type="nursery" free="66732800" total="103809024" percent="64">
      <mem type="allocate" free="66732800" total="83296256" percent="80" />
      <mem type="survivor" free="0" total="20512768" percent="0" />
    </mem>
    <mem type="tenure" free="19849648" total="72548352" percent="27" macro-fragmented="0">
      <mem type="soa" free="19123632" total="71822336" percent="26" />
      <mem type="loa" free="726016" total="726016" percent="100" />
    </mem>
    <pending-finalizers system="0" default="907" reference="0" classloader="0" />
    <remembered-set count="3816" />
  </mem-info>
</gc-end>
<cycle-end id="1712" type="scavenge" contextid="1705" timestamp="2020-08-27T15:16:06.188" />
<allocation-satisfied id="1713" threadId="0000000000BA0900" bytesRequested="524296" />
<af-end id="1714" timestamp="2020-08-27T15:16:06.188" threadId="0000000000BA1280" success="true" from="nursery"/>
<exclusive-end id="1715" timestamp="2020-08-27T15:16:06.188" durationms="56.913" />

<exclusive-start id="1716" timestamp="2020-08-27T15:16:06.449" intervalms="317.184">
  <response-info timems="0.101" idlems="0.101" threads="0" lastid="0000000000BA0900" lastname="Default Executor-thread-5" />
</exclusive-start>
<af-start id="1717" threadId="0000000000BA1280" totalBytesRequested="9792" timestamp="2020-08-27T15:16:06.449" intervalms="317.164" type="nursery" />
<cycle-start id="1718" type="scavenge" contextid="0" timestamp="2020-08-27T15:16:06.449" intervalms="317.253" />
<gc-start id="1719" type="scavenge" contextid="1718" timestamp="2020-08-27T15:16:06.450">
  <mem-info id="1720" free="19849648" total="176357376" percent="11">
    <mem type="nursery" free="0" total="103809024" percent="0">
      <mem type="allocate" free="0" total="83296256" percent="0" />
      <mem type="survivor" free="0" total="20512768" percent="0" />
    </mem>
    <mem type="tenure" free="19849648" total="72548352" percent="27">
      <mem type="soa" free="19123632" total="71822336" percent="26" />
      <mem type="loa" free="726016" total="726016" percent="100" />
    </mem>
    <remembered-set count="3844" />
  </mem-info>
</gc-start>
<allocation-stats totalBytes="66650576" >
  <allocated-bytes non-tlh="15660536" tlh="50990040" />
  <largest-consumer threadName="Default Executor-thread-5" threadId="0000000000BA0900" bytes="66609616" />
</allocation-stats>
<gc-op id="1721" type="scavenge" timems="40.950" contextid="1718" timestamp="2020-08-27T15:16:06.491">
  <scavenger-info tenureage="3" tenuremask="4048" tiltratio="80" />
  <memory-copied type="nursery" objects="57679" bytes="9572344" bytesdiscarded="174232" />
  <memory-copied type="tenure" objects="139072" bytes="7036360" bytesdiscarded="10632" />
  <finalization candidates="1368" enqueued="1333" />
  <ownableSynchronizers candidates="60" cleared="2" />
  <references type="soft" candidates="446" cleared="0" enqueued="0" dynamicThreshold="9" maxThreshold="32" />
  <references type="weak" candidates="287" cleared="2" enqueued="2" />
  <references type="phantom" candidates="20" cleared="0" enqueued="0" />
</gc-op>
<heap-resize id="1722" type="expand" space="nursery" amount="6422528" count="1" timems="0.291" reason="excessive time being spent scavenging" timestamp="2020-08-27T15:16:06.492" />
<gc-end id="1723" type="scavenge" contextid="1718" durationms="42.077" usertimems="57.691" systemtimems="6.631" timestamp="2020-08-27T15:16:06.492" activeThreads="2">
  <mem-info id="1724" free="93554312" total="182779904" percent="51">
    <mem type="nursery" free="80941704" total="110231552" percent="73">
      <mem type="allocate" free="80941704" total="90701824" percent="89" />
      <mem type="survivor" free="0" total="19529728" percent="0" />
    </mem>
    <mem type="tenure" free="12612608" total="72548352" percent="17" macro-fragmented="0">
      <mem type="soa" free="11886592" total="71822336" percent="16" />
      <mem type="loa" free="726016" total="726016" percent="100" />
    </mem>
    <pending-finalizers system="0" default="1333" reference="2" classloader="0" />
    <remembered-set count="2017" />
  </mem-info>
</gc-end>
<cycle-end id="1725" type="scavenge" contextid="1718" timestamp="2020-08-27T15:16:06.493" />
<allocation-satisfied id="1726" threadId="0000000000BA0900" bytesRequested="9792" />
<af-end id="1727" timestamp="2020-08-27T15:16:06.493" threadId="0000000000BA1280" success="true" from="nursery"/>
<exclusive-end id="1728" timestamp="2020-08-27T15:16:06.493" durationms="44.626" />

<exclusive-start id="1729" timestamp="2020-08-27T15:16:07.039" intervalms="590.444">
  <response-info timems="0.325" idlems="0.325" threads="0" lastid="0000000000BA0900" lastname="Default Executor-thread-5" />
</exclusive-start>
<af-start id="1730" threadId="0000000000BA1280" totalBytesRequested="1512" timestamp="2020-08-27T15:16:07.039" intervalms="590.460" type="nursery" />
<cycle-start id="1731" type="scavenge" contextid="0" timestamp="2020-08-27T15:16:07.040" intervalms="590.690" />
<gc-start id="1732" type="scavenge" contextid="1731" timestamp="2020-08-27T15:16:07.042">
  <mem-info id="1733" free="12606496" total="182779904" percent="6">
    <mem type="nursery" free="0" total="110231552" percent="0">
      <mem type="allocate" free="0" total="90701824" percent="0" />
      <mem type="survivor" free="0" total="19529728" percent="0" />
    </mem>
    <mem type="tenure" free="12606496" total="72548352" percent="17">
      <mem type="soa" free="11880480" total="71822336" percent="16" />
      <mem type="loa" free="726016" total="726016" percent="100" />
    </mem>
    <remembered-set count="2348" />
  </mem-info>
</gc-start>
<allocation-stats totalBytes="80865112" >
  <allocated-bytes non-tlh="1489312" tlh="79375800" />
  <largest-consumer threadName="Default Executor-thread-5" threadId="0000000000BA0900" bytes="80828248" />
</allocation-stats>
<gc-op id="1734" type="scavenge" timems="24.110" contextid="1731" timestamp="2020-08-27T15:16:07.066">
  <scavenger-info tenureage="5" tenuremask="4020" tiltratio="82" />
  <memory-copied type="nursery" objects="52971" bytes="10021416" bytesdiscarded="126544" />
  <memory-copied type="tenure" objects="24702" bytes="1251832" bytesdiscarded="880" />
  <finalization candidates="2398" enqueued="2394" />
  <ownableSynchronizers candidates="16" cleared="7" />
  <references type="soft" candidates="5" cleared="0" enqueued="0" dynamicThreshold="9" maxThreshold="32" />
  <references type="weak" candidates="192" cleared="46" enqueued="39" />
  <references type="phantom" candidates="20" cleared="0" enqueued="0" />
</gc-op>
<gc-end id="1735" type="scavenge" contextid="1731" durationms="25.438" usertimems="41.640" systemtimems="1.322" timestamp="2020-08-27T15:16:07.067" activeThreads="2">
  <mem-info id="1736" free="94634016" total="182779904" percent="51">
    <mem type="nursery" free="83087952" total="110231552" percent="75">
      <mem type="allocate" free="83087952" total="93257728" percent="89" />
      <mem type="survivor" free="0" total="16973824" percent="0" />
    </mem>
    <mem type="tenure" free="11546064" total="72548352" percent="15" macro-fragmented="0">
      <mem type="soa" free="10820048" total="71822336" percent="15" />
      <mem type="loa" free="726016" total="726016" percent="100" />
    </mem>
    <pending-finalizers system="0" default="2394" reference="39" classloader="0" />
    <remembered-set count="1044" />
  </mem-info>
</gc-end>
<cycle-end id="1737" type="scavenge" contextid="1731" timestamp="2020-08-27T15:16:07.067" />
<allocation-satisfied id="1738" threadId="0000000000BA0900" bytesRequested="1512" />
<af-end id="1739" timestamp="2020-08-27T15:16:07.068" threadId="0000000000BA1280" success="true" from="nursery"/>
<exclusive-end id="1740" timestamp="2020-08-27T15:16:07.068" durationms="28.726" />

<exclusive-start id="1741" timestamp="2020-08-27T15:16:07.430" intervalms="391.269">
  <response-info timems="0.301" idlems="0.301" threads="0" lastid="0000000000BA0900" lastname="Default Executor-thread-5" />
</exclusive-start>
<af-start id="1742" threadId="0000000000BA1280" totalBytesRequested="65544" timestamp="2020-08-27T15:16:07.430" intervalms="391.283" type="nursery" />
<cycle-start id="1743" type="scavenge" contextid="0" timestamp="2020-08-27T15:16:07.431" intervalms="390.814" />
<gc-start id="1744" type="scavenge" contextid="1743" timestamp="2020-08-27T15:16:07.431">
  <mem-info id="1745" free="11580072" total="182779904" percent="6">
    <mem type="nursery" free="34008" total="110231552" percent="0">
      <mem type="allocate" free="34008" total="93257728" percent="0" />
      <mem type="survivor" free="0" total="16973824" percent="0" />
    </mem>
    <mem type="tenure" free="11546064" total="72548352" percent="15">
      <mem type="soa" free="10820048" total="71822336" percent="15" />
      <mem type="loa" free="726016" total="726016" percent="100" />
    </mem>
    <remembered-set count="1304" />
  </mem-info>
</gc-start>
<allocation-stats totalBytes="82949528" >
  <allocated-bytes non-tlh="11419464" tlh="71530064" />
  <largest-consumer threadName="Default Executor-thread-5" threadId="0000000000BA0900" bytes="82912664" />
</allocation-stats>
<gc-op id="1746" type="scavenge" timems="15.870" contextid="1743" timestamp="2020-08-27T15:16:07.447">
  <scavenger-info tenureage="14" tenuremask="4000" tiltratio="84" />
  <memory-copied type="nursery" objects="64678" bytes="11677664" bytesdiscarded="126280" />
  <finalization candidates="2233" enqueued="2231" />
  <ownableSynchronizers candidates="8" cleared="2" />
  <references type="soft" candidates="5" cleared="0" enqueued="0" dynamicThreshold="9" maxThreshold="32" />
  <references type="weak" candidates="170" cleared="12" enqueued="12" />
  <references type="phantom" candidates="33" cleared="0" enqueued="0" />
</gc-op>
<gc-end id="1747" type="scavenge" contextid="1743" durationms="17.066" usertimems="28.215" systemtimems="0.820" timestamp="2020-08-27T15:16:07.448" activeThreads="2">
  <mem-info id="1748" free="93568520" total="182779904" percent="51">
    <mem type="nursery" free="82022456" total="110231552" percent="74">
      <mem type="allocate" free="82022456" total="93847552" percent="87" />
      <mem type="survivor" free="0" total="16384000" percent="0" />
    </mem>
    <mem type="tenure" free="11546064" total="72548352" percent="15" macro-fragmented="4479464">
      <mem type="soa" free="10820048" total="71822336" percent="15" />
      <mem type="loa" free="726016" total="726016" percent="100" />
    </mem>
    <pending-finalizers system="0" default="2231" reference="12" classloader="0" />
    <remembered-set count="1159" />
  </mem-info>
</gc-end>
<cycle-end id="1749" type="scavenge" contextid="1743" timestamp="2020-08-27T15:16:07.449" />
<allocation-satisfied id="1750" threadId="0000000000BA0900" bytesRequested="65544" />
<af-end id="1751" timestamp="2020-08-27T15:16:07.449" threadId="0000000000BA1280" success="true" from="nursery"/>
<exclusive-end id="1752" timestamp="2020-08-27T15:16:07.449" durationms="18.970" />

<exclusive-start id="1753" timestamp="2020-08-27T15:16:07.836" intervalms="406.132">
  <response-info timems="0.212" idlems="0.212" threads="0" lastid="0000000000BA0900" lastname="Default Executor-thread-5" />
</exclusive-start>
<af-start id="1754" threadId="0000000000BA1280" totalBytesRequested="912" timestamp="2020-08-27T15:16:07.837" intervalms="406.115" type="nursery" />
<cycle-start id="1755" type="scavenge" contextid="0" timestamp="2020-08-27T15:16:07.837" intervalms="406.096" />
<gc-start id="1756" type="scavenge" contextid="1755" timestamp="2020-08-27T15:16:07.837">
  <mem-info id="1757" free="11546064" total="182779904" percent="6">
    <mem type="nursery" free="0" total="110231552" percent="0">
      <mem type="allocate" free="0" total="93847552" percent="0" />
      <mem type="survivor" free="0" total="16384000" percent="0" />
    </mem>
    <mem type="tenure" free="11546064" total="72548352" percent="15">
      <mem type="soa" free="10820048" total="71822336" percent="15" />
      <mem type="loa" free="726016" total="726016" percent="100" />
    </mem>
    <remembered-set count="1164" />
  </mem-info>
</gc-start>
<allocation-stats totalBytes="81939744" >
  <allocated-bytes non-tlh="4785696" tlh="77154048" />
  <largest-consumer threadName="Default Executor-thread-5" threadId="0000000000BA0900" bytes="81902880" />
</allocation-stats>
<gc-op id="1758" type="scavenge" timems="21.338" contextid="1755" timestamp="2020-08-27T15:16:07.859">
  <scavenger-info tenureage="8" tenuremask="4100" tiltratio="85" />
  <memory-copied type="nursery" objects="69784" bytes="14905168" bytesdiscarded="146680" />
  <memory-copied type="tenure" objects="3169" bytes="295184" bytesdiscarded="80" />
  <finalization candidates="1802" enqueued="1801" />
  <ownableSynchronizers candidates="10" cleared="4" />
  <references type="weak" candidates="51" cleared="0" enqueued="0" />
  <references type="phantom" candidates="13" cleared="0" enqueued="0" />
</gc-op>
<gc-end id="1759" type="scavenge" contextid="1755" durationms="22.075" usertimems="29.936" systemtimems="5.398" timestamp="2020-08-27T15:16:07.859" activeThreads="2">
  <mem-info id="1760" free="87620856" total="182779904" percent="47">
    <mem type="nursery" free="76485168" total="110231552" percent="69">
      <mem type="allocate" free="76485168" total="91553792" percent="83" />
      <mem type="survivor" free="0" total="18677760" percent="0" />
    </mem>
    <mem type="tenure" free="11135688" total="72548352" percent="15" macro-fragmented="7740516">
      <mem type="soa" free="10409672" total="71822336" percent="14" />
      <mem type="loa" free="726016" total="726016" percent="100" />
    </mem>
    <pending-finalizers system="0" default="1801" reference="0" classloader="0" />
    <remembered-set count="738" />
  </mem-info>
</gc-end>
<cycle-end id="1761" type="scavenge" contextid="1755" timestamp="2020-08-27T15:16:07.860" />
<allocation-satisfied id="1762" threadId="0000000000BA0900" bytesRequested="912" />
<af-end id="1763" timestamp="2020-08-27T15:16:07.861" threadId="0000000000BA1280" success="true" from="nursery"/>
<exclusive-end id="1764" timestamp="2020-08-27T15:16:07.861" durationms="24.207" />

<exclusive-start id="1765" timestamp="2020-08-27T15:16:08.269" intervalms="432.974">
  <response-info timems="0.198" idlems="0.198" threads="0" lastid="0000000000BA0900" lastname="Default Executor-thread-5" />
</exclusive-start>
<af-start id="1766" threadId="0000000000BA1280" totalBytesRequested="32776" timestamp="2020-08-27T15:16:08.269" intervalms="432.961" type="nursery" />
<cycle-start id="1767" type="scavenge" contextid="0" timestamp="2020-08-27T15:16:08.270" intervalms="432.948" />
<gc-start id="1768" type="scavenge" contextid="1767" timestamp="2020-08-27T15:16:08.270">
  <mem-info id="1769" free="11135688" total="182779904" percent="6">
    <mem type="nursery" free="0" total="110231552" percent="0">
      <mem type="allocate" free="0" total="91553792" percent="0" />
      <mem type="survivor" free="0" total="18677760" percent="0" />
    </mem>
    <mem type="tenure" free="11135688" total="72548352" percent="15">
      <mem type="soa" free="10409672" total="71822336" percent="14" />
      <mem type="loa" free="726016" total="726016" percent="100" />
    </mem>
    <remembered-set count="739" />
  </mem-info>
</gc-start>
<allocation-stats totalBytes="76399776" >
  <allocated-bytes non-tlh="4447808" tlh="71951968" />
  <largest-consumer threadName="Default Executor-thread-5" threadId="0000000000BA0900" bytes="76371104" />
</allocation-stats>
<gc-op id="1770" type="scavenge" timems="30.114" contextid="1767" timestamp="2020-08-27T15:16:08.301">
  <scavenger-info tenureage="11" tenuremask="4800" tiltratio="83" />
  <memory-copied type="nursery" objects="80222" bytes="14386568" bytesdiscarded="182256" />
  <memory-copied type="tenure" objects="1483" bytes="92048" bytesdiscarded="0" />
  <finalization candidates="1916" enqueued="1915" />
  <ownableSynchronizers candidates="8" cleared="3" />
  <references type="weak" candidates="40" cleared="0" enqueued="0" />
  <references type="phantom" candidates="4" cleared="0" enqueued="0" />
</gc-op>
<heap-resize id="1771" type="expand" space="nursery" amount="4718592" count="1" timems="0.352" reason="excessive time being spent scavenging" timestamp="2020-08-27T15:16:08.302" />
<gc-end id="1772" type="scavenge" contextid="1767" durationms="32.387" usertimems="41.520" systemtimems="1.311" timestamp="2020-08-27T15:16:08.303" activeThreads="2">
  <mem-info id="1773" free="92493968" total="187498496" percent="49">
    <mem type="nursery" free="81489608" total="114950144" percent="70">
      <mem type="allocate" free="81489608" total="96075776" percent="84" />
      <mem type="survivor" free="0" total="18874368" percent="0" />
    </mem>
    <mem type="tenure" free="11004360" total="72548352" percent="15" macro-fragmented="6450429">
      <mem type="soa" free="10278344" total="71822336" percent="14" />
      <mem type="loa" free="726016" total="726016" percent="100" />
    </mem>
    <pending-finalizers system="0" default="1915" reference="0" classloader="0" />
    <remembered-set count="557" />
  </mem-info>
</gc-end>
<cycle-end id="1774" type="scavenge" contextid="1767" timestamp="2020-08-27T15:16:08.303" />
<allocation-satisfied id="1775" threadId="0000000000BA0900" bytesRequested="32776" />
<af-end id="1776" timestamp="2020-08-27T15:16:08.304" threadId="0000000000BA1280" success="true" from="nursery"/>
<exclusive-end id="1777" timestamp="2020-08-27T15:16:08.304" durationms="34.448" />

<exclusive-start id="1778" timestamp="2020-08-27T15:16:08.901" intervalms="631.869">
  <response-info timems="0.207" idlems="0.207" threads="0" lastid="0000000000BA0900" lastname="Default Executor-thread-5" />
</exclusive-start>
<af-start id="1779" threadId="0000000000BA1280" totalBytesRequested="4104" timestamp="2020-08-27T15:16:08.901" intervalms="631.887" type="nursery" />
<cycle-start id="1780" type="scavenge" contextid="0" timestamp="2020-08-27T15:16:08.902" intervalms="631.930" />
<gc-start id="1781" type="scavenge" contextid="1780" timestamp="2020-08-27T15:16:08.902">
  <mem-info id="1782" free="11004360" total="187498496" percent="5">
    <mem type="nursery" free="0" total="114950144" percent="0">
      <mem type="allocate" free="0" total="96075776" percent="0" />
      <mem type="survivor" free="0" total="18874368" percent="0" />
    </mem>
    <mem type="tenure" free="11004360" total="72548352" percent="15">
      <mem type="soa" free="10278344" total="71822336" percent="14" />
      <mem type="loa" free="726016" total="726016" percent="100" />
    </mem>
    <remembered-set count="820" />
  </mem-info>
</gc-start>
<allocation-stats totalBytes="81388496" >
  <allocated-bytes non-tlh="2340256" tlh="79048240" />
  <largest-consumer threadName="Default Executor-thread-5" threadId="0000000000BA0900" bytes="76875944" />
</allocation-stats>
<gc-op id="1783" type="scavenge" timems="21.232" contextid="1780" timestamp="2020-08-27T15:16:08.924">
  <scavenger-info tenureage="14" tenuremask="4000" tiltratio="83" />
  <memory-copied type="nursery" objects="84331" bytes="13101016" bytesdiscarded="146280" />
  <finalization candidates="1973" enqueued="1972" />
  <ownableSynchronizers candidates="11" cleared="6" />
  <references type="weak" candidates="61" cleared="11" enqueued="11" />
  <references type="phantom" candidates="19" cleared="0" enqueued="0" />
</gc-op>
<gc-end id="1784" type="scavenge" contextid="1780" durationms="22.070" usertimems="29.339" systemtimems="1.105" timestamp="2020-08-27T15:16:08.924" activeThreads="2">
  <mem-info id="1785" free="95122496" total="187498496" percent="50">
    <mem type="nursery" free="84118136" total="114950144" percent="73">
      <mem type="allocate" free="84118136" total="97386496" percent="86" />
      <mem type="survivor" free="0" total="17563648" percent="0" />
    </mem>
    <mem type="tenure" free="11004360" total="72548352" percent="15" macro-fragmented="7740516">
      <mem type="soa" free="10278344" total="71822336" percent="14" />
      <mem type="loa" free="726016" total="726016" percent="100" />
    </mem>
    <pending-finalizers system="0" default="1972" reference="11" classloader="0" />
    <remembered-set count="698" />
  </mem-info>
</gc-end>
<cycle-end id="1786" type="scavenge" contextid="1780" timestamp="2020-08-27T15:16:08.925" />
<allocation-satisfied id="1787" threadId="0000000000BA0900" bytesRequested="4104" />
<af-end id="1788" timestamp="2020-08-27T15:16:08.925" threadId="0000000000BA1280" success="true" from="nursery"/>
<exclusive-end id="1789" timestamp="2020-08-27T15:16:08.925" durationms="24.269" />

<exclusive-start id="1790" timestamp="2020-08-27T15:16:09.352" intervalms="450.759">
  <response-info timems="0.105" idlems="0.105" threads="0" lastid="0000000000BA0900" lastname="Default Executor-thread-5" />
</exclusive-start>
<af-start id="1791" threadId="0000000000BA1280" totalBytesRequested="4104" timestamp="2020-08-27T15:16:09.352" intervalms="450.760" type="nursery" />
<cycle-start id="1792" type="scavenge" contextid="0" timestamp="2020-08-27T15:16:09.352" intervalms="450.732" />
<gc-start id="1793" type="scavenge" contextid="1792" timestamp="2020-08-27T15:16:09.353">
  <mem-info id="1794" free="11004016" total="187498496" percent="5">
    <mem type="nursery" free="0" total="114950144" percent="0">
      <mem type="allocate" free="0" total="97386496" percent="0" />
      <mem type="survivor" free="0" total="17563648" percent="0" />
    </mem>
    <mem type="tenure" free="11004016" total="72548352" percent="15">
      <mem type="soa" free="10278000" total="71822336" percent="14" />
      <mem type="loa" free="726016" total="726016" percent="100" />
    </mem>
    <remembered-set count="828" />
  </mem-info>
</gc-start>
<allocation-stats totalBytes="84023984" >
  <allocated-bytes non-tlh="1583128" tlh="82440856" />
  <largest-consumer threadName="Default Executor-thread-5" threadId="0000000000BA0900" bytes="83987120" />
</allocation-stats>
<gc-op id="1795" type="scavenge" timems="21.360" contextid="1792" timestamp="2020-08-27T15:16:09.376">
  <scavenger-info tenureage="5" tenuremask="4120" tiltratio="84" />
  <memory-copied type="nursery" objects="78964" bytes="14708024" bytesdiscarded="153784" />
  <memory-copied type="tenure" objects="19220" bytes="1686720" bytesdiscarded="3240" />
  <finalization candidates="2330" enqueued="2329" />
  <ownableSynchronizers candidates="11" cleared="5" />
  <references type="weak" candidates="35" cleared="7" enqueued="7" />
  <references type="phantom" candidates="11" cleared="0" enqueued="0" />
</gc-op>
<gc-end id="1796" type="scavenge" contextid="1792" durationms="23.496" usertimems="31.935" systemtimems="7.722" timestamp="2020-08-27T15:16:09.377" activeThreads="2">
  <mem-info id="1797" free="91964808" total="187498496" percent="49">
    <mem type="nursery" free="82698856" total="114950144" percent="71">
      <mem type="allocate" free="82698856" total="97583104" percent="84" />
      <mem type="survivor" free="0" total="17367040" percent="0" />
    </mem>
    <mem type="tenure" free="9265952" total="72548352" percent="12" macro-fragmented="4479464">
      <mem type="soa" free="8539936" total="71822336" percent="11" />
      <mem type="loa" free="726016" total="726016" percent="100" />
    </mem>
    <pending-finalizers system="0" default="2329" reference="7" classloader="0" />
    <remembered-set count="1029" />
  </mem-info>
</gc-end>
<cycle-end id="1798" type="scavenge" contextid="1792" timestamp="2020-08-27T15:16:09.377" />
<allocation-satisfied id="1799" threadId="0000000000BA0900" bytesRequested="4104" />
<af-end id="1800" timestamp="2020-08-27T15:16:09.378" threadId="0000000000BA1280" success="true" from="nursery"/>
<exclusive-end id="1801" timestamp="2020-08-27T15:16:09.378" durationms="25.735" />

<exclusive-start id="1802" timestamp="2020-08-27T15:16:09.793" intervalms="440.725">
  <response-info timems="0.117" idlems="0.117" threads="0" lastid="0000000000BA0900" lastname="Default Executor-thread-5" />
</exclusive-start>
<af-start id="1803" threadId="0000000000BA1280" totalBytesRequested="16" timestamp="2020-08-27T15:16:09.793" intervalms="440.763" type="nursery" />
<cycle-start id="1804" type="scavenge" contextid="0" timestamp="2020-08-27T15:16:09.793" intervalms="440.792" />
<gc-start id="1805" type="scavenge" contextid="1804" timestamp="2020-08-27T15:16:09.794">
  <mem-info id="1806" free="9259984" total="187498496" percent="4">
    <mem type="nursery" free="0" total="114950144" percent="0">
      <mem type="allocate" free="0" total="97583104" percent="0" />
      <mem type="survivor" free="0" total="17367040" percent="0" />
    </mem>
    <mem type="tenure" free="9259984" total="72548352" percent="12">
      <mem type="soa" free="8533968" total="71822336" percent="11" />
      <mem type="loa" free="726016" total="726016" percent="100" />
    </mem>
    <remembered-set count="1294" />
  </mem-info>
</gc-start>
<allocation-stats totalBytes="82629168" >
  <allocated-bytes non-tlh="858472" tlh="81770696" />
  <largest-consumer threadName="Default Executor-thread-5" threadId="0000000000BA0900" bytes="82596400" />
</allocation-stats>
<gc-op id="1807" type="scavenge" timems="18.473" contextid="1804" timestamp="2020-08-27T15:16:09.813">
  <scavenger-info tenureage="7" tenuremask="4080" tiltratio="84" />
  <memory-copied type="nursery" objects="89395" bytes="13210832" bytesdiscarded="126824" />
  <memory-copied type="tenure" objects="5299" bytes="564176" bytesdiscarded="552" />
  <finalization candidates="2414" enqueued="2414" />
  <ownableSynchronizers candidates="8" cleared="2" />
  <references type="soft" candidates="4" cleared="0" enqueued="0" dynamicThreshold="9" maxThreshold="32" />
  <references type="weak" candidates="74" cleared="39" enqueued="39" />
  <references type="phantom" candidates="9" cleared="0" enqueued="0" />
</gc-op>
<gc-end id="1808" type="scavenge" contextid="1804" durationms="19.481" usertimems="31.462" systemtimems="1.625" timestamp="2020-08-27T15:16:09.814" activeThreads="2">
  <mem-info id="1809" free="93336208" total="187498496" percent="49">
    <mem type="nursery" free="84551064" total="114950144" percent="73">
      <mem type="allocate" free="84551064" total="97910784" percent="86" />
      <mem type="survivor" free="0" total="17039360" percent="0" />
    </mem>
    <mem type="tenure" free="8785144" total="72548352" percent="12" macro-fragmented="0">
      <mem type="soa" free="8059128" total="71822336" percent="11" />
      <mem type="loa" free="726016" total="726016" percent="100" />
    </mem>
    <pending-finalizers system="0" default="2414" reference="39" classloader="0" />
    <remembered-set count="959" />
  </mem-info>
</gc-end>
<cycle-end id="1810" type="scavenge" contextid="1804" timestamp="2020-08-27T15:16:09.814" />
<allocation-satisfied id="1811" threadId="0000000000BA0900" bytesRequested="16" />
<af-end id="1812" timestamp="2020-08-27T15:16:09.814" threadId="0000000000BA1280" success="true" from="nursery"/>
<exclusive-end id="1813" timestamp="2020-08-27T15:16:09.814" durationms="21.789" />

<exclusive-start id="1814" timestamp="2020-08-27T15:16:13.821" intervalms="4028.486">
  <response-info timems="0.221" idlems="0.221" threads="0" lastid="0000000000BA0900" lastname="Default Executor-thread-5" />
</exclusive-start>
<af-start id="1815" threadId="0000000000BA1280" totalBytesRequested="880" timestamp="2020-08-27T15:16:13.822" intervalms="4028.639" type="nursery" />
<cycle-start id="1816" type="scavenge" contextid="0" timestamp="2020-08-27T15:16:13.822" intervalms="4028.804" />
<gc-start id="1817" type="scavenge" contextid="1816" timestamp="2020-08-27T15:16:13.822">
  <mem-info id="1818" free="8435368" total="187498496" percent="4">
    <mem type="nursery" free="0" total="114950144" percent="0">
      <mem type="allocate" free="0" total="97910784" percent="0" />
      <mem type="survivor" free="0" total="17039360" percent="0" />
    </mem>
    <mem type="tenure" free="8435368" total="72548352" percent="11">
      <mem type="soa" free="7709352" total="71822336" percent="10" />
      <mem type="loa" free="726016" total="726016" percent="100" />
    </mem>
    <remembered-set count="5793" />
  </mem-info>
</gc-start>
<allocation-stats totalBytes="84827736" >
  <allocated-bytes non-tlh="3087640" tlh="81740096" />
  <largest-consumer threadName="Default Executor-thread-5" threadId="0000000000BA0900" bytes="84529760" />
</allocation-stats>
<gc-op id="1819" type="scavenge" timems="20.684" contextid="1816" timestamp="2020-08-27T15:16:13.843">
  <scavenger-info tenureage="9" tenuremask="4200" tiltratio="85" />
  <memory-copied type="nursery" objects="135662" bytes="13378728" bytesdiscarded="242968" />
  <memory-copied type="tenure" objects="3505" bytes="195784" bytesdiscarded="24" />
  <finalization candidates="746" enqueued="744" />
  <ownableSynchronizers candidates="101" cleared="36" />
  <references type="soft" candidates="618" cleared="0" enqueued="0" dynamicThreshold="9" maxThreshold="32" />
  <references type="weak" candidates="1104" cleared="564" enqueued="497" />
  <references type="phantom" candidates="19" cleared="0" enqueued="0" />
</gc-op>
<gc-end id="1820" type="scavenge" contextid="1816" durationms="22.620" usertimems="26.844" systemtimems="6.478" timestamp="2020-08-27T15:16:13.845" activeThreads="2">
  <mem-info id="1821" free="92976664" total="187498496" percent="49">
    <mem type="nursery" free="84803952" total="114950144" percent="73">
      <mem type="allocate" free="84803952" total="98435072" percent="86" />
      <mem type="survivor" free="0" total="16515072" percent="0" />
    </mem>
    <mem type="tenure" free="8172712" total="72548352" percent="11" macro-fragmented="6450429">
      <mem type="soa" free="7446696" total="71822336" percent="10" />
      <mem type="loa" free="726016" total="726016" percent="100" />
    </mem>
    <pending-finalizers system="0" default="744" reference="497" classloader="0" />
    <remembered-set count="4671" />
  </mem-info>
</gc-end>
<cycle-end id="1822" type="scavenge" contextid="1816" timestamp="2020-08-27T15:16:13.846" />
<allocation-satisfied id="1823" threadId="0000000000BA0900" bytesRequested="880" />
<af-end id="1824" timestamp="2020-08-27T15:16:13.846" threadId="0000000000BA1280" success="true" from="nursery"/>
<exclusive-end id="1825" timestamp="2020-08-27T15:16:13.846" durationms="25.078" />

<exclusive-start id="1826" timestamp="2020-08-27T15:16:24.402" intervalms="10581.098">
  <response-info timems="0.200" idlems="0.200" threads="0" lastid="0000000000F35D00" lastname="Default Executor-thread-12" />
</exclusive-start>
<af-start id="1827" threadId="0000000000F36680" totalBytesRequested="216" timestamp="2020-08-27T15:16:24.403" intervalms="10581.136" type="nursery" />
<cycle-start id="1828" type="scavenge" contextid="0" timestamp="2020-08-27T15:16:24.403" intervalms="10581.379" />
<gc-start id="1829" type="scavenge" contextid="1828" timestamp="2020-08-27T15:16:24.404">
  <mem-info id="1830" free="7880552" total="187498496" percent="4">
    <mem type="nursery" free="0" total="114950144" percent="0">
      <mem type="allocate" free="0" total="98435072" percent="0" />
      <mem type="survivor" free="0" total="16515072" percent="0" />
    </mem>
    <mem type="tenure" free="7880552" total="72548352" percent="10">
      <mem type="soa" free="7154536" total="71822336" percent="9" />
      <mem type="loa" free="726016" total="726016" percent="100" />
    </mem>
    <remembered-set count="8190" />
  </mem-info>
</gc-start>
<allocation-stats totalBytes="85020520" >
  <allocated-bytes non-tlh="613808" tlh="84406712" />
  <largest-consumer threadName="Default Executor-thread-5" threadId="0000000000BA0900" bytes="53476888" />
</allocation-stats>
<gc-op id="1831" type="scavenge" timems="36.482" contextid="1828" timestamp="2020-08-27T15:16:24.441">
  <scavenger-info tenureage="14" tenuremask="4000" tiltratio="85" />
  <memory-copied type="nursery" objects="169739" bytes="13600216" bytesdiscarded="158304" />
  <finalization candidates="483" enqueued="480" />
  <ownableSynchronizers candidates="1599" cleared="1492" />
  <references type="soft" candidates="1703" cleared="0" enqueued="0" dynamicThreshold="9" maxThreshold="32" />
  <references type="weak" candidates="1556" cleared="674" enqueued="635" />
  <references type="phantom" candidates="76" cleared="0" enqueued="0" />
</gc-op>
<gc-end id="1832" type="scavenge" contextid="1828" durationms="37.426" usertimems="56.844" systemtimems="3.715" timestamp="2020-08-27T15:16:24.441" activeThreads="2">
  <mem-info id="1833" free="92941248" total="187498496" percent="49">
    <mem type="nursery" free="85060696" total="114950144" percent="73">
      <mem type="allocate" free="85060696" total="98828288" percent="86" />
      <mem type="survivor" free="0" total="16121856" percent="0" />
    </mem>
    <mem type="tenure" free="7880552" total="72548352" percent="10" macro-fragmented="5375358">
      <mem type="soa" free="7154536" total="71822336" percent="9" />
      <mem type="loa" free="726016" total="726016" percent="100" />
    </mem>
    <pending-finalizers system="1" default="479" reference="635" classloader="0" />
    <remembered-set count="7740" />
  </mem-info>
</gc-end>
<cycle-end id="1834" type="scavenge" contextid="1828" timestamp="2020-08-27T15:16:24.442" />
<allocation-satisfied id="1835" threadId="0000000000F35D00" bytesRequested="216" />
<af-end id="1836" timestamp="2020-08-27T15:16:24.442" threadId="0000000000F36680" success="true" from="nursery"/>
<exclusive-end id="1837" timestamp="2020-08-27T15:16:24.442" durationms="40.056" />

<exclusive-start id="1838" timestamp="2020-08-27T15:25:50.571" intervalms="566167.989">
  <response-info timems="0.996" idlems="0.996" threads="0" lastid="0000000000F35D00" lastname="Default Executor-thread-12" />
</exclusive-start>
<af-start id="1839" threadId="0000000000F36680" totalBytesRequested="1040" timestamp="2020-08-27T15:25:50.576" intervalms="566172.927" type="nursery" />
<cycle-start id="1840" type="scavenge" contextid="0" timestamp="2020-08-27T15:25:50.577" intervalms="566173.197" />
<gc-start id="1841" type="scavenge" contextid="1840" timestamp="2020-08-27T15:25:50.581">
  <mem-info id="1842" free="7596480" total="187498496" percent="4">
    <mem type="nursery" free="0" total="114950144" percent="0">
      <mem type="allocate" free="0" total="98828288" percent="0" />
      <mem type="survivor" free="0" total="16121856" percent="0" />
    </mem>
    <mem type="tenure" free="7596480" total="72548352" percent="10">
      <mem type="soa" free="6870464" total="71822336" percent="9" />
      <mem type="loa" free="726016" total="726016" percent="100" />
    </mem>
    <remembered-set count="12335" />
  </mem-info>
</gc-start>
<allocation-stats totalBytes="85259976" >
  <allocated-bytes non-tlh="3061480" tlh="82198496" />
  <largest-consumer threadName="Default Executor-thread-12" threadId="0000000000F35D00" bytes="59957904" />
</allocation-stats>
<gc-op id="1843" type="scavenge" timems="269.950" contextid="1840" timestamp="2020-08-27T15:25:50.851">
  <scavenger-info tenureage="14" tenuremask="4000" tiltratio="85" />
  <memory-copied type="nursery" objects="196540" bytes="15415752" bytesdiscarded="144632" />
  <finalization candidates="540" enqueued="537" />
  <ownableSynchronizers candidates="5443" cleared="5273" />
  <references type="soft" candidates="2337" cleared="0" enqueued="0" dynamicThreshold="9" maxThreshold="32" />
  <references type="weak" candidates="2910" cleared="1585" enqueued="1551" />
  <references type="phantom" candidates="129" cleared="2" enqueued="2" />
</gc-op>
<gc-end id="1844" type="scavenge" contextid="1840" durationms="271.553" usertimems="414.835" systemtimems="12.293" timestamp="2020-08-27T15:25:50.852" activeThreads="2">
  <mem-info id="1845" free="89085264" total="187498496" percent="47">
    <mem type="nursery" free="81488784" total="114950144" percent="70">
      <mem type="allocate" free="81488784" total="97058816" percent="83" />
      <mem type="survivor" free="0" total="17891328" percent="0" />
    </mem>
    <mem type="tenure" free="7596480" total="72548352" percent="10" macro-fragmented="5375358">
      <mem type="soa" free="6870464" total="71822336" percent="9" />
      <mem type="loa" free="726016" total="726016" percent="100" />
    </mem>
    <pending-finalizers system="2" default="535" reference="1553" classloader="0" />
    <remembered-set count="9510" />
  </mem-info>
</gc-end>
<cycle-end id="1846" type="scavenge" contextid="1840" timestamp="2020-08-27T15:25:50.870" />
<allocation-satisfied id="1847" threadId="0000000000F35D00" bytesRequested="1040" />
<af-end id="1848" timestamp="2020-08-27T15:25:50.871" threadId="0000000000F36680" success="true" from="nursery"/>
<exclusive-end id="1849" timestamp="2020-08-27T15:25:50.871" durationms="300.939" />

<exclusive-start id="1850" timestamp="2020-08-27T15:26:09.929" intervalms="19358.141">
  <response-info timems="0.370" idlems="0.370" threads="0" lastid="0000000000F35D00" lastname="Default Executor-thread-12" />
</exclusive-start>
<af-start id="1851" threadId="0000000000F36680" totalBytesRequested="272" timestamp="2020-08-27T15:26:09.945" intervalms="19369.660" type="nursery" />
<cycle-start id="1852" type="scavenge" contextid="0" timestamp="2020-08-27T15:26:09.946" intervalms="19369.630" />
<gc-start id="1853" type="scavenge" contextid="1852" timestamp="2020-08-27T15:26:09.957">
  <mem-info id="1854" free="7379400" total="187498496" percent="3">
    <mem type="nursery" free="0" total="114950144" percent="0">
      <mem type="allocate" free="0" total="97058816" percent="0" />
      <mem type="survivor" free="0" total="17891328" percent="0" />
    </mem>
    <mem type="tenure" free="7379400" total="72548352" percent="10">
      <mem type="soa" free="6653384" total="71822336" percent="9" />
      <mem type="loa" free="726016" total="726016" percent="100" />
    </mem>
    <remembered-set count="12515" />
  </mem-info>
</gc-start>
<allocation-stats totalBytes="81636568" >
  <allocated-bytes non-tlh="5377040" tlh="76259528" />
  <largest-consumer threadName="Default Executor-thread-12" threadId="0000000000F35D00" bytes="73431432" />
</allocation-stats>
<gc-op id="1855" type="scavenge" timems="254.464" contextid="1852" timestamp="2020-08-27T15:26:10.212">
  <scavenger-info tenureage="8" tenuremask="4100" tiltratio="84" />
  <memory-copied type="nursery" objects="201979" bytes="13544104" bytesdiscarded="202224" />
  <memory-copied type="tenure" objects="6924" bytes="407832" bytesdiscarded="168" />
  <finalization candidates="145" enqueued="142" />
  <ownableSynchronizers candidates="404" cleared="158" />
  <references type="soft" candidates="3174" cleared="0" enqueued="0" dynamicThreshold="9" maxThreshold="32" />
  <references type="weak" candidates="2884" cleared="839" enqueued="802" />
  <references type="phantom" candidates="144" cleared="0" enqueued="0" />
</gc-op>
<gc-end id="1856" type="scavenge" contextid="1852" durationms="257.570" usertimems="328.482" systemtimems="6.924" timestamp="2020-08-27T15:26:10.215" activeThreads="2">
  <mem-info id="1857" free="90545216" total="187498496" percent="48">
    <mem type="nursery" free="83629688" total="114950144" percent="72">
      <mem type="allocate" free="83629688" total="97386496" percent="85" />
      <mem type="survivor" free="0" total="17563648" percent="0" />
    </mem>
    <mem type="tenure" free="6915528" total="72548352" percent="9" macro-fragmented="4479464">
      <mem type="soa" free="6189512" total="71822336" percent="8" />
      <mem type="loa" free="726016" total="726016" percent="100" />
    </mem>
    <pending-finalizers system="0" default="142" reference="802" classloader="0" />
    <remembered-set count="11260" />
  </mem-info>
</gc-end>
<cycle-end id="1858" type="scavenge" contextid="1852" timestamp="2020-08-27T15:26:10.223" />
<allocation-satisfied id="1859" threadId="0000000000F35D00" bytesRequested="272" />
<af-end id="1860" timestamp="2020-08-27T15:26:10.224" threadId="0000000000F36680" success="true" from="nursery"/>
<exclusive-end id="1861" timestamp="2020-08-27T15:26:10.224" durationms="295.734" />

<exclusive-start id="1862" timestamp="2020-08-27T15:27:06.478" intervalms="56550.080">
  <response-info timems="0.089" idlems="0.089" threads="0" lastid="0000000000476D00" lastname="Default Executor-thread-18" />
</exclusive-start>
<af-start id="1863" threadId="0000000000477680" totalBytesRequested="408" timestamp="2020-08-27T15:27:06.479" intervalms="56533.423" type="nursery" />
<cycle-start id="1864" type="scavenge" contextid="0" timestamp="2020-08-27T15:27:06.479" intervalms="56532.860" />
<gc-start id="1865" type="scavenge" contextid="1864" timestamp="2020-08-27T15:27:06.481">
  <mem-info id="1866" free="6754560" total="187498496" percent="3">
    <mem type="nursery" free="0" total="114950144" percent="0">
      <mem type="allocate" free="0" total="97386496" percent="0" />
      <mem type="survivor" free="0" total="17563648" percent="0" />
    </mem>
    <mem type="tenure" free="6754560" total="72548352" percent="9">
      <mem type="soa" free="6028544" total="71822336" percent="8" />
      <mem type="loa" free="726016" total="726016" percent="100" />
    </mem>
    <remembered-set count="13631" />
  </mem-info>
</gc-start>
<allocation-stats totalBytes="83680584" >
  <allocated-bytes non-tlh="4359704" tlh="79320880" />
  <largest-consumer threadName="Default Executor-thread-17" threadId="0000000000608000" bytes="27210216" />
</allocation-stats>
<gc-op id="1867" type="scavenge" timems="40.578" contextid="1864" timestamp="2020-08-27T15:27:06.522">
  <scavenger-info tenureage="4" tenuremask="4150" tiltratio="84" />
  <memory-copied type="nursery" objects="150295" bytes="10808224" bytesdiscarded="106320" />
  <memory-copied type="tenure" objects="64464" bytes="4739880" bytesdiscarded="2024" />
  <finalization candidates="421" enqueued="415" />
  <ownableSynchronizers candidates="757" cleared="502" />
  <references type="soft" candidates="2945" cleared="0" enqueued="0" dynamicThreshold="9" maxThreshold="32" />
  <references type="weak" candidates="3285" cleared="1435" enqueued="1423" />
  <references type="phantom" candidates="158" cleared="11" enqueued="11" />
</gc-op>
<gc-end id="1868" type="scavenge" contextid="1864" durationms="41.644" usertimems="75.499" systemtimems="2.284" timestamp="2020-08-27T15:27:06.523" activeThreads="2">
  <mem-info id="1869" free="89108240" total="187498496" percent="47">
    <mem type="nursery" free="87120536" total="114950144" percent="75">
      <mem type="allocate" free="87120536" total="98041856" percent="88" />
      <mem type="survivor" free="0" total="16908288" percent="0" />
    </mem>
    <mem type="tenure" free="1987704" total="72548352" percent="2" macro-fragmented="0">
      <mem type="soa" free="1261688" total="71822336" percent="1" />
      <mem type="loa" free="726016" total="726016" percent="100" />
    </mem>
    <pending-finalizers system="1" default="414" reference="1434" classloader="0" />
    <remembered-set count="10533" />
  </mem-info>
</gc-end>
<cycle-end id="1870" type="scavenge" contextid="1864" timestamp="2020-08-27T15:27:06.532" />
<allocation-satisfied id="1871" threadId="0000000000476D00" bytesRequested="408" />
<af-end id="1872" timestamp="2020-08-27T15:27:06.533" threadId="0000000000477680" success="true" from="nursery"/>
<exclusive-end id="1873" timestamp="2020-08-27T15:27:06.533" durationms="54.424" />

<concurrent-kickoff id="1874" timestamp="2020-08-27T15:27:10.024">
  <kickoff reason="threshold reached" targetBytes="28118424" thresholdFreeBytes="3910649"  remainingFree="3078760" tenureFreeBytes="1838896" nurseryFreeBytes="3078760" />
</concurrent-kickoff>
<exclusive-start id="1875" timestamp="2020-08-27T15:27:10.035" intervalms="3556.547">
  <response-info timems="0.101" idlems="0.101" threads="0" lastid="0000000000476D00" lastname="Default Executor-thread-18" />
</exclusive-start>
<cycle-start id="1876" type="global" contextid="0" timestamp="2020-08-27T15:27:10.035" intervalms="671181.423" />
<exclusive-end id="1877" timestamp="2020-08-27T15:27:10.035" durationms="0.225" />

<exclusive-start id="1878" timestamp="2020-08-27T15:27:10.359" intervalms="324.150">
  <response-info timems="0.249" idlems="0.249" threads="0" lastid="0000000000476D00" lastname="Default Executor-thread-18" />
</exclusive-start>
<af-start id="1879" threadId="0000000000477680" totalBytesRequested="16" timestamp="2020-08-27T15:27:10.359" intervalms="3880.662" type="nursery" />
<cycle-start id="1880" type="scavenge" contextid="0" timestamp="2020-08-27T15:27:10.360" intervalms="3880.587" />
<gc-start id="1881" type="scavenge" contextid="1880" timestamp="2020-08-27T15:27:10.361">
  <mem-info id="1882" free="1838896" total="187498496" percent="0">
    <mem type="nursery" free="0" total="114950144" percent="0">
      <mem type="allocate" free="0" total="98041856" percent="0" />
      <mem type="survivor" free="0" total="16908288" percent="0" />
    </mem>
    <mem type="tenure" free="1838896" total="72548352" percent="2">
      <mem type="soa" free="1112880" total="71822336" percent="1" />
      <mem type="loa" free="726016" total="726016" percent="100" />
    </mem>
    <remembered-set count="12658" />
  </mem-info>
</gc-start>
<allocation-stats totalBytes="87244240" >
  <allocated-bytes non-tlh="22611328" tlh="64632912" />
  <largest-consumer threadName="Default Executor-thread-18" threadId="0000000000476D00" bytes="82028864" />
</allocation-stats>
<gc-op id="1883" type="scavenge" timems="306.256" contextid="1880" timestamp="2020-08-27T15:27:10.667">
  <scavenger-info tenureage="6" tenuremask="4040" tiltratio="85" />
  <memory-copied type="nursery" objects="463753" bytes="16901376" bytesdiscarded="2512" />
  <memory-copied type="tenure" objects="935465" bytes="26889904" bytesdiscarded="9344" />
  <copy-failed type="nursery" objects="918031" bytes="25589808" />
  <finalization candidates="250" enqueued="244" />
  <ownableSynchronizers candidates="237" cleared="38" />
  <references type="soft" candidates="924" cleared="0" enqueued="0" dynamicThreshold="9" maxThreshold="32" />
  <references type="weak" candidates="913" cleared="189" enqueued="151" />
  <references type="phantom" candidates="120" cleared="0" enqueued="0" />
  <heap-resize type="expand" space="tenure" amount="26083328" count="178" timems="80.257" reason="continue current collection" />
</gc-op>
<heap-resize id="1884" type="expand" space="nursery" amount="4456448" count="1" timems="0.563" reason="excessive time being spent scavenging" timestamp="2020-08-27T15:27:10.668" />
<gc-end id="1885" type="scavenge" contextid="1880" durationms="307.860" usertimems="301.931" systemtimems="167.691" timestamp="2020-08-27T15:27:10.668" activeThreads="2">
  <mem-info id="1886" free="43841096" total="218038272" percent="20">
    <mem type="nursery" free="42795008" total="119406592" percent="35">
      <mem type="allocate" free="42795008" total="59703296" percent="71" />
      <mem type="survivor" free="0" total="59703296" percent="0" />
    </mem>
    <mem type="tenure" free="1046088" total="98631680" percent="1" macro-fragmented="418667">
      <mem type="soa" free="58952" total="97644544" percent="0" />
      <mem type="loa" free="987136" total="987136" percent="100" />
    </mem>
    <pending-finalizers system="0" default="244" reference="151" classloader="0" />
    <remembered-set count="15353" />
  </mem-info>
</gc-end>
<cycle-end id="1887" type="scavenge" contextid="1880" timestamp="2020-08-27T15:27:10.670" />
<allocation-satisfied id="1888" threadId="0000000000476D00" bytesRequested="16" />
<af-end id="1889" timestamp="2020-08-27T15:27:10.670" threadId="0000000000477680" success="true" from="nursery"/>
<exclusive-end id="1890" timestamp="2020-08-27T15:27:10.670" durationms="310.884" />

<exclusive-start id="1891" timestamp="2020-08-27T15:27:10.691" intervalms="332.168">
  <response-info timems="0.129" idlems="0.084" threads="1" lastid="0000000000476D00" lastname="Default Executor-thread-18" />
</exclusive-start>
<concurrent-collection-start id="1892" timestamp="2020-08-27T15:27:10.692" intervalms="671506.514" >
  <concurrent-trace-info reason="card cleaning threshold reached" tracedByMutators="16335856" tracedByHelpers="20709036" cardsCleaned="503" workStackOverflowCount="0" />
</concurrent-collection-start>
<gc-start id="1893" type="global" contextid="1876" timestamp="2020-08-27T15:27:10.693">
  <mem-info id="1894" free="43488824" total="218038272" percent="19">
    <mem type="nursery" free="42442736" total="119406592" percent="35">
      <mem type="allocate" free="42442736" total="59703296" percent="71" />
      <mem type="survivor" free="0" total="59703296" percent="0" />
    </mem>
    <mem type="tenure" free="1046088" total="98631680" percent="1">
      <mem type="soa" free="58952" total="97644544" percent="0" />
      <mem type="loa" free="987136" total="987136" percent="100" />
    </mem>
    <remembered-set count="15356" />
  </mem-info>
</gc-start>
<allocation-stats totalBytes="352272" >
  <allocated-bytes non-tlh="16" tlh="352256" />
  <largest-consumer threadName="Default Executor-thread-18" threadId="0000000000476D00" bytes="208912" />
</allocation-stats>
<gc-op id="1895" type="rs-scan" timems="14.584" contextid="1876" timestamp="2020-08-27T15:27:10.708">
  <scan objectsFound="9312" bytesTraced="5691408" workStackOverflowCount="0" />
</gc-op>
<gc-op id="1896" type="card-cleaning" timems="0.674" contextid="1876" timestamp="2020-08-27T15:27:10.708">
  <card-cleaning cardsCleaned="9" bytesTraced="72084" workStackOverflowCount="0" />
</gc-op>
<gc-op id="1897" type="mark" timems="58.868" contextid="1876" timestamp="2020-08-27T15:27:10.768">
  <trace-info objectcount="1260315" scancount="930112" scanbytes="26246464" />
  <finalization candidates="333" enqueued="1" />
  <ownableSynchronizers candidates="5701" cleared="22" />
  <references type="soft" candidates="13038" cleared="2" enqueued="2" dynamicThreshold="9" maxThreshold="32" />
  <references type="weak" candidates="19304" cleared="735" enqueued="699" />
  <references type="phantom" candidates="410" cleared="1" enqueued="1" />
  <stringconstants candidates="48086" cleared="382"  />
</gc-op>
<gc-op id="1898" type="classunload" timems="0.282" contextid="1876" timestamp="2020-08-27T15:27:10.768">
  <classunload-info classloadercandidates="380" classloadersunloaded="0" classesunloaded="0" anonymousclassesunloaded="0" quiescems="0.000" setupms="0.108" scanms="0.165" postms="0.009" />
</gc-op>
<gc-op id="1899" type="sweep" timems="8.064" contextid="1876" timestamp="2020-08-27T15:27:10.777" />
<heap-resize id="1900" type="expand" space="tenure" amount="31391744" count="1" timems="0.475" reason="insufficient free space following gc" timestamp="2020-08-27T15:27:10.778" />
<gc-end id="1901" type="global" contextid="1876" durationms="85.487" usertimems="142.138" systemtimems="4.773" timestamp="2020-08-27T15:27:10.778" activeThreads="2">
  <mem-info id="1902" free="81813920" total="249430016" percent="32">
    <mem type="nursery" free="42800208" total="119406592" percent="35">
      <mem type="allocate" free="42800208" total="59703296" percent="71" />
      <mem type="survivor" free="0" total="59703296" percent="0" />
    </mem>
    <mem type="tenure" free="39013712" total="130023424" percent="30" micro-fragmented="1229501" macro-fragmented="0">
      <mem type="soa" free="37713232" total="128722944" percent="29" />
      <mem type="loa" free="1300480" total="1300480" percent="100" />
    </mem>
    <pending-finalizers system="1" default="0" reference="702" classloader="0" />
    <remembered-set count="14535" />
  </mem-info>
</gc-end>
<cycle-end id="1903" type="global" contextid="1876" timestamp="2020-08-27T15:27:10.779" />
<concurrent-collection-end id="1904" timestamp="2020-08-27T15:27:10.779" />
<exclusive-end id="1905" timestamp="2020-08-27T15:27:10.779" durationms="88.102" />

<exclusive-start id="1906" timestamp="2020-08-27T15:27:11.854" intervalms="1162.970">
  <response-info timems="0.112" idlems="0.112" threads="0" lastid="0000000000476D00" lastname="Default Executor-thread-18" />
</exclusive-start>
<af-start id="1907" threadId="0000000000477680" totalBytesRequested="32" timestamp="2020-08-27T15:27:11.854" intervalms="1495.138" type="nursery" />
<cycle-start id="1908" type="scavenge" contextid="0" timestamp="2020-08-27T15:27:11.855" intervalms="1495.282" />
<gc-start id="1909" type="scavenge" contextid="1908" timestamp="2020-08-27T15:27:11.856">
  <mem-info id="1910" free="39013712" total="249430016" percent="15">
    <mem type="nursery" free="0" total="119406592" percent="0">
      <mem type="allocate" free="0" total="59703296" percent="0" />
      <mem type="survivor" free="0" total="59703296" percent="0" />
    </mem>
    <mem type="tenure" free="39013712" total="130023424" percent="30">
      <mem type="soa" free="37713232" total="128722944" percent="29" />
      <mem type="loa" free="1300480" total="1300480" percent="100" />
    </mem>
    <remembered-set count="14999" />
  </mem-info>
</gc-start>
<allocation-stats totalBytes="42797592" >
  <allocated-bytes non-tlh="6488088" tlh="36309504" />
  <largest-consumer threadName="Default Executor-thread-18" threadId="0000000000476D00" bytes="42715256" />
</allocation-stats>
<gc-op id="1911" type="scavenge" timems="173.609" contextid="1908" timestamp="2020-08-27T15:27:12.029">
  <scavenger-info tenureage="14" tenuremask="4000" tiltratio="50" />
  <memory-copied type="nursery" objects="1402912" bytes="41749848" bytesdiscarded="99416" />
  <finalization candidates="5" enqueued="0" />
  <ownableSynchronizers candidates="11255" cleared="11140" />
  <references type="soft" candidates="899" cleared="0" enqueued="0" dynamicThreshold="9" maxThreshold="32" />
  <references type="weak" candidates="695" cleared="0" enqueued="0" />
  <references type="phantom" candidates="119" cleared="0" enqueued="0" />
</gc-op>
<heap-resize id="1912" type="expand" space="nursery" amount="6815744" count="1" timems="0.164" reason="excessive time being spent scavenging" timestamp="2020-08-27T15:27:12.030" />
<gc-end id="1913" type="scavenge" contextid="1908" durationms="175.411" usertimems="260.820" systemtimems="11.567" timestamp="2020-08-27T15:27:12.031" activeThreads="2">
  <mem-info id="1914" free="60271184" total="256245760" percent="23">
    <mem type="nursery" free="21257472" total="126222336" percent="16">
      <mem type="allocate" free="21257472" total="63111168" percent="33" />
      <mem type="survivor" free="0" total="63111168" percent="0" />
    </mem>
    <mem type="tenure" free="39013712" total="130023424" percent="30" macro-fragmented="0">
      <mem type="soa" free="37713232" total="128722944" percent="29" />
      <mem type="loa" free="1300480" total="1300480" percent="100" />
    </mem>
    <remembered-set count="13894" />
  </mem-info>
</gc-end>
<cycle-end id="1915" type="scavenge" contextid="1908" timestamp="2020-08-27T15:27:12.032" />
<allocation-satisfied id="1916" threadId="0000000000476D00" bytesRequested="32" />
<af-end id="1917" timestamp="2020-08-27T15:27:12.032" threadId="0000000000477680" success="true" from="nursery"/>
<exclusive-end id="1918" timestamp="2020-08-27T15:27:12.033" durationms="178.216" />

<exclusive-start id="1919" timestamp="2020-08-27T15:27:12.426" intervalms="571.311">
  <response-info timems="0.091" idlems="0.091" threads="0" lastid="0000000000476D00" lastname="Default Executor-thread-18" />
</exclusive-start>
<af-start id="1920" threadId="0000000000477680" totalBytesRequested="5767176" timestamp="2020-08-27T15:27:12.426" intervalms="571.417" type="nursery" />
<cycle-start id="1921" type="scavenge" contextid="0" timestamp="2020-08-27T15:27:12.426" intervalms="571.342" />
<gc-start id="1922" type="scavenge" contextid="1921" timestamp="2020-08-27T15:27:12.427">
  <mem-info id="1923" free="44411464" total="256245760" percent="17">
    <mem type="nursery" free="5397752" total="126222336" percent="4">
      <mem type="allocate" free="5397752" total="63111168" percent="8" />
      <mem type="survivor" free="0" total="63111168" percent="0" />
    </mem>
    <mem type="tenure" free="39013712" total="130023424" percent="30">
      <mem type="soa" free="37713232" total="128722944" percent="29" />
      <mem type="loa" free="1300480" total="1300480" percent="100" />
    </mem>
    <remembered-set count="13897" />
  </mem-info>
</gc-start>
<allocation-stats totalBytes="15858800" >
  <allocated-bytes non-tlh="1441832" tlh="14416968" />
  <largest-consumer threadName="Default Executor-thread-18" threadId="0000000000476D00" bytes="15801456" />
</allocation-stats>
<gc-op id="1924" type="scavenge" timems="193.268" contextid="1921" timestamp="2020-08-27T15:27:12.621">
  <scavenger-info tenureage="13" tenuremask="6000" tiltratio="50" />
  <memory-copied type="nursery" objects="1768365" bytes="50587312" bytesdiscarded="121248" />
  <memory-copied type="tenure" objects="1162" bytes="31976" bytesdiscarded="696" />
  <finalization candidates="5" enqueued="0" />
  <ownableSynchronizers candidates="120" cleared="6" />
  <references type="soft" candidates="899" cleared="0" enqueued="0" dynamicThreshold="9" maxThreshold="32" />
  <references type="weak" candidates="683" cleared="0" enqueued="0" />
  <references type="phantom" candidates="119" cleared="0" enqueued="0" />
</gc-op>
<heap-resize id="1925" type="expand" space="nursery" amount="13631488" count="1" timems="0.142" reason="excessive time being spent scavenging" timestamp="2020-08-27T15:27:12.621" />
<gc-end id="1926" type="scavenge" contextid="1921" durationms="194.843" usertimems="321.500" systemtimems="0.000" timestamp="2020-08-27T15:27:12.622" activeThreads="2">
  <mem-info id="1927" free="58190512" total="269877248" percent="21">
    <mem type="nursery" free="19213944" total="139853824" percent="13">
      <mem type="allocate" free="19213944" total="69926912" percent="27" />
      <mem type="survivor" free="0" total="69926912" percent="0" />
    </mem>
    <mem type="tenure" free="38976568" total="130023424" percent="29" macro-fragmented="418667">
      <mem type="soa" free="37676088" total="128722944" percent="29" />
      <mem type="loa" free="1300480" total="1300480" percent="100" />
    </mem>
    <remembered-set count="11442" />
  </mem-info>
</gc-end>
<cycle-end id="1928" type="scavenge" contextid="1921" timestamp="2020-08-27T15:27:12.623" />
<allocation-satisfied id="1929" threadId="0000000000476D00" bytesRequested="5767176" />
<af-end id="1930" timestamp="2020-08-27T15:27:12.623" threadId="0000000000477680" success="true" from="nursery"/>
<exclusive-end id="1931" timestamp="2020-08-27T15:27:12.624" durationms="197.886" />

<exclusive-start id="1932" timestamp="2020-08-27T15:27:12.808" intervalms="382.728">
  <response-info timems="0.087" idlems="0.087" threads="0" lastid="0000000000476D00" lastname="Default Executor-thread-18" />
</exclusive-start>
<af-start id="1933" threadId="0000000000477680" totalBytesRequested="24" timestamp="2020-08-27T15:27:12.809" intervalms="382.613" type="nursery" />
<cycle-start id="1934" type="scavenge" contextid="0" timestamp="2020-08-27T15:27:12.809" intervalms="382.488" />
<gc-start id="1935" type="scavenge" contextid="1934" timestamp="2020-08-27T15:27:12.810">
  <mem-info id="1936" free="38976568" total="269877248" percent="14">
    <mem type="nursery" free="0" total="139853824" percent="0">
      <mem type="allocate" free="0" total="69926912" percent="0" />
      <mem type="survivor" free="0" total="69926912" percent="0" />
    </mem>
    <mem type="tenure" free="38976568" total="130023424" percent="29">
      <mem type="soa" free="37676088" total="128722944" percent="29" />
      <mem type="loa" free="1300480" total="1300480" percent="100" />
    </mem>
    <remembered-set count="11444" />
  </mem-info>
</gc-start>
<allocation-stats totalBytes="19213552" >
  <allocated-bytes non-tlh="11534352" tlh="7679200" />
  <largest-consumer threadName="Default Executor-thread-18" threadId="0000000000476D00" bytes="19184880" />
</allocation-stats>
<gc-op id="1937" type="scavenge" timems="1061.420" contextid="1934" timestamp="2020-08-27T15:27:13.872">
  <scavenger-info tenureage="2" tenuremask="700c" tiltratio="50" />
  <memory-copied type="nursery" objects="602718" bytes="26855984" bytesdiscarded="157600" />
  <memory-copied type="tenure" objects="1362110" bytes="32760056" bytesdiscarded="6888" />
  <finalization candidates="5" enqueued="0" />
  <ownableSynchronizers candidates="118" cleared="4" />
  <references type="soft" candidates="612" cleared="0" enqueued="0" dynamicThreshold="9" maxThreshold="32" />
  <references type="weak" candidates="580" cleared="0" enqueued="0" />
  <references type="phantom" candidates="115" cleared="0" enqueued="0" />
</gc-op>
<gc-end id="1938" type="scavenge" contextid="1934" durationms="1062.194" usertimems="413.332" systemtimems="414.939" timestamp="2020-08-27T15:27:13.872" activeThreads="2">
  <mem-info id="1939" free="56291520" total="269877248" percent="20">
    <mem type="nursery" free="50249888" total="139853824" percent="35">
      <mem type="allocate" free="50249888" total="77266944" percent="65" />
      <mem type="survivor" free="0" total="62586880" percent="0" />
    </mem>
    <mem type="tenure" free="6041632" total="130023424" percent="4" macro-fragmented="3110739">
      <mem type="soa" free="4741152" total="128722944" percent="3" />
      <mem type="loa" free="1300480" total="1300480" percent="100" />
    </mem>
    <remembered-set count="10600" />
  </mem-info>
</gc-end>
<cycle-end id="1940" type="scavenge" contextid="1934" timestamp="2020-08-27T15:27:13.873" />
<allocation-satisfied id="1941" threadId="0000000000476D00" bytesRequested="24" />
<af-end id="1942" timestamp="2020-08-27T15:27:13.873" threadId="0000000000477680" success="true" from="nursery"/>
<exclusive-end id="1943" timestamp="2020-08-27T15:27:13.873" durationms="1064.948" />

<concurrent-kickoff id="1944" timestamp="2020-08-27T15:27:15.132">
  <kickoff reason="threshold reached" targetBytes="50281377" thresholdFreeBytes="6960524"  remainingFree="6886912" tenureFreeBytes="6040752" nurseryFreeBytes="6886912" />
</concurrent-kickoff>
<exclusive-start id="1945" timestamp="2020-08-27T15:27:15.139" intervalms="2330.755">
  <response-info timems="0.687" idlems="0.687" threads="0" lastid="0000000000476D00" lastname="Default Executor-thread-18" />
</exclusive-start>
<cycle-start id="1946" type="global" contextid="0" timestamp="2020-08-27T15:27:15.139" intervalms="5104.064" />
<exclusive-end id="1947" timestamp="2020-08-27T15:27:15.139" durationms="0.184" />

<exclusive-start id="1948" timestamp="2020-08-27T15:27:15.413" intervalms="274.071">
  <response-info timems="0.097" idlems="0.097" threads="0" lastid="0000000000476D00" lastname="Default Executor-thread-18" />
</exclusive-start>
<concurrent-collection-start id="1949" timestamp="2020-08-27T15:27:15.413" intervalms="4721.866" >
  <concurrent-trace-info reason="card cleaning threshold reached" tracedByMutators="22169544" tracedByHelpers="49841916" cardsCleaned="24" workStackOverflowCount="0" />
</concurrent-collection-start>
<gc-start id="1950" type="global" contextid="1946" timestamp="2020-08-27T15:27:15.415">
  <mem-info id="1951" free="6040752" total="269877248" percent="2">
    <mem type="nursery" free="0" total="139853824" percent="0">
      <mem type="allocate" free="0" total="77266944" percent="0" />
      <mem type="survivor" free="0" total="62586880" percent="0" />
    </mem>
    <mem type="tenure" free="6040752" total="130023424" percent="4">
      <mem type="soa" free="4740272" total="128722944" percent="3" />
      <mem type="loa" free="1300480" total="1300480" percent="100" />
    </mem>
    <remembered-set count="10673" />
  </mem-info>
</gc-start>
<allocation-stats totalBytes="50244056" >
  <allocated-bytes non-tlh="867864" tlh="49376192" />
  <largest-consumer threadName="Default Executor-thread-18" threadId="0000000000476D00" bytes="50051888" />
</allocation-stats>
<gc-op id="1952" type="rs-scan" timems="71.118" contextid="1946" timestamp="2020-08-27T15:27:15.486">
  <scan objectsFound="6703" bytesTraced="23863560" workStackOverflowCount="0" />
</gc-op>
<gc-op id="1953" type="card-cleaning" timems="0.841" contextid="1946" timestamp="2020-08-27T15:27:15.487">
  <card-cleaning cardsCleaned="1" bytesTraced="90352" workStackOverflowCount="0" />
</gc-op>
<gc-op id="1954" type="mark" timems="13.344" contextid="1946" timestamp="2020-08-27T15:27:15.500">
  <trace-info objectcount="7400" scancount="6355" scanbytes="206924" />
  <finalization candidates="335" enqueued="3" />
  <ownableSynchronizers candidates="5701" cleared="23" />
  <references type="soft" candidates="13042" cleared="21" enqueued="21" dynamicThreshold="9" maxThreshold="32" />
  <references type="weak" candidates="18432" cleared="24" enqueued="24" />
  <references type="phantom" candidates="408" cleared="1" enqueued="1" />
  <stringconstants candidates="47708" cleared="0"  />
</gc-op>
<gc-op id="1955" type="sweep" timems="8.479" contextid="1946" timestamp="2020-08-27T15:27:15.509" />
<heap-resize id="1956" type="expand" space="tenure" amount="42598400" count="1" timems="119.619" reason="insufficient free space following gc" timestamp="2020-08-27T15:27:15.629" />
<gc-end id="1957" type="global" contextid="1946" durationms="215.056" usertimems="151.896" systemtimems="64.959" timestamp="2020-08-27T15:27:15.630" activeThreads="2">
  <mem-info id="1958" free="77813824" total="312475648" percent="24">
    <mem type="nursery" free="26023544" total="139853824" percent="18">
      <mem type="allocate" free="26023544" total="77266944" percent="33" />
      <mem type="survivor" free="0" total="62586880" percent="0" />
    </mem>
    <mem type="tenure" free="51790280" total="172621824" percent="30" micro-fragmented="2400891" macro-fragmented="0">
      <mem type="soa" free="50063816" total="170895360" percent="29" />
      <mem type="loa" free="1726464" total="1726464" percent="100" />
    </mem>
    <pending-finalizers system="0" default="3" reference="46" classloader="0" />
    <remembered-set count="10640" />
  </mem-info>
</gc-end>
<cycle-end id="1959" type="global" contextid="1946" timestamp="2020-08-27T15:27:15.631" />
<concurrent-collection-end id="1960" timestamp="2020-08-27T15:27:15.631" />
<exclusive-end id="1961" timestamp="2020-08-27T15:27:15.631" durationms="217.958" />

<exclusive-start id="1962" timestamp="2020-08-27T15:27:17.040" intervalms="1626.333">
  <response-info timems="0.245" idlems="0.245" threads="0" lastid="0000000000476D00" lastname="Default Executor-thread-18" />
</exclusive-start>
<af-start id="1963" threadId="0000000000477680" totalBytesRequested="262152" timestamp="2020-08-27T15:27:17.040" intervalms="4231.754" type="nursery" />
<cycle-start id="1964" type="scavenge" contextid="0" timestamp="2020-08-27T15:27:17.041" intervalms="4231.998" />
<gc-start id="1965" type="scavenge" contextid="1964" timestamp="2020-08-27T15:27:17.043">
  <mem-info id="1966" free="57421752" total="312475648" percent="18">
    <mem type="nursery" free="5655720" total="139853824" percent="4">
      <mem type="allocate" free="5655720" total="77266944" percent="7" />
      <mem type="survivor" free="0" total="62586880" percent="0" />
    </mem>
    <mem type="tenure" free="51766032" total="172621824" percent="29">
      <mem type="soa" free="50039568" total="170895360" percent="29" />
      <mem type="loa" free="1726464" total="1726464" percent="100" />
    </mem>
    <remembered-set count="10967" />
  </mem-info>
</gc-start>
<allocation-stats totalBytes="20367264" >
  <allocated-bytes non-tlh="3315888" tlh="17051376" />
  <largest-consumer threadName="Default Executor-thread-18" threadId="0000000000476D00" bytes="20283752" />
</allocation-stats>
<gc-op id="1967" type="scavenge" timems="311.826" contextid="1964" timestamp="2020-08-27T15:27:17.358">
  <scavenger-info tenureage="2" tenuremask="7804" tiltratio="55" />
  <memory-copied type="nursery" objects="1262625" bytes="37231304" bytesdiscarded="43216" />
  <memory-copied type="tenure" objects="368341" bytes="7640104" bytesdiscarded="568" />
  <finalization candidates="29" enqueued="25" />
  <ownableSynchronizers candidates="11371" cleared="11259" />
  <references type="soft" candidates="736" cleared="0" enqueued="0" dynamicThreshold="9" maxThreshold="32" />
  <references type="weak" candidates="631" cleared="96" enqueued="96" />
  <references type="phantom" candidates="116" cleared="0" enqueued="0" />
</gc-op>
<gc-end id="1968" type="scavenge" contextid="1964" durationms="320.656" usertimems="401.249" systemtimems="0.102" timestamp="2020-08-27T15:27:17.364" activeThreads="2">
  <mem-info id="1969" free="86324784" total="312475648" percent="27">
    <mem type="nursery" free="42413440" total="139853824" percent="30">
      <mem type="allocate" free="42413440" total="79691776" percent="53" />
      <mem type="survivor" free="0" total="60162048" percent="0" />
    </mem>
    <mem type="tenure" free="43911344" total="172621824" percent="25" macro-fragmented="524304">
      <mem type="soa" free="42184880" total="170895360" percent="24" />
      <mem type="loa" free="1726464" total="1726464" percent="100" />
    </mem>
    <pending-finalizers system="0" default="25" reference="96" classloader="0" />
    <remembered-set count="9997" />
  </mem-info>
</gc-end>
<cycle-end id="1970" type="scavenge" contextid="1964" timestamp="2020-08-27T15:27:17.365" />
<allocation-satisfied id="1971" threadId="0000000000476D00" bytesRequested="262152" />
<af-end id="1972" timestamp="2020-08-27T15:27:17.366" threadId="0000000000477680" success="true" from="nursery"/>
<exclusive-end id="1973" timestamp="2020-08-27T15:27:17.367" durationms="327.006" />

<exclusive-start id="1974" timestamp="2020-08-27T15:27:19.054" intervalms="2014.474">
  <response-info timems="17.168" idlems="17.168" threads="0" lastid="0000000000476D00" lastname="Default Executor-thread-18" />
</exclusive-start>
<af-start id="1975" threadId="0000000000477680" totalBytesRequested="335168" timestamp="2020-08-27T15:27:19.055" intervalms="2014.510" type="nursery" />
<cycle-start id="1976" type="scavenge" contextid="0" timestamp="2020-08-27T15:27:19.055" intervalms="2014.566" />
<gc-start id="1977" type="scavenge" contextid="1976" timestamp="2020-08-27T15:27:19.056">
  <mem-info id="1978" free="44173824" total="312475648" percent="14">
    <mem type="nursery" free="302440" total="139853824" percent="0">
      <mem type="allocate" free="302440" total="79691776" percent="0" />
      <mem type="survivor" free="0" total="60162048" percent="0" />
    </mem>
    <mem type="tenure" free="43871384" total="172621824" percent="25">
      <mem type="soa" free="42144920" total="170895360" percent="24" />
      <mem type="loa" free="1726464" total="1726464" percent="100" />
    </mem>
    <remembered-set count="10667" />
  </mem-info>
</gc-start>
<allocation-stats totalBytes="42144432" >
  <allocated-bytes non-tlh="8227800" tlh="33916632" />
  <largest-consumer threadName="Default Executor-thread-18" threadId="0000000000476D00" bytes="42066792" />
</allocation-stats>
<gc-op id="1979" type="scavenge" timems="331.901" contextid="1976" timestamp="2020-08-27T15:27:19.389">
  <scavenger-info tenureage="10" tenuremask="7c00" tiltratio="56" />
  <memory-copied type="nursery" objects="1698256" bytes="49933696" bytesdiscarded="61904" />
  <finalization candidates="41" enqueued="37" />
  <ownableSynchronizers candidates="131" cleared="18" />
  <references type="soft" candidates="1187" cleared="0" enqueued="0" dynamicThreshold="9" maxThreshold="32" />
  <references type="weak" candidates="694" cleared="116" enqueued="116" />
  <references type="phantom" candidates="118" cleared="0" enqueued="0" />
</gc-op>
<gc-end id="1980" type="scavenge" contextid="1976" durationms="335.195" usertimems="328.838" systemtimems="195.179" timestamp="2020-08-27T15:27:19.392" activeThreads="2">
  <mem-info id="1981" free="68582384" total="312475648" percent="21">
    <mem type="nursery" free="24711000" total="139853824" percent="17">
      <mem type="allocate" free="24711000" total="74711040" percent="33" />
      <mem type="survivor" free="0" total="65142784" percent="0" />
    </mem>
    <mem type="tenure" free="43871384" total="172621824" percent="25" macro-fragmented="524304">
      <mem type="soa" free="42144920" total="170895360" percent="24" />
      <mem type="loa" free="1726464" total="1726464" percent="100" />
    </mem>
    <pending-finalizers system="0" default="37" reference="116" classloader="0" />
    <remembered-set count="10634" />
  </mem-info>
</gc-end>
<cycle-end id="1982" type="scavenge" contextid="1976" timestamp="2020-08-27T15:27:19.393" />
<allocation-satisfied id="1983" threadId="0000000000476D00" bytesRequested="335168" />
<af-end id="1984" timestamp="2020-08-27T15:27:19.393" threadId="0000000000477680" success="true" from="nursery"/>
<exclusive-end id="1985" timestamp="2020-08-27T15:27:19.393" durationms="339.507" />

<exclusive-start id="1986" timestamp="2020-08-27T15:27:20.299" intervalms="1244.525">
  <response-info timems="38.437" idlems="38.437" threads="0" lastid="0000000000476D00" lastname="Default Executor-thread-18" />
</exclusive-start>
<af-start id="1987" threadId="0000000000477680" totalBytesRequested="16" timestamp="2020-08-27T15:27:20.299" intervalms="1244.279" type="nursery" />
<cycle-start id="1988" type="scavenge" contextid="0" timestamp="2020-08-27T15:27:20.299" intervalms="1244.051" />
<gc-start id="1989" type="scavenge" contextid="1988" timestamp="2020-08-27T15:27:20.300">
  <mem-info id="1990" free="43869616" total="312475648" percent="14">
    <mem type="nursery" free="0" total="139853824" percent="0">
      <mem type="allocate" free="0" total="74711040" percent="0" />
      <mem type="survivor" free="0" total="65142784" percent="0" />
    </mem>
    <mem type="tenure" free="43869616" total="172621824" percent="25">
      <mem type="soa" free="42143152" total="170895360" percent="24" />
      <mem type="loa" free="1726464" total="1726464" percent="100" />
    </mem>
    <remembered-set count="10675" />
  </mem-info>
</gc-start>
<allocation-stats totalBytes="24711088" >
  <allocated-bytes non-tlh="7509904" tlh="17201184" />
  <largest-consumer threadName="Default Executor-thread-18" threadId="0000000000476D00" bytes="24661936" />
</allocation-stats>
<gc-op id="1991" type="scavenge" timems="478.377" contextid="1988" timestamp="2020-08-27T15:27:20.779">
  <scavenger-info tenureage="3" tenuremask="7f88" tiltratio="53" />
  <memory-copied type="nursery" objects="1932847" bytes="56900768" bytesdiscarded="94680" />
  <memory-copied type="tenure" objects="234077" bytes="6223600" bytesdiscarded="1904" />
  <finalization candidates="7" enqueued="3" />
  <ownableSynchronizers candidates="124" cleared="10" />
  <references type="soft" candidates="618" cleared="0" enqueued="0" dynamicThreshold="9" maxThreshold="32" />
  <references type="weak" candidates="80" cleared="11" enqueued="11" />
  <references type="phantom" candidates="2" cleared="0" enqueued="0" />
</gc-op>
<gc-end id="1992" type="scavenge" contextid="1988" durationms="479.500" usertimems="479.524" systemtimems="272.439" timestamp="2020-08-27T15:27:20.780" activeThreads="2">
  <mem-info id="1993" free="53342680" total="312475648" percent="17">
    <mem type="nursery" free="15617480" total="139853824" percent="11">
      <mem type="allocate" free="15617480" total="72613888" percent="21" />
      <mem type="survivor" free="0" total="67239936" percent="0" />
    </mem>
    <mem type="tenure" free="37725200" total="172621824" percent="21" macro-fragmented="0">
      <mem type="soa" free="35998736" total="170895360" percent="21" />
      <mem type="loa" free="1726464" total="1726464" percent="100" />
    </mem>
    <pending-finalizers system="0" default="3" reference="11" classloader="0" />
    <remembered-set count="1132" />
  </mem-info>
</gc-end>
<cycle-end id="1994" type="scavenge" contextid="1988" timestamp="2020-08-27T15:27:20.780" />
<allocation-satisfied id="1995" threadId="0000000000476D00" bytesRequested="16" />
<af-end id="1996" timestamp="2020-08-27T15:27:20.781" threadId="0000000000477680" success="true" from="nursery"/>
<exclusive-end id="1997" timestamp="2020-08-27T15:27:20.781" durationms="482.111" />

<exclusive-start id="1998" timestamp="2020-08-27T15:27:21.815" intervalms="1516.847">
  <response-info timems="0.193" idlems="0.193" threads="0" lastid="0000000000476D00" lastname="Default Executor-thread-18" />
</exclusive-start>
<af-start id="1999" threadId="0000000000477680" totalBytesRequested="2365568" timestamp="2020-08-27T15:27:21.816" intervalms="1516.463" type="nursery" />
<cycle-start id="2000" type="scavenge" contextid="0" timestamp="2020-08-27T15:27:21.816" intervalms="1516.392" />
<gc-start id="2001" type="scavenge" contextid="2000" timestamp="2020-08-27T15:27:21.817">
  <mem-info id="2002" free="38426640" total="312475648" percent="12">
    <mem type="nursery" free="720760" total="139853824" percent="0">
      <mem type="allocate" free="720760" total="72613888" percent="0" />
      <mem type="survivor" free="0" total="67239936" percent="0" />
    </mem>
    <mem type="tenure" free="37705880" total="172621824" percent="21">
      <mem type="soa" free="35979416" total="170895360" percent="21" />
      <mem type="loa" free="1726464" total="1726464" percent="100" />
    </mem>
    <remembered-set count="1460" />
  </mem-info>
</gc-start>
<allocation-stats totalBytes="14907216" >
  <allocated-bytes non-tlh="6010664" tlh="8896552" />
  <largest-consumer threadName="Default Executor-thread-18" threadId="0000000000476D00" bytes="14862160" />
</allocation-stats>
<gc-op id="2003" type="scavenge" timems="432.752" contextid="2000" timestamp="2020-08-27T15:27:22.250">
  <scavenger-info tenureage="3" tenuremask="7f08" tiltratio="51" />
  <memory-copied type="nursery" objects="871975" bytes="24578296" bytesdiscarded="172464" />
  <memory-copied type="tenure" objects="1026982" bytes="29703904" bytesdiscarded="5960" />
  <finalization candidates="17" enqueued="17" />
  <ownableSynchronizers candidates="22" cleared="13" />
  <references type="soft" candidates="525" cleared="0" enqueued="0" dynamicThreshold="9" maxThreshold="32" />
  <references type="weak" candidates="112" cleared="56" enqueued="54" />
  <references type="phantom" candidates="3" cleared="0" enqueued="0" />
</gc-op>
<gc-end id="2004" type="scavenge" contextid="2000" durationms="433.509" usertimems="338.650" systemtimems="173.962" timestamp="2020-08-27T15:27:22.251" activeThreads="2">
  <mem-info id="2005" free="57293472" total="312475648" percent="18">
    <mem type="nursery" free="49238640" total="139853824" percent="35">
      <mem type="allocate" free="49238640" total="73990144" percent="66" />
      <mem type="survivor" free="0" total="65863680" percent="0" />
    </mem>
    <mem type="tenure" free="8054832" total="172621824" percent="4" macro-fragmented="4479464">
      <mem type="soa" free="6328368" total="170895360" percent="3" />
      <mem type="loa" free="1726464" total="1726464" percent="100" />
    </mem>
    <pending-finalizers system="0" default="17" reference="54" classloader="0" />
    <remembered-set count="11122" />
  </mem-info>
</gc-end>
<cycle-end id="2006" type="scavenge" contextid="2000" timestamp="2020-08-27T15:27:22.252" />
<allocation-satisfied id="2007" threadId="0000000000476D00" bytesRequested="2365568" />
<af-end id="2008" timestamp="2020-08-27T15:27:22.252" threadId="0000000000477680" success="true" from="nursery"/>
<exclusive-end id="2009" timestamp="2020-08-27T15:27:22.253" durationms="437.170" />

<concurrent-kickoff id="2010" timestamp="2020-08-27T15:27:23.308">
  <kickoff reason="threshold reached" targetBytes="72154633" thresholdFreeBytes="9976533"  remainingFree="9918960" tenureFreeBytes="2922312" nurseryFreeBytes="9918960" />
</concurrent-kickoff>
<exclusive-start id="2011" timestamp="2020-08-27T15:27:23.310" intervalms="1494.961">
  <response-info timems="0.360" idlems="0.360" threads="0" lastid="0000000000476D00" lastname="Default Executor-thread-18" />
</exclusive-start>
<cycle-start id="2012" type="global" contextid="0" timestamp="2020-08-27T15:27:23.310" intervalms="8171.220" />
<exclusive-end id="2013" timestamp="2020-08-27T15:27:23.311" durationms="0.199" />

<exclusive-start id="2014" timestamp="2020-08-27T15:27:23.720" intervalms="409.328">
  <response-info timems="0.106" idlems="0.106" threads="0" lastid="0000000000476D00" lastname="Default Executor-thread-18" />
</exclusive-start>
<concurrent-collection-start id="2015" timestamp="2020-08-27T15:27:23.720" intervalms="8306.598" >
  <concurrent-trace-info reason="card cleaning threshold reached" tracedByMutators="27890568" tracedByHelpers="69120264" cardsCleaned="10" workStackOverflowCount="0" />
</concurrent-collection-start>
<gc-start id="2016" type="global" contextid="2012" timestamp="2020-08-27T15:27:23.721">
  <mem-info id="2017" free="3141944" total="312475648" percent="1">
    <mem type="nursery" free="219632" total="139853824" percent="0">
      <mem type="allocate" free="219632" total="73990144" percent="0" />
      <mem type="survivor" free="0" total="65863680" percent="0" />
    </mem>
    <mem type="tenure" free="2922312" total="172621824" percent="1">
      <mem type="soa" free="1195848" total="170895360" percent="0" />
      <mem type="loa" free="1726464" total="1726464" percent="100" />
    </mem>
    <remembered-set count="12793" />
  </mem-info>
</gc-start>
<allocation-stats totalBytes="49876736" >
  <allocated-bytes non-tlh="28969320" tlh="20907416" />
  <largest-consumer threadName="Default Executor-thread-18" threadId="0000000000476D00" bytes="49807128" />
</allocation-stats>
<gc-op id="2018" type="rs-scan" timems="59.660" contextid="2012" timestamp="2020-08-27T15:27:23.781">
  <scan objectsFound="12665" bytesTraced="21258556" workStackOverflowCount="0" />
</gc-op>
<gc-op id="2019" type="card-cleaning" timems="0.251" contextid="2012" timestamp="2020-08-27T15:27:23.782">
  <card-cleaning cardsCleaned="0" bytesTraced="5576" workStackOverflowCount="0" />
</gc-op>
<gc-op id="2020" type="mark" timems="21.162" contextid="2012" timestamp="2020-08-27T15:27:23.803">
  <trace-info objectcount="3588" scancount="3191" scanbytes="94948" />
  <finalization candidates="412" enqueued="61" />
  <ownableSynchronizers candidates="5696" cleared="14" />
  <references type="soft" candidates="13663" cleared="1498" enqueued="1496" dynamicThreshold="9" maxThreshold="32" />
  <references type="weak" candidates="18736" cleared="214" enqueued="201" />
  <references type="phantom" candidates="403" cleared="0" enqueued="0" />
  <stringconstants candidates="50202" cleared="51"  />
</gc-op>
<gc-op id="2021" type="classunload" timems="21.980" contextid="2012" timestamp="2020-08-27T15:27:23.825">
  <classunload-info classloadercandidates="417" classloadersunloaded="4" classesunloaded="4" anonymousclassesunloaded="0" quiescems="0.000" setupms="21.291" scanms="0.297" postms="0.392" />
</gc-op>
<gc-op id="2022" type="sweep" timems="8.616" contextid="2012" timestamp="2020-08-27T15:27:23.834" />
<heap-resize id="2023" type="expand" space="tenure" amount="69468160" count="1" timems="0.894" reason="insufficient free space following gc" timestamp="2020-08-27T15:27:23.835" />
<gc-end id="2024" type="global" contextid="2012" durationms="114.422" usertimems="112.286" systemtimems="4.343" timestamp="2020-08-27T15:27:23.836" activeThreads="2">
  <mem-info id="2025" free="94095480" total="381943808" percent="24">
    <mem type="nursery" free="21461920" total="139853824" percent="15">
      <mem type="allocate" free="21461920" total="73990144" percent="29" />
      <mem type="survivor" free="0" total="65863680" percent="0" />
    </mem>
    <mem type="tenure" free="72633560" total="242089984" percent="30" micro-fragmented="2722691" macro-fragmented="0">
      <mem type="soa" free="70211800" total="239668224" percent="29" />
      <mem type="loa" free="2421760" total="2421760" percent="100" />
    </mem>
    <pending-finalizers system="0" default="61" reference="1697" classloader="0" />
    <remembered-set count="12754" />
  </mem-info>
</gc-end>
<cycle-end id="2026" type="global" contextid="2012" timestamp="2020-08-27T15:27:23.836" />
<concurrent-collection-end id="2027" timestamp="2020-08-27T15:27:23.836" />
<exclusive-end id="2028" timestamp="2020-08-27T15:27:23.836" durationms="116.857" />

<exclusive-start id="2029" timestamp="2020-08-27T15:27:24.958" intervalms="1237.985">
  <response-info timems="0.207" idlems="0.207" threads="0" lastid="0000000000476D00" lastname="Default Executor-thread-18" />
</exclusive-start>
<af-start id="2030" threadId="0000000000477680" totalBytesRequested="335168" timestamp="2020-08-27T15:27:24.958" intervalms="3142.287" type="nursery" />
<cycle-start id="2031" type="scavenge" contextid="0" timestamp="2020-08-27T15:27:24.958" intervalms="3142.562" />
<gc-start id="2032" type="scavenge" contextid="2031" timestamp="2020-08-27T15:27:24.959">
  <mem-info id="2033" free="73318608" total="381943808" percent="19">
    <mem type="nursery" free="734496" total="139853824" percent="0">
      <mem type="allocate" free="734496" total="73990144" percent="0" />
      <mem type="survivor" free="0" total="65863680" percent="0" />
    </mem>
    <mem type="tenure" free="72584112" total="242089984" percent="29">
      <mem type="soa" free="70162352" total="239668224" percent="29" />
      <mem type="loa" free="2421760" total="2421760" percent="100" />
    </mem>
    <remembered-set count="15289" />
  </mem-info>
</gc-start>
<allocation-stats totalBytes="20492216" >
  <allocated-bytes non-tlh="7327216" tlh="13165000" />
  <largest-consumer threadName="Default Executor-thread-18" threadId="0000000000476D00" bytes="20260824" />
</allocation-stats>
<gc-op id="2034" type="scavenge" timems="136.591" contextid="2031" timestamp="2020-08-27T15:27:25.096">
  <scavenger-info tenureage="3" tenuremask="7f88" tiltratio="52" />
  <memory-copied type="nursery" objects="445193" bytes="26077992" bytesdiscarded="32368" />
  <memory-copied type="tenure" objects="435470" bytes="10434400" bytesdiscarded="5248" />
  <finalization candidates="97" enqueued="78" />
  <ownableSynchronizers candidates="11380" cleared="11372" />
  <references type="soft" candidates="78" cleared="0" enqueued="0" dynamicThreshold="9" maxThreshold="32" />
  <references type="weak" candidates="376" cleared="250" enqueued="239" />
  <references type="phantom" candidates="2" cleared="0" enqueued="0" />
</gc-op>
<gc-end id="2035" type="scavenge" contextid="2031" durationms="137.712" usertimems="176.615" systemtimems="32.466" timestamp="2020-08-27T15:27:25.097" activeThreads="2">
  <mem-info id="2036" free="117167544" total="381943808" percent="30">
    <mem type="nursery" free="55219456" total="139853824" percent="39">
      <mem type="allocate" free="55219456" total="81330176" percent="67" />
      <mem type="survivor" free="0" total="58523648" percent="0" />
    </mem>
    <mem type="tenure" free="61948088" total="242089984" percent="25" macro-fragmented="0">
      <mem type="soa" free="59526328" total="239668224" percent="24" />
      <mem type="loa" free="2421760" total="2421760" percent="100" />
    </mem>
    <pending-finalizers system="0" default="78" reference="239" classloader="0" />
    <remembered-set count="4371" />
  </mem-info>
</gc-end>
<cycle-end id="2037" type="scavenge" contextid="2031" timestamp="2020-08-27T15:27:25.097" />
<allocation-satisfied id="2038" threadId="0000000000476D00" bytesRequested="335168" />
<af-end id="2039" timestamp="2020-08-27T15:27:25.098" threadId="0000000000477680" success="true" from="nursery"/>
<exclusive-end id="2040" timestamp="2020-08-27T15:27:25.098" durationms="140.343" />

<exclusive-start id="2041" timestamp="2020-08-27T15:27:27.265" intervalms="2306.914">
  <response-info timems="0.217" idlems="0.217" threads="0" lastid="0000000000476D00" lastname="Default Executor-thread-18" />
</exclusive-start>
<af-start id="2042" threadId="0000000000477680" totalBytesRequested="51920" timestamp="2020-08-27T15:27:27.265" intervalms="2307.075" type="nursery" />
<cycle-start id="2043" type="scavenge" contextid="0" timestamp="2020-08-27T15:27:27.265" intervalms="2306.851" />
<gc-start id="2044" type="scavenge" contextid="2043" timestamp="2020-08-27T15:27:27.266">
  <mem-info id="2045" free="61803144" total="381943808" percent="16">
    <mem type="nursery" free="0" total="139853824" percent="0">
      <mem type="allocate" free="0" total="81330176" percent="0" />
      <mem type="survivor" free="0" total="58523648" percent="0" />
    </mem>
    <mem type="tenure" free="61803144" total="242089984" percent="25">
      <mem type="soa" free="59381384" total="239668224" percent="24" />
      <mem type="loa" free="2421760" total="2421760" percent="100" />
    </mem>
    <remembered-set count="5924" />
  </mem-info>
</gc-start>
<allocation-stats totalBytes="53983552" >
  <allocated-bytes non-tlh="4594888" tlh="49388664" />
  <largest-consumer threadName="Default Executor-thread-18" threadId="0000000000476D00" bytes="53728768" />
</allocation-stats>
<gc-op id="2046" type="scavenge" timems="80.853" contextid="2043" timestamp="2020-08-27T15:27:27.347">
  <scavenger-info tenureage="3" tenuremask="7fc8" tiltratio="58" />
  <memory-copied type="nursery" objects="219604" bytes="27068312" bytesdiscarded="135808" />
  <memory-copied type="tenure" objects="258517" bytes="5986440" bytesdiscarded="272" />
  <finalization candidates="159" enqueued="140" />
  <ownableSynchronizers candidates="28" cleared="19" />
  <references type="soft" candidates="38" cleared="0" enqueued="0" dynamicThreshold="9" maxThreshold="32" />
  <references type="weak" candidates="704" cleared="477" enqueued="471" />
  <references type="phantom" candidates="3" cleared="0" enqueued="0" />
</gc-op>
<gc-end id="2047" type="scavenge" contextid="2043" durationms="82.760" usertimems="122.535" systemtimems="2.480" timestamp="2020-08-27T15:27:27.349" activeThreads="2">
  <mem-info id="2048" free="115796104" total="381943808" percent="30">
    <mem type="nursery" free="59892648" total="139853824" percent="42">
      <mem type="allocate" free="59892648" total="87097344" percent="68" />
      <mem type="survivor" free="0" total="52756480" percent="0" />
    </mem>
    <mem type="tenure" free="55903456" total="242089984" percent="23" macro-fragmented="0">
      <mem type="soa" free="53481696" total="239668224" percent="22" />
      <mem type="loa" free="2421760" total="2421760" percent="100" />
    </mem>
    <pending-finalizers system="0" default="140" reference="471" classloader="0" />
    <remembered-set count="15771" />
  </mem-info>
</gc-end>
<cycle-end id="2049" type="scavenge" contextid="2043" timestamp="2020-08-27T15:27:27.350" />
<allocation-satisfied id="2050" threadId="0000000000476D00" bytesRequested="51920" />
<af-end id="2051" timestamp="2020-08-27T15:27:27.350" threadId="0000000000477680" success="true" from="nursery"/>
<exclusive-end id="2052" timestamp="2020-08-27T15:27:27.350" durationms="85.523" />

<exclusive-start id="2053" timestamp="2020-08-27T15:27:44.400" intervalms="17135.370">
  <response-info timems="0.350" idlems="0.350" threads="0" lastid="0000000000476D00" lastname="Default Executor-thread-18" />
</exclusive-start>
<af-start id="2054" threadId="0000000000477680" totalBytesRequested="51920" timestamp="2020-08-27T15:27:44.402" intervalms="17137.582" type="nursery" />
<cycle-start id="2055" type="scavenge" contextid="0" timestamp="2020-08-27T15:27:44.403" intervalms="17138.013" />
<gc-start id="2056" type="scavenge" contextid="2055" timestamp="2020-08-27T15:27:44.407">
  <mem-info id="2057" free="55885688" total="381943808" percent="14">
    <mem type="nursery" free="0" total="139853824" percent="0">
      <mem type="allocate" free="0" total="87097344" percent="0" />
      <mem type="survivor" free="0" total="52756480" percent="0" />
    </mem>
    <mem type="tenure" free="55885688" total="242089984" percent="23">
      <mem type="soa" free="53463928" total="239668224" percent="22" />
      <mem type="loa" free="2421760" total="2421760" percent="100" />
    </mem>
    <remembered-set count="16248" />
  </mem-info>
</gc-start>
<allocation-stats totalBytes="53357912" >
  <allocated-bytes non-tlh="1570744" tlh="51787168" />
  <largest-consumer threadName="Default Executor-thread-18" threadId="0000000000476D00" bytes="47077144" />
</allocation-stats>
<gc-op id="2058" type="scavenge" timems="69.152" contextid="2055" timestamp="2020-08-27T15:27:44.477">
  <scavenger-info tenureage="3" tenuremask="7fe8" tiltratio="62" />
  <memory-copied type="nursery" objects="41491" bytes="40437856" bytesdiscarded="151440" />
  <memory-copied type="tenure" objects="176871" bytes="5318144" bytesdiscarded="432" />
  <finalization candidates="50" enqueued="30" />
  <ownableSynchronizers candidates="176" cleared="164" />
  <references type="soft" candidates="37" cleared="0" enqueued="0" dynamicThreshold="9" maxThreshold="32" />
  <references type="weak" candidates="582" cleared="250" enqueued="237" />
  <references type="phantom" candidates="5" cleared="2" enqueued="2" />
</gc-op>
<gc-end id="2059" type="scavenge" contextid="2055" durationms="70.335" usertimems="119.726" systemtimems="2.171" timestamp="2020-08-27T15:27:44.478" activeThreads="2">
  <mem-info id="2060" free="96178480" total="381943808" percent="25">
    <mem type="nursery" free="45655776" total="139853824" percent="32">
      <mem type="allocate" free="45655776" total="86245376" percent="52" />
      <mem type="survivor" free="0" total="53608448" percent="0" />
    </mem>
    <mem type="tenure" free="50522704" total="242089984" percent="20" macro-fragmented="0">
      <mem type="soa" free="48100944" total="239668224" percent="20" />
      <mem type="loa" free="2421760" total="2421760" percent="100" />
    </mem>
    <pending-finalizers system="0" default="30" reference="239" classloader="0" />
    <remembered-set count="2436" />
  </mem-info>
</gc-end>
<cycle-end id="2061" type="scavenge" contextid="2055" timestamp="2020-08-27T15:27:44.479" />
<allocation-satisfied id="2062" threadId="0000000000476D00" bytesRequested="51920" />
<af-end id="2063" timestamp="2020-08-27T15:27:44.479" threadId="0000000000477680" success="true" from="nursery"/>
<exclusive-end id="2064" timestamp="2020-08-27T15:27:44.479" durationms="79.218" />

<exclusive-start id="2065" timestamp="2020-08-27T15:27:45.146" intervalms="746.155">
  <response-info timems="0.202" idlems="0.202" threads="0" lastid="0000000000476D00" lastname="Default Executor-thread-18" />
</exclusive-start>
<af-start id="2066" threadId="0000000000477680" totalBytesRequested="72" timestamp="2020-08-27T15:27:45.146" intervalms="743.793" type="nursery" />
<cycle-start id="2067" type="scavenge" contextid="0" timestamp="2020-08-27T15:27:45.147" intervalms="743.394" />
<gc-start id="2068" type="scavenge" contextid="2067" timestamp="2020-08-27T15:27:45.148">
  <mem-info id="2069" free="50522704" total="381943808" percent="13">
    <mem type="nursery" free="0" total="139853824" percent="0">
      <mem type="allocate" free="0" total="86245376" percent="0" />
      <mem type="survivor" free="0" total="53608448" percent="0" />
    </mem>
    <mem type="tenure" free="50522704" total="242089984" percent="20">
      <mem type="soa" free="48100944" total="239668224" percent="20" />
      <mem type="loa" free="2421760" total="2421760" percent="100" />
    </mem>
    <remembered-set count="2477" />
  </mem-info>
</gc-start>
<allocation-stats totalBytes="45648600" >
  <allocated-bytes non-tlh="623040" tlh="45025560" />
  <largest-consumer threadName="Default Executor-thread-18" threadId="0000000000476D00" bytes="45395248" />
</allocation-stats>
<gc-op id="2070" type="scavenge" timems="15.178" contextid="2067" timestamp="2020-08-27T15:27:45.163">
  <scavenger-info tenureage="3" tenuremask="7ff8" tiltratio="61" />
  <memory-copied type="nursery" objects="35871" bytes="1298600" bytesdiscarded="59032" />
  <memory-copied type="tenure" objects="7465" bytes="14317208" bytesdiscarded="184" />
  <finalization candidates="20" enqueued="0" />
  <ownableSynchronizers candidates="22" cleared="11" />
  <references type="soft" candidates="33" cleared="0" enqueued="0" dynamicThreshold="9" maxThreshold="32" />
  <references type="weak" candidates="253" cleared="30" enqueued="30" />
</gc-op>
<gc-end id="2071" type="scavenge" contextid="2067" durationms="16.383" usertimems="18.180" systemtimems="5.053" timestamp="2020-08-27T15:27:45.164" activeThreads="2">
  <mem-info id="2072" free="123090168" total="381943808" percent="32">
    <mem type="nursery" free="86984400" total="139853824" percent="62">
      <mem type="allocate" free="86984400" total="88342528" percent="98" />
      <mem type="survivor" free="0" total="51511296" percent="0" />
    </mem>
    <mem type="tenure" free="36105768" total="242089984" percent="14" macro-fragmented="39130">
      <mem type="soa" free="33684008" total="239668224" percent="14" />
      <mem type="loa" free="2421760" total="2421760" percent="100" />
    </mem>
    <pending-finalizers system="0" default="0" reference="30" classloader="0" />
    <remembered-set count="886" />
  </mem-info>
</gc-end>
<cycle-end id="2073" type="scavenge" contextid="2067" timestamp="2020-08-27T15:27:45.166" />
<allocation-satisfied id="2074" threadId="0000000000476D00" bytesRequested="72" />
<af-end id="2075" timestamp="2020-08-27T15:27:45.166" threadId="0000000000477680" success="true" from="nursery"/>
<exclusive-end id="2076" timestamp="2020-08-27T15:27:45.166" durationms="20.221" />

